[0.066s] Invoking command in '/home/w/work/moveit2_handeye_calib/build/arm380_config': CMAKE_PREFIX_PATH=/home/w/work/moveit2_handeye_calib/install/robot_description:/home/w/work/moveit2_handeye_calib/install/robot_driver:/home/w/work/moveit2_handeye_calib/install/ros2_socketcan:/home/w/work/moveit2_handeye_calib/install/ros2_socketcan_msgs:/home/w/work/moveit2_handeye_calib/install/robot_virtual_fence:/home/w/work/moveit2_handeye_calib/install/robot_state_machine:/home/w/work/moveit2_handeye_calib/install/robot_sdk:/home/w/work/moveit2_handeye_calib/install/robot_control:/home/w/work/moveit2_handeye_calib/install/motor_control_logger:/home/w/work/moveit2_handeye_calib/install/robot_interfaces:/home/w/work/moveit2_handeye_calib/install/arm620_dh_config:/home/w/work/moveit2_handeye_calib/install/arm620_config:/home/w/work/moveit2_handeye_calib/install/arm380_config:/home/w/work/moveit2_handeye_calib/install/robot_bringup:/home/w/work/moveit2_handeye_calib/install/moveit_calibration_demos:/home/w/work/moveit2_handeye_calib/install/moveit_calibration_gui:/home/w/work/moveit2_handeye_calib/install/moveit_calibration_plugins:/home/w/work/trac_ik_ws/install/trac_ik:/home/w/work/trac_ik_ws/install/trac_ik_examples:/home/w/work/trac_ik_ws/install/trac_ik_lib:/home/w/work/moveit2_handeye_calib/install/traj_smoother_py:/home/w/work/moveit2_handeye_calib/install/robot_test_py:/home/w/work/moveit2_handeye_calib/install/robot_input:/home/w/work/moveit2_handeye_calib/install/robot_dynamics:/opt/ros/humble /usr/bin/cmake --build /home/w/work/moveit2_handeye_calib/build/arm380_config -- -j28 -l28
[0.412s] Invoked command in '/home/w/work/moveit2_handeye_calib/build/arm380_config' returned '0': CMAKE_PREFIX_PATH=/home/w/work/moveit2_handeye_calib/install/robot_description:/home/w/work/moveit2_handeye_calib/install/robot_driver:/home/w/work/moveit2_handeye_calib/install/ros2_socketcan:/home/w/work/moveit2_handeye_calib/install/ros2_socketcan_msgs:/home/w/work/moveit2_handeye_calib/install/robot_virtual_fence:/home/w/work/moveit2_handeye_calib/install/robot_state_machine:/home/w/work/moveit2_handeye_calib/install/robot_sdk:/home/w/work/moveit2_handeye_calib/install/robot_control:/home/w/work/moveit2_handeye_calib/install/motor_control_logger:/home/w/work/moveit2_handeye_calib/install/robot_interfaces:/home/w/work/moveit2_handeye_calib/install/arm620_dh_config:/home/w/work/moveit2_handeye_calib/install/arm620_config:/home/w/work/moveit2_handeye_calib/install/arm380_config:/home/w/work/moveit2_handeye_calib/install/robot_bringup:/home/w/work/moveit2_handeye_calib/install/moveit_calibration_demos:/home/w/work/moveit2_handeye_calib/install/moveit_calibration_gui:/home/w/work/moveit2_handeye_calib/install/moveit_calibration_plugins:/home/w/work/trac_ik_ws/install/trac_ik:/home/w/work/trac_ik_ws/install/trac_ik_examples:/home/w/work/trac_ik_ws/install/trac_ik_lib:/home/w/work/moveit2_handeye_calib/install/traj_smoother_py:/home/w/work/moveit2_handeye_calib/install/robot_test_py:/home/w/work/moveit2_handeye_calib/install/robot_input:/home/w/work/moveit2_handeye_calib/install/robot_dynamics:/opt/ros/humble /usr/bin/cmake --build /home/w/work/moveit2_handeye_calib/build/arm380_config -- -j28 -l28
[0.412s] Invoking command in '/home/w/work/moveit2_handeye_calib/build/arm380_config': CMAKE_PREFIX_PATH=/home/w/work/moveit2_handeye_calib/install/robot_description:/home/w/work/moveit2_handeye_calib/install/robot_driver:/home/w/work/moveit2_handeye_calib/install/ros2_socketcan:/home/w/work/moveit2_handeye_calib/install/ros2_socketcan_msgs:/home/w/work/moveit2_handeye_calib/install/robot_virtual_fence:/home/w/work/moveit2_handeye_calib/install/robot_state_machine:/home/w/work/moveit2_handeye_calib/install/robot_sdk:/home/w/work/moveit2_handeye_calib/install/robot_control:/home/w/work/moveit2_handeye_calib/install/motor_control_logger:/home/w/work/moveit2_handeye_calib/install/robot_interfaces:/home/w/work/moveit2_handeye_calib/install/arm620_dh_config:/home/w/work/moveit2_handeye_calib/install/arm620_config:/home/w/work/moveit2_handeye_calib/install/arm380_config:/home/w/work/moveit2_handeye_calib/install/robot_bringup:/home/w/work/moveit2_handeye_calib/install/moveit_calibration_demos:/home/w/work/moveit2_handeye_calib/install/moveit_calibration_gui:/home/w/work/moveit2_handeye_calib/install/moveit_calibration_plugins:/home/w/work/trac_ik_ws/install/trac_ik:/home/w/work/trac_ik_ws/install/trac_ik_examples:/home/w/work/trac_ik_ws/install/trac_ik_lib:/home/w/work/moveit2_handeye_calib/install/traj_smoother_py:/home/w/work/moveit2_handeye_calib/install/robot_test_py:/home/w/work/moveit2_handeye_calib/install/robot_input:/home/w/work/moveit2_handeye_calib/install/robot_dynamics:/opt/ros/humble /usr/bin/cmake --install /home/w/work/moveit2_handeye_calib/build/arm380_config
[0.423s] -- Install configuration: ""
[0.424s] -- Up-to-date: /home/w/work/moveit2_handeye_calib/install/arm380_config/share/ament_index/resource_index/package_run_dependencies/arm380_config
[0.424s] -- Up-to-date: /home/w/work/moveit2_handeye_calib/install/arm380_config/share/ament_index/resource_index/parent_prefix_path/arm380_config
[0.424s] -- Up-to-date: /home/w/work/moveit2_handeye_calib/install/arm380_config/share/arm380_config/environment/ament_prefix_path.sh
[0.424s] -- Up-to-date: /home/w/work/moveit2_handeye_calib/install/arm380_config/share/arm380_config/environment/ament_prefix_path.dsv
[0.424s] -- Up-to-date: /home/w/work/moveit2_handeye_calib/install/arm380_config/share/arm380_config/environment/path.sh
[0.424s] -- Up-to-date: /home/w/work/moveit2_handeye_calib/install/arm380_config/share/arm380_config/environment/path.dsv
[0.424s] -- Up-to-date: /home/w/work/moveit2_handeye_calib/install/arm380_config/share/arm380_config/local_setup.bash
[0.424s] -- Up-to-date: /home/w/work/moveit2_handeye_calib/install/arm380_config/share/arm380_config/local_setup.sh
[0.424s] -- Up-to-date: /home/w/work/moveit2_handeye_calib/install/arm380_config/share/arm380_config/local_setup.zsh
[0.424s] -- Up-to-date: /home/w/work/moveit2_handeye_calib/install/arm380_config/share/arm380_config/local_setup.dsv
[0.424s] -- Installing: /home/w/work/moveit2_handeye_calib/install/arm380_config/share/arm380_config/package.dsv
[0.424s] -- Up-to-date: /home/w/work/moveit2_handeye_calib/install/arm380_config/share/ament_index/resource_index/packages/arm380_config
[0.424s] -- Up-to-date: /home/w/work/moveit2_handeye_calib/install/arm380_config/share/arm380_config/cmake/arm380_configConfig.cmake
[0.424s] -- Up-to-date: /home/w/work/moveit2_handeye_calib/install/arm380_config/share/arm380_config/cmake/arm380_configConfig-version.cmake
[0.424s] -- Up-to-date: /home/w/work/moveit2_handeye_calib/install/arm380_config/share/arm380_config/package.xml
[0.425s] -- Up-to-date: /home/w/work/moveit2_handeye_calib/install/arm380_config/share/arm380_config/launch
[0.425s] -- Up-to-date: /home/w/work/moveit2_handeye_calib/install/arm380_config/share/arm380_config/launch/static_virtual_joint_tfs.launch.py
[0.425s] -- Up-to-date: /home/w/work/moveit2_handeye_calib/install/arm380_config/share/arm380_config/launch/spawn_controllers.launch.py
[0.425s] -- Up-to-date: /home/w/work/moveit2_handeye_calib/install/arm380_config/share/arm380_config/launch/gazebo_moveit_demo.launch.py
[0.425s] -- Up-to-date: /home/w/work/moveit2_handeye_calib/install/arm380_config/share/arm380_config/launch/move_group.launch.py
[0.425s] -- Up-to-date: /home/w/work/moveit2_handeye_calib/install/arm380_config/share/arm380_config/launch/warehouse_db.launch.py
[0.425s] -- Up-to-date: /home/w/work/moveit2_handeye_calib/install/arm380_config/share/arm380_config/launch/real_moveit_demo.launch.py
[0.425s] -- Up-to-date: /home/w/work/moveit2_handeye_calib/install/arm380_config/share/arm380_config/launch/demo.launch.py
[0.425s] -- Up-to-date: /home/w/work/moveit2_handeye_calib/install/arm380_config/share/arm380_config/launch/setup_assistant.launch.py
[0.425s] -- Up-to-date: /home/w/work/moveit2_handeye_calib/install/arm380_config/share/arm380_config/launch/rsp.launch.py
[0.425s] -- Up-to-date: /home/w/work/moveit2_handeye_calib/install/arm380_config/share/arm380_config/launch/moveit_rviz.launch.py
[0.425s] -- Up-to-date: /home/w/work/moveit2_handeye_calib/install/arm380_config/share/arm380_config/config
[0.425s] -- Up-to-date: /home/w/work/moveit2_handeye_calib/install/arm380_config/share/arm380_config/config/moveit_controllers.yaml
[0.425s] -- Up-to-date: /home/w/work/moveit2_handeye_calib/install/arm380_config/share/arm380_config/config/initial_positions.yaml
[0.425s] -- Up-to-date: /home/w/work/moveit2_handeye_calib/install/arm380_config/share/arm380_config/config/ros2_controllers.yaml
[0.425s] -- Up-to-date: /home/w/work/moveit2_handeye_calib/install/arm380_config/share/arm380_config/config/moveit.rviz
[0.425s] -- Up-to-date: /home/w/work/moveit2_handeye_calib/install/arm380_config/share/arm380_config/config/kinematics.yaml
[0.425s] -- Up-to-date: /home/w/work/moveit2_handeye_calib/install/arm380_config/share/arm380_config/config/arm380.urdf.xacro
[0.425s] -- Up-to-date: /home/w/work/moveit2_handeye_calib/install/arm380_config/share/arm380_config/config/joint_limits.yaml
[0.425s] -- Up-to-date: /home/w/work/moveit2_handeye_calib/install/arm380_config/share/arm380_config/config/pilz_cartesian_limits.yaml
[0.425s] -- Up-to-date: /home/w/work/moveit2_handeye_calib/install/arm380_config/share/arm380_config/config/arm380.ros2_control.xacro
[0.426s] -- Up-to-date: /home/w/work/moveit2_handeye_calib/install/arm380_config/share/arm380_config/config/arm380.srdf
[0.426s] -- Up-to-date: /home/w/work/moveit2_handeye_calib/install/arm380_config/share/arm380_config/.setup_assistant
[0.576s] Invoked command in '/home/w/work/moveit2_handeye_calib/build/arm380_config' returned '0': CMAKE_PREFIX_PATH=/home/w/work/moveit2_handeye_calib/install/robot_description:/home/w/work/moveit2_handeye_calib/install/robot_driver:/home/w/work/moveit2_handeye_calib/install/ros2_socketcan:/home/w/work/moveit2_handeye_calib/install/ros2_socketcan_msgs:/home/w/work/moveit2_handeye_calib/install/robot_virtual_fence:/home/w/work/moveit2_handeye_calib/install/robot_state_machine:/home/w/work/moveit2_handeye_calib/install/robot_sdk:/home/w/work/moveit2_handeye_calib/install/robot_control:/home/w/work/moveit2_handeye_calib/install/motor_control_logger:/home/w/work/moveit2_handeye_calib/install/robot_interfaces:/home/w/work/moveit2_handeye_calib/install/arm620_dh_config:/home/w/work/moveit2_handeye_calib/install/arm620_config:/home/w/work/moveit2_handeye_calib/install/arm380_config:/home/w/work/moveit2_handeye_calib/install/robot_bringup:/home/w/work/moveit2_handeye_calib/install/moveit_calibration_demos:/home/w/work/moveit2_handeye_calib/install/moveit_calibration_gui:/home/w/work/moveit2_handeye_calib/install/moveit_calibration_plugins:/home/w/work/trac_ik_ws/install/trac_ik:/home/w/work/trac_ik_ws/install/trac_ik_examples:/home/w/work/trac_ik_ws/install/trac_ik_lib:/home/w/work/moveit2_handeye_calib/install/traj_smoother_py:/home/w/work/moveit2_handeye_calib/install/robot_test_py:/home/w/work/moveit2_handeye_calib/install/robot_input:/home/w/work/moveit2_handeye_calib/install/robot_dynamics:/opt/ros/humble /usr/bin/cmake --install /home/w/work/moveit2_handeye_calib/build/arm380_config
