[0.013s] Invoking command in '/home/w/work/moveit2_handeye_calib/build/robot_state_machine': AMENT_PREFIX_PATH=/home/w/work/moveit2_handeye_calib/install/robot_driver:/home/w/work/moveit2_handeye_calib/install/ros2_socketcan:/home/w/work/moveit2_handeye_calib/install/ros2_socketcan_msgs:/home/w/work/moveit2_handeye_calib/install/robot_interfaces:${AMENT_PREFIX_PATH} CMAKE_PREFIX_PATH=/home/w/work/moveit2_handeye_calib/install/robot_driver:/home/w/work/moveit2_handeye_calib/install/ros2_socketcan:/home/w/work/moveit2_handeye_calib/install/ros2_socketcan_msgs:/home/w/work/moveit2_handeye_calib/install/robot_interfaces:/home/w/work/trac_ik_ws/install/trac_ik:/home/w/work/trac_ik_ws/install/trac_ik_examples:/home/w/work/trac_ik_ws/install/trac_ik_lib:/opt/ros/humble LD_LIBRARY_PATH=/home/w/work/moveit2_handeye_calib/install/robot_driver/lib:/home/w/work/moveit2_handeye_calib/install/ros2_socketcan/lib:/home/w/work/moveit2_handeye_calib/install/ros2_socketcan_msgs/lib:/home/w/work/moveit2_handeye_calib/install/robot_interfaces/lib:${LD_LIBRARY_PATH} PATH=/home/w/work/moveit2_handeye_calib/install/robot_driver/bin:${PATH} PYTHONPATH=/home/w/work/moveit2_handeye_calib/install/ros2_socketcan_msgs/local/lib/python3.10/dist-packages:/home/w/work/moveit2_handeye_calib/install/robot_interfaces/local/lib/python3.10/dist-packages:${PYTHONPATH} /usr/bin/cmake --build /home/w/work/moveit2_handeye_calib/build/robot_state_machine -- -j28 -l28
[0.054s] [ 16%] Built target gtest
[0.054s] [ 33%] Built target gtest_main
[0.063s] [ 58%] Built target robot_kinematics
[0.088s] [ 75%] Built target test_generate_joint_velocity_command
[0.090s] [100%] Built target robot_state_machine
[0.097s] Invoked command in '/home/w/work/moveit2_handeye_calib/build/robot_state_machine' returned '0': AMENT_PREFIX_PATH=/home/w/work/moveit2_handeye_calib/install/robot_driver:/home/w/work/moveit2_handeye_calib/install/ros2_socketcan:/home/w/work/moveit2_handeye_calib/install/ros2_socketcan_msgs:/home/w/work/moveit2_handeye_calib/install/robot_interfaces:${AMENT_PREFIX_PATH} CMAKE_PREFIX_PATH=/home/w/work/moveit2_handeye_calib/install/robot_driver:/home/w/work/moveit2_handeye_calib/install/ros2_socketcan:/home/w/work/moveit2_handeye_calib/install/ros2_socketcan_msgs:/home/w/work/moveit2_handeye_calib/install/robot_interfaces:/home/w/work/trac_ik_ws/install/trac_ik:/home/w/work/trac_ik_ws/install/trac_ik_examples:/home/w/work/trac_ik_ws/install/trac_ik_lib:/opt/ros/humble LD_LIBRARY_PATH=/home/w/work/moveit2_handeye_calib/install/robot_driver/lib:/home/w/work/moveit2_handeye_calib/install/ros2_socketcan/lib:/home/w/work/moveit2_handeye_calib/install/ros2_socketcan_msgs/lib:/home/w/work/moveit2_handeye_calib/install/robot_interfaces/lib:${LD_LIBRARY_PATH} PATH=/home/w/work/moveit2_handeye_calib/install/robot_driver/bin:${PATH} PYTHONPATH=/home/w/work/moveit2_handeye_calib/install/ros2_socketcan_msgs/local/lib/python3.10/dist-packages:/home/w/work/moveit2_handeye_calib/install/robot_interfaces/local/lib/python3.10/dist-packages:${PYTHONPATH} /usr/bin/cmake --build /home/w/work/moveit2_handeye_calib/build/robot_state_machine -- -j28 -l28
[0.098s] Invoking command in '/home/w/work/moveit2_handeye_calib/build/robot_state_machine': AMENT_PREFIX_PATH=/home/w/work/moveit2_handeye_calib/install/robot_driver:/home/w/work/moveit2_handeye_calib/install/ros2_socketcan:/home/w/work/moveit2_handeye_calib/install/ros2_socketcan_msgs:/home/w/work/moveit2_handeye_calib/install/robot_interfaces:${AMENT_PREFIX_PATH} CMAKE_PREFIX_PATH=/home/w/work/moveit2_handeye_calib/install/robot_driver:/home/w/work/moveit2_handeye_calib/install/ros2_socketcan:/home/w/work/moveit2_handeye_calib/install/ros2_socketcan_msgs:/home/w/work/moveit2_handeye_calib/install/robot_interfaces:/home/w/work/trac_ik_ws/install/trac_ik:/home/w/work/trac_ik_ws/install/trac_ik_examples:/home/w/work/trac_ik_ws/install/trac_ik_lib:/opt/ros/humble LD_LIBRARY_PATH=/home/w/work/moveit2_handeye_calib/install/robot_driver/lib:/home/w/work/moveit2_handeye_calib/install/ros2_socketcan/lib:/home/w/work/moveit2_handeye_calib/install/ros2_socketcan_msgs/lib:/home/w/work/moveit2_handeye_calib/install/robot_interfaces/lib:${LD_LIBRARY_PATH} PATH=/home/w/work/moveit2_handeye_calib/install/robot_driver/bin:${PATH} PYTHONPATH=/home/w/work/moveit2_handeye_calib/install/ros2_socketcan_msgs/local/lib/python3.10/dist-packages:/home/w/work/moveit2_handeye_calib/install/robot_interfaces/local/lib/python3.10/dist-packages:${PYTHONPATH} /usr/bin/cmake --install /home/w/work/moveit2_handeye_calib/build/robot_state_machine
[0.103s] -- Install configuration: ""
[0.103s] -- Up-to-date: /home/w/work/moveit2_handeye_calib/install/robot_state_machine/lib/robot_state_machine/robot_state_machine
[0.103s] -- Up-to-date: /home/w/work/moveit2_handeye_calib/install/robot_state_machine/lib/robot_state_machine/librobot_kinematics.a
[0.103s] -- Up-to-date: /home/w/work/moveit2_handeye_calib/install/robot_state_machine/share/robot_state_machine/launch
[0.103s] -- Up-to-date: /home/w/work/moveit2_handeye_calib/install/robot_state_machine/share/robot_state_machine/launch/robot_state_arm380.launch.py
[0.103s] -- Up-to-date: /home/w/work/moveit2_handeye_calib/install/robot_state_machine/share/robot_state_machine/launch/robot_state_machine.launch.py
[0.103s] -- Up-to-date: /home/w/work/moveit2_handeye_calib/install/robot_state_machine/share/robot_state_machine/launch/robot_state_arm620.launch.py
[0.103s] -- Up-to-date: /home/w/work/moveit2_handeye_calib/install/robot_state_machine/share/ament_index/resource_index/package_run_dependencies/robot_state_machine
[0.103s] -- Up-to-date: /home/w/work/moveit2_handeye_calib/install/robot_state_machine/share/ament_index/resource_index/parent_prefix_path/robot_state_machine
[0.103s] -- Up-to-date: /home/w/work/moveit2_handeye_calib/install/robot_state_machine/share/robot_state_machine/environment/ament_prefix_path.sh
[0.103s] -- Up-to-date: /home/w/work/moveit2_handeye_calib/install/robot_state_machine/share/robot_state_machine/environment/ament_prefix_path.dsv
[0.103s] -- Up-to-date: /home/w/work/moveit2_handeye_calib/install/robot_state_machine/share/robot_state_machine/environment/path.sh
[0.103s] -- Up-to-date: /home/w/work/moveit2_handeye_calib/install/robot_state_machine/share/robot_state_machine/environment/path.dsv
[0.103s] -- Up-to-date: /home/w/work/moveit2_handeye_calib/install/robot_state_machine/share/robot_state_machine/local_setup.bash
[0.103s] -- Up-to-date: /home/w/work/moveit2_handeye_calib/install/robot_state_machine/share/robot_state_machine/local_setup.sh
[0.103s] -- Up-to-date: /home/w/work/moveit2_handeye_calib/install/robot_state_machine/share/robot_state_machine/local_setup.zsh
[0.103s] -- Up-to-date: /home/w/work/moveit2_handeye_calib/install/robot_state_machine/share/robot_state_machine/local_setup.dsv
[0.103s] -- Installing: /home/w/work/moveit2_handeye_calib/install/robot_state_machine/share/robot_state_machine/package.dsv
[0.103s] -- Up-to-date: /home/w/work/moveit2_handeye_calib/install/robot_state_machine/share/ament_index/resource_index/packages/robot_state_machine
[0.103s] -- Up-to-date: /home/w/work/moveit2_handeye_calib/install/robot_state_machine/share/robot_state_machine/cmake/robot_state_machineConfig.cmake
[0.103s] -- Up-to-date: /home/w/work/moveit2_handeye_calib/install/robot_state_machine/share/robot_state_machine/cmake/robot_state_machineConfig-version.cmake
[0.103s] -- Up-to-date: /home/w/work/moveit2_handeye_calib/install/robot_state_machine/share/robot_state_machine/package.xml
[0.104s] Invoked command in '/home/w/work/moveit2_handeye_calib/build/robot_state_machine' returned '0': AMENT_PREFIX_PATH=/home/w/work/moveit2_handeye_calib/install/robot_driver:/home/w/work/moveit2_handeye_calib/install/ros2_socketcan:/home/w/work/moveit2_handeye_calib/install/ros2_socketcan_msgs:/home/w/work/moveit2_handeye_calib/install/robot_interfaces:${AMENT_PREFIX_PATH} CMAKE_PREFIX_PATH=/home/w/work/moveit2_handeye_calib/install/robot_driver:/home/w/work/moveit2_handeye_calib/install/ros2_socketcan:/home/w/work/moveit2_handeye_calib/install/ros2_socketcan_msgs:/home/w/work/moveit2_handeye_calib/install/robot_interfaces:/home/w/work/trac_ik_ws/install/trac_ik:/home/w/work/trac_ik_ws/install/trac_ik_examples:/home/w/work/trac_ik_ws/install/trac_ik_lib:/opt/ros/humble LD_LIBRARY_PATH=/home/w/work/moveit2_handeye_calib/install/robot_driver/lib:/home/w/work/moveit2_handeye_calib/install/ros2_socketcan/lib:/home/w/work/moveit2_handeye_calib/install/ros2_socketcan_msgs/lib:/home/w/work/moveit2_handeye_calib/install/robot_interfaces/lib:${LD_LIBRARY_PATH} PATH=/home/w/work/moveit2_handeye_calib/install/robot_driver/bin:${PATH} PYTHONPATH=/home/w/work/moveit2_handeye_calib/install/ros2_socketcan_msgs/local/lib/python3.10/dist-packages:/home/w/work/moveit2_handeye_calib/install/robot_interfaces/local/lib/python3.10/dist-packages:${PYTHONPATH} /usr/bin/cmake --install /home/w/work/moveit2_handeye_calib/build/robot_state_machine
