-- The C compiler identification is GNU 11.4.0
-- The CXX compiler identification is GNU 11.4.0
-- Detecting C compiler ABI info
-- Detecting C compiler ABI info - done
-- Check for working C compiler: /usr/bin/cc - skipped
-- Detecting C compile features
-- Detecting C compile features - done
-- Detecting CXX compiler ABI info
-- Detecting CXX compiler ABI info - done
-- Check for working CXX compiler: /usr/bin/c++ - skipped
-- Detecting CXX compile features
-- Detecting CXX compile features - done
-- Found moveit_common: 2.5.9 (/opt/ros/humble/share/moveit_common/cmake)
-- Found ament_cmake: 1.3.12 (/opt/ros/humble/share/ament_cmake/cmake)
-- Found Python3: /usr/bin/python3 (found version "3.10.12") found components: Interpreter 
-- Found ament_cmake_ros: 0.10.0 (/opt/ros/humble/share/ament_cmake_ros/cmake)
-- Found eigen3_cmake_module: 0.1.1 (/opt/ros/humble/share/eigen3_cmake_module/cmake)
-- Found geometry_msgs: 4.9.0 (/opt/ros/humble/share/geometry_msgs/cmake)
-- Found rosidl_generator_c: 3.1.7 (/opt/ros/humble/share/rosidl_generator_c/cmake)
-- Found rosidl_adapter: 3.1.7 (/opt/ros/humble/share/rosidl_adapter/cmake)
-- Found rosidl_generator_cpp: 3.1.7 (/opt/ros/humble/share/rosidl_generator_cpp/cmake)
-- Using all available rosidl_typesupport_c: rosidl_typesupport_fastrtps_c;rosidl_typesupport_introspection_c
-- Using all available rosidl_typesupport_cpp: rosidl_typesupport_fastrtps_cpp;rosidl_typesupport_introspection_cpp
-- Found OpenCV: /usr (found version "4.5.4") found components: imgcodecs aruco 
-- Found pluginlib: 5.1.2 (/opt/ros/humble/share/pluginlib/cmake)
-- Found rclcpp: 16.0.15 (/opt/ros/humble/share/rclcpp/cmake)
-- Found rmw_implementation_cmake: 6.1.2 (/opt/ros/humble/share/rmw_implementation_cmake/cmake)
-- Found rmw_fastrtps_cpp: 6.2.9 (/opt/ros/humble/share/rmw_fastrtps_cpp/cmake)
-- Found TinyXML2 via Config file: TinyXML2_DIR-NOTFOUND
-- Found OpenSSL: /usr/lib/x86_64-linux-gnu/libcrypto.so (found version "3.0.2")  
-- Found TinyXML2 via Config file: TinyXML2_DIR-NOTFOUND
-- Found FastRTPS: /opt/ros/humble/include  
-- Found TinyXML2 via Config file: TinyXML2_DIR-NOTFOUND
-- Found TinyXML2 via Config file: TinyXML2_DIR-NOTFOUND
-- Using RMW implementation 'rmw_fastrtps_cpp' as default
-- Looking for pthread.h
-- Looking for pthread.h - found
-- Performing Test CMAKE_HAVE_LIBC_PTHREAD
-- Performing Test CMAKE_HAVE_LIBC_PTHREAD - Success
-- Found Threads: TRUE  
-- Found sensor_msgs: 4.9.0 (/opt/ros/humble/share/sensor_msgs/cmake)
-- Found tf2: 0.25.16 (/opt/ros/humble/share/tf2/cmake)
-- Found tf2_eigen: 0.25.16 (/opt/ros/humble/share/tf2_eigen/cmake)
-- Found ament_lint_auto: 0.12.14 (/opt/ros/humble/share/ament_lint_auto/cmake)
-- Found gtest sources under '/opt/ros/humble/src/gtest_vendor': C++ tests using 'Google Test' will be built
-- Found ament_lint_auto: 0.12.14 (/opt/ros/humble/share/ament_lint_auto/cmake)
-- Found gtest sources under '/opt/ros/humble/src/gtest_vendor': C++ tests using 'Google Test' will be built
-- Configuring done
-- Generating done
-- Build files have been written to: /home/w/work/moveit2_handeye_calib/build/moveit_calibration_plugins
[  5%] [32mBuilding CXX object handeye_calibration_target/CMakeFiles/moveit_handeye_calibration_target_core.dir/src/handeye_target_aruco.cpp.o[0m
[ 21%] [32mBuilding CXX object gtest/CMakeFiles/gtest_main.dir/src/gtest_main.cc.o[0m
[ 21%] [32mBuilding CXX object gtest/CMakeFiles/gtest.dir/src/gtest-all.cc.o[0m
[ 21%] [32mBuilding CXX object handeye_calibration_solver/CMakeFiles/moveit_handeye_calibration_solver_core.dir/src/handeye_solver_opencv.cpp.o[0m
[ 26%] [32mBuilding CXX object handeye_calibration_target/CMakeFiles/moveit_handeye_calibration_target_core.dir/src/handeye_target_charuco.cpp.o[0m
[ 31%] [32m[1mLinking CXX static library libgtest_main.a[0m
[ 31%] Built target gtest_main
[ 36%] [32m[1mLinking CXX static library libgtest.a[0m
[ 36%] Built target gtest
[ 42%] [32m[1mLinking CXX shared library libmoveit_handeye_calibration_solver_core.so[0m
[ 42%] Built target moveit_handeye_calibration_solver_core
[ 47%] [32mBuilding CXX object handeye_calibration_solver/CMakeFiles/moveit_handeye_calibration_solver.dir/src/plugin_init.cpp.o[0m
[ 52%] [32m[1mLinking CXX shared library libmoveit_handeye_calibration_target_core.so[0m
[ 52%] Built target moveit_handeye_calibration_target_core
[ 57%] [32mBuilding CXX object handeye_calibration_target/CMakeFiles/moveit_handeye_calibration_target.dir/src/plugin_init.cpp.o[0m
[ 63%] [32m[1mLinking CXX shared library libmoveit_handeye_calibration_target.so[0m
[ 63%] Built target moveit_handeye_calibration_target
[ 68%] [32mBuilding CXX object handeye_calibration_target/CMakeFiles/test_handeye_target_aruco.dir/test/handeye_target_aruco_test.cpp.o[0m
[ 73%] [32mBuilding CXX object handeye_calibration_target/CMakeFiles/test_handeye_target_charuco.dir/test/handeye_target_charuco_test.cpp.o[0m
[ 78%] [32m[1mLinking CXX shared library libmoveit_handeye_calibration_solver.so[0m
[ 78%] Built target moveit_handeye_calibration_solver
[ 84%] [32mBuilding CXX object handeye_calibration_solver/CMakeFiles/test_handeye_solver.dir/test/handeye_solver_test.cpp.o[0m
[ 89%] [32m[1mLinking CXX executable test_handeye_solver[0m
[ 89%] Built target test_handeye_solver
[ 94%] [32m[1mLinking CXX executable test_handeye_target_charuco[0m
[100%] [32m[1mLinking CXX executable test_handeye_target_aruco[0m
[100%] Built target test_handeye_target_aruco
[100%] Built target test_handeye_target_charuco
-- Install configuration: "Release"
-- Installing: /home/w/work/moveit2_handeye_calib/install/moveit_calibration_plugins/share/moveit_calibration_plugins/handeye_calibration_target_plugin_description.xml
-- Installing: /home/w/work/moveit2_handeye_calib/install/moveit_calibration_plugins/share/moveit_calibration_plugins/handeye_calibration_solver_plugin_description.xml
-- Installing: /home/w/work/moveit2_handeye_calib/install/moveit_calibration_plugins/share/moveit_calibration_plugins/environment/library_path.sh
-- Installing: /home/w/work/moveit2_handeye_calib/install/moveit_calibration_plugins/share/moveit_calibration_plugins/environment/library_path.dsv
-- Installing: /home/w/work/moveit2_handeye_calib/install/moveit_calibration_plugins/share/ament_index/resource_index/package_run_dependencies/moveit_calibration_plugins
-- Installing: /home/w/work/moveit2_handeye_calib/install/moveit_calibration_plugins/share/ament_index/resource_index/parent_prefix_path/moveit_calibration_plugins
-- Installing: /home/w/work/moveit2_handeye_calib/install/moveit_calibration_plugins/share/moveit_calibration_plugins/environment/ament_prefix_path.sh
-- Installing: /home/w/work/moveit2_handeye_calib/install/moveit_calibration_plugins/share/moveit_calibration_plugins/environment/ament_prefix_path.dsv
-- Installing: /home/w/work/moveit2_handeye_calib/install/moveit_calibration_plugins/share/moveit_calibration_plugins/environment/path.sh
-- Installing: /home/w/work/moveit2_handeye_calib/install/moveit_calibration_plugins/share/moveit_calibration_plugins/environment/path.dsv
-- Installing: /home/w/work/moveit2_handeye_calib/install/moveit_calibration_plugins/share/moveit_calibration_plugins/local_setup.bash
-- Installing: /home/w/work/moveit2_handeye_calib/install/moveit_calibration_plugins/share/moveit_calibration_plugins/local_setup.sh
-- Installing: /home/w/work/moveit2_handeye_calib/install/moveit_calibration_plugins/share/moveit_calibration_plugins/local_setup.zsh
-- Installing: /home/w/work/moveit2_handeye_calib/install/moveit_calibration_plugins/share/moveit_calibration_plugins/local_setup.dsv
-- Installing: /home/w/work/moveit2_handeye_calib/install/moveit_calibration_plugins/share/moveit_calibration_plugins/package.dsv
-- Installing: /home/w/work/moveit2_handeye_calib/install/moveit_calibration_plugins/share/ament_index/resource_index/packages/moveit_calibration_plugins
-- Installing: /home/w/work/moveit2_handeye_calib/install/moveit_calibration_plugins/share/ament_index/resource_index/moveit_calibration_plugins__pluginlib__plugin/moveit_calibration_plugins
-- Installing: /home/w/work/moveit2_handeye_calib/install/moveit_calibration_plugins/share/moveit_calibration_plugins/cmake/export_moveit_calibration_pluginsExport.cmake
-- Installing: /home/w/work/moveit2_handeye_calib/install/moveit_calibration_plugins/share/moveit_calibration_plugins/cmake/export_moveit_calibration_pluginsExport-release.cmake
-- Installing: /home/w/work/moveit2_handeye_calib/install/moveit_calibration_plugins/share/moveit_calibration_plugins/cmake/ament_cmake_export_targets-extras.cmake
-- Installing: /home/w/work/moveit2_handeye_calib/install/moveit_calibration_plugins/share/moveit_calibration_plugins/cmake/ament_cmake_export_dependencies-extras.cmake
-- Installing: /home/w/work/moveit2_handeye_calib/install/moveit_calibration_plugins/share/moveit_calibration_plugins/cmake/moveit_calibration_pluginsConfig.cmake
-- Installing: /home/w/work/moveit2_handeye_calib/install/moveit_calibration_plugins/share/moveit_calibration_plugins/cmake/moveit_calibration_pluginsConfig-version.cmake
-- Installing: /home/w/work/moveit2_handeye_calib/install/moveit_calibration_plugins/share/moveit_calibration_plugins/package.xml
-- Installing: /home/w/work/moveit2_handeye_calib/install/moveit_calibration_plugins/include
-- Installing: /home/w/work/moveit2_handeye_calib/install/moveit_calibration_plugins/include/moveit
-- Installing: /home/w/work/moveit2_handeye_calib/install/moveit_calibration_plugins/include/moveit/handeye_calibration_solver
-- Installing: /home/w/work/moveit2_handeye_calib/install/moveit_calibration_plugins/include/moveit/handeye_calibration_solver/handeye_solver_base.h
-- Installing: /home/w/work/moveit2_handeye_calib/install/moveit_calibration_plugins/include/moveit/handeye_calibration_solver/handeye_solver_opencv.h
-- Installing: /home/w/work/moveit2_handeye_calib/install/moveit_calibration_plugins/lib/libmoveit_handeye_calibration_solver_core.so.2.0.0
-- Set runtime path of "/home/w/work/moveit2_handeye_calib/install/moveit_calibration_plugins/lib/libmoveit_handeye_calibration_solver_core.so.2.0.0" to ""
-- Installing: /home/w/work/moveit2_handeye_calib/install/moveit_calibration_plugins/lib/libmoveit_handeye_calibration_solver_core.so
-- Installing: /home/w/work/moveit2_handeye_calib/install/moveit_calibration_plugins/lib/libmoveit_handeye_calibration_solver.so.2.0.0
-- Set runtime path of "/home/w/work/moveit2_handeye_calib/install/moveit_calibration_plugins/lib/libmoveit_handeye_calibration_solver.so.2.0.0" to ""
-- Installing: /home/w/work/moveit2_handeye_calib/install/moveit_calibration_plugins/lib/libmoveit_handeye_calibration_solver.so
-- Up-to-date: /home/w/work/moveit2_handeye_calib/install/moveit_calibration_plugins/share/moveit_calibration_plugins/environment/library_path.sh
-- Up-to-date: /home/w/work/moveit2_handeye_calib/install/moveit_calibration_plugins/share/moveit_calibration_plugins/environment/library_path.dsv
-- Up-to-date: /home/w/work/moveit2_handeye_calib/install/moveit_calibration_plugins/include
-- Up-to-date: /home/w/work/moveit2_handeye_calib/install/moveit_calibration_plugins/include/moveit
-- Installing: /home/w/work/moveit2_handeye_calib/install/moveit_calibration_plugins/include/moveit/handeye_calibration_target
-- Installing: /home/w/work/moveit2_handeye_calib/install/moveit_calibration_plugins/include/moveit/handeye_calibration_target/handeye_target_aruco.h
-- Installing: /home/w/work/moveit2_handeye_calib/install/moveit_calibration_plugins/include/moveit/handeye_calibration_target/handeye_target_base.h
-- Installing: /home/w/work/moveit2_handeye_calib/install/moveit_calibration_plugins/include/moveit/handeye_calibration_target/handeye_target_charuco.h
-- Installing: /home/w/work/moveit2_handeye_calib/install/moveit_calibration_plugins/lib/libmoveit_handeye_calibration_target_core.so.2.0.0
-- Set runtime path of "/home/w/work/moveit2_handeye_calib/install/moveit_calibration_plugins/lib/libmoveit_handeye_calibration_target_core.so.2.0.0" to ""
-- Installing: /home/w/work/moveit2_handeye_calib/install/moveit_calibration_plugins/lib/libmoveit_handeye_calibration_target_core.so
-- Installing: /home/w/work/moveit2_handeye_calib/install/moveit_calibration_plugins/lib/libmoveit_handeye_calibration_target.so.2.0.0
-- Set runtime path of "/home/w/work/moveit2_handeye_calib/install/moveit_calibration_plugins/lib/libmoveit_handeye_calibration_target.so.2.0.0" to ""
-- Installing: /home/w/work/moveit2_handeye_calib/install/moveit_calibration_plugins/lib/libmoveit_handeye_calibration_target.so
-- Up-to-date: /home/w/work/moveit2_handeye_calib/install/moveit_calibration_plugins/share/moveit_calibration_plugins/environment/library_path.sh
-- Up-to-date: /home/w/work/moveit2_handeye_calib/install/moveit_calibration_plugins/share/moveit_calibration_plugins/environment/library_path.dsv
-- Installing: /home/w/work/moveit2_handeye_calib/install/moveit_calibration_plugins/share/moveit_calibration_plugins/test/test_aruco_marker_detection.png
-- Installing: /home/w/work/moveit2_handeye_calib/install/moveit_calibration_plugins/share/moveit_calibration_plugins/test/test_charuco_board_detection.jpg
