[ 71%] Built target robot_driver
[100%] Built target robot_driver_node
-- Install configuration: ""
-- Up-to-date: /home/w/work/moveit2_handeye_calib/install/robot_driver/lib/librobot_driver.so
-- Up-to-date: /home/w/work/moveit2_handeye_calib/install/robot_driver/bin/robot_driver_node
-- Up-to-date: /home/w/work/moveit2_handeye_calib/install/robot_driver/lib/robot_driver/librobot_driver.so
-- Up-to-date: /home/w/work/moveit2_handeye_calib/install/robot_driver/lib/robot_driver/robot_driver_node
-- Up-to-date: /home/w/work/moveit2_handeye_calib/install/robot_driver/include
-- Up-to-date: /home/w/work/moveit2_handeye_calib/install/robot_driver/include/robot_can_driver.hpp
-- Up-to-date: /home/w/work/moveit2_handeye_calib/install/robot_driver/include/common_defs.hpp
-- Up-to-date: /home/w/work/moveit2_handeye_calib/install/robot_driver/include/can_sender_driver.hpp
-- Up-to-date: /home/w/work/moveit2_handeye_calib/install/robot_driver/include/can_receiver_driver.hpp
-- Up-to-date: /home/w/work/moveit2_handeye_calib/install/robot_driver/include/robot_can_node.hpp
-- Up-to-date: /home/w/work/moveit2_handeye_calib/install/robot_driver/include/can_gripper.hpp
-- Up-to-date: /home/w/work/moveit2_handeye_calib/install/robot_driver/include/motor_status_recorder.hpp
-- Up-to-date: /home/w/work/moveit2_handeye_calib/install/robot_driver/share/robot_driver/launch
-- Up-to-date: /home/w/work/moveit2_handeye_calib/install/robot_driver/share/robot_driver/launch/robot_driver.launch.py
-- Up-to-date: /home/w/work/moveit2_handeye_calib/install/robot_driver/share/robot_driver/environment/library_path.sh
-- Up-to-date: /home/w/work/moveit2_handeye_calib/install/robot_driver/share/robot_driver/environment/library_path.dsv
-- Up-to-date: /home/w/work/moveit2_handeye_calib/install/robot_driver/share/ament_index/resource_index/package_run_dependencies/robot_driver
-- Up-to-date: /home/w/work/moveit2_handeye_calib/install/robot_driver/share/ament_index/resource_index/parent_prefix_path/robot_driver
-- Up-to-date: /home/w/work/moveit2_handeye_calib/install/robot_driver/share/robot_driver/environment/ament_prefix_path.sh
-- Up-to-date: /home/w/work/moveit2_handeye_calib/install/robot_driver/share/robot_driver/environment/ament_prefix_path.dsv
-- Up-to-date: /home/w/work/moveit2_handeye_calib/install/robot_driver/share/robot_driver/environment/path.sh
-- Up-to-date: /home/w/work/moveit2_handeye_calib/install/robot_driver/share/robot_driver/environment/path.dsv
-- Up-to-date: /home/w/work/moveit2_handeye_calib/install/robot_driver/share/robot_driver/local_setup.bash
-- Up-to-date: /home/w/work/moveit2_handeye_calib/install/robot_driver/share/robot_driver/local_setup.sh
-- Up-to-date: /home/w/work/moveit2_handeye_calib/install/robot_driver/share/robot_driver/local_setup.zsh
-- Up-to-date: /home/w/work/moveit2_handeye_calib/install/robot_driver/share/robot_driver/local_setup.dsv
-- Installing: /home/w/work/moveit2_handeye_calib/install/robot_driver/share/robot_driver/package.dsv
-- Up-to-date: /home/w/work/moveit2_handeye_calib/install/robot_driver/share/ament_index/resource_index/packages/robot_driver
-- Up-to-date: /home/w/work/moveit2_handeye_calib/install/robot_driver/share/robot_driver/cmake/ament_cmake_export_include_directories-extras.cmake
-- Up-to-date: /home/w/work/moveit2_handeye_calib/install/robot_driver/share/robot_driver/cmake/ament_cmake_export_libraries-extras.cmake
-- Up-to-date: /home/w/work/moveit2_handeye_calib/install/robot_driver/share/robot_driver/cmake/ament_cmake_export_dependencies-extras.cmake
-- Up-to-date: /home/w/work/moveit2_handeye_calib/install/robot_driver/share/robot_driver/cmake/robot_driverConfig.cmake
-- Up-to-date: /home/w/work/moveit2_handeye_calib/install/robot_driver/share/robot_driver/cmake/robot_driverConfig-version.cmake
-- Up-to-date: /home/w/work/moveit2_handeye_calib/install/robot_driver/share/robot_driver/package.xml
