[0.010s] Invoking command in '/home/w/work/moveit2_handeye_calib/build/arm380_config': AMENT_PREFIX_PATH=/home/w/work/moveit2_handeye_calib/install/robot_description:${AMENT_PREFIX_PATH} CMAKE_PREFIX_PATH=/home/w/work/moveit2_handeye_calib/install/robot_description:/home/w/work/trac_ik_ws/install/trac_ik:/home/w/work/trac_ik_ws/install/trac_ik_examples:/home/w/work/trac_ik_ws/install/trac_ik_lib:/opt/ros/humble /usr/bin/cmake /home/w/work/moveit2_handeye_calib/TG620/robot_config/arm380_config -DCMAKE_INSTALL_PREFIX=/home/w/work/moveit2_handeye_calib/install/arm380_config
[0.052s] -- The C compiler identification is GNU 11.4.0
[0.095s] -- The CXX compiler identification is GNU 11.4.0
[0.100s] -- Detecting C compiler ABI info
[0.148s] -- Detecting C compiler ABI info - done
[0.153s] -- Check for working C compiler: /usr/bin/cc - skipped
[0.153s] -- Detecting C compile features
[0.153s] -- Detecting C compile features - done
[0.155s] -- Detecting CXX compiler ABI info
[0.210s] -- Detecting CXX compiler ABI info - done
[0.216s] -- Check for working CXX compiler: /usr/bin/c++ - skipped
[0.216s] -- Detecting CXX compile features
[0.216s] -- Detecting CXX compile features - done
[0.217s] -- Found ament_cmake: 1.3.12 (/opt/ros/humble/share/ament_cmake/cmake)
[0.345s] -- Found Python3: /usr/bin/python3 (found version "3.10.12") found components: Interpreter 
[0.457s] -- Configuring done
[0.458s] -- Generating done
[0.459s] -- Build files have been written to: /home/w/work/moveit2_handeye_calib/build/arm380_config
[0.463s] Invoked command in '/home/w/work/moveit2_handeye_calib/build/arm380_config' returned '0': AMENT_PREFIX_PATH=/home/w/work/moveit2_handeye_calib/install/robot_description:${AMENT_PREFIX_PATH} CMAKE_PREFIX_PATH=/home/w/work/moveit2_handeye_calib/install/robot_description:/home/w/work/trac_ik_ws/install/trac_ik:/home/w/work/trac_ik_ws/install/trac_ik_examples:/home/w/work/trac_ik_ws/install/trac_ik_lib:/opt/ros/humble /usr/bin/cmake /home/w/work/moveit2_handeye_calib/TG620/robot_config/arm380_config -DCMAKE_INSTALL_PREFIX=/home/w/work/moveit2_handeye_calib/install/arm380_config
[0.464s] Invoking command in '/home/w/work/moveit2_handeye_calib/build/arm380_config': AMENT_PREFIX_PATH=/home/w/work/moveit2_handeye_calib/install/robot_description:${AMENT_PREFIX_PATH} CMAKE_PREFIX_PATH=/home/w/work/moveit2_handeye_calib/install/robot_description:/home/w/work/trac_ik_ws/install/trac_ik:/home/w/work/trac_ik_ws/install/trac_ik_examples:/home/w/work/trac_ik_ws/install/trac_ik_lib:/opt/ros/humble /usr/bin/cmake --build /home/w/work/moveit2_handeye_calib/build/arm380_config -- -j28 -l28
[0.491s] Invoked command in '/home/w/work/moveit2_handeye_calib/build/arm380_config' returned '0': AMENT_PREFIX_PATH=/home/w/work/moveit2_handeye_calib/install/robot_description:${AMENT_PREFIX_PATH} CMAKE_PREFIX_PATH=/home/w/work/moveit2_handeye_calib/install/robot_description:/home/w/work/trac_ik_ws/install/trac_ik:/home/w/work/trac_ik_ws/install/trac_ik_examples:/home/w/work/trac_ik_ws/install/trac_ik_lib:/opt/ros/humble /usr/bin/cmake --build /home/w/work/moveit2_handeye_calib/build/arm380_config -- -j28 -l28
[0.492s] Invoking command in '/home/w/work/moveit2_handeye_calib/build/arm380_config': AMENT_PREFIX_PATH=/home/w/work/moveit2_handeye_calib/install/robot_description:${AMENT_PREFIX_PATH} CMAKE_PREFIX_PATH=/home/w/work/moveit2_handeye_calib/install/robot_description:/home/w/work/trac_ik_ws/install/trac_ik:/home/w/work/trac_ik_ws/install/trac_ik_examples:/home/w/work/trac_ik_ws/install/trac_ik_lib:/opt/ros/humble /usr/bin/cmake --install /home/w/work/moveit2_handeye_calib/build/arm380_config
[0.497s] -- Install configuration: ""
[0.497s] -- Installing: /home/w/work/moveit2_handeye_calib/install/arm380_config/share/ament_index/resource_index/package_run_dependencies/arm380_config
[0.497s] -- Installing: /home/w/work/moveit2_handeye_calib/install/arm380_config/share/ament_index/resource_index/parent_prefix_path/arm380_config
[0.497s] -- Installing: /home/w/work/moveit2_handeye_calib/install/arm380_config/share/arm380_config/environment/ament_prefix_path.sh
[0.498s] -- Installing: /home/w/work/moveit2_handeye_calib/install/arm380_config/share/arm380_config/environment/ament_prefix_path.dsv
[0.498s] -- Installing: /home/w/work/moveit2_handeye_calib/install/arm380_config/share/arm380_config/environment/path.sh
[0.498s] -- Installing: /home/w/work/moveit2_handeye_calib/install/arm380_config/share/arm380_config/environment/path.dsv
[0.499s] -- Installing: /home/w/work/moveit2_handeye_calib/install/arm380_config/share/arm380_config/local_setup.bash
[0.499s] -- Installing: /home/w/work/moveit2_handeye_calib/install/arm380_config/share/arm380_config/local_setup.sh
[0.499s] -- Installing: /home/w/work/moveit2_handeye_calib/install/arm380_config/share/arm380_config/local_setup.zsh
[0.499s] -- Installing: /home/w/work/moveit2_handeye_calib/install/arm380_config/share/arm380_config/local_setup.dsv
[0.499s] -- Installing: /home/w/work/moveit2_handeye_calib/install/arm380_config/share/arm380_config/package.dsv
[0.499s] -- Installing: /home/w/work/moveit2_handeye_calib/install/arm380_config/share/ament_index/resource_index/packages/arm380_config
[0.499s] -- Installing: /home/w/work/moveit2_handeye_calib/install/arm380_config/share/arm380_config/cmake/arm380_configConfig.cmake
[0.499s] -- Installing: /home/w/work/moveit2_handeye_calib/install/arm380_config/share/arm380_config/cmake/arm380_configConfig-version.cmake
[0.499s] -- Installing: /home/w/work/moveit2_handeye_calib/install/arm380_config/share/arm380_config/package.xml
[0.499s] -- Installing: /home/w/work/moveit2_handeye_calib/install/arm380_config/share/arm380_config/launch
[0.499s] -- Installing: /home/w/work/moveit2_handeye_calib/install/arm380_config/share/arm380_config/launch/static_virtual_joint_tfs.launch.py
[0.499s] -- Installing: /home/w/work/moveit2_handeye_calib/install/arm380_config/share/arm380_config/launch/spawn_controllers.launch.py
[0.499s] -- Installing: /home/w/work/moveit2_handeye_calib/install/arm380_config/share/arm380_config/launch/gazebo_moveit_demo.launch.py
[0.499s] -- Installing: /home/w/work/moveit2_handeye_calib/install/arm380_config/share/arm380_config/launch/move_group.launch.py
[0.499s] -- Installing: /home/w/work/moveit2_handeye_calib/install/arm380_config/share/arm380_config/launch/warehouse_db.launch.py
[0.499s] -- Installing: /home/w/work/moveit2_handeye_calib/install/arm380_config/share/arm380_config/launch/real_moveit_demo.launch.py
[0.499s] -- Installing: /home/w/work/moveit2_handeye_calib/install/arm380_config/share/arm380_config/launch/demo.launch.py
[0.500s] -- Installing: /home/w/work/moveit2_handeye_calib/install/arm380_config/share/arm380_config/launch/setup_assistant.launch.py
[0.500s] -- Installing: /home/w/work/moveit2_handeye_calib/install/arm380_config/share/arm380_config/launch/rsp.launch.py
[0.500s] -- Installing: /home/w/work/moveit2_handeye_calib/install/arm380_config/share/arm380_config/launch/moveit_rviz.launch.py
[0.500s] -- Installing: /home/w/work/moveit2_handeye_calib/install/arm380_config/share/arm380_config/config
[0.500s] -- Installing: /home/w/work/moveit2_handeye_calib/install/arm380_config/share/arm380_config/config/moveit_controllers.yaml
[0.500s] -- Installing: /home/w/work/moveit2_handeye_calib/install/arm380_config/share/arm380_config/config/initial_positions.yaml
[0.500s] -- Installing: /home/w/work/moveit2_handeye_calib/install/arm380_config/share/arm380_config/config/ros2_controllers.yaml
[0.500s] -- Installing: /home/w/work/moveit2_handeye_calib/install/arm380_config/share/arm380_config/config/moveit.rviz
[0.500s] -- Installing: /home/w/work/moveit2_handeye_calib/install/arm380_config/share/arm380_config/config/kinematics.yaml
[0.500s] -- Installing: /home/w/work/moveit2_handeye_calib/install/arm380_config/share/arm380_config/config/arm380.urdf.xacro
[0.501s] -- Installing: /home/w/work/moveit2_handeye_calib/install/arm380_config/share/arm380_config/config/joint_limits.yaml
[0.501s] -- Installing: /home/w/work/moveit2_handeye_calib/install/arm380_config/share/arm380_config/config/pilz_cartesian_limits.yaml
[0.501s] -- Installing: /home/w/work/moveit2_handeye_calib/install/arm380_config/share/arm380_config/config/arm380.ros2_control.xacro
[0.501s] -- Installing: /home/w/work/moveit2_handeye_calib/install/arm380_config/share/arm380_config/config/arm380.srdf
[0.501s] -- Installing: /home/w/work/moveit2_handeye_calib/install/arm380_config/share/arm380_config/.setup_assistant
[0.501s] Invoked command in '/home/w/work/moveit2_handeye_calib/build/arm380_config' returned '0': AMENT_PREFIX_PATH=/home/w/work/moveit2_handeye_calib/install/robot_description:${AMENT_PREFIX_PATH} CMAKE_PREFIX_PATH=/home/w/work/moveit2_handeye_calib/install/robot_description:/home/w/work/trac_ik_ws/install/trac_ik:/home/w/work/trac_ik_ws/install/trac_ik_examples:/home/w/work/trac_ik_ws/install/trac_ik_lib:/opt/ros/humble /usr/bin/cmake --install /home/w/work/moveit2_handeye_calib/build/arm380_config
