[0.044s] Invoking command in '/home/w/work/moveit2_handeye_calib/build/moveit_calibration_gui': AMENT_PREFIX_PATH=/home/w/work/moveit2_handeye_calib/install/moveit_calibration_plugins:${AMENT_PREFIX_PATH} CMAKE_PREFIX_PATH=/home/w/work/moveit2_handeye_calib/install/moveit_calibration_plugins:/home/w/work/trac_ik_ws/install/trac_ik:/home/w/work/trac_ik_ws/install/trac_ik_examples:/home/w/work/trac_ik_ws/install/trac_ik_lib:/opt/ros/humble LD_LIBRARY_PATH=/home/w/work/moveit2_handeye_calib/install/moveit_calibration_plugins/lib:${LD_LIBRARY_PATH} /usr/bin/cmake --build /home/w/work/moveit2_handeye_calib/build/moveit_calibration_gui -- -j28 -l28
[0.081s] [  8%] [34m[1mAutomatic MOC and UIC for target moveit_handeye_calibration_rviz_plugin_core[0m
[0.107s] [  8%] Built target moveit_handeye_calibration_rviz_plugin_core_autogen
[0.151s] [ 66%] Built target moveit_handeye_calibration_rviz_plugin_core
[0.164s] [ 75%] [34m[1mAutomatic MOC and UIC for target moveit_handeye_calibration_rviz_plugin[0m
[0.176s] [ 75%] Built target moveit_handeye_calibration_rviz_plugin_autogen
[0.208s] [100%] Built target moveit_handeye_calibration_rviz_plugin
[0.387s] Invoked command in '/home/w/work/moveit2_handeye_calib/build/moveit_calibration_gui' returned '0': AMENT_PREFIX_PATH=/home/w/work/moveit2_handeye_calib/install/moveit_calibration_plugins:${AMENT_PREFIX_PATH} CMAKE_PREFIX_PATH=/home/w/work/moveit2_handeye_calib/install/moveit_calibration_plugins:/home/w/work/trac_ik_ws/install/trac_ik:/home/w/work/trac_ik_ws/install/trac_ik_examples:/home/w/work/trac_ik_ws/install/trac_ik_lib:/opt/ros/humble LD_LIBRARY_PATH=/home/w/work/moveit2_handeye_calib/install/moveit_calibration_plugins/lib:${LD_LIBRARY_PATH} /usr/bin/cmake --build /home/w/work/moveit2_handeye_calib/build/moveit_calibration_gui -- -j28 -l28
[0.388s] Invoking command in '/home/w/work/moveit2_handeye_calib/build/moveit_calibration_gui': AMENT_PREFIX_PATH=/home/w/work/moveit2_handeye_calib/install/moveit_calibration_plugins:${AMENT_PREFIX_PATH} CMAKE_PREFIX_PATH=/home/w/work/moveit2_handeye_calib/install/moveit_calibration_plugins:/home/w/work/trac_ik_ws/install/trac_ik:/home/w/work/trac_ik_ws/install/trac_ik_examples:/home/w/work/trac_ik_ws/install/trac_ik_lib:/opt/ros/humble LD_LIBRARY_PATH=/home/w/work/moveit2_handeye_calib/install/moveit_calibration_plugins/lib:${LD_LIBRARY_PATH} /usr/bin/cmake --install /home/w/work/moveit2_handeye_calib/build/moveit_calibration_gui
[0.408s] -- Install configuration: "Release"
[0.408s] -- Up-to-date: /home/w/work/moveit2_handeye_calib/install/moveit_calibration_gui/share/moveit_calibration_gui/handeye_calibration_rviz_plugin_description.xml
[0.408s] -- Up-to-date: /home/w/work/moveit2_handeye_calib/install/moveit_calibration_gui/share/moveit_calibration_gui/environment/library_path.sh
[0.408s] -- Up-to-date: /home/w/work/moveit2_handeye_calib/install/moveit_calibration_gui/share/moveit_calibration_gui/environment/library_path.dsv
[0.408s] -- Up-to-date: /home/w/work/moveit2_handeye_calib/install/moveit_calibration_gui/share/ament_index/resource_index/package_run_dependencies/moveit_calibration_gui
[0.408s] -- Up-to-date: /home/w/work/moveit2_handeye_calib/install/moveit_calibration_gui/share/ament_index/resource_index/parent_prefix_path/moveit_calibration_gui
[0.408s] -- Up-to-date: /home/w/work/moveit2_handeye_calib/install/moveit_calibration_gui/share/moveit_calibration_gui/environment/ament_prefix_path.sh
[0.408s] -- Up-to-date: /home/w/work/moveit2_handeye_calib/install/moveit_calibration_gui/share/moveit_calibration_gui/environment/ament_prefix_path.dsv
[0.408s] -- Up-to-date: /home/w/work/moveit2_handeye_calib/install/moveit_calibration_gui/share/moveit_calibration_gui/environment/path.sh
[0.408s] -- Up-to-date: /home/w/work/moveit2_handeye_calib/install/moveit_calibration_gui/share/moveit_calibration_gui/environment/path.dsv
[0.408s] -- Up-to-date: /home/w/work/moveit2_handeye_calib/install/moveit_calibration_gui/share/moveit_calibration_gui/local_setup.bash
[0.408s] -- Up-to-date: /home/w/work/moveit2_handeye_calib/install/moveit_calibration_gui/share/moveit_calibration_gui/local_setup.sh
[0.408s] -- Up-to-date: /home/w/work/moveit2_handeye_calib/install/moveit_calibration_gui/share/moveit_calibration_gui/local_setup.zsh
[0.408s] -- Up-to-date: /home/w/work/moveit2_handeye_calib/install/moveit_calibration_gui/share/moveit_calibration_gui/local_setup.dsv
[0.409s] -- Installing: /home/w/work/moveit2_handeye_calib/install/moveit_calibration_gui/share/moveit_calibration_gui/package.dsv
[0.409s] -- Up-to-date: /home/w/work/moveit2_handeye_calib/install/moveit_calibration_gui/share/ament_index/resource_index/packages/moveit_calibration_gui
[0.409s] -- Up-to-date: /home/w/work/moveit2_handeye_calib/install/moveit_calibration_gui/share/ament_index/resource_index/rviz_common__pluginlib__plugin/moveit_calibration_gui
[0.409s] -- Up-to-date: /home/w/work/moveit2_handeye_calib/install/moveit_calibration_gui/share/moveit_calibration_gui/cmake/export_moveit_calibration_guiExport.cmake
[0.409s] -- Up-to-date: /home/w/work/moveit2_handeye_calib/install/moveit_calibration_gui/share/moveit_calibration_gui/cmake/export_moveit_calibration_guiExport-release.cmake
[0.409s] -- Up-to-date: /home/w/work/moveit2_handeye_calib/install/moveit_calibration_gui/share/moveit_calibration_gui/cmake/ament_cmake_export_targets-extras.cmake
[0.409s] -- Up-to-date: /home/w/work/moveit2_handeye_calib/install/moveit_calibration_gui/share/moveit_calibration_gui/cmake/ament_cmake_export_dependencies-extras.cmake
[0.409s] -- Up-to-date: /home/w/work/moveit2_handeye_calib/install/moveit_calibration_gui/share/moveit_calibration_gui/cmake/moveit_calibration_guiConfig.cmake
[0.409s] -- Up-to-date: /home/w/work/moveit2_handeye_calib/install/moveit_calibration_gui/share/moveit_calibration_gui/cmake/moveit_calibration_guiConfig-version.cmake
[0.409s] -- Up-to-date: /home/w/work/moveit2_handeye_calib/install/moveit_calibration_gui/share/moveit_calibration_gui/package.xml
[0.409s] -- Up-to-date: /home/w/work/moveit2_handeye_calib/install/moveit_calibration_gui/include
[0.409s] -- Up-to-date: /home/w/work/moveit2_handeye_calib/install/moveit_calibration_gui/include/moveit
[0.409s] -- Up-to-date: /home/w/work/moveit2_handeye_calib/install/moveit_calibration_gui/include/moveit/handeye_calibration_rviz_plugin
[0.409s] -- Up-to-date: /home/w/work/moveit2_handeye_calib/install/moveit_calibration_gui/include/moveit/handeye_calibration_rviz_plugin/handeye_target_widget.h
[0.409s] -- Up-to-date: /home/w/work/moveit2_handeye_calib/install/moveit_calibration_gui/include/moveit/handeye_calibration_rviz_plugin/handeye_calibration_display.h
[0.409s] -- Up-to-date: /home/w/work/moveit2_handeye_calib/install/moveit_calibration_gui/include/moveit/handeye_calibration_rviz_plugin/handeye_calibration_frame.h
[0.409s] -- Up-to-date: /home/w/work/moveit2_handeye_calib/install/moveit_calibration_gui/include/moveit/handeye_calibration_rviz_plugin/handeye_control_widget.h
[0.409s] -- Up-to-date: /home/w/work/moveit2_handeye_calib/install/moveit_calibration_gui/include/moveit/handeye_calibration_rviz_plugin/handeye_context_widget.h
[0.409s] -- Up-to-date: /home/w/work/moveit2_handeye_calib/install/moveit_calibration_gui/lib/libmoveit_handeye_calibration_rviz_plugin_core.so.2.0.0
[0.410s] -- Up-to-date: /home/w/work/moveit2_handeye_calib/install/moveit_calibration_gui/lib/libmoveit_handeye_calibration_rviz_plugin_core.so
[0.410s] -- Up-to-date: /home/w/work/moveit2_handeye_calib/install/moveit_calibration_gui/lib/libmoveit_handeye_calibration_rviz_plugin.so.2.0.0
[0.410s] -- Up-to-date: /home/w/work/moveit2_handeye_calib/install/moveit_calibration_gui/lib/libmoveit_handeye_calibration_rviz_plugin.so
[0.411s] -- Up-to-date: /home/w/work/moveit2_handeye_calib/install/moveit_calibration_gui/share/moveit_calibration_gui/environment/library_path.sh
[0.411s] -- Up-to-date: /home/w/work/moveit2_handeye_calib/install/moveit_calibration_gui/share/moveit_calibration_gui/environment/library_path.dsv
[0.467s] Invoked command in '/home/w/work/moveit2_handeye_calib/build/moveit_calibration_gui' returned '0': AMENT_PREFIX_PATH=/home/w/work/moveit2_handeye_calib/install/moveit_calibration_plugins:${AMENT_PREFIX_PATH} CMAKE_PREFIX_PATH=/home/w/work/moveit2_handeye_calib/install/moveit_calibration_plugins:/home/w/work/trac_ik_ws/install/trac_ik:/home/w/work/trac_ik_ws/install/trac_ik_examples:/home/w/work/trac_ik_ws/install/trac_ik_lib:/opt/ros/humble LD_LIBRARY_PATH=/home/w/work/moveit2_handeye_calib/install/moveit_calibration_plugins/lib:${LD_LIBRARY_PATH} /usr/bin/cmake --install /home/w/work/moveit2_handeye_calib/build/moveit_calibration_gui
