-- Install configuration: ""
-- Up-to-date: /home/w/work/moveit2_handeye_calib/install/robot_description/share/robot_description/launch
-- Up-to-date: /home/w/work/moveit2_handeye_calib/install/robot_description/share/robot_description/launch/robot_description.launch.py
-- Up-to-date: /home/w/work/moveit2_handeye_calib/install/robot_description/share/robot_description/launch/arm620_dh_display.launch.py
-- Up-to-date: /home/w/work/moveit2_handeye_calib/install/robot_description/share/robot_description/launch/arm380_display.launch.py
-- Up-to-date: /home/w/work/moveit2_handeye_calib/install/robot_description/share/robot_description/launch/arm620_display.launch.py
-- Up-to-date: /home/w/work/moveit2_handeye_calib/install/robot_description/share/robot_description/urdf
-- Up-to-date: /home/w/work/moveit2_handeye_calib/install/robot_description/share/robot_description/urdf/arm620.urdf
-- Up-to-date: /home/w/work/moveit2_handeye_calib/install/robot_description/share/robot_description/urdf/arm620_dh.urdf
-- Up-to-date: /home/w/work/moveit2_handeye_calib/install/robot_description/share/robot_description/urdf/arm380.urdf
-- Up-to-date: /home/w/work/moveit2_handeye_calib/install/robot_description/share/robot_description/urdf/arm620_gazebo.urdf
-- Up-to-date: /home/w/work/moveit2_handeye_calib/install/robot_description/share/robot_description/urdf/arm380_gazebo.urdf
-- Up-to-date: /home/w/work/moveit2_handeye_calib/install/robot_description/share/robot_description/meshes
-- Up-to-date: /home/w/work/moveit2_handeye_calib/install/robot_description/share/robot_description/meshes/arm380
-- Up-to-date: /home/w/work/moveit2_handeye_calib/install/robot_description/share/robot_description/meshes/arm380/base_link.STL
-- Up-to-date: /home/w/work/moveit2_handeye_calib/install/robot_description/share/robot_description/meshes/arm380/Link6.STL
-- Up-to-date: /home/w/work/moveit2_handeye_calib/install/robot_description/share/robot_description/meshes/arm380/Link3.STL
-- Up-to-date: /home/w/work/moveit2_handeye_calib/install/robot_description/share/robot_description/meshes/arm380/Link4.STL
-- Up-to-date: /home/w/work/moveit2_handeye_calib/install/robot_description/share/robot_description/meshes/arm380/Link2.STL
-- Up-to-date: /home/w/work/moveit2_handeye_calib/install/robot_description/share/robot_description/meshes/arm380/Link5.STL
-- Up-to-date: /home/w/work/moveit2_handeye_calib/install/robot_description/share/robot_description/meshes/arm380/Link1.STL
-- Up-to-date: /home/w/work/moveit2_handeye_calib/install/robot_description/share/robot_description/meshes/gripper
-- Up-to-date: /home/w/work/moveit2_handeye_calib/install/robot_description/share/robot_description/meshes/gripper/gripper_link.STL
-- Up-to-date: /home/w/work/moveit2_handeye_calib/install/robot_description/share/robot_description/meshes/gripper/finger2_Link.STL
-- Up-to-date: /home/w/work/moveit2_handeye_calib/install/robot_description/share/robot_description/meshes/gripper/finger1_Link.STL
-- Up-to-date: /home/w/work/moveit2_handeye_calib/install/robot_description/share/robot_description/meshes/arm620
-- Up-to-date: /home/w/work/moveit2_handeye_calib/install/robot_description/share/robot_description/meshes/arm620/base_link.STL
-- Up-to-date: /home/w/work/moveit2_handeye_calib/install/robot_description/share/robot_description/meshes/arm620/Link6.STL
-- Up-to-date: /home/w/work/moveit2_handeye_calib/install/robot_description/share/robot_description/meshes/arm620/Link3.STL
-- Up-to-date: /home/w/work/moveit2_handeye_calib/install/robot_description/share/robot_description/meshes/arm620/Link4.STL
-- Up-to-date: /home/w/work/moveit2_handeye_calib/install/robot_description/share/robot_description/meshes/arm620/Link2.STL
-- Up-to-date: /home/w/work/moveit2_handeye_calib/install/robot_description/share/robot_description/meshes/arm620/Link5.STL
-- Up-to-date: /home/w/work/moveit2_handeye_calib/install/robot_description/share/robot_description/meshes/arm620/Link1.STL
-- Up-to-date: /home/w/work/moveit2_handeye_calib/install/robot_description/share/ament_index/resource_index/package_run_dependencies/robot_description
-- Up-to-date: /home/w/work/moveit2_handeye_calib/install/robot_description/share/ament_index/resource_index/parent_prefix_path/robot_description
-- Up-to-date: /home/w/work/moveit2_handeye_calib/install/robot_description/share/robot_description/environment/ament_prefix_path.sh
-- Up-to-date: /home/w/work/moveit2_handeye_calib/install/robot_description/share/robot_description/environment/ament_prefix_path.dsv
-- Up-to-date: /home/w/work/moveit2_handeye_calib/install/robot_description/share/robot_description/environment/path.sh
-- Up-to-date: /home/w/work/moveit2_handeye_calib/install/robot_description/share/robot_description/environment/path.dsv
-- Up-to-date: /home/w/work/moveit2_handeye_calib/install/robot_description/share/robot_description/local_setup.bash
-- Up-to-date: /home/w/work/moveit2_handeye_calib/install/robot_description/share/robot_description/local_setup.sh
-- Up-to-date: /home/w/work/moveit2_handeye_calib/install/robot_description/share/robot_description/local_setup.zsh
-- Up-to-date: /home/w/work/moveit2_handeye_calib/install/robot_description/share/robot_description/local_setup.dsv
-- Up-to-date: /home/w/work/moveit2_handeye_calib/install/robot_description/share/robot_description/package.dsv
-- Up-to-date: /home/w/work/moveit2_handeye_calib/install/robot_description/share/ament_index/resource_index/packages/robot_description
-- Up-to-date: /home/w/work/moveit2_handeye_calib/install/robot_description/share/robot_description/cmake/robot_descriptionConfig.cmake
-- Up-to-date: /home/w/work/moveit2_handeye_calib/install/robot_description/share/robot_description/cmake/robot_descriptionConfig-version.cmake
-- Up-to-date: /home/w/work/moveit2_handeye_calib/install/robot_description/share/robot_description/package.xml
