-- Install configuration: ""
-- Up-to-date: /home/w/work/moveit2_handeye_calib/install/moveit_calibration_demos/share/moveit_calibration_demos/launch
-- Up-to-date: /home/w/work/moveit2_handeye_calib/install/moveit_calibration_demos/share/moveit_calibration_demos/launch/gz_eye_to_hand_charuco.launch.py
-- Up-to-date: /home/w/work/moveit2_handeye_calib/install/moveit_calibration_demos/share/moveit_calibration_demos/launch/_gz_moveit_calibration.launch.py
-- Up-to-date: /home/w/work/moveit2_handeye_calib/install/moveit_calibration_demos/share/moveit_calibration_demos/launch/gz_eye_to_hand_aruco.launch.py
-- Up-to-date: /home/w/work/moveit2_handeye_calib/install/moveit_calibration_demos/share/moveit_calibration_demos/launch/gz_eye_in_hand_aruco.launch.py
-- Up-to-date: /home/w/work/moveit2_handeye_calib/install/moveit_calibration_demos/share/moveit_calibration_demos/launch/gz_eye_in_hand_charuco.launch.py
-- Up-to-date: /home/w/work/moveit2_handeye_calib/install/moveit_calibration_demos/share/moveit_calibration_demos/rviz
-- Up-to-date: /home/w/work/moveit2_handeye_calib/install/moveit_calibration_demos/share/moveit_calibration_demos/rviz/eye_in_hand_aruco.rviz
-- Up-to-date: /home/w/work/moveit2_handeye_calib/install/moveit_calibration_demos/share/moveit_calibration_demos/rviz/eye_to_hand_charuco.rviz
-- Up-to-date: /home/w/work/moveit2_handeye_calib/install/moveit_calibration_demos/share/moveit_calibration_demos/rviz/eye_to_hand_aruco.rviz
-- Up-to-date: /home/w/work/moveit2_handeye_calib/install/moveit_calibration_demos/share/moveit_calibration_demos/rviz/eye_in_hand_charuco.rviz
-- Up-to-date: /home/w/work/moveit2_handeye_calib/install/moveit_calibration_demos/share/moveit_calibration_demos/worlds
-- Up-to-date: /home/w/work/moveit2_handeye_calib/install/moveit_calibration_demos/share/moveit_calibration_demos/worlds/eye_in_hand_aruco.sdf
-- Up-to-date: /home/w/work/moveit2_handeye_calib/install/moveit_calibration_demos/share/moveit_calibration_demos/worlds/eye_in_hand_charuco.sdf
-- Up-to-date: /home/w/work/moveit2_handeye_calib/install/moveit_calibration_demos/share/moveit_calibration_demos/worlds/eye_to_hand_charuco.sdf
-- Up-to-date: /home/w/work/moveit2_handeye_calib/install/moveit_calibration_demos/share/moveit_calibration_demos/worlds/eye_to_hand_aruco.sdf
-- Up-to-date: /home/w/work/moveit2_handeye_calib/install/moveit_calibration_demos/share/ament_index/resource_index/package_run_dependencies/moveit_calibration_demos
-- Up-to-date: /home/w/work/moveit2_handeye_calib/install/moveit_calibration_demos/share/ament_index/resource_index/parent_prefix_path/moveit_calibration_demos
-- Up-to-date: /home/w/work/moveit2_handeye_calib/install/moveit_calibration_demos/share/moveit_calibration_demos/environment/ament_prefix_path.sh
-- Up-to-date: /home/w/work/moveit2_handeye_calib/install/moveit_calibration_demos/share/moveit_calibration_demos/environment/ament_prefix_path.dsv
-- Up-to-date: /home/w/work/moveit2_handeye_calib/install/moveit_calibration_demos/share/moveit_calibration_demos/environment/path.sh
-- Up-to-date: /home/w/work/moveit2_handeye_calib/install/moveit_calibration_demos/share/moveit_calibration_demos/environment/path.dsv
-- Up-to-date: /home/w/work/moveit2_handeye_calib/install/moveit_calibration_demos/share/moveit_calibration_demos/local_setup.bash
-- Up-to-date: /home/w/work/moveit2_handeye_calib/install/moveit_calibration_demos/share/moveit_calibration_demos/local_setup.sh
-- Up-to-date: /home/w/work/moveit2_handeye_calib/install/moveit_calibration_demos/share/moveit_calibration_demos/local_setup.zsh
-- Up-to-date: /home/w/work/moveit2_handeye_calib/install/moveit_calibration_demos/share/moveit_calibration_demos/local_setup.dsv
-- Up-to-date: /home/w/work/moveit2_handeye_calib/install/moveit_calibration_demos/share/moveit_calibration_demos/package.dsv
-- Up-to-date: /home/w/work/moveit2_handeye_calib/install/moveit_calibration_demos/share/ament_index/resource_index/packages/moveit_calibration_demos
-- Up-to-date: /home/w/work/moveit2_handeye_calib/install/moveit_calibration_demos/share/moveit_calibration_demos/cmake/moveit_calibration_demosConfig.cmake
-- Up-to-date: /home/w/work/moveit2_handeye_calib/install/moveit_calibration_demos/share/moveit_calibration_demos/cmake/moveit_calibration_demosConfig-version.cmake
-- Up-to-date: /home/w/work/moveit2_handeye_calib/install/moveit_calibration_demos/share/moveit_calibration_demos/package.xml
