[0.179s] Invoking command in '/home/w/work/moveit2_handeye_calib/build/robot_sdk': AMENT_PREFIX_PATH=/home/w/work/moveit2_handeye_calib/install/robot_interfaces:${AMENT_PREFIX_PATH} CMAKE_PREFIX_PATH=/home/w/work/moveit2_handeye_calib/install/robot_interfaces:/home/w/work/trac_ik_ws/install/trac_ik:/home/w/work/trac_ik_ws/install/trac_ik_examples:/home/w/work/trac_ik_ws/install/trac_ik_lib:/opt/ros/humble LD_LIBRARY_PATH=/home/w/work/moveit2_handeye_calib/install/robot_interfaces/lib:${LD_LIBRARY_PATH} PYTHONPATH=/home/w/work/moveit2_handeye_calib/install/robot_interfaces/local/lib/python3.10/dist-packages:${PYTHONPATH} /usr/bin/cmake --build /home/w/work/moveit2_handeye_calib/build/robot_sdk -- -j28 -l28
[0.340s] [ 50%] Built target robot_sdk_lib
[0.340s] [100%] Built target robot_sdk
[0.356s] Invoked command in '/home/w/work/moveit2_handeye_calib/build/robot_sdk' returned '0': AMENT_PREFIX_PATH=/home/w/work/moveit2_handeye_calib/install/robot_interfaces:${AMENT_PREFIX_PATH} CMAKE_PREFIX_PATH=/home/w/work/moveit2_handeye_calib/install/robot_interfaces:/home/w/work/trac_ik_ws/install/trac_ik:/home/w/work/trac_ik_ws/install/trac_ik_examples:/home/w/work/trac_ik_ws/install/trac_ik_lib:/opt/ros/humble LD_LIBRARY_PATH=/home/w/work/moveit2_handeye_calib/install/robot_interfaces/lib:${LD_LIBRARY_PATH} PYTHONPATH=/home/w/work/moveit2_handeye_calib/install/robot_interfaces/local/lib/python3.10/dist-packages:${PYTHONPATH} /usr/bin/cmake --build /home/w/work/moveit2_handeye_calib/build/robot_sdk -- -j28 -l28
[0.357s] Invoking command in '/home/w/work/moveit2_handeye_calib/build/robot_sdk': AMENT_PREFIX_PATH=/home/w/work/moveit2_handeye_calib/install/robot_interfaces:${AMENT_PREFIX_PATH} CMAKE_PREFIX_PATH=/home/w/work/moveit2_handeye_calib/install/robot_interfaces:/home/w/work/trac_ik_ws/install/trac_ik:/home/w/work/trac_ik_ws/install/trac_ik_examples:/home/w/work/trac_ik_ws/install/trac_ik_lib:/opt/ros/humble LD_LIBRARY_PATH=/home/w/work/moveit2_handeye_calib/install/robot_interfaces/lib:${LD_LIBRARY_PATH} PYTHONPATH=/home/w/work/moveit2_handeye_calib/install/robot_interfaces/local/lib/python3.10/dist-packages:${PYTHONPATH} /usr/bin/cmake --install /home/w/work/moveit2_handeye_calib/build/robot_sdk
[0.373s] -- Install configuration: ""
[0.373s] -- Up-to-date: /home/w/work/moveit2_handeye_calib/install/robot_sdk/lib/robot_sdk/librobot_sdk_lib.so
[0.373s] -- Up-to-date: /home/w/work/moveit2_handeye_calib/install/robot_sdk/lib/robot_sdk/robot_sdk
[0.373s] -- Up-to-date: /home/w/work/moveit2_handeye_calib/install/robot_sdk/include/
[0.373s] -- Up-to-date: /home/w/work/moveit2_handeye_calib/install/robot_sdk/include//robot_sdk.h
[0.373s] -- Up-to-date: /home/w/work/moveit2_handeye_calib/install/robot_sdk/include//robot_key_controller.h
[0.373s] -- Up-to-date: /home/w/work/moveit2_handeye_calib/install/robot_sdk/share/robot_sdk/launch
[0.373s] -- Up-to-date: /home/w/work/moveit2_handeye_calib/install/robot_sdk/share/robot_sdk/launch/robot_sdk.launch.py
[0.373s] -- Up-to-date: /home/w/work/moveit2_handeye_calib/install/robot_sdk/share/ament_index/resource_index/package_run_dependencies/robot_sdk
[0.373s] -- Up-to-date: /home/w/work/moveit2_handeye_calib/install/robot_sdk/share/ament_index/resource_index/parent_prefix_path/robot_sdk
[0.373s] -- Up-to-date: /home/w/work/moveit2_handeye_calib/install/robot_sdk/share/robot_sdk/environment/ament_prefix_path.sh
[0.373s] -- Up-to-date: /home/w/work/moveit2_handeye_calib/install/robot_sdk/share/robot_sdk/environment/ament_prefix_path.dsv
[0.373s] -- Up-to-date: /home/w/work/moveit2_handeye_calib/install/robot_sdk/share/robot_sdk/environment/path.sh
[0.373s] -- Up-to-date: /home/w/work/moveit2_handeye_calib/install/robot_sdk/share/robot_sdk/environment/path.dsv
[0.373s] -- Up-to-date: /home/w/work/moveit2_handeye_calib/install/robot_sdk/share/robot_sdk/local_setup.bash
[0.373s] -- Up-to-date: /home/w/work/moveit2_handeye_calib/install/robot_sdk/share/robot_sdk/local_setup.sh
[0.373s] -- Up-to-date: /home/w/work/moveit2_handeye_calib/install/robot_sdk/share/robot_sdk/local_setup.zsh
[0.373s] -- Up-to-date: /home/w/work/moveit2_handeye_calib/install/robot_sdk/share/robot_sdk/local_setup.dsv
[0.373s] -- Installing: /home/w/work/moveit2_handeye_calib/install/robot_sdk/share/robot_sdk/package.dsv
[0.373s] -- Up-to-date: /home/w/work/moveit2_handeye_calib/install/robot_sdk/share/ament_index/resource_index/packages/robot_sdk
[0.373s] -- Up-to-date: /home/w/work/moveit2_handeye_calib/install/robot_sdk/share/robot_sdk/cmake/robot_sdkConfig.cmake
[0.373s] -- Up-to-date: /home/w/work/moveit2_handeye_calib/install/robot_sdk/share/robot_sdk/cmake/robot_sdkConfig-version.cmake
[0.373s] -- Up-to-date: /home/w/work/moveit2_handeye_calib/install/robot_sdk/share/robot_sdk/package.xml
[0.446s] Invoked command in '/home/w/work/moveit2_handeye_calib/build/robot_sdk' returned '0': AMENT_PREFIX_PATH=/home/w/work/moveit2_handeye_calib/install/robot_interfaces:${AMENT_PREFIX_PATH} CMAKE_PREFIX_PATH=/home/w/work/moveit2_handeye_calib/install/robot_interfaces:/home/w/work/trac_ik_ws/install/trac_ik:/home/w/work/trac_ik_ws/install/trac_ik_examples:/home/w/work/trac_ik_ws/install/trac_ik_lib:/opt/ros/humble LD_LIBRARY_PATH=/home/w/work/moveit2_handeye_calib/install/robot_interfaces/lib:${LD_LIBRARY_PATH} PYTHONPATH=/home/w/work/moveit2_handeye_calib/install/robot_interfaces/local/lib/python3.10/dist-packages:${PYTHONPATH} /usr/bin/cmake --install /home/w/work/moveit2_handeye_calib/build/robot_sdk
