[0.018s] Invoking command in '/home/w/work/moveit2_handeye_calib/build/robot_description': CMAKE_PREFIX_PATH=${CMAKE_PREFIX_PATH}:/opt/ros/humble /usr/bin/cmake /home/w/work/moveit2_handeye_calib/TG620/robot_description -DCMAKE_INSTALL_PREFIX=/home/w/work/moveit2_handeye_calib/install/robot_description
[0.183s] -- The C compiler identification is GNU 11.4.0
[0.183s] -- The CXX compiler identification is GNU 11.4.0
[0.183s] -- Detecting C compiler ABI info
[0.183s] -- Detecting C compiler ABI info - done
[0.183s] -- Check for working C compiler: /usr/bin/cc - skipped
[0.183s] -- Detecting C compile features
[0.183s] -- Detecting C compile features - done
[0.183s] -- Detecting CXX compiler ABI info
[0.216s] -- Detecting CXX compiler ABI info - done
[0.221s] -- Check for working CXX compiler: /usr/bin/c++ - skipped
[0.221s] -- Detecting CXX compile features
[0.222s] -- Detecting CXX compile features - done
[0.228s] -- Found ament_cmake: 1.3.12 (/opt/ros/humble/share/ament_cmake/cmake)
[0.358s] -- Found Python3: /usr/bin/python3 (found version "3.10.12") found components: Interpreter 
[0.422s] -- Found ament_lint_auto: 0.12.14 (/opt/ros/humble/share/ament_lint_auto/cmake)
[0.478s] -- Added test 'copyright' to check source files copyright and LICENSE
[0.480s] -- Added test 'flake8' to check Python code syntax and style conventions
[0.481s] -- Added test 'lint_cmake' to check CMake code style
[0.481s] -- Added test 'pep257' to check Python code against some of the docstring style conventions in PEP 257
[0.482s] -- Added test 'xmllint' to check XML markup files
[0.483s] -- Configuring done
[0.484s] -- Generating done
[0.485s] -- Build files have been written to: /home/w/work/moveit2_handeye_calib/build/robot_description
[0.488s] Invoked command in '/home/w/work/moveit2_handeye_calib/build/robot_description' returned '0': CMAKE_PREFIX_PATH=${CMAKE_PREFIX_PATH}:/opt/ros/humble /usr/bin/cmake /home/w/work/moveit2_handeye_calib/TG620/robot_description -DCMAKE_INSTALL_PREFIX=/home/w/work/moveit2_handeye_calib/install/robot_description
[0.490s] Invoking command in '/home/w/work/moveit2_handeye_calib/build/robot_description': CMAKE_PREFIX_PATH=${CMAKE_PREFIX_PATH}:/opt/ros/humble /usr/bin/cmake --build /home/w/work/moveit2_handeye_calib/build/robot_description -- -j28 -l28
[0.517s] Invoked command in '/home/w/work/moveit2_handeye_calib/build/robot_description' returned '0': CMAKE_PREFIX_PATH=${CMAKE_PREFIX_PATH}:/opt/ros/humble /usr/bin/cmake --build /home/w/work/moveit2_handeye_calib/build/robot_description -- -j28 -l28
[0.524s] Invoking command in '/home/w/work/moveit2_handeye_calib/build/robot_description': CMAKE_PREFIX_PATH=${CMAKE_PREFIX_PATH}:/opt/ros/humble /usr/bin/cmake --install /home/w/work/moveit2_handeye_calib/build/robot_description
[0.529s] -- Install configuration: ""
[0.530s] -- Installing: /home/w/work/moveit2_handeye_calib/install/robot_description/share/robot_description/launch
[0.530s] -- Installing: /home/w/work/moveit2_handeye_calib/install/robot_description/share/robot_description/launch/robot_description.launch.py
[0.530s] -- Installing: /home/w/work/moveit2_handeye_calib/install/robot_description/share/robot_description/launch/arm620_dh_display.launch.py
[0.530s] -- Installing: /home/w/work/moveit2_handeye_calib/install/robot_description/share/robot_description/launch/arm380_display.launch.py
[0.530s] -- Installing: /home/w/work/moveit2_handeye_calib/install/robot_description/share/robot_description/launch/arm620_display.launch.py
[0.530s] -- Installing: /home/w/work/moveit2_handeye_calib/install/robot_description/share/robot_description/urdf
[0.530s] -- Installing: /home/w/work/moveit2_handeye_calib/install/robot_description/share/robot_description/urdf/arm620.urdf
[0.530s] -- Installing: /home/w/work/moveit2_handeye_calib/install/robot_description/share/robot_description/urdf/arm620_dh.urdf
[0.530s] -- Installing: /home/w/work/moveit2_handeye_calib/install/robot_description/share/robot_description/urdf/arm380.urdf
[0.530s] -- Installing: /home/w/work/moveit2_handeye_calib/install/robot_description/share/robot_description/urdf/arm620_gazebo.urdf
[0.530s] -- Installing: /home/w/work/moveit2_handeye_calib/install/robot_description/share/robot_description/urdf/arm380_gazebo.urdf
[0.530s] -- Installing: /home/w/work/moveit2_handeye_calib/install/robot_description/share/robot_description/meshes
[0.530s] -- Installing: /home/w/work/moveit2_handeye_calib/install/robot_description/share/robot_description/meshes/arm380
[0.530s] -- Installing: /home/w/work/moveit2_handeye_calib/install/robot_description/share/robot_description/meshes/arm380/base_link.STL
[0.531s] -- Installing: /home/w/work/moveit2_handeye_calib/install/robot_description/share/robot_description/meshes/arm380/Link6.STL
[0.532s] -- Installing: /home/w/work/moveit2_handeye_calib/install/robot_description/share/robot_description/meshes/arm380/Link3.STL
[0.533s] -- Installing: /home/w/work/moveit2_handeye_calib/install/robot_description/share/robot_description/meshes/arm380/Link4.STL
[0.534s] -- Installing: /home/w/work/moveit2_handeye_calib/install/robot_description/share/robot_description/meshes/arm380/Link2.STL
[0.536s] -- Installing: /home/w/work/moveit2_handeye_calib/install/robot_description/share/robot_description/meshes/arm380/Link5.STL
[0.537s] -- Installing: /home/w/work/moveit2_handeye_calib/install/robot_description/share/robot_description/meshes/arm380/Link1.STL
[0.539s] -- Installing: /home/w/work/moveit2_handeye_calib/install/robot_description/share/robot_description/meshes/gripper
[0.539s] -- Installing: /home/w/work/moveit2_handeye_calib/install/robot_description/share/robot_description/meshes/gripper/gripper_link.STL
[0.539s] -- Installing: /home/w/work/moveit2_handeye_calib/install/robot_description/share/robot_description/meshes/gripper/finger2_Link.STL
[0.539s] -- Installing: /home/w/work/moveit2_handeye_calib/install/robot_description/share/robot_description/meshes/gripper/finger1_Link.STL
[0.539s] -- Installing: /home/w/work/moveit2_handeye_calib/install/robot_description/share/robot_description/meshes/arm620
[0.539s] -- Installing: /home/w/work/moveit2_handeye_calib/install/robot_description/share/robot_description/meshes/arm620/base_link.STL
[0.541s] -- Installing: /home/w/work/moveit2_handeye_calib/install/robot_description/share/robot_description/meshes/arm620/Link6.STL
[0.541s] -- Installing: /home/w/work/moveit2_handeye_calib/install/robot_description/share/robot_description/meshes/arm620/Link3.STL
[0.542s] -- Installing: /home/w/work/moveit2_handeye_calib/install/robot_description/share/robot_description/meshes/arm620/Link4.STL
[0.542s] -- Installing: /home/w/work/moveit2_handeye_calib/install/robot_description/share/robot_description/meshes/arm620/Link2.STL
[0.543s] -- Installing: /home/w/work/moveit2_handeye_calib/install/robot_description/share/robot_description/meshes/arm620/Link5.STL
[0.544s] -- Installing: /home/w/work/moveit2_handeye_calib/install/robot_description/share/robot_description/meshes/arm620/Link1.STL
[0.544s] -- Installing: /home/w/work/moveit2_handeye_calib/install/robot_description/share/ament_index/resource_index/package_run_dependencies/robot_description
[0.545s] -- Installing: /home/w/work/moveit2_handeye_calib/install/robot_description/share/ament_index/resource_index/parent_prefix_path/robot_description
[0.545s] -- Installing: /home/w/work/moveit2_handeye_calib/install/robot_description/share/robot_description/environment/ament_prefix_path.sh
[0.545s] -- Installing: /home/w/work/moveit2_handeye_calib/install/robot_description/share/robot_description/environment/ament_prefix_path.dsv
[0.545s] -- Installing: /home/w/work/moveit2_handeye_calib/install/robot_description/share/robot_description/environment/path.sh
[0.545s] -- Installing: /home/w/work/moveit2_handeye_calib/install/robot_description/share/robot_description/environment/path.dsv
[0.545s] -- Installing: /home/w/work/moveit2_handeye_calib/install/robot_description/share/robot_description/local_setup.bash
[0.545s] -- Installing: /home/w/work/moveit2_handeye_calib/install/robot_description/share/robot_description/local_setup.sh
[0.545s] -- Installing: /home/w/work/moveit2_handeye_calib/install/robot_description/share/robot_description/local_setup.zsh
[0.545s] -- Installing: /home/w/work/moveit2_handeye_calib/install/robot_description/share/robot_description/local_setup.dsv
[0.545s] -- Installing: /home/w/work/moveit2_handeye_calib/install/robot_description/share/robot_description/package.dsv
[0.545s] -- Installing: /home/w/work/moveit2_handeye_calib/install/robot_description/share/ament_index/resource_index/packages/robot_description
[0.545s] -- Installing: /home/w/work/moveit2_handeye_calib/install/robot_description/share/robot_description/cmake/robot_descriptionConfig.cmake
[0.545s] -- Installing: /home/w/work/moveit2_handeye_calib/install/robot_description/share/robot_description/cmake/robot_descriptionConfig-version.cmake
[0.545s] -- Installing: /home/w/work/moveit2_handeye_calib/install/robot_description/share/robot_description/package.xml
[0.550s] Invoked command in '/home/w/work/moveit2_handeye_calib/build/robot_description' returned '0': CMAKE_PREFIX_PATH=${CMAKE_PREFIX_PATH}:/opt/ros/humble /usr/bin/cmake --install /home/w/work/moveit2_handeye_calib/build/robot_description
