[0.576s] Invoking command in '/home/w/work/moveit2_handeye_calib/TG620/robot_input': AMENT_PREFIX_PATH=/home/w/work/moveit2_handeye_calib/install/robot_interfaces:${AMENT_PREFIX_PATH} CMAKE_PREFIX_PATH=/home/w/work/moveit2_handeye_calib/install/robot_interfaces:${CMAKE_PREFIX_PATH} LD_LIBRARY_PATH=/home/w/work/moveit2_handeye_calib/install/robot_interfaces/lib:${LD_LIBRARY_PATH} PYTHONPATH=/home/w/work/moveit2_handeye_calib/build/robot_input/prefix_override:/usr/lib/python3/dist-packages/colcon_core/task/python/colcon_distutils_commands:/home/w/work/moveit2_handeye_calib/install/robot_input/lib/python3.10/site-packages:/home/w/work/moveit2_handeye_calib/install/robot_interfaces/local/lib/python3.10/dist-packages:${PYTHONPATH} /usr/bin/python3 -W ignore:setup.py install is deprecated -W ignore:easy_install command is deprecated setup.py egg_info --egg-base ../../build/robot_input build --build-base /home/w/work/moveit2_handeye_calib/build/robot_input/build install --record /home/w/work/moveit2_handeye_calib/build/robot_input/install.log --single-version-externally-managed install_data
[0.722s] running egg_info
[0.723s] writing ../../build/robot_input/robot_input.egg-info/PKG-INFO
[0.723s] writing dependency_links to ../../build/robot_input/robot_input.egg-info/dependency_links.txt
[0.723s] writing entry points to ../../build/robot_input/robot_input.egg-info/entry_points.txt
[0.723s] writing requirements to ../../build/robot_input/robot_input.egg-info/requires.txt
[0.723s] writing top-level names to ../../build/robot_input/robot_input.egg-info/top_level.txt
[0.724s] reading manifest file '../../build/robot_input/robot_input.egg-info/SOURCES.txt'
[0.725s] writing manifest file '../../build/robot_input/robot_input.egg-info/SOURCES.txt'
[0.725s] running build
[0.725s] running build_py
[0.726s] running install
[0.726s] running install_lib
[0.727s] running install_data
[0.727s] running install_egg_info
[0.728s] removing '/home/w/work/moveit2_handeye_calib/install/robot_input/lib/python3.10/site-packages/robot_input-0.0.0-py3.10.egg-info' (and everything under it)
[0.728s] Copying ../../build/robot_input/robot_input.egg-info to /home/w/work/moveit2_handeye_calib/install/robot_input/lib/python3.10/site-packages/robot_input-0.0.0-py3.10.egg-info
[0.728s] running install_scripts
[0.741s] Installing robot_input_keyboard script to /home/w/work/moveit2_handeye_calib/install/robot_input/lib/robot_input
[0.741s] Installing robot_input_tcp script to /home/w/work/moveit2_handeye_calib/install/robot_input/lib/robot_input
[0.741s] writing list of installed files to '/home/w/work/moveit2_handeye_calib/build/robot_input/install.log'
[0.755s] Invoked command in '/home/w/work/moveit2_handeye_calib/TG620/robot_input' returned '0': AMENT_PREFIX_PATH=/home/w/work/moveit2_handeye_calib/install/robot_interfaces:${AMENT_PREFIX_PATH} CMAKE_PREFIX_PATH=/home/w/work/moveit2_handeye_calib/install/robot_interfaces:${CMAKE_PREFIX_PATH} LD_LIBRARY_PATH=/home/w/work/moveit2_handeye_calib/install/robot_interfaces/lib:${LD_LIBRARY_PATH} PYTHONPATH=/home/w/work/moveit2_handeye_calib/build/robot_input/prefix_override:/usr/lib/python3/dist-packages/colcon_core/task/python/colcon_distutils_commands:/home/w/work/moveit2_handeye_calib/install/robot_input/lib/python3.10/site-packages:/home/w/work/moveit2_handeye_calib/install/robot_interfaces/local/lib/python3.10/dist-packages:${PYTHONPATH} /usr/bin/python3 -W ignore:setup.py install is deprecated -W ignore:easy_install command is deprecated setup.py egg_info --egg-base ../../build/robot_input build --build-base /home/w/work/moveit2_handeye_calib/build/robot_input/build install --record /home/w/work/moveit2_handeye_calib/build/robot_input/install.log --single-version-externally-managed install_data
