[0.041s] Invoking command in '/home/w/work/moveit2_handeye_calib/build/ros2_socketcan': CMAKE_PREFIX_PATH=/home/w/work/moveit2_handeye_calib/install/ros2_socketcan_msgs:/home/w/work/moveit2_handeye_calib/install/robot_driver:/home/w/work/moveit2_handeye_calib/install/ros2_socketcan:/home/w/work/moveit2_handeye_calib/install/robot_virtual_fence:/home/w/work/moveit2_handeye_calib/install/robot_state_machine:/home/w/work/moveit2_handeye_calib/install/robot_sdk:/home/w/work/moveit2_handeye_calib/install/robot_control:/home/w/work/moveit2_handeye_calib/install/motor_control_logger:/home/w/work/moveit2_handeye_calib/install/robot_interfaces:/home/w/work/moveit2_handeye_calib/install/arm620_dh_config:/home/w/work/moveit2_handeye_calib/install/arm620_config:/home/w/work/moveit2_handeye_calib/install/arm380_config:/home/w/work/moveit2_handeye_calib/install/robot_description:/home/w/work/moveit2_handeye_calib/install/robot_bringup:/home/w/work/moveit2_handeye_calib/install/moveit_calibration_demos:/home/w/work/moveit2_handeye_calib/install/moveit_calibration_gui:/home/w/work/moveit2_handeye_calib/install/moveit_calibration_plugins:/home/w/work/trac_ik_ws/install/trac_ik:/home/w/work/trac_ik_ws/install/trac_ik_examples:/home/w/work/trac_ik_ws/install/trac_ik_lib:/home/w/work/moveit2_handeye_calib/install/traj_smoother_py:/home/w/work/moveit2_handeye_calib/install/robot_test_py:/home/w/work/moveit2_handeye_calib/install/robot_input:/home/w/work/moveit2_handeye_calib/install/robot_dynamics:/opt/ros/humble LD_LIBRARY_PATH=/home/w/work/moveit2_handeye_calib/install/ros2_socketcan_msgs/lib:/home/w/work/moveit2_handeye_calib/install/robot_driver/lib:/home/w/work/moveit2_handeye_calib/install/ros2_socketcan/lib:/home/w/work/moveit2_handeye_calib/install/robot_interfaces/lib:/home/w/work/moveit2_handeye_calib/install/moveit_calibration_gui/lib:/home/w/work/moveit2_handeye_calib/install/moveit_calibration_plugins/lib:/home/w/work/trac_ik_ws/install/trac_ik_lib/lib:/opt/ros/humble/opt/rviz_ogre_vendor/lib:/opt/ros/humble/lib/x86_64-linux-gnu:/opt/ros/humble/lib /usr/bin/cmake --build /home/w/work/moveit2_handeye_calib/build/ros2_socketcan -- -j28 -l28
[0.080s] [ 23%] Built target ros2_socketcan
[0.080s] [ 42%] Built target gtest
[0.080s] [ 42%] Built target gtest_main
[0.081s] [ 52%] Built target socket_can_receiver_node_exe
[0.081s] [ 61%] Built target socket_can_sender_node_exe
[0.098s] [ 80%] Built target ros2_socketcan_test
[0.100s] [ 90%] Built target socket_can_receiver_node
[0.120s] [100%] Built target socket_can_sender_node
[0.409s] Invoked command in '/home/w/work/moveit2_handeye_calib/build/ros2_socketcan' returned '0': CMAKE_PREFIX_PATH=/home/w/work/moveit2_handeye_calib/install/ros2_socketcan_msgs:/home/w/work/moveit2_handeye_calib/install/robot_driver:/home/w/work/moveit2_handeye_calib/install/ros2_socketcan:/home/w/work/moveit2_handeye_calib/install/robot_virtual_fence:/home/w/work/moveit2_handeye_calib/install/robot_state_machine:/home/w/work/moveit2_handeye_calib/install/robot_sdk:/home/w/work/moveit2_handeye_calib/install/robot_control:/home/w/work/moveit2_handeye_calib/install/motor_control_logger:/home/w/work/moveit2_handeye_calib/install/robot_interfaces:/home/w/work/moveit2_handeye_calib/install/arm620_dh_config:/home/w/work/moveit2_handeye_calib/install/arm620_config:/home/w/work/moveit2_handeye_calib/install/arm380_config:/home/w/work/moveit2_handeye_calib/install/robot_description:/home/w/work/moveit2_handeye_calib/install/robot_bringup:/home/w/work/moveit2_handeye_calib/install/moveit_calibration_demos:/home/w/work/moveit2_handeye_calib/install/moveit_calibration_gui:/home/w/work/moveit2_handeye_calib/install/moveit_calibration_plugins:/home/w/work/trac_ik_ws/install/trac_ik:/home/w/work/trac_ik_ws/install/trac_ik_examples:/home/w/work/trac_ik_ws/install/trac_ik_lib:/home/w/work/moveit2_handeye_calib/install/traj_smoother_py:/home/w/work/moveit2_handeye_calib/install/robot_test_py:/home/w/work/moveit2_handeye_calib/install/robot_input:/home/w/work/moveit2_handeye_calib/install/robot_dynamics:/opt/ros/humble LD_LIBRARY_PATH=/home/w/work/moveit2_handeye_calib/install/ros2_socketcan_msgs/lib:/home/w/work/moveit2_handeye_calib/install/robot_driver/lib:/home/w/work/moveit2_handeye_calib/install/ros2_socketcan/lib:/home/w/work/moveit2_handeye_calib/install/robot_interfaces/lib:/home/w/work/moveit2_handeye_calib/install/moveit_calibration_gui/lib:/home/w/work/moveit2_handeye_calib/install/moveit_calibration_plugins/lib:/home/w/work/trac_ik_ws/install/trac_ik_lib/lib:/opt/ros/humble/opt/rviz_ogre_vendor/lib:/opt/ros/humble/lib/x86_64-linux-gnu:/opt/ros/humble/lib /usr/bin/cmake --build /home/w/work/moveit2_handeye_calib/build/ros2_socketcan -- -j28 -l28
[0.410s] Invoking command in '/home/w/work/moveit2_handeye_calib/build/ros2_socketcan': CMAKE_PREFIX_PATH=/home/w/work/moveit2_handeye_calib/install/ros2_socketcan_msgs:/home/w/work/moveit2_handeye_calib/install/robot_driver:/home/w/work/moveit2_handeye_calib/install/ros2_socketcan:/home/w/work/moveit2_handeye_calib/install/robot_virtual_fence:/home/w/work/moveit2_handeye_calib/install/robot_state_machine:/home/w/work/moveit2_handeye_calib/install/robot_sdk:/home/w/work/moveit2_handeye_calib/install/robot_control:/home/w/work/moveit2_handeye_calib/install/motor_control_logger:/home/w/work/moveit2_handeye_calib/install/robot_interfaces:/home/w/work/moveit2_handeye_calib/install/arm620_dh_config:/home/w/work/moveit2_handeye_calib/install/arm620_config:/home/w/work/moveit2_handeye_calib/install/arm380_config:/home/w/work/moveit2_handeye_calib/install/robot_description:/home/w/work/moveit2_handeye_calib/install/robot_bringup:/home/w/work/moveit2_handeye_calib/install/moveit_calibration_demos:/home/w/work/moveit2_handeye_calib/install/moveit_calibration_gui:/home/w/work/moveit2_handeye_calib/install/moveit_calibration_plugins:/home/w/work/trac_ik_ws/install/trac_ik:/home/w/work/trac_ik_ws/install/trac_ik_examples:/home/w/work/trac_ik_ws/install/trac_ik_lib:/home/w/work/moveit2_handeye_calib/install/traj_smoother_py:/home/w/work/moveit2_handeye_calib/install/robot_test_py:/home/w/work/moveit2_handeye_calib/install/robot_input:/home/w/work/moveit2_handeye_calib/install/robot_dynamics:/opt/ros/humble LD_LIBRARY_PATH=/home/w/work/moveit2_handeye_calib/install/ros2_socketcan_msgs/lib:/home/w/work/moveit2_handeye_calib/install/robot_driver/lib:/home/w/work/moveit2_handeye_calib/install/ros2_socketcan/lib:/home/w/work/moveit2_handeye_calib/install/robot_interfaces/lib:/home/w/work/moveit2_handeye_calib/install/moveit_calibration_gui/lib:/home/w/work/moveit2_handeye_calib/install/moveit_calibration_plugins/lib:/home/w/work/trac_ik_ws/install/trac_ik_lib/lib:/opt/ros/humble/opt/rviz_ogre_vendor/lib:/opt/ros/humble/lib/x86_64-linux-gnu:/opt/ros/humble/lib /usr/bin/cmake --install /home/w/work/moveit2_handeye_calib/build/ros2_socketcan
[0.425s] -- Install configuration: ""
[0.425s] -- Up-to-date: /home/w/work/moveit2_handeye_calib/install/ros2_socketcan/lib/ros2_socketcan/socket_can_receiver_node_exe
[0.425s] -- Up-to-date: /home/w/work/moveit2_handeye_calib/install/ros2_socketcan/lib/ros2_socketcan/socket_can_sender_node_exe
[0.425s] -- Up-to-date: /home/w/work/moveit2_handeye_calib/install/ros2_socketcan/include
[0.425s] -- Up-to-date: /home/w/work/moveit2_handeye_calib/install/ros2_socketcan/include/ros2_socketcan
[0.425s] -- Up-to-date: /home/w/work/moveit2_handeye_calib/install/ros2_socketcan/include/ros2_socketcan/socket_can_receiver_node.hpp
[0.425s] -- Up-to-date: /home/w/work/moveit2_handeye_calib/install/ros2_socketcan/include/ros2_socketcan/socket_can_common.hpp
[0.425s] -- Up-to-date: /home/w/work/moveit2_handeye_calib/install/ros2_socketcan/include/ros2_socketcan/socket_can_sender_node.hpp
[0.426s] -- Up-to-date: /home/w/work/moveit2_handeye_calib/install/ros2_socketcan/include/ros2_socketcan/socket_can_id.hpp
[0.426s] -- Up-to-date: /home/w/work/moveit2_handeye_calib/install/ros2_socketcan/include/ros2_socketcan/visibility_control.hpp
[0.426s] -- Up-to-date: /home/w/work/moveit2_handeye_calib/install/ros2_socketcan/include/ros2_socketcan/socket_can_receiver.hpp
[0.426s] -- Up-to-date: /home/w/work/moveit2_handeye_calib/install/ros2_socketcan/include/ros2_socketcan/socket_can_sender.hpp
[0.426s] -- Up-to-date: /home/w/work/moveit2_handeye_calib/install/ros2_socketcan/share/ros2_socketcan/environment/library_path.sh
[0.426s] -- Up-to-date: /home/w/work/moveit2_handeye_calib/install/ros2_socketcan/share/ros2_socketcan/environment/library_path.dsv
[0.426s] -- Up-to-date: /home/w/work/moveit2_handeye_calib/install/ros2_socketcan/lib/libros2_socketcan.so
[0.426s] -- Up-to-date: /home/w/work/moveit2_handeye_calib/install/ros2_socketcan/lib/libsocket_can_receiver_node.so
[0.426s] -- Up-to-date: /home/w/work/moveit2_handeye_calib/install/ros2_socketcan/lib/libsocket_can_sender_node.so
[0.426s] -- Up-to-date: /home/w/work/moveit2_handeye_calib/install/ros2_socketcan/share/ros2_socketcan/launch
[0.426s] -- Up-to-date: /home/w/work/moveit2_handeye_calib/install/ros2_socketcan/share/ros2_socketcan/launch/socket_can_bridge.launch.xml
[0.426s] -- Up-to-date: /home/w/work/moveit2_handeye_calib/install/ros2_socketcan/share/ros2_socketcan/launch/socket_can_receiver.launch.py
[0.426s] -- Up-to-date: /home/w/work/moveit2_handeye_calib/install/ros2_socketcan/share/ros2_socketcan/launch/socket_can_sender.launch.py
[0.426s] -- Up-to-date: /home/w/work/moveit2_handeye_calib/install/ros2_socketcan/share/ament_index/resource_index/package_run_dependencies/ros2_socketcan
[0.426s] -- Up-to-date: /home/w/work/moveit2_handeye_calib/install/ros2_socketcan/share/ament_index/resource_index/parent_prefix_path/ros2_socketcan
[0.426s] -- Up-to-date: /home/w/work/moveit2_handeye_calib/install/ros2_socketcan/share/ros2_socketcan/environment/ament_prefix_path.sh
[0.426s] -- Up-to-date: /home/w/work/moveit2_handeye_calib/install/ros2_socketcan/share/ros2_socketcan/environment/ament_prefix_path.dsv
[0.426s] -- Up-to-date: /home/w/work/moveit2_handeye_calib/install/ros2_socketcan/share/ros2_socketcan/environment/path.sh
[0.427s] -- Up-to-date: /home/w/work/moveit2_handeye_calib/install/ros2_socketcan/share/ros2_socketcan/environment/path.dsv
[0.427s] -- Up-to-date: /home/w/work/moveit2_handeye_calib/install/ros2_socketcan/share/ros2_socketcan/local_setup.bash
[0.427s] -- Up-to-date: /home/w/work/moveit2_handeye_calib/install/ros2_socketcan/share/ros2_socketcan/local_setup.sh
[0.427s] -- Up-to-date: /home/w/work/moveit2_handeye_calib/install/ros2_socketcan/share/ros2_socketcan/local_setup.zsh
[0.427s] -- Up-to-date: /home/w/work/moveit2_handeye_calib/install/ros2_socketcan/share/ros2_socketcan/local_setup.dsv
[0.427s] -- Installing: /home/w/work/moveit2_handeye_calib/install/ros2_socketcan/share/ros2_socketcan/package.dsv
[0.427s] -- Up-to-date: /home/w/work/moveit2_handeye_calib/install/ros2_socketcan/share/ament_index/resource_index/packages/ros2_socketcan
[0.427s] -- Up-to-date: /home/w/work/moveit2_handeye_calib/install/ros2_socketcan/share/ament_index/resource_index/rclcpp_components/ros2_socketcan
[0.427s] -- Up-to-date: /home/w/work/moveit2_handeye_calib/install/ros2_socketcan/share/ros2_socketcan/cmake/ament_cmake_export_dependencies-extras.cmake
[0.427s] -- Up-to-date: /home/w/work/moveit2_handeye_calib/install/ros2_socketcan/share/ros2_socketcan/cmake/ament_cmake_export_include_directories-extras.cmake
[0.427s] -- Up-to-date: /home/w/work/moveit2_handeye_calib/install/ros2_socketcan/share/ros2_socketcan/cmake/ament_cmake_export_libraries-extras.cmake
[0.427s] -- Up-to-date: /home/w/work/moveit2_handeye_calib/install/ros2_socketcan/share/ros2_socketcan/cmake/ros2_socketcanConfig.cmake
[0.427s] -- Up-to-date: /home/w/work/moveit2_handeye_calib/install/ros2_socketcan/share/ros2_socketcan/cmake/ros2_socketcanConfig-version.cmake
[0.427s] -- Up-to-date: /home/w/work/moveit2_handeye_calib/install/ros2_socketcan/share/ros2_socketcan/package.xml
[0.447s] Invoked command in '/home/w/work/moveit2_handeye_calib/build/ros2_socketcan' returned '0': CMAKE_PREFIX_PATH=/home/w/work/moveit2_handeye_calib/install/ros2_socketcan_msgs:/home/w/work/moveit2_handeye_calib/install/robot_driver:/home/w/work/moveit2_handeye_calib/install/ros2_socketcan:/home/w/work/moveit2_handeye_calib/install/robot_virtual_fence:/home/w/work/moveit2_handeye_calib/install/robot_state_machine:/home/w/work/moveit2_handeye_calib/install/robot_sdk:/home/w/work/moveit2_handeye_calib/install/robot_control:/home/w/work/moveit2_handeye_calib/install/motor_control_logger:/home/w/work/moveit2_handeye_calib/install/robot_interfaces:/home/w/work/moveit2_handeye_calib/install/arm620_dh_config:/home/w/work/moveit2_handeye_calib/install/arm620_config:/home/w/work/moveit2_handeye_calib/install/arm380_config:/home/w/work/moveit2_handeye_calib/install/robot_description:/home/w/work/moveit2_handeye_calib/install/robot_bringup:/home/w/work/moveit2_handeye_calib/install/moveit_calibration_demos:/home/w/work/moveit2_handeye_calib/install/moveit_calibration_gui:/home/w/work/moveit2_handeye_calib/install/moveit_calibration_plugins:/home/w/work/trac_ik_ws/install/trac_ik:/home/w/work/trac_ik_ws/install/trac_ik_examples:/home/w/work/trac_ik_ws/install/trac_ik_lib:/home/w/work/moveit2_handeye_calib/install/traj_smoother_py:/home/w/work/moveit2_handeye_calib/install/robot_test_py:/home/w/work/moveit2_handeye_calib/install/robot_input:/home/w/work/moveit2_handeye_calib/install/robot_dynamics:/opt/ros/humble LD_LIBRARY_PATH=/home/w/work/moveit2_handeye_calib/install/ros2_socketcan_msgs/lib:/home/w/work/moveit2_handeye_calib/install/robot_driver/lib:/home/w/work/moveit2_handeye_calib/install/ros2_socketcan/lib:/home/w/work/moveit2_handeye_calib/install/robot_interfaces/lib:/home/w/work/moveit2_handeye_calib/install/moveit_calibration_gui/lib:/home/w/work/moveit2_handeye_calib/install/moveit_calibration_plugins/lib:/home/w/work/trac_ik_ws/install/trac_ik_lib/lib:/opt/ros/humble/opt/rviz_ogre_vendor/lib:/opt/ros/humble/lib/x86_64-linux-gnu:/opt/ros/humble/lib /usr/bin/cmake --install /home/w/work/moveit2_handeye_calib/build/ros2_socketcan
