[35m[1mConsolidate compiler generated dependencies of target robot_sdk_lib[0m
[ 50%] Built target robot_sdk_lib
[35m[1mConsolidate compiler generated dependencies of target robot_sdk[0m
[100%] Built target robot_sdk
-- Install configuration: ""
-- Installing: /home/w/work/moveit2_handeye_calib/install/robot_sdk/lib/robot_sdk/librobot_sdk_lib.so
-- Set runtime path of "/home/w/work/moveit2_handeye_calib/install/robot_sdk/lib/robot_sdk/librobot_sdk_lib.so" to ""
-- Installing: /home/w/work/moveit2_handeye_calib/install/robot_sdk/lib/robot_sdk/robot_sdk
-- Set runtime path of "/home/w/work/moveit2_handeye_calib/install/robot_sdk/lib/robot_sdk/robot_sdk" to ""
-- Installing: /home/w/work/moveit2_handeye_calib/install/robot_sdk/include/
-- Installing: /home/w/work/moveit2_handeye_calib/install/robot_sdk/include//robot_sdk.h
-- Installing: /home/w/work/moveit2_handeye_calib/install/robot_sdk/include//robot_key_controller.h
-- Installing: /home/w/work/moveit2_handeye_calib/install/robot_sdk/share/robot_sdk/launch
-- Installing: /home/w/work/moveit2_handeye_calib/install/robot_sdk/share/robot_sdk/launch/robot_sdk.launch.py
-- Installing: /home/w/work/moveit2_handeye_calib/install/robot_sdk/share/ament_index/resource_index/package_run_dependencies/robot_sdk
-- Installing: /home/w/work/moveit2_handeye_calib/install/robot_sdk/share/ament_index/resource_index/parent_prefix_path/robot_sdk
-- Installing: /home/w/work/moveit2_handeye_calib/install/robot_sdk/share/robot_sdk/environment/ament_prefix_path.sh
-- Installing: /home/w/work/moveit2_handeye_calib/install/robot_sdk/share/robot_sdk/environment/ament_prefix_path.dsv
-- Installing: /home/w/work/moveit2_handeye_calib/install/robot_sdk/share/robot_sdk/environment/path.sh
-- Installing: /home/w/work/moveit2_handeye_calib/install/robot_sdk/share/robot_sdk/environment/path.dsv
-- Installing: /home/w/work/moveit2_handeye_calib/install/robot_sdk/share/robot_sdk/local_setup.bash
-- Installing: /home/w/work/moveit2_handeye_calib/install/robot_sdk/share/robot_sdk/local_setup.sh
-- Installing: /home/w/work/moveit2_handeye_calib/install/robot_sdk/share/robot_sdk/local_setup.zsh
-- Installing: /home/w/work/moveit2_handeye_calib/install/robot_sdk/share/robot_sdk/local_setup.dsv
-- Installing: /home/w/work/moveit2_handeye_calib/install/robot_sdk/share/robot_sdk/package.dsv
-- Installing: /home/w/work/moveit2_handeye_calib/install/robot_sdk/share/ament_index/resource_index/packages/robot_sdk
-- Installing: /home/w/work/moveit2_handeye_calib/install/robot_sdk/share/robot_sdk/cmake/robot_sdkConfig.cmake
-- Installing: /home/w/work/moveit2_handeye_calib/install/robot_sdk/share/robot_sdk/cmake/robot_sdkConfig-version.cmake
-- Installing: /home/w/work/moveit2_handeye_calib/install/robot_sdk/share/robot_sdk/package.xml
