running egg_info
creating ../../build/robot_input/robot_input.egg-info
writing ../../build/robot_input/robot_input.egg-info/PKG-INFO
writing dependency_links to ../../build/robot_input/robot_input.egg-info/dependency_links.txt
writing entry points to ../../build/robot_input/robot_input.egg-info/entry_points.txt
writing requirements to ../../build/robot_input/robot_input.egg-info/requires.txt
writing top-level names to ../../build/robot_input/robot_input.egg-info/top_level.txt
writing manifest file '../../build/robot_input/robot_input.egg-info/SOURCES.txt'
reading manifest file '../../build/robot_input/robot_input.egg-info/SOURCES.txt'
writing manifest file '../../build/robot_input/robot_input.egg-info/SOURCES.txt'
running build
running build_py
creating /home/w/work/moveit2_handeye_calib/build/robot_input/build
creating /home/w/work/moveit2_handeye_calib/build/robot_input/build/lib
creating /home/w/work/moveit2_handeye_calib/build/robot_input/build/lib/common
copying common/protocol.py -> /home/w/work/moveit2_handeye_calib/build/robot_input/build/lib/common
copying common/__init__.py -> /home/w/work/moveit2_handeye_calib/build/robot_input/build/lib/common
creating /home/w/work/moveit2_handeye_calib/build/robot_input/build/lib/keyboard
copying keyboard/__init__.py -> /home/w/work/moveit2_handeye_calib/build/robot_input/build/lib/keyboard
copying keyboard/robot_messages.py -> /home/w/work/moveit2_handeye_calib/build/robot_input/build/lib/keyboard
copying keyboard/key_mappings.py -> /home/w/work/moveit2_handeye_calib/build/robot_input/build/lib/keyboard
copying keyboard/keyboard_controller.py -> /home/w/work/moveit2_handeye_calib/build/robot_input/build/lib/keyboard
creating /home/w/work/moveit2_handeye_calib/build/robot_input/build/lib/test
copying test/test_tcp_server.py -> /home/w/work/moveit2_handeye_calib/build/robot_input/build/lib/test
copying test/test_copyright.py -> /home/w/work/moveit2_handeye_calib/build/robot_input/build/lib/test
copying test/_test_pep257.py -> /home/w/work/moveit2_handeye_calib/build/robot_input/build/lib/test
copying test/_test_protocol.py -> /home/w/work/moveit2_handeye_calib/build/robot_input/build/lib/test
copying test/__init__.py -> /home/w/work/moveit2_handeye_calib/build/robot_input/build/lib/test
copying test/_test_copyright.py -> /home/w/work/moveit2_handeye_calib/build/robot_input/build/lib/test
copying test/_test_flake8.py -> /home/w/work/moveit2_handeye_calib/build/robot_input/build/lib/test
copying test/test_flake8.py -> /home/w/work/moveit2_handeye_calib/build/robot_input/build/lib/test
copying test/test_pep257.py -> /home/w/work/moveit2_handeye_calib/build/robot_input/build/lib/test
creating /home/w/work/moveit2_handeye_calib/build/robot_input/build/lib/tcp
copying tcp/__init__.py -> /home/w/work/moveit2_handeye_calib/build/robot_input/build/lib/tcp
copying tcp/tcp_controller.py -> /home/w/work/moveit2_handeye_calib/build/robot_input/build/lib/tcp
running install
running install_lib
creating /home/w/work/moveit2_handeye_calib/install/robot_input/lib/python3.10/site-packages/common
copying /home/w/work/moveit2_handeye_calib/build/robot_input/build/lib/common/protocol.py -> /home/w/work/moveit2_handeye_calib/install/robot_input/lib/python3.10/site-packages/common
copying /home/w/work/moveit2_handeye_calib/build/robot_input/build/lib/common/__init__.py -> /home/w/work/moveit2_handeye_calib/install/robot_input/lib/python3.10/site-packages/common
creating /home/w/work/moveit2_handeye_calib/install/robot_input/lib/python3.10/site-packages/keyboard
copying /home/w/work/moveit2_handeye_calib/build/robot_input/build/lib/keyboard/__init__.py -> /home/w/work/moveit2_handeye_calib/install/robot_input/lib/python3.10/site-packages/keyboard
copying /home/w/work/moveit2_handeye_calib/build/robot_input/build/lib/keyboard/robot_messages.py -> /home/w/work/moveit2_handeye_calib/install/robot_input/lib/python3.10/site-packages/keyboard
copying /home/w/work/moveit2_handeye_calib/build/robot_input/build/lib/keyboard/key_mappings.py -> /home/w/work/moveit2_handeye_calib/install/robot_input/lib/python3.10/site-packages/keyboard
copying /home/w/work/moveit2_handeye_calib/build/robot_input/build/lib/keyboard/keyboard_controller.py -> /home/w/work/moveit2_handeye_calib/install/robot_input/lib/python3.10/site-packages/keyboard
creating /home/w/work/moveit2_handeye_calib/install/robot_input/lib/python3.10/site-packages/test
copying /home/w/work/moveit2_handeye_calib/build/robot_input/build/lib/test/test_tcp_server.py -> /home/w/work/moveit2_handeye_calib/install/robot_input/lib/python3.10/site-packages/test
copying /home/w/work/moveit2_handeye_calib/build/robot_input/build/lib/test/test_copyright.py -> /home/w/work/moveit2_handeye_calib/install/robot_input/lib/python3.10/site-packages/test
copying /home/w/work/moveit2_handeye_calib/build/robot_input/build/lib/test/_test_pep257.py -> /home/w/work/moveit2_handeye_calib/install/robot_input/lib/python3.10/site-packages/test
copying /home/w/work/moveit2_handeye_calib/build/robot_input/build/lib/test/_test_protocol.py -> /home/w/work/moveit2_handeye_calib/install/robot_input/lib/python3.10/site-packages/test
copying /home/w/work/moveit2_handeye_calib/build/robot_input/build/lib/test/__init__.py -> /home/w/work/moveit2_handeye_calib/install/robot_input/lib/python3.10/site-packages/test
copying /home/w/work/moveit2_handeye_calib/build/robot_input/build/lib/test/_test_copyright.py -> /home/w/work/moveit2_handeye_calib/install/robot_input/lib/python3.10/site-packages/test
copying /home/w/work/moveit2_handeye_calib/build/robot_input/build/lib/test/_test_flake8.py -> /home/w/work/moveit2_handeye_calib/install/robot_input/lib/python3.10/site-packages/test
copying /home/w/work/moveit2_handeye_calib/build/robot_input/build/lib/test/test_flake8.py -> /home/w/work/moveit2_handeye_calib/install/robot_input/lib/python3.10/site-packages/test
copying /home/w/work/moveit2_handeye_calib/build/robot_input/build/lib/test/test_pep257.py -> /home/w/work/moveit2_handeye_calib/install/robot_input/lib/python3.10/site-packages/test
creating /home/w/work/moveit2_handeye_calib/install/robot_input/lib/python3.10/site-packages/tcp
copying /home/w/work/moveit2_handeye_calib/build/robot_input/build/lib/tcp/__init__.py -> /home/w/work/moveit2_handeye_calib/install/robot_input/lib/python3.10/site-packages/tcp
copying /home/w/work/moveit2_handeye_calib/build/robot_input/build/lib/tcp/tcp_controller.py -> /home/w/work/moveit2_handeye_calib/install/robot_input/lib/python3.10/site-packages/tcp
byte-compiling /home/w/work/moveit2_handeye_calib/install/robot_input/lib/python3.10/site-packages/common/protocol.py to protocol.cpython-310.pyc
byte-compiling /home/w/work/moveit2_handeye_calib/install/robot_input/lib/python3.10/site-packages/common/__init__.py to __init__.cpython-310.pyc
byte-compiling /home/w/work/moveit2_handeye_calib/install/robot_input/lib/python3.10/site-packages/keyboard/__init__.py to __init__.cpython-310.pyc
byte-compiling /home/w/work/moveit2_handeye_calib/install/robot_input/lib/python3.10/site-packages/keyboard/robot_messages.py to robot_messages.cpython-310.pyc
byte-compiling /home/w/work/moveit2_handeye_calib/install/robot_input/lib/python3.10/site-packages/keyboard/key_mappings.py to key_mappings.cpython-310.pyc
byte-compiling /home/w/work/moveit2_handeye_calib/install/robot_input/lib/python3.10/site-packages/keyboard/keyboard_controller.py to keyboard_controller.cpython-310.pyc
byte-compiling /home/w/work/moveit2_handeye_calib/install/robot_input/lib/python3.10/site-packages/test/test_tcp_server.py to test_tcp_server.cpython-310.pyc
byte-compiling /home/w/work/moveit2_handeye_calib/install/robot_input/lib/python3.10/site-packages/test/test_copyright.py to test_copyright.cpython-310.pyc
byte-compiling /home/w/work/moveit2_handeye_calib/install/robot_input/lib/python3.10/site-packages/test/_test_pep257.py to _test_pep257.cpython-310.pyc
byte-compiling /home/w/work/moveit2_handeye_calib/install/robot_input/lib/python3.10/site-packages/test/_test_protocol.py to _test_protocol.cpython-310.pyc
byte-compiling /home/w/work/moveit2_handeye_calib/install/robot_input/lib/python3.10/site-packages/test/__init__.py to __init__.cpython-310.pyc
byte-compiling /home/w/work/moveit2_handeye_calib/install/robot_input/lib/python3.10/site-packages/test/_test_copyright.py to _test_copyright.cpython-310.pyc
byte-compiling /home/w/work/moveit2_handeye_calib/install/robot_input/lib/python3.10/site-packages/test/_test_flake8.py to _test_flake8.cpython-310.pyc
byte-compiling /home/w/work/moveit2_handeye_calib/install/robot_input/lib/python3.10/site-packages/test/test_flake8.py to test_flake8.cpython-310.pyc
byte-compiling /home/w/work/moveit2_handeye_calib/install/robot_input/lib/python3.10/site-packages/test/test_pep257.py to test_pep257.cpython-310.pyc
byte-compiling /home/w/work/moveit2_handeye_calib/install/robot_input/lib/python3.10/site-packages/tcp/__init__.py to __init__.cpython-310.pyc
byte-compiling /home/w/work/moveit2_handeye_calib/install/robot_input/lib/python3.10/site-packages/tcp/tcp_controller.py to tcp_controller.cpython-310.pyc
running install_data
creating /home/w/work/moveit2_handeye_calib/install/robot_input/share/ament_index
creating /home/w/work/moveit2_handeye_calib/install/robot_input/share/ament_index/resource_index
creating /home/w/work/moveit2_handeye_calib/install/robot_input/share/ament_index/resource_index/packages
copying resource/robot_input -> /home/w/work/moveit2_handeye_calib/install/robot_input/share/ament_index/resource_index/packages
copying package.xml -> /home/w/work/moveit2_handeye_calib/install/robot_input/share/robot_input
running install_egg_info
Copying ../../build/robot_input/robot_input.egg-info to /home/w/work/moveit2_handeye_calib/install/robot_input/lib/python3.10/site-packages/robot_input-0.0.0-py3.10.egg-info
running install_scripts
Installing robot_input_keyboard script to /home/w/work/moveit2_handeye_calib/install/robot_input/lib/robot_input
Installing robot_input_tcp script to /home/w/work/moveit2_handeye_calib/install/robot_input/lib/robot_input
writing list of installed files to '/home/w/work/moveit2_handeye_calib/build/robot_input/install.log'
