[0.675s] Invoking command in '/home/w/work/moveit2_handeye_calib/TG620/robot_input': AMENT_PREFIX_PATH=/home/w/work/moveit2_handeye_calib/install/robot_interfaces:${AMENT_PREFIX_PATH} CMAKE_PREFIX_PATH=/home/w/work/moveit2_handeye_calib/install/robot_interfaces:${CMAKE_PREFIX_PATH} LD_LIBRARY_PATH=/home/w/work/moveit2_handeye_calib/install/robot_interfaces/lib:${LD_LIBRARY_PATH} PYTHONPATH=/home/w/work/moveit2_handeye_calib/build/robot_input/prefix_override:/usr/lib/python3/dist-packages/colcon_core/task/python/colcon_distutils_commands:/home/w/work/moveit2_handeye_calib/install/robot_input/lib/python3.10/site-packages:/home/w/work/moveit2_handeye_calib/install/robot_interfaces/local/lib/python3.10/dist-packages:${PYTHONPATH} /usr/bin/python3 -W ignore:setup.py install is deprecated -W ignore:easy_install command is deprecated setup.py egg_info --egg-base ../../build/robot_input build --build-base /home/w/work/moveit2_handeye_calib/build/robot_input/build install --record /home/w/work/moveit2_handeye_calib/build/robot_input/install.log --single-version-externally-managed install_data
[0.824s] running egg_info
[0.824s] creating ../../build/robot_input/robot_input.egg-info
[0.824s] writing ../../build/robot_input/robot_input.egg-info/PKG-INFO
[0.824s] writing dependency_links to ../../build/robot_input/robot_input.egg-info/dependency_links.txt
[0.825s] writing entry points to ../../build/robot_input/robot_input.egg-info/entry_points.txt
[0.825s] writing requirements to ../../build/robot_input/robot_input.egg-info/requires.txt
[0.825s] writing top-level names to ../../build/robot_input/robot_input.egg-info/top_level.txt
[0.825s] writing manifest file '../../build/robot_input/robot_input.egg-info/SOURCES.txt'
[0.826s] reading manifest file '../../build/robot_input/robot_input.egg-info/SOURCES.txt'
[0.826s] writing manifest file '../../build/robot_input/robot_input.egg-info/SOURCES.txt'
[0.827s] running build
[0.827s] running build_py
[0.827s] creating /home/w/work/moveit2_handeye_calib/build/robot_input/build
[0.827s] creating /home/w/work/moveit2_handeye_calib/build/robot_input/build/lib
[0.827s] creating /home/w/work/moveit2_handeye_calib/build/robot_input/build/lib/common
[0.827s] copying common/protocol.py -> /home/w/work/moveit2_handeye_calib/build/robot_input/build/lib/common
[0.827s] copying common/__init__.py -> /home/w/work/moveit2_handeye_calib/build/robot_input/build/lib/common
[0.827s] creating /home/w/work/moveit2_handeye_calib/build/robot_input/build/lib/keyboard
[0.827s] copying keyboard/__init__.py -> /home/w/work/moveit2_handeye_calib/build/robot_input/build/lib/keyboard
[0.827s] copying keyboard/robot_messages.py -> /home/w/work/moveit2_handeye_calib/build/robot_input/build/lib/keyboard
[0.827s] copying keyboard/key_mappings.py -> /home/w/work/moveit2_handeye_calib/build/robot_input/build/lib/keyboard
[0.827s] copying keyboard/keyboard_controller.py -> /home/w/work/moveit2_handeye_calib/build/robot_input/build/lib/keyboard
[0.827s] creating /home/w/work/moveit2_handeye_calib/build/robot_input/build/lib/test
[0.827s] copying test/test_tcp_server.py -> /home/w/work/moveit2_handeye_calib/build/robot_input/build/lib/test
[0.828s] copying test/test_copyright.py -> /home/w/work/moveit2_handeye_calib/build/robot_input/build/lib/test
[0.828s] copying test/_test_pep257.py -> /home/w/work/moveit2_handeye_calib/build/robot_input/build/lib/test
[0.828s] copying test/_test_protocol.py -> /home/w/work/moveit2_handeye_calib/build/robot_input/build/lib/test
[0.828s] copying test/__init__.py -> /home/w/work/moveit2_handeye_calib/build/robot_input/build/lib/test
[0.828s] copying test/_test_copyright.py -> /home/w/work/moveit2_handeye_calib/build/robot_input/build/lib/test
[0.828s] copying test/_test_flake8.py -> /home/w/work/moveit2_handeye_calib/build/robot_input/build/lib/test
[0.828s] copying test/test_flake8.py -> /home/w/work/moveit2_handeye_calib/build/robot_input/build/lib/test
[0.828s] copying test/test_pep257.py -> /home/w/work/moveit2_handeye_calib/build/robot_input/build/lib/test
[0.828s] creating /home/w/work/moveit2_handeye_calib/build/robot_input/build/lib/tcp
[0.828s] copying tcp/__init__.py -> /home/w/work/moveit2_handeye_calib/build/robot_input/build/lib/tcp
[0.828s] copying tcp/tcp_controller.py -> /home/w/work/moveit2_handeye_calib/build/robot_input/build/lib/tcp
[0.828s] running install
[0.828s] running install_lib
[0.829s] creating /home/w/work/moveit2_handeye_calib/install/robot_input/lib/python3.10/site-packages/common
[0.829s] copying /home/w/work/moveit2_handeye_calib/build/robot_input/build/lib/common/protocol.py -> /home/w/work/moveit2_handeye_calib/install/robot_input/lib/python3.10/site-packages/common
[0.829s] copying /home/w/work/moveit2_handeye_calib/build/robot_input/build/lib/common/__init__.py -> /home/w/work/moveit2_handeye_calib/install/robot_input/lib/python3.10/site-packages/common
[0.829s] creating /home/w/work/moveit2_handeye_calib/install/robot_input/lib/python3.10/site-packages/keyboard
[0.829s] copying /home/w/work/moveit2_handeye_calib/build/robot_input/build/lib/keyboard/__init__.py -> /home/w/work/moveit2_handeye_calib/install/robot_input/lib/python3.10/site-packages/keyboard
[0.829s] copying /home/w/work/moveit2_handeye_calib/build/robot_input/build/lib/keyboard/robot_messages.py -> /home/w/work/moveit2_handeye_calib/install/robot_input/lib/python3.10/site-packages/keyboard
[0.829s] copying /home/w/work/moveit2_handeye_calib/build/robot_input/build/lib/keyboard/key_mappings.py -> /home/w/work/moveit2_handeye_calib/install/robot_input/lib/python3.10/site-packages/keyboard
[0.829s] copying /home/w/work/moveit2_handeye_calib/build/robot_input/build/lib/keyboard/keyboard_controller.py -> /home/w/work/moveit2_handeye_calib/install/robot_input/lib/python3.10/site-packages/keyboard
[0.829s] creating /home/w/work/moveit2_handeye_calib/install/robot_input/lib/python3.10/site-packages/test
[0.829s] copying /home/w/work/moveit2_handeye_calib/build/robot_input/build/lib/test/test_tcp_server.py -> /home/w/work/moveit2_handeye_calib/install/robot_input/lib/python3.10/site-packages/test
[0.829s] copying /home/w/work/moveit2_handeye_calib/build/robot_input/build/lib/test/test_copyright.py -> /home/w/work/moveit2_handeye_calib/install/robot_input/lib/python3.10/site-packages/test
[0.829s] copying /home/w/work/moveit2_handeye_calib/build/robot_input/build/lib/test/_test_pep257.py -> /home/w/work/moveit2_handeye_calib/install/robot_input/lib/python3.10/site-packages/test
[0.829s] copying /home/w/work/moveit2_handeye_calib/build/robot_input/build/lib/test/_test_protocol.py -> /home/w/work/moveit2_handeye_calib/install/robot_input/lib/python3.10/site-packages/test
[0.830s] copying /home/w/work/moveit2_handeye_calib/build/robot_input/build/lib/test/__init__.py -> /home/w/work/moveit2_handeye_calib/install/robot_input/lib/python3.10/site-packages/test
[0.830s] copying /home/w/work/moveit2_handeye_calib/build/robot_input/build/lib/test/_test_copyright.py -> /home/w/work/moveit2_handeye_calib/install/robot_input/lib/python3.10/site-packages/test
[0.830s] copying /home/w/work/moveit2_handeye_calib/build/robot_input/build/lib/test/_test_flake8.py -> /home/w/work/moveit2_handeye_calib/install/robot_input/lib/python3.10/site-packages/test
[0.830s] copying /home/w/work/moveit2_handeye_calib/build/robot_input/build/lib/test/test_flake8.py -> /home/w/work/moveit2_handeye_calib/install/robot_input/lib/python3.10/site-packages/test
[0.830s] copying /home/w/work/moveit2_handeye_calib/build/robot_input/build/lib/test/test_pep257.py -> /home/w/work/moveit2_handeye_calib/install/robot_input/lib/python3.10/site-packages/test
[0.830s] creating /home/w/work/moveit2_handeye_calib/install/robot_input/lib/python3.10/site-packages/tcp
[0.830s] copying /home/w/work/moveit2_handeye_calib/build/robot_input/build/lib/tcp/__init__.py -> /home/w/work/moveit2_handeye_calib/install/robot_input/lib/python3.10/site-packages/tcp
[0.830s] copying /home/w/work/moveit2_handeye_calib/build/robot_input/build/lib/tcp/tcp_controller.py -> /home/w/work/moveit2_handeye_calib/install/robot_input/lib/python3.10/site-packages/tcp
[0.830s] byte-compiling /home/w/work/moveit2_handeye_calib/install/robot_input/lib/python3.10/site-packages/common/protocol.py to protocol.cpython-310.pyc
[0.830s] byte-compiling /home/w/work/moveit2_handeye_calib/install/robot_input/lib/python3.10/site-packages/common/__init__.py to __init__.cpython-310.pyc
[0.830s] byte-compiling /home/w/work/moveit2_handeye_calib/install/robot_input/lib/python3.10/site-packages/keyboard/__init__.py to __init__.cpython-310.pyc
[0.830s] byte-compiling /home/w/work/moveit2_handeye_calib/install/robot_input/lib/python3.10/site-packages/keyboard/robot_messages.py to robot_messages.cpython-310.pyc
[0.831s] byte-compiling /home/w/work/moveit2_handeye_calib/install/robot_input/lib/python3.10/site-packages/keyboard/key_mappings.py to key_mappings.cpython-310.pyc
[0.831s] byte-compiling /home/w/work/moveit2_handeye_calib/install/robot_input/lib/python3.10/site-packages/keyboard/keyboard_controller.py to keyboard_controller.cpython-310.pyc
[0.834s] byte-compiling /home/w/work/moveit2_handeye_calib/install/robot_input/lib/python3.10/site-packages/test/test_tcp_server.py to test_tcp_server.cpython-310.pyc
[0.835s] byte-compiling /home/w/work/moveit2_handeye_calib/install/robot_input/lib/python3.10/site-packages/test/test_copyright.py to test_copyright.cpython-310.pyc
[0.835s] byte-compiling /home/w/work/moveit2_handeye_calib/install/robot_input/lib/python3.10/site-packages/test/_test_pep257.py to _test_pep257.cpython-310.pyc
[0.835s] byte-compiling /home/w/work/moveit2_handeye_calib/install/robot_input/lib/python3.10/site-packages/test/_test_protocol.py to _test_protocol.cpython-310.pyc
[0.835s] byte-compiling /home/w/work/moveit2_handeye_calib/install/robot_input/lib/python3.10/site-packages/test/__init__.py to __init__.cpython-310.pyc
[0.835s] byte-compiling /home/w/work/moveit2_handeye_calib/install/robot_input/lib/python3.10/site-packages/test/_test_copyright.py to _test_copyright.cpython-310.pyc
[0.835s] byte-compiling /home/w/work/moveit2_handeye_calib/install/robot_input/lib/python3.10/site-packages/test/_test_flake8.py to _test_flake8.cpython-310.pyc
[0.836s] byte-compiling /home/w/work/moveit2_handeye_calib/install/robot_input/lib/python3.10/site-packages/test/test_flake8.py to test_flake8.cpython-310.pyc
[0.836s] byte-compiling /home/w/work/moveit2_handeye_calib/install/robot_input/lib/python3.10/site-packages/test/test_pep257.py to test_pep257.cpython-310.pyc
[0.836s] byte-compiling /home/w/work/moveit2_handeye_calib/install/robot_input/lib/python3.10/site-packages/tcp/__init__.py to __init__.cpython-310.pyc
[0.836s] byte-compiling /home/w/work/moveit2_handeye_calib/install/robot_input/lib/python3.10/site-packages/tcp/tcp_controller.py to tcp_controller.cpython-310.pyc
[0.837s] running install_data
[0.837s] creating /home/w/work/moveit2_handeye_calib/install/robot_input/share/ament_index
[0.837s] creating /home/w/work/moveit2_handeye_calib/install/robot_input/share/ament_index/resource_index
[0.837s] creating /home/w/work/moveit2_handeye_calib/install/robot_input/share/ament_index/resource_index/packages
[0.837s] copying resource/robot_input -> /home/w/work/moveit2_handeye_calib/install/robot_input/share/ament_index/resource_index/packages
[0.837s] copying package.xml -> /home/w/work/moveit2_handeye_calib/install/robot_input/share/robot_input
[0.837s] running install_egg_info
[0.839s] Copying ../../build/robot_input/robot_input.egg-info to /home/w/work/moveit2_handeye_calib/install/robot_input/lib/python3.10/site-packages/robot_input-0.0.0-py3.10.egg-info
[0.839s] running install_scripts
[0.856s] Installing robot_input_keyboard script to /home/w/work/moveit2_handeye_calib/install/robot_input/lib/robot_input
[0.856s] Installing robot_input_tcp script to /home/w/work/moveit2_handeye_calib/install/robot_input/lib/robot_input
[0.856s] writing list of installed files to '/home/w/work/moveit2_handeye_calib/build/robot_input/install.log'
[0.872s] Invoked command in '/home/w/work/moveit2_handeye_calib/TG620/robot_input' returned '0': AMENT_PREFIX_PATH=/home/w/work/moveit2_handeye_calib/install/robot_interfaces:${AMENT_PREFIX_PATH} CMAKE_PREFIX_PATH=/home/w/work/moveit2_handeye_calib/install/robot_interfaces:${CMAKE_PREFIX_PATH} LD_LIBRARY_PATH=/home/w/work/moveit2_handeye_calib/install/robot_interfaces/lib:${LD_LIBRARY_PATH} PYTHONPATH=/home/w/work/moveit2_handeye_calib/build/robot_input/prefix_override:/usr/lib/python3/dist-packages/colcon_core/task/python/colcon_distutils_commands:/home/w/work/moveit2_handeye_calib/install/robot_input/lib/python3.10/site-packages:/home/w/work/moveit2_handeye_calib/install/robot_interfaces/local/lib/python3.10/dist-packages:${PYTHONPATH} /usr/bin/python3 -W ignore:setup.py install is deprecated -W ignore:easy_install command is deprecated setup.py egg_info --egg-base ../../build/robot_input build --build-base /home/w/work/moveit2_handeye_calib/build/robot_input/build install --record /home/w/work/moveit2_handeye_calib/build/robot_input/install.log --single-version-externally-managed install_data
