-- The C compiler identification is GNU 11.4.0
-- The CXX compiler identification is GNU 11.4.0
-- Detecting C compiler ABI info
-- Detecting C compiler ABI info - done
-- Check for working C compiler: /usr/bin/cc - skipped
-- Detecting C compile features
-- Detecting C compile features - done
-- Detecting CXX compiler ABI info
-- Detecting CXX compiler ABI info - done
-- Check for working CXX compiler: /usr/bin/c++ - skipped
-- Detecting CXX compile features
-- Detecting CXX compile features - done
-- Found ament_cmake: 1.3.12 (/opt/ros/humble/share/ament_cmake/cmake)
-- Found Python3: /usr/bin/python3 (found version "3.10.12") found components: Interpreter 
-- Found rclcpp: 16.0.15 (/opt/ros/humble/share/rclcpp/cmake)
-- Found rosidl_generator_c: 3.1.7 (/opt/ros/humble/share/rosidl_generator_c/cmake)
-- Found rosidl_adapter: 3.1.7 (/opt/ros/humble/share/rosidl_adapter/cmake)
-- Found rosidl_generator_cpp: 3.1.7 (/opt/ros/humble/share/rosidl_generator_cpp/cmake)
-- Using all available rosidl_typesupport_c: rosidl_typesupport_fastrtps_c;rosidl_typesupport_introspection_c
-- Using all available rosidl_typesupport_cpp: rosidl_typesupport_fastrtps_cpp;rosidl_typesupport_introspection_cpp
-- Found rmw_implementation_cmake: 6.1.2 (/opt/ros/humble/share/rmw_implementation_cmake/cmake)
-- Found rmw_fastrtps_cpp: 6.2.9 (/opt/ros/humble/share/rmw_fastrtps_cpp/cmake)
-- Found OpenSSL: /usr/lib/x86_64-linux-gnu/libcrypto.so (found version "3.0.2")  
-- Found FastRTPS: /opt/ros/humble/include  
-- Using RMW implementation 'rmw_fastrtps_cpp' as default
-- Looking for pthread.h
-- Looking for pthread.h - found
-- Performing Test CMAKE_HAVE_LIBC_PTHREAD
-- Performing Test CMAKE_HAVE_LIBC_PTHREAD - Success
-- Found Threads: TRUE  
-- Found moveit_ros_planning_interface: 2.5.9 (/opt/ros/humble/share/moveit_ros_planning_interface/cmake)
-- Found Boost: /usr/lib/x86_64-linux-gnu/cmake/Boost-1.74.0/BoostConfig.cmake (found version "1.74.0") found components: date_time filesystem program_options system thread 
-- Found Boost: /usr/lib/x86_64-linux-gnu/cmake/Boost-1.74.0/BoostConfig.cmake (found version "1.74.0") found components: chrono date_time filesystem iostreams program_options regex serialization system thread 
-- Found parameter_traits: 0.5.0 (/opt/ros/humble/share/parameter_traits/cmake)
-- Found rclcpp_lifecycle: 16.0.15 (/opt/ros/humble/share/rclcpp_lifecycle/cmake)
-- Found Boost: /usr/lib/x86_64-linux-gnu/cmake/Boost-1.74.0/BoostConfig.cmake (found version "1.74.0") found components: filesystem 
-- library: /usr/lib/x86_64-linux-gnu/libcurl.so
-- Found Eigen3: TRUE (found version "3.4.0") 
-- Ensuring Eigen3 include directory is part of orocos-kdl CMake target
-- Found Boost: /usr/lib/x86_64-linux-gnu/cmake/Boost-1.74.0/BoostConfig.cmake (found version "1.74.0") found components: system filesystem date_time program_options thread chrono 
-- Found Boost: /usr/lib/x86_64-linux-gnu/cmake/Boost-1.74.0/BoostConfig.cmake (found version "1.74.0") found components: thread system filesystem regex date_time program_options 
-- Found Boost: /usr/lib/x86_64-linux-gnu/cmake/Boost-1.74.0/BoostConfig.cmake (found version "1.74.0") found components: system filesystem date_time program_options thread 
-- Found control_msgs: 4.8.0 (/opt/ros/humble/share/control_msgs/cmake)
-- Found rosbag2_cpp: 0.15.15 (/opt/ros/humble/share/rosbag2_cpp/cmake)
-- Found rosbag2_transport: 0.15.15 (/opt/ros/humble/share/rosbag2_transport/cmake)
-- Found robot_interfaces: 0.0.0 (/home/w/work/moveit2_handeye_calib/install/robot_interfaces/share/robot_interfaces/cmake)
-- Found SQLite3: /usr/include (found version "3.37.2") 
-- Found robot_driver: 0.0.0 (/home/w/work/moveit2_handeye_calib/install/robot_driver/share/robot_driver/cmake)
-- Found ament_lint_auto: 0.12.14 (/opt/ros/humble/share/ament_lint_auto/cmake)
-- Found ament_cmake_gtest: 1.3.12 (/opt/ros/humble/share/ament_cmake_gtest/cmake)
-- Found gtest sources under '/opt/ros/humble/src/gtest_vendor': C++ tests using 'Google Test' will be built
-- Added test 'copyright' to check source files copyright and LICENSE
-- Added test 'cppcheck' to perform static code analysis on C / C++ code
-- Configured cppcheck include dirs: /home/w/work/moveit2_handeye_calib/TG620/robot_state_machine/include;/home/w/work/moveit2_handeye_calib/TG620/robot_state_machine/include/robot_state_machine;$<BUILD_INTERFACE:/home/w/work/moveit2_handeye_calib/TG620/robot_state_machine/include>
-- Configured cppcheck exclude dirs and/or files: 
-- Added test 'cpplint' to check C / C++ code against the Google style
-- Configured cpplint exclude dirs and/or files: 
-- Added test 'flake8' to check Python code syntax and style conventions
-- Added test 'lint_cmake' to check CMake code style
-- Added test 'pep257' to check Python code against some of the docstring style conventions in PEP 257
-- Added test 'uncrustify' to check C / C++ code style
-- Configured uncrustify additional arguments: 
-- Added test 'xmllint' to check XML markup files
-- Configuring done
-- Generating done
-- Build files have been written to: /home/w/work/moveit2_handeye_calib/build/robot_state_machine
[ 33%] [32mBuilding CXX object gtest/CMakeFiles/gtest.dir/src/gtest-all.cc.o[0m
[ 33%] [32mBuilding CXX object gtest/CMakeFiles/gtest_main.dir/src/gtest_main.cc.o[0m
[ 33%] [32mBuilding CXX object CMakeFiles/robot_kinematics.dir/src/motion_config.cpp.o[0m
[ 33%] [32mBuilding CXX object CMakeFiles/robot_kinematics.dir/src/robot_kinematics.cpp.o[0m
[ 41%] [32m[1mLinking CXX static library libgtest_main.a[0m
[ 41%] Built target gtest_main
[ 50%] [32m[1mLinking CXX static library libgtest.a[0m
[ 50%] Built target gtest
[ 58%] [32m[1mLinking CXX static library librobot_kinematics.a[0m
[ 58%] Built target robot_kinematics
[ 83%] [32mBuilding CXX object CMakeFiles/robot_state_machine.dir/src/robot_state_machine.cpp.o[0m
[ 83%] [32mBuilding CXX object CMakeFiles/robot_state_machine.dir/src/robot_joint_recorder.cpp.o[0m
[ 83%] [32mBuilding CXX object CMakeFiles/test_generate_joint_velocity_command.dir/test/test_generate_joint_velocity_command.cpp.o[0m
[ 91%] [32m[1mLinking CXX executable test_generate_joint_velocity_command[0m
[ 91%] Built target test_generate_joint_velocity_command
[100%] [32m[1mLinking CXX executable robot_state_machine[0m
[100%] Built target robot_state_machine
-- Install configuration: ""
-- Installing: /home/w/work/moveit2_handeye_calib/install/robot_state_machine/lib/robot_state_machine/robot_state_machine
-- Set runtime path of "/home/w/work/moveit2_handeye_calib/install/robot_state_machine/lib/robot_state_machine/robot_state_machine" to ""
-- Installing: /home/w/work/moveit2_handeye_calib/install/robot_state_machine/lib/robot_state_machine/librobot_kinematics.a
-- Installing: /home/w/work/moveit2_handeye_calib/install/robot_state_machine/share/robot_state_machine/launch
-- Installing: /home/w/work/moveit2_handeye_calib/install/robot_state_machine/share/robot_state_machine/launch/robot_state_arm380.launch.py
-- Installing: /home/w/work/moveit2_handeye_calib/install/robot_state_machine/share/robot_state_machine/launch/robot_state_machine.launch.py
-- Installing: /home/w/work/moveit2_handeye_calib/install/robot_state_machine/share/robot_state_machine/launch/robot_state_arm620.launch.py
-- Installing: /home/w/work/moveit2_handeye_calib/install/robot_state_machine/share/ament_index/resource_index/package_run_dependencies/robot_state_machine
-- Installing: /home/w/work/moveit2_handeye_calib/install/robot_state_machine/share/ament_index/resource_index/parent_prefix_path/robot_state_machine
-- Installing: /home/w/work/moveit2_handeye_calib/install/robot_state_machine/share/robot_state_machine/environment/ament_prefix_path.sh
-- Installing: /home/w/work/moveit2_handeye_calib/install/robot_state_machine/share/robot_state_machine/environment/ament_prefix_path.dsv
-- Installing: /home/w/work/moveit2_handeye_calib/install/robot_state_machine/share/robot_state_machine/environment/path.sh
-- Installing: /home/w/work/moveit2_handeye_calib/install/robot_state_machine/share/robot_state_machine/environment/path.dsv
-- Installing: /home/w/work/moveit2_handeye_calib/install/robot_state_machine/share/robot_state_machine/local_setup.bash
-- Installing: /home/w/work/moveit2_handeye_calib/install/robot_state_machine/share/robot_state_machine/local_setup.sh
-- Installing: /home/w/work/moveit2_handeye_calib/install/robot_state_machine/share/robot_state_machine/local_setup.zsh
-- Installing: /home/w/work/moveit2_handeye_calib/install/robot_state_machine/share/robot_state_machine/local_setup.dsv
-- Installing: /home/w/work/moveit2_handeye_calib/install/robot_state_machine/share/robot_state_machine/package.dsv
-- Installing: /home/w/work/moveit2_handeye_calib/install/robot_state_machine/share/ament_index/resource_index/packages/robot_state_machine
-- Installing: /home/w/work/moveit2_handeye_calib/install/robot_state_machine/share/robot_state_machine/cmake/robot_state_machineConfig.cmake
-- Installing: /home/w/work/moveit2_handeye_calib/install/robot_state_machine/share/robot_state_machine/cmake/robot_state_machineConfig-version.cmake
-- Installing: /home/w/work/moveit2_handeye_calib/install/robot_state_machine/share/robot_state_machine/package.xml
