[0.012s] Invoking command in '/home/w/work/moveit2_handeye_calib/build/robot_state_machine': AMENT_PREFIX_PATH=/home/w/work/moveit2_handeye_calib/install/robot_driver:/home/w/work/moveit2_handeye_calib/install/ros2_socketcan:/home/w/work/moveit2_handeye_calib/install/ros2_socketcan_msgs:/home/w/work/moveit2_handeye_calib/install/robot_interfaces:${AMENT_PREFIX_PATH} CMAKE_PREFIX_PATH=/home/w/work/moveit2_handeye_calib/install/robot_driver:/home/w/work/moveit2_handeye_calib/install/ros2_socketcan:/home/w/work/moveit2_handeye_calib/install/ros2_socketcan_msgs:/home/w/work/moveit2_handeye_calib/install/robot_interfaces:/home/w/work/trac_ik_ws/install/trac_ik:/home/w/work/trac_ik_ws/install/trac_ik_examples:/home/w/work/trac_ik_ws/install/trac_ik_lib:/opt/ros/humble LD_LIBRARY_PATH=/home/w/work/moveit2_handeye_calib/install/robot_driver/lib:/home/w/work/moveit2_handeye_calib/install/ros2_socketcan/lib:/home/w/work/moveit2_handeye_calib/install/ros2_socketcan_msgs/lib:/home/w/work/moveit2_handeye_calib/install/robot_interfaces/lib:${LD_LIBRARY_PATH} PATH=/home/w/work/moveit2_handeye_calib/install/robot_driver/bin:${PATH} PYTHONPATH=/home/w/work/moveit2_handeye_calib/install/ros2_socketcan_msgs/local/lib/python3.10/dist-packages:/home/w/work/moveit2_handeye_calib/install/robot_interfaces/local/lib/python3.10/dist-packages:${PYTHONPATH} /usr/bin/cmake /home/w/work/moveit2_handeye_calib/TG620/robot_state_machine -DCMAKE_INSTALL_PREFIX=/home/w/work/moveit2_handeye_calib/install/robot_state_machine
[0.049s] -- The C compiler identification is GNU 11.4.0
[0.089s] -- The CXX compiler identification is GNU 11.4.0
[0.094s] -- Detecting C compiler ABI info
[0.139s] -- Detecting C compiler ABI info - done
[0.145s] -- Check for working C compiler: /usr/bin/cc - skipped
[0.145s] -- Detecting C compile features
[0.146s] -- Detecting C compile features - done
[0.148s] -- Detecting CXX compiler ABI info
[0.205s] -- Detecting CXX compiler ABI info - done
[0.210s] -- Check for working CXX compiler: /usr/bin/c++ - skipped
[0.210s] -- Detecting CXX compile features
[0.211s] -- Detecting CXX compile features - done
[0.212s] -- Found ament_cmake: 1.3.12 (/opt/ros/humble/share/ament_cmake/cmake)
[0.340s] -- Found Python3: /usr/bin/python3 (found version "3.10.12") found components: Interpreter 
[0.400s] -- Found rclcpp: 16.0.15 (/opt/ros/humble/share/rclcpp/cmake)
[0.428s] -- Found rosidl_generator_c: 3.1.7 (/opt/ros/humble/share/rosidl_generator_c/cmake)
[0.432s] -- Found rosidl_adapter: 3.1.7 (/opt/ros/humble/share/rosidl_adapter/cmake)
[0.437s] -- Found rosidl_generator_cpp: 3.1.7 (/opt/ros/humble/share/rosidl_generator_cpp/cmake)
[0.446s] -- Using all available rosidl_typesupport_c: rosidl_typesupport_fastrtps_c;rosidl_typesupport_introspection_c
[0.458s] -- Using all available rosidl_typesupport_cpp: rosidl_typesupport_fastrtps_cpp;rosidl_typesupport_introspection_cpp
[0.488s] -- Found rmw_implementation_cmake: 6.1.2 (/opt/ros/humble/share/rmw_implementation_cmake/cmake)
[0.490s] -- Found rmw_fastrtps_cpp: 6.2.9 (/opt/ros/humble/share/rmw_fastrtps_cpp/cmake)
[0.553s] -- Found OpenSSL: /usr/lib/x86_64-linux-gnu/libcrypto.so (found version "3.0.2")  
[0.574s] -- Found FastRTPS: /opt/ros/humble/include  
[0.604s] -- Using RMW implementation 'rmw_fastrtps_cpp' as default
[0.611s] -- Looking for pthread.h
[0.666s] -- Looking for pthread.h - found
[0.666s] -- Performing Test CMAKE_HAVE_LIBC_PTHREAD
[0.731s] -- Performing Test CMAKE_HAVE_LIBC_PTHREAD - Success
[0.732s] -- Found Threads: TRUE  
[0.765s] -- Found moveit_ros_planning_interface: 2.5.9 (/opt/ros/humble/share/moveit_ros_planning_interface/cmake)
[0.781s] -- Found Boost: /usr/lib/x86_64-linux-gnu/cmake/Boost-1.74.0/BoostConfig.cmake (found version "1.74.0") found components: date_time filesystem program_options system thread 
[0.894s] -- Found Boost: /usr/lib/x86_64-linux-gnu/cmake/Boost-1.74.0/BoostConfig.cmake (found version "1.74.0") found components: chrono date_time filesystem iostreams program_options regex serialization system thread 
[0.921s] -- Found parameter_traits: 0.5.0 (/opt/ros/humble/share/parameter_traits/cmake)
[0.929s] -- Found rclcpp_lifecycle: 16.0.15 (/opt/ros/humble/share/rclcpp_lifecycle/cmake)
[0.945s] -- Found Boost: /usr/lib/x86_64-linux-gnu/cmake/Boost-1.74.0/BoostConfig.cmake (found version "1.74.0") found components: filesystem 
[1.006s] -- library: /usr/lib/x86_64-linux-gnu/libcurl.so
[1.028s] -- Found Eigen3: TRUE (found version "3.4.0") 
[1.028s] -- Ensuring Eigen3 include directory is part of orocos-kdl CMake target
[1.118s] -- Found Boost: /usr/lib/x86_64-linux-gnu/cmake/Boost-1.74.0/BoostConfig.cmake (found version "1.74.0") found components: system filesystem date_time program_options thread chrono 
[1.140s] -- Found Boost: /usr/lib/x86_64-linux-gnu/cmake/Boost-1.74.0/BoostConfig.cmake (found version "1.74.0") found components: thread system filesystem regex date_time program_options 
[1.157s] -- Found Boost: /usr/lib/x86_64-linux-gnu/cmake/Boost-1.74.0/BoostConfig.cmake (found version "1.74.0") found components: system filesystem date_time program_options thread 
[1.181s] -- Found control_msgs: 4.8.0 (/opt/ros/humble/share/control_msgs/cmake)
[1.200s] -- Found rosbag2_cpp: 0.15.15 (/opt/ros/humble/share/rosbag2_cpp/cmake)
[1.210s] -- Found rosbag2_transport: 0.15.15 (/opt/ros/humble/share/rosbag2_transport/cmake)
[1.229s] -- Found robot_interfaces: 0.0.0 (/home/w/work/moveit2_handeye_calib/install/robot_interfaces/share/robot_interfaces/cmake)
[1.250s] -- Found SQLite3: /usr/include (found version "3.37.2") 
[1.252s] -- Found robot_driver: 0.0.0 (/home/w/work/moveit2_handeye_calib/install/robot_driver/share/robot_driver/cmake)
[1.292s] -- Found ament_lint_auto: 0.12.14 (/opt/ros/humble/share/ament_lint_auto/cmake)
[1.294s] -- Found ament_cmake_gtest: 1.3.12 (/opt/ros/humble/share/ament_cmake_gtest/cmake)
[1.305s] -- Found gtest sources under '/opt/ros/humble/src/gtest_vendor': C++ tests using 'Google Test' will be built
[1.448s] -- Added test 'copyright' to check source files copyright and LICENSE
[1.449s] -- Added test 'cppcheck' to perform static code analysis on C / C++ code
[1.449s] -- Configured cppcheck include dirs: /home/w/work/moveit2_handeye_calib/TG620/robot_state_machine/include;/home/w/work/moveit2_handeye_calib/TG620/robot_state_machine/include/robot_state_machine;$<BUILD_INTERFACE:/home/w/work/moveit2_handeye_calib/TG620/robot_state_machine/include>
[1.449s] -- Configured cppcheck exclude dirs and/or files: 
[1.451s] -- Added test 'cpplint' to check C / C++ code against the Google style
[1.452s] -- Configured cpplint exclude dirs and/or files: 
[1.452s] -- Added test 'flake8' to check Python code syntax and style conventions
[1.453s] -- Added test 'lint_cmake' to check CMake code style
[1.453s] -- Added test 'pep257' to check Python code against some of the docstring style conventions in PEP 257
[1.454s] -- Added test 'uncrustify' to check C / C++ code style
[1.454s] -- Configured uncrustify additional arguments: 
[1.454s] -- Added test 'xmllint' to check XML markup files
[1.456s] -- Configuring done
[1.550s] -- Generating done
[1.566s] -- Build files have been written to: /home/w/work/moveit2_handeye_calib/build/robot_state_machine
[1.657s] Invoked command in '/home/w/work/moveit2_handeye_calib/build/robot_state_machine' returned '0': AMENT_PREFIX_PATH=/home/w/work/moveit2_handeye_calib/install/robot_driver:/home/w/work/moveit2_handeye_calib/install/ros2_socketcan:/home/w/work/moveit2_handeye_calib/install/ros2_socketcan_msgs:/home/w/work/moveit2_handeye_calib/install/robot_interfaces:${AMENT_PREFIX_PATH} CMAKE_PREFIX_PATH=/home/w/work/moveit2_handeye_calib/install/robot_driver:/home/w/work/moveit2_handeye_calib/install/ros2_socketcan:/home/w/work/moveit2_handeye_calib/install/ros2_socketcan_msgs:/home/w/work/moveit2_handeye_calib/install/robot_interfaces:/home/w/work/trac_ik_ws/install/trac_ik:/home/w/work/trac_ik_ws/install/trac_ik_examples:/home/w/work/trac_ik_ws/install/trac_ik_lib:/opt/ros/humble LD_LIBRARY_PATH=/home/w/work/moveit2_handeye_calib/install/robot_driver/lib:/home/w/work/moveit2_handeye_calib/install/ros2_socketcan/lib:/home/w/work/moveit2_handeye_calib/install/ros2_socketcan_msgs/lib:/home/w/work/moveit2_handeye_calib/install/robot_interfaces/lib:${LD_LIBRARY_PATH} PATH=/home/w/work/moveit2_handeye_calib/install/robot_driver/bin:${PATH} PYTHONPATH=/home/w/work/moveit2_handeye_calib/install/ros2_socketcan_msgs/local/lib/python3.10/dist-packages:/home/w/work/moveit2_handeye_calib/install/robot_interfaces/local/lib/python3.10/dist-packages:${PYTHONPATH} /usr/bin/cmake /home/w/work/moveit2_handeye_calib/TG620/robot_state_machine -DCMAKE_INSTALL_PREFIX=/home/w/work/moveit2_handeye_calib/install/robot_state_machine
[1.660s] Invoking command in '/home/w/work/moveit2_handeye_calib/build/robot_state_machine': AMENT_PREFIX_PATH=/home/w/work/moveit2_handeye_calib/install/robot_driver:/home/w/work/moveit2_handeye_calib/install/ros2_socketcan:/home/w/work/moveit2_handeye_calib/install/ros2_socketcan_msgs:/home/w/work/moveit2_handeye_calib/install/robot_interfaces:${AMENT_PREFIX_PATH} CMAKE_PREFIX_PATH=/home/w/work/moveit2_handeye_calib/install/robot_driver:/home/w/work/moveit2_handeye_calib/install/ros2_socketcan:/home/w/work/moveit2_handeye_calib/install/ros2_socketcan_msgs:/home/w/work/moveit2_handeye_calib/install/robot_interfaces:/home/w/work/trac_ik_ws/install/trac_ik:/home/w/work/trac_ik_ws/install/trac_ik_examples:/home/w/work/trac_ik_ws/install/trac_ik_lib:/opt/ros/humble LD_LIBRARY_PATH=/home/w/work/moveit2_handeye_calib/install/robot_driver/lib:/home/w/work/moveit2_handeye_calib/install/ros2_socketcan/lib:/home/w/work/moveit2_handeye_calib/install/ros2_socketcan_msgs/lib:/home/w/work/moveit2_handeye_calib/install/robot_interfaces/lib:${LD_LIBRARY_PATH} PATH=/home/w/work/moveit2_handeye_calib/install/robot_driver/bin:${PATH} PYTHONPATH=/home/w/work/moveit2_handeye_calib/install/ros2_socketcan_msgs/local/lib/python3.10/dist-packages:/home/w/work/moveit2_handeye_calib/install/robot_interfaces/local/lib/python3.10/dist-packages:${PYTHONPATH} /usr/bin/cmake --build /home/w/work/moveit2_handeye_calib/build/robot_state_machine -- -j28 -l28
[1.767s] [ 33%] [32mBuilding CXX object gtest/CMakeFiles/gtest.dir/src/gtest-all.cc.o[0m
[1.767s] [ 33%] [32mBuilding CXX object gtest/CMakeFiles/gtest_main.dir/src/gtest_main.cc.o[0m
[1.767s] [ 33%] [32mBuilding CXX object CMakeFiles/robot_kinematics.dir/src/motion_config.cpp.o[0m
[1.767s] [ 33%] [32mBuilding CXX object CMakeFiles/robot_kinematics.dir/src/robot_kinematics.cpp.o[0m
[2.967s] [ 41%] [32m[1mLinking CXX static library libgtest_main.a[0m
[3.044s] [ 41%] Built target gtest_main
[6.174s] [ 50%] [32m[1mLinking CXX static library libgtest.a[0m
[6.269s] [ 50%] Built target gtest
[17.872s] [ 58%] [32m[1mLinking CXX static library librobot_kinematics.a[0m
[18.050s] [ 58%] Built target robot_kinematics
[18.071s] [ 83%] [32mBuilding CXX object CMakeFiles/robot_state_machine.dir/src/robot_state_machine.cpp.o[0m
[18.071s] [ 83%] [32mBuilding CXX object CMakeFiles/robot_state_machine.dir/src/robot_joint_recorder.cpp.o[0m
[18.071s] [ 83%] [32mBuilding CXX object CMakeFiles/test_generate_joint_velocity_command.dir/test/test_generate_joint_velocity_command.cpp.o[0m
[25.026s] [ 91%] [32m[1mLinking CXX executable test_generate_joint_velocity_command[0m
[25.914s] [ 91%] Built target test_generate_joint_velocity_command
[43.898s] [100%] [32m[1mLinking CXX executable robot_state_machine[0m
[46.459s] [100%] Built target robot_state_machine
[46.468s] Invoked command in '/home/w/work/moveit2_handeye_calib/build/robot_state_machine' returned '0': AMENT_PREFIX_PATH=/home/w/work/moveit2_handeye_calib/install/robot_driver:/home/w/work/moveit2_handeye_calib/install/ros2_socketcan:/home/w/work/moveit2_handeye_calib/install/ros2_socketcan_msgs:/home/w/work/moveit2_handeye_calib/install/robot_interfaces:${AMENT_PREFIX_PATH} CMAKE_PREFIX_PATH=/home/w/work/moveit2_handeye_calib/install/robot_driver:/home/w/work/moveit2_handeye_calib/install/ros2_socketcan:/home/w/work/moveit2_handeye_calib/install/ros2_socketcan_msgs:/home/w/work/moveit2_handeye_calib/install/robot_interfaces:/home/w/work/trac_ik_ws/install/trac_ik:/home/w/work/trac_ik_ws/install/trac_ik_examples:/home/w/work/trac_ik_ws/install/trac_ik_lib:/opt/ros/humble LD_LIBRARY_PATH=/home/w/work/moveit2_handeye_calib/install/robot_driver/lib:/home/w/work/moveit2_handeye_calib/install/ros2_socketcan/lib:/home/w/work/moveit2_handeye_calib/install/ros2_socketcan_msgs/lib:/home/w/work/moveit2_handeye_calib/install/robot_interfaces/lib:${LD_LIBRARY_PATH} PATH=/home/w/work/moveit2_handeye_calib/install/robot_driver/bin:${PATH} PYTHONPATH=/home/w/work/moveit2_handeye_calib/install/ros2_socketcan_msgs/local/lib/python3.10/dist-packages:/home/w/work/moveit2_handeye_calib/install/robot_interfaces/local/lib/python3.10/dist-packages:${PYTHONPATH} /usr/bin/cmake --build /home/w/work/moveit2_handeye_calib/build/robot_state_machine -- -j28 -l28
[46.469s] Invoking command in '/home/w/work/moveit2_handeye_calib/build/robot_state_machine': AMENT_PREFIX_PATH=/home/w/work/moveit2_handeye_calib/install/robot_driver:/home/w/work/moveit2_handeye_calib/install/ros2_socketcan:/home/w/work/moveit2_handeye_calib/install/ros2_socketcan_msgs:/home/w/work/moveit2_handeye_calib/install/robot_interfaces:${AMENT_PREFIX_PATH} CMAKE_PREFIX_PATH=/home/w/work/moveit2_handeye_calib/install/robot_driver:/home/w/work/moveit2_handeye_calib/install/ros2_socketcan:/home/w/work/moveit2_handeye_calib/install/ros2_socketcan_msgs:/home/w/work/moveit2_handeye_calib/install/robot_interfaces:/home/w/work/trac_ik_ws/install/trac_ik:/home/w/work/trac_ik_ws/install/trac_ik_examples:/home/w/work/trac_ik_ws/install/trac_ik_lib:/opt/ros/humble LD_LIBRARY_PATH=/home/w/work/moveit2_handeye_calib/install/robot_driver/lib:/home/w/work/moveit2_handeye_calib/install/ros2_socketcan/lib:/home/w/work/moveit2_handeye_calib/install/ros2_socketcan_msgs/lib:/home/w/work/moveit2_handeye_calib/install/robot_interfaces/lib:${LD_LIBRARY_PATH} PATH=/home/w/work/moveit2_handeye_calib/install/robot_driver/bin:${PATH} PYTHONPATH=/home/w/work/moveit2_handeye_calib/install/ros2_socketcan_msgs/local/lib/python3.10/dist-packages:/home/w/work/moveit2_handeye_calib/install/robot_interfaces/local/lib/python3.10/dist-packages:${PYTHONPATH} /usr/bin/cmake --install /home/w/work/moveit2_handeye_calib/build/robot_state_machine
[46.477s] -- Install configuration: ""
[46.477s] -- Installing: /home/w/work/moveit2_handeye_calib/install/robot_state_machine/lib/robot_state_machine/robot_state_machine
[46.491s] -- Set runtime path of "/home/w/work/moveit2_handeye_calib/install/robot_state_machine/lib/robot_state_machine/robot_state_machine" to ""
[46.491s] -- Installing: /home/w/work/moveit2_handeye_calib/install/robot_state_machine/lib/robot_state_machine/librobot_kinematics.a
[46.498s] -- Installing: /home/w/work/moveit2_handeye_calib/install/robot_state_machine/share/robot_state_machine/launch
[46.498s] -- Installing: /home/w/work/moveit2_handeye_calib/install/robot_state_machine/share/robot_state_machine/launch/robot_state_arm380.launch.py
[46.498s] -- Installing: /home/w/work/moveit2_handeye_calib/install/robot_state_machine/share/robot_state_machine/launch/robot_state_machine.launch.py
[46.498s] -- Installing: /home/w/work/moveit2_handeye_calib/install/robot_state_machine/share/robot_state_machine/launch/robot_state_arm620.launch.py
[46.498s] -- Installing: /home/w/work/moveit2_handeye_calib/install/robot_state_machine/share/ament_index/resource_index/package_run_dependencies/robot_state_machine
[46.498s] -- Installing: /home/w/work/moveit2_handeye_calib/install/robot_state_machine/share/ament_index/resource_index/parent_prefix_path/robot_state_machine
[46.498s] -- Installing: /home/w/work/moveit2_handeye_calib/install/robot_state_machine/share/robot_state_machine/environment/ament_prefix_path.sh
[46.498s] -- Installing: /home/w/work/moveit2_handeye_calib/install/robot_state_machine/share/robot_state_machine/environment/ament_prefix_path.dsv
[46.498s] -- Installing: /home/w/work/moveit2_handeye_calib/install/robot_state_machine/share/robot_state_machine/environment/path.sh
[46.498s] -- Installing: /home/w/work/moveit2_handeye_calib/install/robot_state_machine/share/robot_state_machine/environment/path.dsv
[46.499s] -- Installing: /home/w/work/moveit2_handeye_calib/install/robot_state_machine/share/robot_state_machine/local_setup.bash
[46.499s] -- Installing: /home/w/work/moveit2_handeye_calib/install/robot_state_machine/share/robot_state_machine/local_setup.sh
[46.499s] -- Installing: /home/w/work/moveit2_handeye_calib/install/robot_state_machine/share/robot_state_machine/local_setup.zsh
[46.499s] -- Installing: /home/w/work/moveit2_handeye_calib/install/robot_state_machine/share/robot_state_machine/local_setup.dsv
[46.499s] -- Installing: /home/w/work/moveit2_handeye_calib/install/robot_state_machine/share/robot_state_machine/package.dsv
[46.499s] -- Installing: /home/w/work/moveit2_handeye_calib/install/robot_state_machine/share/ament_index/resource_index/packages/robot_state_machine
[46.499s] -- Installing: /home/w/work/moveit2_handeye_calib/install/robot_state_machine/share/robot_state_machine/cmake/robot_state_machineConfig.cmake
[46.499s] -- Installing: /home/w/work/moveit2_handeye_calib/install/robot_state_machine/share/robot_state_machine/cmake/robot_state_machineConfig-version.cmake
[46.499s] -- Installing: /home/w/work/moveit2_handeye_calib/install/robot_state_machine/share/robot_state_machine/package.xml
[46.500s] Invoked command in '/home/w/work/moveit2_handeye_calib/build/robot_state_machine' returned '0': AMENT_PREFIX_PATH=/home/w/work/moveit2_handeye_calib/install/robot_driver:/home/w/work/moveit2_handeye_calib/install/ros2_socketcan:/home/w/work/moveit2_handeye_calib/install/ros2_socketcan_msgs:/home/w/work/moveit2_handeye_calib/install/robot_interfaces:${AMENT_PREFIX_PATH} CMAKE_PREFIX_PATH=/home/w/work/moveit2_handeye_calib/install/robot_driver:/home/w/work/moveit2_handeye_calib/install/ros2_socketcan:/home/w/work/moveit2_handeye_calib/install/ros2_socketcan_msgs:/home/w/work/moveit2_handeye_calib/install/robot_interfaces:/home/w/work/trac_ik_ws/install/trac_ik:/home/w/work/trac_ik_ws/install/trac_ik_examples:/home/w/work/trac_ik_ws/install/trac_ik_lib:/opt/ros/humble LD_LIBRARY_PATH=/home/w/work/moveit2_handeye_calib/install/robot_driver/lib:/home/w/work/moveit2_handeye_calib/install/ros2_socketcan/lib:/home/w/work/moveit2_handeye_calib/install/ros2_socketcan_msgs/lib:/home/w/work/moveit2_handeye_calib/install/robot_interfaces/lib:${LD_LIBRARY_PATH} PATH=/home/w/work/moveit2_handeye_calib/install/robot_driver/bin:${PATH} PYTHONPATH=/home/w/work/moveit2_handeye_calib/install/ros2_socketcan_msgs/local/lib/python3.10/dist-packages:/home/w/work/moveit2_handeye_calib/install/robot_interfaces/local/lib/python3.10/dist-packages:${PYTHONPATH} /usr/bin/cmake --install /home/w/work/moveit2_handeye_calib/build/robot_state_machine
