[0.018s] Invoking command in '/home/w/work/moveit2_handeye_calib/build/moveit_calibration_plugins': CMAKE_PREFIX_PATH=${CMAKE_PREFIX_PATH}:/opt/ros/humble /usr/bin/cmake --build /home/w/work/moveit2_handeye_calib/build/moveit_calibration_plugins -- -j28 -l28
[0.215s] [35m[1mConsolidate compiler generated dependencies of target gtest[0m
[0.215s] [35m[1mConsolidate compiler generated dependencies of target moveit_handeye_calibration_solver_core[0m
[0.215s] [35m[1mConsolidate compiler generated dependencies of target moveit_handeye_calibration_target_core[0m
[0.215s] [35m[1mConsolidate compiler generated dependencies of target gtest_main[0m
[0.215s] [ 10%] Built target gtest
[0.215s] [ 21%] Built target gtest_main
[0.215s] [ 31%] Built target moveit_handeye_calibration_solver_core
[0.215s] [ 47%] Built target moveit_handeye_calibration_target_core
[0.215s] [35m[1mConsolidate compiler generated dependencies of target moveit_handeye_calibration_solver[0m
[0.215s] [35m[1mConsolidate compiler generated dependencies of target moveit_handeye_calibration_target[0m
[0.215s] [ 57%] Built target moveit_handeye_calibration_solver
[0.215s] [35m[1mConsolidate compiler generated dependencies of target test_handeye_solver[0m
[0.216s] [ 68%] Built target moveit_handeye_calibration_target
[0.216s] [35m[1mConsolidate compiler generated dependencies of target test_handeye_target_aruco[0m
[0.216s] [35m[1mConsolidate compiler generated dependencies of target test_handeye_target_charuco[0m
[0.216s] [ 78%] Built target test_handeye_solver
[0.216s] [ 89%] Built target test_handeye_target_aruco
[0.216s] [100%] Built target test_handeye_target_charuco
[0.386s] Invoked command in '/home/w/work/moveit2_handeye_calib/build/moveit_calibration_plugins' returned '0': CMAKE_PREFIX_PATH=${CMAKE_PREFIX_PATH}:/opt/ros/humble /usr/bin/cmake --build /home/w/work/moveit2_handeye_calib/build/moveit_calibration_plugins -- -j28 -l28
[0.393s] Invoking command in '/home/w/work/moveit2_handeye_calib/build/moveit_calibration_plugins': CMAKE_PREFIX_PATH=${CMAKE_PREFIX_PATH}:/opt/ros/humble /usr/bin/cmake --install /home/w/work/moveit2_handeye_calib/build/moveit_calibration_plugins
[0.403s] -- Install configuration: "Release"
[0.404s] -- Up-to-date: /home/w/work/moveit2_handeye_calib/install/moveit_calibration_plugins/share/moveit_calibration_plugins/handeye_calibration_target_plugin_description.xml
[0.404s] -- Up-to-date: /home/w/work/moveit2_handeye_calib/install/moveit_calibration_plugins/share/moveit_calibration_plugins/handeye_calibration_solver_plugin_description.xml
[0.404s] -- Up-to-date: /home/w/work/moveit2_handeye_calib/install/moveit_calibration_plugins/share/moveit_calibration_plugins/environment/library_path.sh
[0.405s] -- Up-to-date: /home/w/work/moveit2_handeye_calib/install/moveit_calibration_plugins/share/moveit_calibration_plugins/environment/library_path.dsv
[0.405s] -- Up-to-date: /home/w/work/moveit2_handeye_calib/install/moveit_calibration_plugins/share/ament_index/resource_index/package_run_dependencies/moveit_calibration_plugins
[0.405s] -- Up-to-date: /home/w/work/moveit2_handeye_calib/install/moveit_calibration_plugins/share/ament_index/resource_index/parent_prefix_path/moveit_calibration_plugins
[0.405s] -- Up-to-date: /home/w/work/moveit2_handeye_calib/install/moveit_calibration_plugins/share/moveit_calibration_plugins/environment/ament_prefix_path.sh
[0.405s] -- Up-to-date: /home/w/work/moveit2_handeye_calib/install/moveit_calibration_plugins/share/moveit_calibration_plugins/environment/ament_prefix_path.dsv
[0.405s] -- Up-to-date: /home/w/work/moveit2_handeye_calib/install/moveit_calibration_plugins/share/moveit_calibration_plugins/environment/path.sh
[0.406s] -- Up-to-date: /home/w/work/moveit2_handeye_calib/install/moveit_calibration_plugins/share/moveit_calibration_plugins/environment/path.dsv
[0.406s] -- Up-to-date: /home/w/work/moveit2_handeye_calib/install/moveit_calibration_plugins/share/moveit_calibration_plugins/local_setup.bash
[0.406s] -- Up-to-date: /home/w/work/moveit2_handeye_calib/install/moveit_calibration_plugins/share/moveit_calibration_plugins/local_setup.sh
[0.406s] -- Up-to-date: /home/w/work/moveit2_handeye_calib/install/moveit_calibration_plugins/share/moveit_calibration_plugins/local_setup.zsh
[0.406s] -- Up-to-date: /home/w/work/moveit2_handeye_calib/install/moveit_calibration_plugins/share/moveit_calibration_plugins/local_setup.dsv
[0.406s] -- Installing: /home/w/work/moveit2_handeye_calib/install/moveit_calibration_plugins/share/moveit_calibration_plugins/package.dsv
[0.406s] -- Up-to-date: /home/w/work/moveit2_handeye_calib/install/moveit_calibration_plugins/share/ament_index/resource_index/packages/moveit_calibration_plugins
[0.406s] -- Up-to-date: /home/w/work/moveit2_handeye_calib/install/moveit_calibration_plugins/share/ament_index/resource_index/moveit_calibration_plugins__pluginlib__plugin/moveit_calibration_plugins
[0.406s] -- Up-to-date: /home/w/work/moveit2_handeye_calib/install/moveit_calibration_plugins/share/moveit_calibration_plugins/cmake/export_moveit_calibration_pluginsExport.cmake
[0.407s] -- Up-to-date: /home/w/work/moveit2_handeye_calib/install/moveit_calibration_plugins/share/moveit_calibration_plugins/cmake/export_moveit_calibration_pluginsExport-release.cmake
[0.407s] -- Up-to-date: /home/w/work/moveit2_handeye_calib/install/moveit_calibration_plugins/share/moveit_calibration_plugins/cmake/ament_cmake_export_targets-extras.cmake
[0.407s] -- Up-to-date: /home/w/work/moveit2_handeye_calib/install/moveit_calibration_plugins/share/moveit_calibration_plugins/cmake/ament_cmake_export_dependencies-extras.cmake
[0.407s] -- Up-to-date: /home/w/work/moveit2_handeye_calib/install/moveit_calibration_plugins/share/moveit_calibration_plugins/cmake/moveit_calibration_pluginsConfig.cmake
[0.407s] -- Up-to-date: /home/w/work/moveit2_handeye_calib/install/moveit_calibration_plugins/share/moveit_calibration_plugins/cmake/moveit_calibration_pluginsConfig-version.cmake
[0.407s] -- Up-to-date: /home/w/work/moveit2_handeye_calib/install/moveit_calibration_plugins/share/moveit_calibration_plugins/package.xml
[0.407s] -- Up-to-date: /home/w/work/moveit2_handeye_calib/install/moveit_calibration_plugins/include
[0.407s] -- Up-to-date: /home/w/work/moveit2_handeye_calib/install/moveit_calibration_plugins/include/moveit
[0.407s] -- Up-to-date: /home/w/work/moveit2_handeye_calib/install/moveit_calibration_plugins/include/moveit/handeye_calibration_solver
[0.407s] -- Up-to-date: /home/w/work/moveit2_handeye_calib/install/moveit_calibration_plugins/include/moveit/handeye_calibration_solver/handeye_solver_base.h
[0.408s] -- Up-to-date: /home/w/work/moveit2_handeye_calib/install/moveit_calibration_plugins/include/moveit/handeye_calibration_solver/handeye_solver_opencv.h
[0.408s] -- Up-to-date: /home/w/work/moveit2_handeye_calib/install/moveit_calibration_plugins/lib/libmoveit_handeye_calibration_solver_core.so.2.0.0
[0.408s] -- Up-to-date: /home/w/work/moveit2_handeye_calib/install/moveit_calibration_plugins/lib/libmoveit_handeye_calibration_solver_core.so
[0.408s] -- Up-to-date: /home/w/work/moveit2_handeye_calib/install/moveit_calibration_plugins/lib/libmoveit_handeye_calibration_solver.so.2.0.0
[0.408s] -- Up-to-date: /home/w/work/moveit2_handeye_calib/install/moveit_calibration_plugins/lib/libmoveit_handeye_calibration_solver.so
[0.408s] -- Up-to-date: /home/w/work/moveit2_handeye_calib/install/moveit_calibration_plugins/share/moveit_calibration_plugins/environment/library_path.sh
[0.408s] -- Up-to-date: /home/w/work/moveit2_handeye_calib/install/moveit_calibration_plugins/share/moveit_calibration_plugins/environment/library_path.dsv
[0.408s] -- Up-to-date: /home/w/work/moveit2_handeye_calib/install/moveit_calibration_plugins/include
[0.408s] -- Up-to-date: /home/w/work/moveit2_handeye_calib/install/moveit_calibration_plugins/include/moveit
[0.408s] -- Up-to-date: /home/w/work/moveit2_handeye_calib/install/moveit_calibration_plugins/include/moveit/handeye_calibration_target
[0.408s] -- Up-to-date: /home/w/work/moveit2_handeye_calib/install/moveit_calibration_plugins/include/moveit/handeye_calibration_target/handeye_target_aruco.h
[0.408s] -- Up-to-date: /home/w/work/moveit2_handeye_calib/install/moveit_calibration_plugins/include/moveit/handeye_calibration_target/handeye_target_base.h
[0.409s] -- Up-to-date: /home/w/work/moveit2_handeye_calib/install/moveit_calibration_plugins/include/moveit/handeye_calibration_target/handeye_target_charuco.h
[0.409s] -- Up-to-date: /home/w/work/moveit2_handeye_calib/install/moveit_calibration_plugins/lib/libmoveit_handeye_calibration_target_core.so.2.0.0
[0.409s] -- Up-to-date: /home/w/work/moveit2_handeye_calib/install/moveit_calibration_plugins/lib/libmoveit_handeye_calibration_target_core.so
[0.409s] -- Up-to-date: /home/w/work/moveit2_handeye_calib/install/moveit_calibration_plugins/lib/libmoveit_handeye_calibration_target.so.2.0.0
[0.409s] -- Up-to-date: /home/w/work/moveit2_handeye_calib/install/moveit_calibration_plugins/lib/libmoveit_handeye_calibration_target.so
[0.409s] -- Up-to-date: /home/w/work/moveit2_handeye_calib/install/moveit_calibration_plugins/share/moveit_calibration_plugins/environment/library_path.sh
[0.409s] -- Up-to-date: /home/w/work/moveit2_handeye_calib/install/moveit_calibration_plugins/share/moveit_calibration_plugins/environment/library_path.dsv
[0.409s] -- Up-to-date: /home/w/work/moveit2_handeye_calib/install/moveit_calibration_plugins/share/moveit_calibration_plugins/test/test_aruco_marker_detection.png
[0.409s] -- Up-to-date: /home/w/work/moveit2_handeye_calib/install/moveit_calibration_plugins/share/moveit_calibration_plugins/test/test_charuco_board_detection.jpg
[0.446s] Invoked command in '/home/w/work/moveit2_handeye_calib/build/moveit_calibration_plugins' returned '0': CMAKE_PREFIX_PATH=${CMAKE_PREFIX_PATH}:/opt/ros/humble /usr/bin/cmake --install /home/w/work/moveit2_handeye_calib/build/moveit_calibration_plugins
