[0.016s] Invoking command in '/home/w/work/moveit2_handeye_calib/build/robot_bringup': CMAKE_PREFIX_PATH=${CMAKE_PREFIX_PATH}:/opt/ros/humble /usr/bin/cmake /home/w/work/moveit2_handeye_calib/TG620/robot_bringup -DCMAKE_INSTALL_PREFIX=/home/w/work/moveit2_handeye_calib/install/robot_bringup
[0.179s] -- The C compiler identification is GNU 11.4.0
[0.180s] -- The CXX compiler identification is GNU 11.4.0
[0.180s] -- Detecting C compiler ABI info
[0.180s] -- Detecting C compiler ABI info - done
[0.180s] -- Check for working C compiler: /usr/bin/cc - skipped
[0.180s] -- Detecting C compile features
[0.180s] -- Detecting C compile features - done
[0.180s] -- Detecting CXX compiler ABI info
[0.211s] -- Detecting CXX compiler ABI info - done
[0.216s] -- Check for working CXX compiler: /usr/bin/c++ - skipped
[0.216s] -- Detecting CXX compile features
[0.217s] -- Detecting CXX compile features - done
[0.222s] -- Found ament_cmake: 1.3.12 (/opt/ros/humble/share/ament_cmake/cmake)
[0.368s] -- Found Python3: /usr/bin/python3 (found version "3.10.12") found components: Interpreter 
[0.429s] -- Found ament_lint_auto: 0.12.14 (/opt/ros/humble/share/ament_lint_auto/cmake)
[0.483s] -- Added test 'flake8' to check Python code syntax and style conventions
[0.483s] -- Added test 'lint_cmake' to check CMake code style
[0.484s] -- Added test 'pep257' to check Python code against some of the docstring style conventions in PEP 257
[0.484s] -- Added test 'xmllint' to check XML markup files
[0.485s] -- Configuring done
[0.486s] -- Generating done
[0.487s] -- Build files have been written to: /home/w/work/moveit2_handeye_calib/build/robot_bringup
[0.490s] Invoked command in '/home/w/work/moveit2_handeye_calib/build/robot_bringup' returned '0': CMAKE_PREFIX_PATH=${CMAKE_PREFIX_PATH}:/opt/ros/humble /usr/bin/cmake /home/w/work/moveit2_handeye_calib/TG620/robot_bringup -DCMAKE_INSTALL_PREFIX=/home/w/work/moveit2_handeye_calib/install/robot_bringup
[0.491s] Invoking command in '/home/w/work/moveit2_handeye_calib/build/robot_bringup': CMAKE_PREFIX_PATH=${CMAKE_PREFIX_PATH}:/opt/ros/humble /usr/bin/cmake --build /home/w/work/moveit2_handeye_calib/build/robot_bringup -- -j28 -l28
[0.520s] Invoked command in '/home/w/work/moveit2_handeye_calib/build/robot_bringup' returned '0': CMAKE_PREFIX_PATH=${CMAKE_PREFIX_PATH}:/opt/ros/humble /usr/bin/cmake --build /home/w/work/moveit2_handeye_calib/build/robot_bringup -- -j28 -l28
[0.521s] Invoking command in '/home/w/work/moveit2_handeye_calib/build/robot_bringup': CMAKE_PREFIX_PATH=${CMAKE_PREFIX_PATH}:/opt/ros/humble /usr/bin/cmake --install /home/w/work/moveit2_handeye_calib/build/robot_bringup
[0.526s] -- Install configuration: ""
[0.526s] -- Installing: /home/w/work/moveit2_handeye_calib/install/robot_bringup/share/robot_bringup/launch
[0.526s] -- Installing: /home/w/work/moveit2_handeye_calib/install/robot_bringup/share/robot_bringup/launch/robot_real.launch.py
[0.526s] -- Installing: /home/w/work/moveit2_handeye_calib/install/robot_bringup/share/robot_bringup/launch/robot_gazebo.launch.py
[0.526s] -- Installing: /home/w/work/moveit2_handeye_calib/install/robot_bringup/share/robot_bringup/launch/arm620_real.launch.py
[0.526s] -- Installing: /home/w/work/moveit2_handeye_calib/install/robot_bringup/share/robot_bringup/launch/arm380_real.launch.py
[0.527s] -- Installing: /home/w/work/moveit2_handeye_calib/install/robot_bringup/share/robot_bringup/launch/arm620_handeye_calib.launch.py
[0.527s] -- Installing: /home/w/work/moveit2_handeye_calib/install/robot_bringup/share/robot_bringup/launch/arm620_dh_real.launch.py
[0.527s] -- Installing: /home/w/work/moveit2_handeye_calib/install/robot_bringup/share/robot_bringup/rviz
[0.527s] -- Installing: /home/w/work/moveit2_handeye_calib/install/robot_bringup/share/robot_bringup/rviz/arm620_handeye_calib.rviz
[0.527s] -- Installing: /home/w/work/moveit2_handeye_calib/install/robot_bringup/share/ament_index/resource_index/package_run_dependencies/robot_bringup
[0.527s] -- Installing: /home/w/work/moveit2_handeye_calib/install/robot_bringup/share/ament_index/resource_index/parent_prefix_path/robot_bringup
[0.527s] -- Installing: /home/w/work/moveit2_handeye_calib/install/robot_bringup/share/robot_bringup/environment/ament_prefix_path.sh
[0.527s] -- Installing: /home/w/work/moveit2_handeye_calib/install/robot_bringup/share/robot_bringup/environment/ament_prefix_path.dsv
[0.527s] -- Installing: /home/w/work/moveit2_handeye_calib/install/robot_bringup/share/robot_bringup/environment/path.sh
[0.527s] -- Installing: /home/w/work/moveit2_handeye_calib/install/robot_bringup/share/robot_bringup/environment/path.dsv
[0.527s] -- Installing: /home/w/work/moveit2_handeye_calib/install/robot_bringup/share/robot_bringup/local_setup.bash
[0.527s] -- Installing: /home/w/work/moveit2_handeye_calib/install/robot_bringup/share/robot_bringup/local_setup.sh
[0.527s] -- Installing: /home/w/work/moveit2_handeye_calib/install/robot_bringup/share/robot_bringup/local_setup.zsh
[0.528s] -- Installing: /home/w/work/moveit2_handeye_calib/install/robot_bringup/share/robot_bringup/local_setup.dsv
[0.528s] -- Installing: /home/w/work/moveit2_handeye_calib/install/robot_bringup/share/robot_bringup/package.dsv
[0.528s] -- Installing: /home/w/work/moveit2_handeye_calib/install/robot_bringup/share/ament_index/resource_index/packages/robot_bringup
[0.528s] -- Installing: /home/w/work/moveit2_handeye_calib/install/robot_bringup/share/robot_bringup/cmake/robot_bringupConfig.cmake
[0.528s] -- Installing: /home/w/work/moveit2_handeye_calib/install/robot_bringup/share/robot_bringup/cmake/robot_bringupConfig-version.cmake
[0.528s] -- Installing: /home/w/work/moveit2_handeye_calib/install/robot_bringup/share/robot_bringup/package.xml
[0.529s] Invoked command in '/home/w/work/moveit2_handeye_calib/build/robot_bringup' returned '0': CMAKE_PREFIX_PATH=${CMAKE_PREFIX_PATH}:/opt/ros/humble /usr/bin/cmake --install /home/w/work/moveit2_handeye_calib/build/robot_bringup
