-- Install configuration: ""
-- Up-to-date: /home/w/work/moveit2_handeye_calib/install/robot_bringup/share/robot_bringup/launch
-- Up-to-date: /home/w/work/moveit2_handeye_calib/install/robot_bringup/share/robot_bringup/launch/robot_real.launch.py
-- Up-to-date: /home/w/work/moveit2_handeye_calib/install/robot_bringup/share/robot_bringup/launch/robot_gazebo.launch.py
-- Up-to-date: /home/w/work/moveit2_handeye_calib/install/robot_bringup/share/robot_bringup/launch/arm620_real.launch.py
-- Up-to-date: /home/w/work/moveit2_handeye_calib/install/robot_bringup/share/robot_bringup/launch/arm380_real.launch.py
-- Installing: /home/w/work/moveit2_handeye_calib/install/robot_bringup/share/robot_bringup/launch/arm620_handeye_calib.launch.py
-- Up-to-date: /home/w/work/moveit2_handeye_calib/install/robot_bringup/share/robot_bringup/launch/arm620_dh_real.launch.py
-- Up-to-date: /home/w/work/moveit2_handeye_calib/install/robot_bringup/share/robot_bringup/rviz
-- Installing: /home/w/work/moveit2_handeye_calib/install/robot_bringup/share/robot_bringup/rviz/arm620_handeye_calib.rviz
-- Up-to-date: /home/w/work/moveit2_handeye_calib/install/robot_bringup/share/ament_index/resource_index/package_run_dependencies/robot_bringup
-- Up-to-date: /home/w/work/moveit2_handeye_calib/install/robot_bringup/share/ament_index/resource_index/parent_prefix_path/robot_bringup
-- Up-to-date: /home/w/work/moveit2_handeye_calib/install/robot_bringup/share/robot_bringup/environment/ament_prefix_path.sh
-- Up-to-date: /home/w/work/moveit2_handeye_calib/install/robot_bringup/share/robot_bringup/environment/ament_prefix_path.dsv
-- Up-to-date: /home/w/work/moveit2_handeye_calib/install/robot_bringup/share/robot_bringup/environment/path.sh
-- Up-to-date: /home/w/work/moveit2_handeye_calib/install/robot_bringup/share/robot_bringup/environment/path.dsv
-- Up-to-date: /home/w/work/moveit2_handeye_calib/install/robot_bringup/share/robot_bringup/local_setup.bash
-- Up-to-date: /home/w/work/moveit2_handeye_calib/install/robot_bringup/share/robot_bringup/local_setup.sh
-- Up-to-date: /home/w/work/moveit2_handeye_calib/install/robot_bringup/share/robot_bringup/local_setup.zsh
-- Up-to-date: /home/w/work/moveit2_handeye_calib/install/robot_bringup/share/robot_bringup/local_setup.dsv
-- Installing: /home/w/work/moveit2_handeye_calib/install/robot_bringup/share/robot_bringup/package.dsv
-- Up-to-date: /home/w/work/moveit2_handeye_calib/install/robot_bringup/share/ament_index/resource_index/packages/robot_bringup
-- Up-to-date: /home/w/work/moveit2_handeye_calib/install/robot_bringup/share/robot_bringup/cmake/robot_bringupConfig.cmake
-- Up-to-date: /home/w/work/moveit2_handeye_calib/install/robot_bringup/share/robot_bringup/cmake/robot_bringupConfig-version.cmake
-- Up-to-date: /home/w/work/moveit2_handeye_calib/install/robot_bringup/share/robot_bringup/package.xml
