[0.032s] Invoking command in '/home/w/work/moveit2_handeye_calib/build/ros2_socketcan': AMENT_PREFIX_PATH=/home/w/work/moveit2_handeye_calib/install/ros2_socketcan_msgs:${AMENT_PREFIX_PATH} CMAKE_PREFIX_PATH=/home/w/work/moveit2_handeye_calib/install/ros2_socketcan_msgs:/home/w/work/trac_ik_ws/install/trac_ik:/home/w/work/trac_ik_ws/install/trac_ik_examples:/home/w/work/trac_ik_ws/install/trac_ik_lib:/opt/ros/humble LD_LIBRARY_PATH=/home/w/work/moveit2_handeye_calib/install/ros2_socketcan_msgs/lib:${LD_LIBRARY_PATH} PYTHONPATH=/home/w/work/moveit2_handeye_calib/install/ros2_socketcan_msgs/local/lib/python3.10/dist-packages:${PYTHONPATH} /usr/bin/cmake --build /home/w/work/moveit2_handeye_calib/build/ros2_socketcan -- -j28 -l28
[0.066s] [  9%] Built target gtest
[0.066s] [ 38%] Built target ros2_socketcan
[0.066s] [ 42%] Built target socket_can_sender_node_exe
[0.067s] [ 52%] Built target gtest_main
[0.069s] [ 61%] Built target socket_can_receiver_node_exe
[0.084s] [ 80%] Built target ros2_socketcan_test
[0.085s] [ 90%] Built target socket_can_receiver_node
[0.104s] [100%] Built target socket_can_sender_node
[0.366s] Invoked command in '/home/w/work/moveit2_handeye_calib/build/ros2_socketcan' returned '0': AMENT_PREFIX_PATH=/home/w/work/moveit2_handeye_calib/install/ros2_socketcan_msgs:${AMENT_PREFIX_PATH} CMAKE_PREFIX_PATH=/home/w/work/moveit2_handeye_calib/install/ros2_socketcan_msgs:/home/w/work/trac_ik_ws/install/trac_ik:/home/w/work/trac_ik_ws/install/trac_ik_examples:/home/w/work/trac_ik_ws/install/trac_ik_lib:/opt/ros/humble LD_LIBRARY_PATH=/home/w/work/moveit2_handeye_calib/install/ros2_socketcan_msgs/lib:${LD_LIBRARY_PATH} PYTHONPATH=/home/w/work/moveit2_handeye_calib/install/ros2_socketcan_msgs/local/lib/python3.10/dist-packages:${PYTHONPATH} /usr/bin/cmake --build /home/w/work/moveit2_handeye_calib/build/ros2_socketcan -- -j28 -l28
[0.366s] Invoking command in '/home/w/work/moveit2_handeye_calib/build/ros2_socketcan': AMENT_PREFIX_PATH=/home/w/work/moveit2_handeye_calib/install/ros2_socketcan_msgs:${AMENT_PREFIX_PATH} CMAKE_PREFIX_PATH=/home/w/work/moveit2_handeye_calib/install/ros2_socketcan_msgs:/home/w/work/trac_ik_ws/install/trac_ik:/home/w/work/trac_ik_ws/install/trac_ik_examples:/home/w/work/trac_ik_ws/install/trac_ik_lib:/opt/ros/humble LD_LIBRARY_PATH=/home/w/work/moveit2_handeye_calib/install/ros2_socketcan_msgs/lib:${LD_LIBRARY_PATH} PYTHONPATH=/home/w/work/moveit2_handeye_calib/install/ros2_socketcan_msgs/local/lib/python3.10/dist-packages:${PYTHONPATH} /usr/bin/cmake --install /home/w/work/moveit2_handeye_calib/build/ros2_socketcan
[0.389s] -- Install configuration: ""
[0.389s] -- Up-to-date: /home/w/work/moveit2_handeye_calib/install/ros2_socketcan/lib/ros2_socketcan/socket_can_receiver_node_exe
[0.389s] -- Up-to-date: /home/w/work/moveit2_handeye_calib/install/ros2_socketcan/lib/ros2_socketcan/socket_can_sender_node_exe
[0.389s] -- Up-to-date: /home/w/work/moveit2_handeye_calib/install/ros2_socketcan/include
[0.389s] -- Up-to-date: /home/w/work/moveit2_handeye_calib/install/ros2_socketcan/include/ros2_socketcan
[0.389s] -- Up-to-date: /home/w/work/moveit2_handeye_calib/install/ros2_socketcan/include/ros2_socketcan/socket_can_receiver_node.hpp
[0.389s] -- Up-to-date: /home/w/work/moveit2_handeye_calib/install/ros2_socketcan/include/ros2_socketcan/socket_can_common.hpp
[0.390s] -- Up-to-date: /home/w/work/moveit2_handeye_calib/install/ros2_socketcan/include/ros2_socketcan/socket_can_sender_node.hpp
[0.390s] -- Up-to-date: /home/w/work/moveit2_handeye_calib/install/ros2_socketcan/include/ros2_socketcan/socket_can_id.hpp
[0.390s] -- Up-to-date: /home/w/work/moveit2_handeye_calib/install/ros2_socketcan/include/ros2_socketcan/visibility_control.hpp
[0.390s] -- Up-to-date: /home/w/work/moveit2_handeye_calib/install/ros2_socketcan/include/ros2_socketcan/socket_can_receiver.hpp
[0.390s] -- Up-to-date: /home/w/work/moveit2_handeye_calib/install/ros2_socketcan/include/ros2_socketcan/socket_can_sender.hpp
[0.390s] -- Up-to-date: /home/w/work/moveit2_handeye_calib/install/ros2_socketcan/share/ros2_socketcan/environment/library_path.sh
[0.390s] -- Up-to-date: /home/w/work/moveit2_handeye_calib/install/ros2_socketcan/share/ros2_socketcan/environment/library_path.dsv
[0.390s] -- Up-to-date: /home/w/work/moveit2_handeye_calib/install/ros2_socketcan/lib/libros2_socketcan.so
[0.390s] -- Up-to-date: /home/w/work/moveit2_handeye_calib/install/ros2_socketcan/lib/libsocket_can_receiver_node.so
[0.390s] -- Up-to-date: /home/w/work/moveit2_handeye_calib/install/ros2_socketcan/lib/libsocket_can_sender_node.so
[0.390s] -- Up-to-date: /home/w/work/moveit2_handeye_calib/install/ros2_socketcan/share/ros2_socketcan/launch
[0.390s] -- Up-to-date: /home/w/work/moveit2_handeye_calib/install/ros2_socketcan/share/ros2_socketcan/launch/socket_can_bridge.launch.xml
[0.390s] -- Up-to-date: /home/w/work/moveit2_handeye_calib/install/ros2_socketcan/share/ros2_socketcan/launch/socket_can_receiver.launch.py
[0.390s] -- Up-to-date: /home/w/work/moveit2_handeye_calib/install/ros2_socketcan/share/ros2_socketcan/launch/socket_can_sender.launch.py
[0.390s] -- Up-to-date: /home/w/work/moveit2_handeye_calib/install/ros2_socketcan/share/ament_index/resource_index/package_run_dependencies/ros2_socketcan
[0.390s] -- Up-to-date: /home/w/work/moveit2_handeye_calib/install/ros2_socketcan/share/ament_index/resource_index/parent_prefix_path/ros2_socketcan
[0.390s] -- Up-to-date: /home/w/work/moveit2_handeye_calib/install/ros2_socketcan/share/ros2_socketcan/environment/ament_prefix_path.sh
[0.390s] -- Up-to-date: /home/w/work/moveit2_handeye_calib/install/ros2_socketcan/share/ros2_socketcan/environment/ament_prefix_path.dsv
[0.390s] -- Up-to-date: /home/w/work/moveit2_handeye_calib/install/ros2_socketcan/share/ros2_socketcan/environment/path.sh
[0.390s] -- Up-to-date: /home/w/work/moveit2_handeye_calib/install/ros2_socketcan/share/ros2_socketcan/environment/path.dsv
[0.390s] -- Up-to-date: /home/w/work/moveit2_handeye_calib/install/ros2_socketcan/share/ros2_socketcan/local_setup.bash
[0.390s] -- Up-to-date: /home/w/work/moveit2_handeye_calib/install/ros2_socketcan/share/ros2_socketcan/local_setup.sh
[0.390s] -- Up-to-date: /home/w/work/moveit2_handeye_calib/install/ros2_socketcan/share/ros2_socketcan/local_setup.zsh
[0.390s] -- Up-to-date: /home/w/work/moveit2_handeye_calib/install/ros2_socketcan/share/ros2_socketcan/local_setup.dsv
[0.390s] -- Installing: /home/w/work/moveit2_handeye_calib/install/ros2_socketcan/share/ros2_socketcan/package.dsv
[0.390s] -- Up-to-date: /home/w/work/moveit2_handeye_calib/install/ros2_socketcan/share/ament_index/resource_index/packages/ros2_socketcan
[0.390s] -- Up-to-date: /home/w/work/moveit2_handeye_calib/install/ros2_socketcan/share/ament_index/resource_index/rclcpp_components/ros2_socketcan
[0.390s] -- Up-to-date: /home/w/work/moveit2_handeye_calib/install/ros2_socketcan/share/ros2_socketcan/cmake/ament_cmake_export_dependencies-extras.cmake
[0.390s] -- Up-to-date: /home/w/work/moveit2_handeye_calib/install/ros2_socketcan/share/ros2_socketcan/cmake/ament_cmake_export_include_directories-extras.cmake
[0.390s] -- Up-to-date: /home/w/work/moveit2_handeye_calib/install/ros2_socketcan/share/ros2_socketcan/cmake/ament_cmake_export_libraries-extras.cmake
[0.390s] -- Up-to-date: /home/w/work/moveit2_handeye_calib/install/ros2_socketcan/share/ros2_socketcan/cmake/ros2_socketcanConfig.cmake
[0.390s] -- Up-to-date: /home/w/work/moveit2_handeye_calib/install/ros2_socketcan/share/ros2_socketcan/cmake/ros2_socketcanConfig-version.cmake
[0.390s] -- Up-to-date: /home/w/work/moveit2_handeye_calib/install/ros2_socketcan/share/ros2_socketcan/package.xml
[0.455s] Invoked command in '/home/w/work/moveit2_handeye_calib/build/ros2_socketcan' returned '0': AMENT_PREFIX_PATH=/home/w/work/moveit2_handeye_calib/install/ros2_socketcan_msgs:${AMENT_PREFIX_PATH} CMAKE_PREFIX_PATH=/home/w/work/moveit2_handeye_calib/install/ros2_socketcan_msgs:/home/w/work/trac_ik_ws/install/trac_ik:/home/w/work/trac_ik_ws/install/trac_ik_examples:/home/w/work/trac_ik_ws/install/trac_ik_lib:/opt/ros/humble LD_LIBRARY_PATH=/home/w/work/moveit2_handeye_calib/install/ros2_socketcan_msgs/lib:${LD_LIBRARY_PATH} PYTHONPATH=/home/w/work/moveit2_handeye_calib/install/ros2_socketcan_msgs/local/lib/python3.10/dist-packages:${PYTHONPATH} /usr/bin/cmake --install /home/w/work/moveit2_handeye_calib/build/ros2_socketcan
