[ 16%] Built target gtest_main
[ 33%] Built target gtest
[ 58%] Built target robot_kinematics
[ 83%] Built target robot_state_machine
[100%] Built target test_generate_joint_velocity_command
-- Install configuration: ""
-- Up-to-date: /home/w/work/moveit2_handeye_calib/install/robot_state_machine/lib/robot_state_machine/robot_state_machine
-- Up-to-date: /home/w/work/moveit2_handeye_calib/install/robot_state_machine/lib/robot_state_machine/librobot_kinematics.a
-- Up-to-date: /home/w/work/moveit2_handeye_calib/install/robot_state_machine/share/robot_state_machine/launch
-- Up-to-date: /home/w/work/moveit2_handeye_calib/install/robot_state_machine/share/robot_state_machine/launch/robot_state_arm380.launch.py
-- Up-to-date: /home/w/work/moveit2_handeye_calib/install/robot_state_machine/share/robot_state_machine/launch/robot_state_machine.launch.py
-- Up-to-date: /home/w/work/moveit2_handeye_calib/install/robot_state_machine/share/robot_state_machine/launch/robot_state_arm620.launch.py
-- Up-to-date: /home/w/work/moveit2_handeye_calib/install/robot_state_machine/share/ament_index/resource_index/package_run_dependencies/robot_state_machine
-- Up-to-date: /home/w/work/moveit2_handeye_calib/install/robot_state_machine/share/ament_index/resource_index/parent_prefix_path/robot_state_machine
-- Up-to-date: /home/w/work/moveit2_handeye_calib/install/robot_state_machine/share/robot_state_machine/environment/ament_prefix_path.sh
-- Up-to-date: /home/w/work/moveit2_handeye_calib/install/robot_state_machine/share/robot_state_machine/environment/ament_prefix_path.dsv
-- Up-to-date: /home/w/work/moveit2_handeye_calib/install/robot_state_machine/share/robot_state_machine/environment/path.sh
-- Up-to-date: /home/w/work/moveit2_handeye_calib/install/robot_state_machine/share/robot_state_machine/environment/path.dsv
-- Up-to-date: /home/w/work/moveit2_handeye_calib/install/robot_state_machine/share/robot_state_machine/local_setup.bash
-- Up-to-date: /home/w/work/moveit2_handeye_calib/install/robot_state_machine/share/robot_state_machine/local_setup.sh
-- Up-to-date: /home/w/work/moveit2_handeye_calib/install/robot_state_machine/share/robot_state_machine/local_setup.zsh
-- Up-to-date: /home/w/work/moveit2_handeye_calib/install/robot_state_machine/share/robot_state_machine/local_setup.dsv
-- Installing: /home/w/work/moveit2_handeye_calib/install/robot_state_machine/share/robot_state_machine/package.dsv
-- Up-to-date: /home/w/work/moveit2_handeye_calib/install/robot_state_machine/share/ament_index/resource_index/packages/robot_state_machine
-- Up-to-date: /home/w/work/moveit2_handeye_calib/install/robot_state_machine/share/robot_state_machine/cmake/robot_state_machineConfig.cmake
-- Up-to-date: /home/w/work/moveit2_handeye_calib/install/robot_state_machine/share/robot_state_machine/cmake/robot_state_machineConfig-version.cmake
-- Up-to-date: /home/w/work/moveit2_handeye_calib/install/robot_state_machine/share/robot_state_machine/package.xml
