[0.033s] Invoking command in '/home/w/work/moveit2_handeye_calib/build/robot_interfaces': CMAKE_PREFIX_PATH=${CMAKE_PREFIX_PATH}:/home/w/work/moveit2_handeye_calib/install/traj_smoother_py:/home/w/work/moveit2_handeye_calib/install/robot_test_py:/home/w/work/moveit2_handeye_calib/install/robot_input:/home/w/work/moveit2_handeye_calib/install/robot_dynamics:/opt/ros/humble /usr/bin/cmake --build /home/w/work/moveit2_handeye_calib/build/robot_interfaces -- -j28 -l28
[0.289s] [ 12%] Built target robot_interfaces__rosidl_generator_c
[0.289s] [ 12%] Built target robot_interfaces__cpp
[0.289s] [ 12%] Built target ament_cmake_python_copy_robot_interfaces
[0.289s] [ 24%] Built target robot_interfaces__rosidl_typesupport_c
[0.289s] [ 36%] Built target robot_interfaces__rosidl_typesupport_introspection_c
[0.289s] [ 48%] Built target robot_interfaces__rosidl_typesupport_cpp
[0.289s] [ 60%] Built target robot_interfaces__rosidl_typesupport_fastrtps_c
[0.289s] [ 72%] Built target robot_interfaces__rosidl_typesupport_introspection_cpp
[0.289s] [ 84%] Built target robot_interfaces__rosidl_typesupport_fastrtps_cpp
[0.289s] [ 84%] Built target robot_interfaces
[0.289s] [ 85%] Built target robot_interfaces__py
[0.289s] [ 96%] Built target robot_interfaces__rosidl_generator_py
[0.289s] [ 98%] Built target robot_interfaces__rosidl_typesupport_introspection_c__pyext
[0.289s] [ 99%] Built target robot_interfaces__rosidl_typesupport_c__pyext
[0.289s] [100%] Built target robot_interfaces__rosidl_typesupport_fastrtps_c__pyext
[0.290s] running egg_info
[0.291s] writing robot_interfaces.egg-info/PKG-INFO
[0.291s] writing dependency_links to robot_interfaces.egg-info/dependency_links.txt
[0.291s] writing top-level names to robot_interfaces.egg-info/top_level.txt
[0.293s] reading manifest file 'robot_interfaces.egg-info/SOURCES.txt'
[0.293s] writing manifest file 'robot_interfaces.egg-info/SOURCES.txt'
[0.311s] [100%] Built target ament_cmake_python_build_robot_interfaces_egg
[0.490s] Invoked command in '/home/w/work/moveit2_handeye_calib/build/robot_interfaces' returned '0': CMAKE_PREFIX_PATH=${CMAKE_PREFIX_PATH}:/home/w/work/moveit2_handeye_calib/install/traj_smoother_py:/home/w/work/moveit2_handeye_calib/install/robot_test_py:/home/w/work/moveit2_handeye_calib/install/robot_input:/home/w/work/moveit2_handeye_calib/install/robot_dynamics:/opt/ros/humble /usr/bin/cmake --build /home/w/work/moveit2_handeye_calib/build/robot_interfaces -- -j28 -l28
[0.495s] Invoking command in '/home/w/work/moveit2_handeye_calib/build/robot_interfaces': CMAKE_PREFIX_PATH=${CMAKE_PREFIX_PATH}:/home/w/work/moveit2_handeye_calib/install/traj_smoother_py:/home/w/work/moveit2_handeye_calib/install/robot_test_py:/home/w/work/moveit2_handeye_calib/install/robot_input:/home/w/work/moveit2_handeye_calib/install/robot_dynamics:/opt/ros/humble /usr/bin/cmake --install /home/w/work/moveit2_handeye_calib/build/robot_interfaces
[0.502s] -- Install configuration: ""
[0.502s] -- Up-to-date: /home/w/work/moveit2_handeye_calib/install/robot_interfaces/share/ament_index/resource_index/rosidl_interfaces/robot_interfaces
[0.502s] -- Up-to-date: /home/w/work/moveit2_handeye_calib/install/robot_interfaces/include/robot_interfaces/robot_interfaces
[0.502s] -- Up-to-date: /home/w/work/moveit2_handeye_calib/install/robot_interfaces/include/robot_interfaces/robot_interfaces/srv
[0.502s] -- Up-to-date: /home/w/work/moveit2_handeye_calib/install/robot_interfaces/include/robot_interfaces/robot_interfaces/srv/sdk_recv.h
[0.502s] -- Up-to-date: /home/w/work/moveit2_handeye_calib/install/robot_interfaces/include/robot_interfaces/robot_interfaces/srv/compute_gravity.h
[0.502s] -- Up-to-date: /home/w/work/moveit2_handeye_calib/install/robot_interfaces/include/robot_interfaces/robot_interfaces/srv/detail
[0.502s] -- Up-to-date: /home/w/work/moveit2_handeye_calib/install/robot_interfaces/include/robot_interfaces/robot_interfaces/srv/detail/compute_gravity__struct.h
[0.502s] -- Up-to-date: /home/w/work/moveit2_handeye_calib/install/robot_interfaces/include/robot_interfaces/robot_interfaces/srv/detail/compute_gravity__functions.h
[0.503s] -- Up-to-date: /home/w/work/moveit2_handeye_calib/install/robot_interfaces/include/robot_interfaces/robot_interfaces/srv/detail/sdk_recv__type_support.h
[0.503s] -- Up-to-date: /home/w/work/moveit2_handeye_calib/install/robot_interfaces/include/robot_interfaces/robot_interfaces/srv/detail/sdk_recv__functions.h
[0.503s] -- Up-to-date: /home/w/work/moveit2_handeye_calib/install/robot_interfaces/include/robot_interfaces/robot_interfaces/srv/detail/sdk_recv__functions.c
[0.503s] -- Up-to-date: /home/w/work/moveit2_handeye_calib/install/robot_interfaces/include/robot_interfaces/robot_interfaces/srv/detail/sdk_recv__struct.h
[0.503s] -- Up-to-date: /home/w/work/moveit2_handeye_calib/install/robot_interfaces/include/robot_interfaces/robot_interfaces/srv/detail/compute_gravity__functions.c
[0.503s] -- Up-to-date: /home/w/work/moveit2_handeye_calib/install/robot_interfaces/include/robot_interfaces/robot_interfaces/srv/detail/compute_gravity__type_support.h
[0.503s] -- Up-to-date: /home/w/work/moveit2_handeye_calib/install/robot_interfaces/include/robot_interfaces/robot_interfaces/msg
[0.503s] -- Up-to-date: /home/w/work/moveit2_handeye_calib/install/robot_interfaces/include/robot_interfaces/robot_interfaces/msg/generic_motor_parameter.h
[0.503s] -- Up-to-date: /home/w/work/moveit2_handeye_calib/install/robot_interfaces/include/robot_interfaces/robot_interfaces/msg/tool_config.h
[0.503s] -- Up-to-date: /home/w/work/moveit2_handeye_calib/install/robot_interfaces/include/robot_interfaces/robot_interfaces/msg/gripper_control.h
[0.503s] -- Up-to-date: /home/w/work/moveit2_handeye_calib/install/robot_interfaces/include/robot_interfaces/robot_interfaces/msg/move_c_action.h
[0.503s] -- Up-to-date: /home/w/work/moveit2_handeye_calib/install/robot_interfaces/include/robot_interfaces/robot_interfaces/msg/key_pressed_action.h
[0.503s] -- Up-to-date: /home/w/work/moveit2_handeye_calib/install/robot_interfaces/include/robot_interfaces/robot_interfaces/msg/qt_recv.h
[0.504s] -- Up-to-date: /home/w/work/moveit2_handeye_calib/install/robot_interfaces/include/robot_interfaces/robot_interfaces/msg/generic_motor_operation.h
[0.504s] -- Up-to-date: /home/w/work/moveit2_handeye_calib/install/robot_interfaces/include/robot_interfaces/robot_interfaces/msg/motor_fdb.h
[0.504s] -- Up-to-date: /home/w/work/moveit2_handeye_calib/install/robot_interfaces/include/robot_interfaces/robot_interfaces/msg/line_msg.h
[0.504s] -- Up-to-date: /home/w/work/moveit2_handeye_calib/install/robot_interfaces/include/robot_interfaces/robot_interfaces/msg/qt_pub.h
[0.504s] -- Up-to-date: /home/w/work/moveit2_handeye_calib/install/robot_interfaces/include/robot_interfaces/robot_interfaces/msg/detail
[0.504s] -- Up-to-date: /home/w/work/moveit2_handeye_calib/install/robot_interfaces/include/robot_interfaces/robot_interfaces/msg/detail/tool_config__struct.h
[0.504s] -- Up-to-date: /home/w/work/moveit2_handeye_calib/install/robot_interfaces/include/robot_interfaces/robot_interfaces/msg/detail/generic_motor_operation__functions.c
[0.504s] -- Up-to-date: /home/w/work/moveit2_handeye_calib/install/robot_interfaces/include/robot_interfaces/robot_interfaces/msg/detail/qt_recv__functions.h
[0.504s] -- Up-to-date: /home/w/work/moveit2_handeye_calib/install/robot_interfaces/include/robot_interfaces/robot_interfaces/msg/detail/tool_config__functions.h
[0.504s] -- Up-to-date: /home/w/work/moveit2_handeye_calib/install/robot_interfaces/include/robot_interfaces/robot_interfaces/msg/detail/state_action__type_support.h
[0.504s] -- Up-to-date: /home/w/work/moveit2_handeye_calib/install/robot_interfaces/include/robot_interfaces/robot_interfaces/msg/detail/gripper_control__struct.h
[0.504s] -- Up-to-date: /home/w/work/moveit2_handeye_calib/install/robot_interfaces/include/robot_interfaces/robot_interfaces/msg/detail/robot_control_msg__functions.h
[0.504s] -- Up-to-date: /home/w/work/moveit2_handeye_calib/install/robot_interfaces/include/robot_interfaces/robot_interfaces/msg/detail/move_c_action__functions.c
[0.504s] -- Up-to-date: /home/w/work/moveit2_handeye_calib/install/robot_interfaces/include/robot_interfaces/robot_interfaces/msg/detail/generic_motor_parameter__functions.h
[0.504s] -- Up-to-date: /home/w/work/moveit2_handeye_calib/install/robot_interfaces/include/robot_interfaces/robot_interfaces/msg/detail/arm_state__type_support.h
[0.504s] -- Up-to-date: /home/w/work/moveit2_handeye_calib/install/robot_interfaces/include/robot_interfaces/robot_interfaces/msg/detail/line_msg__functions.c
[0.504s] -- Up-to-date: /home/w/work/moveit2_handeye_calib/install/robot_interfaces/include/robot_interfaces/robot_interfaces/msg/detail/arm_state__functions.h
[0.504s] -- Up-to-date: /home/w/work/moveit2_handeye_calib/install/robot_interfaces/include/robot_interfaces/robot_interfaces/msg/detail/state_action__functions.h
[0.504s] -- Up-to-date: /home/w/work/moveit2_handeye_calib/install/robot_interfaces/include/robot_interfaces/robot_interfaces/msg/detail/key_pressed_action__functions.c
[0.504s] -- Up-to-date: /home/w/work/moveit2_handeye_calib/install/robot_interfaces/include/robot_interfaces/robot_interfaces/msg/detail/state_action__struct.h
[0.504s] -- Up-to-date: /home/w/work/moveit2_handeye_calib/install/robot_interfaces/include/robot_interfaces/robot_interfaces/msg/detail/generic_motor_operation__functions.h
[0.504s] -- Up-to-date: /home/w/work/moveit2_handeye_calib/install/robot_interfaces/include/robot_interfaces/robot_interfaces/msg/detail/key_pressed_action__functions.h
[0.504s] -- Up-to-date: /home/w/work/moveit2_handeye_calib/install/robot_interfaces/include/robot_interfaces/robot_interfaces/msg/detail/state_action__functions.c
[0.504s] -- Up-to-date: /home/w/work/moveit2_handeye_calib/install/robot_interfaces/include/robot_interfaces/robot_interfaces/msg/detail/arm_state__functions.c
[0.504s] -- Up-to-date: /home/w/work/moveit2_handeye_calib/install/robot_interfaces/include/robot_interfaces/robot_interfaces/msg/detail/generic_motor_parameter__functions.c
[0.504s] -- Up-to-date: /home/w/work/moveit2_handeye_calib/install/robot_interfaces/include/robot_interfaces/robot_interfaces/msg/detail/qt_pub__type_support.h
[0.504s] -- Up-to-date: /home/w/work/moveit2_handeye_calib/install/robot_interfaces/include/robot_interfaces/robot_interfaces/msg/detail/arm_state__struct.h
[0.504s] -- Up-to-date: /home/w/work/moveit2_handeye_calib/install/robot_interfaces/include/robot_interfaces/robot_interfaces/msg/detail/qt_pub__functions.h
[0.504s] -- Up-to-date: /home/w/work/moveit2_handeye_calib/install/robot_interfaces/include/robot_interfaces/robot_interfaces/msg/detail/move_c_action__struct.h
[0.504s] -- Up-to-date: /home/w/work/moveit2_handeye_calib/install/robot_interfaces/include/robot_interfaces/robot_interfaces/msg/detail/gripper_control__functions.h
[0.505s] -- Up-to-date: /home/w/work/moveit2_handeye_calib/install/robot_interfaces/include/robot_interfaces/robot_interfaces/msg/detail/generic_motor_parameter__struct.h
[0.505s] -- Up-to-date: /home/w/work/moveit2_handeye_calib/install/robot_interfaces/include/robot_interfaces/robot_interfaces/msg/detail/qt_recv__functions.c
[0.505s] -- Up-to-date: /home/w/work/moveit2_handeye_calib/install/robot_interfaces/include/robot_interfaces/robot_interfaces/msg/detail/gripper_control__type_support.h
[0.505s] -- Up-to-date: /home/w/work/moveit2_handeye_calib/install/robot_interfaces/include/robot_interfaces/robot_interfaces/msg/detail/line_msg__functions.h
[0.505s] -- Up-to-date: /home/w/work/moveit2_handeye_calib/install/robot_interfaces/include/robot_interfaces/robot_interfaces/msg/detail/qt_pub__functions.c
[0.505s] -- Up-to-date: /home/w/work/moveit2_handeye_calib/install/robot_interfaces/include/robot_interfaces/robot_interfaces/msg/detail/qt_recv__type_support.h
[0.505s] -- Up-to-date: /home/w/work/moveit2_handeye_calib/install/robot_interfaces/include/robot_interfaces/robot_interfaces/msg/detail/robot_control_msg__struct.h
[0.505s] -- Up-to-date: /home/w/work/moveit2_handeye_calib/install/robot_interfaces/include/robot_interfaces/robot_interfaces/msg/detail/qt_recv__struct.h
[0.505s] -- Up-to-date: /home/w/work/moveit2_handeye_calib/install/robot_interfaces/include/robot_interfaces/robot_interfaces/msg/detail/line_msg__type_support.h
[0.505s] -- Up-to-date: /home/w/work/moveit2_handeye_calib/install/robot_interfaces/include/robot_interfaces/robot_interfaces/msg/detail/gripper_control__functions.c
[0.505s] -- Up-to-date: /home/w/work/moveit2_handeye_calib/install/robot_interfaces/include/robot_interfaces/robot_interfaces/msg/detail/move_c_action__functions.h
[0.505s] -- Up-to-date: /home/w/work/moveit2_handeye_calib/install/robot_interfaces/include/robot_interfaces/robot_interfaces/msg/detail/line_msg__struct.h
[0.505s] -- Up-to-date: /home/w/work/moveit2_handeye_calib/install/robot_interfaces/include/robot_interfaces/robot_interfaces/msg/detail/move_c_action__type_support.h
[0.505s] -- Up-to-date: /home/w/work/moveit2_handeye_calib/install/robot_interfaces/include/robot_interfaces/robot_interfaces/msg/detail/generic_motor_parameter__type_support.h
[0.505s] -- Up-to-date: /home/w/work/moveit2_handeye_calib/install/robot_interfaces/include/robot_interfaces/robot_interfaces/msg/detail/key_pressed_action__struct.h
[0.505s] -- Up-to-date: /home/w/work/moveit2_handeye_calib/install/robot_interfaces/include/robot_interfaces/robot_interfaces/msg/detail/qt_pub__struct.h
[0.505s] -- Up-to-date: /home/w/work/moveit2_handeye_calib/install/robot_interfaces/include/robot_interfaces/robot_interfaces/msg/detail/robot_control_msg__functions.c
[0.505s] -- Up-to-date: /home/w/work/moveit2_handeye_calib/install/robot_interfaces/include/robot_interfaces/robot_interfaces/msg/detail/motor_fdb__type_support.h
[0.505s] -- Up-to-date: /home/w/work/moveit2_handeye_calib/install/robot_interfaces/include/robot_interfaces/robot_interfaces/msg/detail/generic_motor_operation__type_support.h
[0.505s] -- Up-to-date: /home/w/work/moveit2_handeye_calib/install/robot_interfaces/include/robot_interfaces/robot_interfaces/msg/detail/motor_fdb__functions.h
[0.505s] -- Up-to-date: /home/w/work/moveit2_handeye_calib/install/robot_interfaces/include/robot_interfaces/robot_interfaces/msg/detail/tool_config__functions.c
[0.505s] -- Up-to-date: /home/w/work/moveit2_handeye_calib/install/robot_interfaces/include/robot_interfaces/robot_interfaces/msg/detail/robot_control_msg__type_support.h
[0.505s] -- Up-to-date: /home/w/work/moveit2_handeye_calib/install/robot_interfaces/include/robot_interfaces/robot_interfaces/msg/detail/motor_fdb__struct.h
[0.506s] -- Up-to-date: /home/w/work/moveit2_handeye_calib/install/robot_interfaces/include/robot_interfaces/robot_interfaces/msg/detail/motor_fdb__functions.c
[0.506s] -- Up-to-date: /home/w/work/moveit2_handeye_calib/install/robot_interfaces/include/robot_interfaces/robot_interfaces/msg/detail/tool_config__type_support.h
[0.506s] -- Up-to-date: /home/w/work/moveit2_handeye_calib/install/robot_interfaces/include/robot_interfaces/robot_interfaces/msg/detail/key_pressed_action__type_support.h
[0.506s] -- Up-to-date: /home/w/work/moveit2_handeye_calib/install/robot_interfaces/include/robot_interfaces/robot_interfaces/msg/detail/generic_motor_operation__struct.h
[0.506s] -- Up-to-date: /home/w/work/moveit2_handeye_calib/install/robot_interfaces/include/robot_interfaces/robot_interfaces/msg/rosidl_generator_c__visibility_control.h
[0.506s] -- Up-to-date: /home/w/work/moveit2_handeye_calib/install/robot_interfaces/include/robot_interfaces/robot_interfaces/msg/arm_state.h
[0.506s] -- Up-to-date: /home/w/work/moveit2_handeye_calib/install/robot_interfaces/include/robot_interfaces/robot_interfaces/msg/state_action.h
[0.506s] -- Up-to-date: /home/w/work/moveit2_handeye_calib/install/robot_interfaces/include/robot_interfaces/robot_interfaces/msg/robot_control_msg.h
[0.506s] -- Up-to-date: /home/w/work/moveit2_handeye_calib/install/robot_interfaces/share/robot_interfaces/environment/library_path.sh
[0.506s] -- Up-to-date: /home/w/work/moveit2_handeye_calib/install/robot_interfaces/share/robot_interfaces/environment/library_path.dsv
[0.506s] -- Up-to-date: /home/w/work/moveit2_handeye_calib/install/robot_interfaces/lib/librobot_interfaces__rosidl_generator_c.so
[0.506s] -- Up-to-date: /home/w/work/moveit2_handeye_calib/install/robot_interfaces/include/robot_interfaces/robot_interfaces
[0.506s] -- Up-to-date: /home/w/work/moveit2_handeye_calib/install/robot_interfaces/include/robot_interfaces/robot_interfaces/srv
[0.506s] -- Up-to-date: /home/w/work/moveit2_handeye_calib/install/robot_interfaces/include/robot_interfaces/robot_interfaces/srv/detail
[0.506s] -- Up-to-date: /home/w/work/moveit2_handeye_calib/install/robot_interfaces/include/robot_interfaces/robot_interfaces/srv/detail/sdk_recv__rosidl_typesupport_fastrtps_c.h
[0.506s] -- Up-to-date: /home/w/work/moveit2_handeye_calib/install/robot_interfaces/include/robot_interfaces/robot_interfaces/srv/detail/compute_gravity__rosidl_typesupport_fastrtps_c.h
[0.506s] -- Up-to-date: /home/w/work/moveit2_handeye_calib/install/robot_interfaces/include/robot_interfaces/robot_interfaces/msg
[0.506s] -- Up-to-date: /home/w/work/moveit2_handeye_calib/install/robot_interfaces/include/robot_interfaces/robot_interfaces/msg/rosidl_typesupport_fastrtps_c__visibility_control.h
[0.506s] -- Up-to-date: /home/w/work/moveit2_handeye_calib/install/robot_interfaces/include/robot_interfaces/robot_interfaces/msg/detail
[0.506s] -- Up-to-date: /home/w/work/moveit2_handeye_calib/install/robot_interfaces/include/robot_interfaces/robot_interfaces/msg/detail/state_action__rosidl_typesupport_fastrtps_c.h
[0.506s] -- Up-to-date: /home/w/work/moveit2_handeye_calib/install/robot_interfaces/include/robot_interfaces/robot_interfaces/msg/detail/motor_fdb__rosidl_typesupport_fastrtps_c.h
[0.507s] -- Up-to-date: /home/w/work/moveit2_handeye_calib/install/robot_interfaces/include/robot_interfaces/robot_interfaces/msg/detail/key_pressed_action__rosidl_typesupport_fastrtps_c.h
[0.507s] -- Up-to-date: /home/w/work/moveit2_handeye_calib/install/robot_interfaces/include/robot_interfaces/robot_interfaces/msg/detail/qt_pub__rosidl_typesupport_fastrtps_c.h
[0.507s] -- Up-to-date: /home/w/work/moveit2_handeye_calib/install/robot_interfaces/include/robot_interfaces/robot_interfaces/msg/detail/line_msg__rosidl_typesupport_fastrtps_c.h
[0.507s] -- Up-to-date: /home/w/work/moveit2_handeye_calib/install/robot_interfaces/include/robot_interfaces/robot_interfaces/msg/detail/robot_control_msg__rosidl_typesupport_fastrtps_c.h
[0.507s] -- Up-to-date: /home/w/work/moveit2_handeye_calib/install/robot_interfaces/include/robot_interfaces/robot_interfaces/msg/detail/tool_config__rosidl_typesupport_fastrtps_c.h
[0.507s] -- Up-to-date: /home/w/work/moveit2_handeye_calib/install/robot_interfaces/include/robot_interfaces/robot_interfaces/msg/detail/generic_motor_parameter__rosidl_typesupport_fastrtps_c.h
[0.507s] -- Up-to-date: /home/w/work/moveit2_handeye_calib/install/robot_interfaces/include/robot_interfaces/robot_interfaces/msg/detail/move_c_action__rosidl_typesupport_fastrtps_c.h
[0.507s] -- Up-to-date: /home/w/work/moveit2_handeye_calib/install/robot_interfaces/include/robot_interfaces/robot_interfaces/msg/detail/arm_state__rosidl_typesupport_fastrtps_c.h
[0.507s] -- Up-to-date: /home/w/work/moveit2_handeye_calib/install/robot_interfaces/include/robot_interfaces/robot_interfaces/msg/detail/generic_motor_operation__rosidl_typesupport_fastrtps_c.h
[0.507s] -- Up-to-date: /home/w/work/moveit2_handeye_calib/install/robot_interfaces/include/robot_interfaces/robot_interfaces/msg/detail/gripper_control__rosidl_typesupport_fastrtps_c.h
[0.507s] -- Up-to-date: /home/w/work/moveit2_handeye_calib/install/robot_interfaces/include/robot_interfaces/robot_interfaces/msg/detail/qt_recv__rosidl_typesupport_fastrtps_c.h
[0.507s] -- Up-to-date: /home/w/work/moveit2_handeye_calib/install/robot_interfaces/lib/librobot_interfaces__rosidl_typesupport_fastrtps_c.so
[0.507s] -- Up-to-date: /home/w/work/moveit2_handeye_calib/install/robot_interfaces/include/robot_interfaces/robot_interfaces
[0.507s] -- Up-to-date: /home/w/work/moveit2_handeye_calib/install/robot_interfaces/include/robot_interfaces/robot_interfaces/srv
[0.507s] -- Up-to-date: /home/w/work/moveit2_handeye_calib/install/robot_interfaces/include/robot_interfaces/robot_interfaces/srv/detail
[0.507s] -- Up-to-date: /home/w/work/moveit2_handeye_calib/install/robot_interfaces/include/robot_interfaces/robot_interfaces/srv/detail/sdk_recv__rosidl_typesupport_introspection_c.h
[0.507s] -- Up-to-date: /home/w/work/moveit2_handeye_calib/install/robot_interfaces/include/robot_interfaces/robot_interfaces/srv/detail/compute_gravity__type_support.c
[0.507s] -- Up-to-date: /home/w/work/moveit2_handeye_calib/install/robot_interfaces/include/robot_interfaces/robot_interfaces/srv/detail/compute_gravity__rosidl_typesupport_introspection_c.h
[0.507s] -- Up-to-date: /home/w/work/moveit2_handeye_calib/install/robot_interfaces/include/robot_interfaces/robot_interfaces/srv/detail/sdk_recv__type_support.c
[0.507s] -- Up-to-date: /home/w/work/moveit2_handeye_calib/install/robot_interfaces/include/robot_interfaces/robot_interfaces/msg
[0.507s] -- Up-to-date: /home/w/work/moveit2_handeye_calib/install/robot_interfaces/include/robot_interfaces/robot_interfaces/msg/detail
[0.507s] -- Up-to-date: /home/w/work/moveit2_handeye_calib/install/robot_interfaces/include/robot_interfaces/robot_interfaces/msg/detail/qt_recv__type_support.c
[0.507s] -- Up-to-date: /home/w/work/moveit2_handeye_calib/install/robot_interfaces/include/robot_interfaces/robot_interfaces/msg/detail/move_c_action__type_support.c
[0.507s] -- Up-to-date: /home/w/work/moveit2_handeye_calib/install/robot_interfaces/include/robot_interfaces/robot_interfaces/msg/detail/arm_state__rosidl_typesupport_introspection_c.h
[0.507s] -- Up-to-date: /home/w/work/moveit2_handeye_calib/install/robot_interfaces/include/robot_interfaces/robot_interfaces/msg/detail/move_c_action__rosidl_typesupport_introspection_c.h
[0.507s] -- Up-to-date: /home/w/work/moveit2_handeye_calib/install/robot_interfaces/include/robot_interfaces/robot_interfaces/msg/detail/generic_motor_operation__rosidl_typesupport_introspection_c.h
[0.507s] -- Up-to-date: /home/w/work/moveit2_handeye_calib/install/robot_interfaces/include/robot_interfaces/robot_interfaces/msg/detail/motor_fdb__type_support.c
[0.507s] -- Up-to-date: /home/w/work/moveit2_handeye_calib/install/robot_interfaces/include/robot_interfaces/robot_interfaces/msg/detail/line_msg__type_support.c
[0.507s] -- Up-to-date: /home/w/work/moveit2_handeye_calib/install/robot_interfaces/include/robot_interfaces/robot_interfaces/msg/detail/tool_config__type_support.c
[0.507s] -- Up-to-date: /home/w/work/moveit2_handeye_calib/install/robot_interfaces/include/robot_interfaces/robot_interfaces/msg/detail/line_msg__rosidl_typesupport_introspection_c.h
[0.508s] -- Up-to-date: /home/w/work/moveit2_handeye_calib/install/robot_interfaces/include/robot_interfaces/robot_interfaces/msg/detail/qt_pub__type_support.c
[0.508s] -- Up-to-date: /home/w/work/moveit2_handeye_calib/install/robot_interfaces/include/robot_interfaces/robot_interfaces/msg/detail/key_pressed_action__rosidl_typesupport_introspection_c.h
[0.508s] -- Up-to-date: /home/w/work/moveit2_handeye_calib/install/robot_interfaces/include/robot_interfaces/robot_interfaces/msg/detail/state_action__type_support.c
[0.508s] -- Up-to-date: /home/w/work/moveit2_handeye_calib/install/robot_interfaces/include/robot_interfaces/robot_interfaces/msg/detail/robot_control_msg__rosidl_typesupport_introspection_c.h
[0.508s] -- Up-to-date: /home/w/work/moveit2_handeye_calib/install/robot_interfaces/include/robot_interfaces/robot_interfaces/msg/detail/generic_motor_parameter__type_support.c
[0.508s] -- Up-to-date: /home/w/work/moveit2_handeye_calib/install/robot_interfaces/include/robot_interfaces/robot_interfaces/msg/detail/key_pressed_action__type_support.c
[0.508s] -- Up-to-date: /home/w/work/moveit2_handeye_calib/install/robot_interfaces/include/robot_interfaces/robot_interfaces/msg/detail/qt_recv__rosidl_typesupport_introspection_c.h
[0.508s] -- Up-to-date: /home/w/work/moveit2_handeye_calib/install/robot_interfaces/include/robot_interfaces/robot_interfaces/msg/detail/gripper_control__type_support.c
[0.508s] -- Up-to-date: /home/w/work/moveit2_handeye_calib/install/robot_interfaces/include/robot_interfaces/robot_interfaces/msg/detail/tool_config__rosidl_typesupport_introspection_c.h
[0.508s] -- Up-to-date: /home/w/work/moveit2_handeye_calib/install/robot_interfaces/include/robot_interfaces/robot_interfaces/msg/detail/generic_motor_parameter__rosidl_typesupport_introspection_c.h
[0.508s] -- Up-to-date: /home/w/work/moveit2_handeye_calib/install/robot_interfaces/include/robot_interfaces/robot_interfaces/msg/detail/arm_state__type_support.c
[0.508s] -- Up-to-date: /home/w/work/moveit2_handeye_calib/install/robot_interfaces/include/robot_interfaces/robot_interfaces/msg/detail/state_action__rosidl_typesupport_introspection_c.h
[0.508s] -- Up-to-date: /home/w/work/moveit2_handeye_calib/install/robot_interfaces/include/robot_interfaces/robot_interfaces/msg/detail/motor_fdb__rosidl_typesupport_introspection_c.h
[0.508s] -- Up-to-date: /home/w/work/moveit2_handeye_calib/install/robot_interfaces/include/robot_interfaces/robot_interfaces/msg/detail/gripper_control__rosidl_typesupport_introspection_c.h
[0.508s] -- Up-to-date: /home/w/work/moveit2_handeye_calib/install/robot_interfaces/include/robot_interfaces/robot_interfaces/msg/detail/generic_motor_operation__type_support.c
[0.509s] -- Up-to-date: /home/w/work/moveit2_handeye_calib/install/robot_interfaces/include/robot_interfaces/robot_interfaces/msg/detail/qt_pub__rosidl_typesupport_introspection_c.h
[0.509s] -- Up-to-date: /home/w/work/moveit2_handeye_calib/install/robot_interfaces/include/robot_interfaces/robot_interfaces/msg/detail/robot_control_msg__type_support.c
[0.509s] -- Up-to-date: /home/w/work/moveit2_handeye_calib/install/robot_interfaces/include/robot_interfaces/robot_interfaces/msg/rosidl_typesupport_introspection_c__visibility_control.h
[0.509s] -- Up-to-date: /home/w/work/moveit2_handeye_calib/install/robot_interfaces/lib/librobot_interfaces__rosidl_typesupport_introspection_c.so
[0.509s] -- Up-to-date: /home/w/work/moveit2_handeye_calib/install/robot_interfaces/lib/librobot_interfaces__rosidl_typesupport_c.so
[0.509s] -- Up-to-date: /home/w/work/moveit2_handeye_calib/install/robot_interfaces/include/robot_interfaces/robot_interfaces
[0.509s] -- Up-to-date: /home/w/work/moveit2_handeye_calib/install/robot_interfaces/include/robot_interfaces/robot_interfaces/srv
[0.509s] -- Up-to-date: /home/w/work/moveit2_handeye_calib/install/robot_interfaces/include/robot_interfaces/robot_interfaces/srv/sdk_recv.hpp
[0.509s] -- Up-to-date: /home/w/work/moveit2_handeye_calib/install/robot_interfaces/include/robot_interfaces/robot_interfaces/srv/detail
[0.509s] -- Up-to-date: /home/w/work/moveit2_handeye_calib/install/robot_interfaces/include/robot_interfaces/robot_interfaces/srv/detail/sdk_recv__struct.hpp
[0.509s] -- Up-to-date: /home/w/work/moveit2_handeye_calib/install/robot_interfaces/include/robot_interfaces/robot_interfaces/srv/detail/compute_gravity__struct.hpp
[0.509s] -- Up-to-date: /home/w/work/moveit2_handeye_calib/install/robot_interfaces/include/robot_interfaces/robot_interfaces/srv/detail/sdk_recv__traits.hpp
[0.509s] -- Up-to-date: /home/w/work/moveit2_handeye_calib/install/robot_interfaces/include/robot_interfaces/robot_interfaces/srv/detail/compute_gravity__traits.hpp
[0.509s] -- Up-to-date: /home/w/work/moveit2_handeye_calib/install/robot_interfaces/include/robot_interfaces/robot_interfaces/srv/detail/compute_gravity__builder.hpp
[0.509s] -- Up-to-date: /home/w/work/moveit2_handeye_calib/install/robot_interfaces/include/robot_interfaces/robot_interfaces/srv/detail/compute_gravity__type_support.hpp
[0.509s] -- Up-to-date: /home/w/work/moveit2_handeye_calib/install/robot_interfaces/include/robot_interfaces/robot_interfaces/srv/detail/sdk_recv__type_support.hpp
[0.509s] -- Up-to-date: /home/w/work/moveit2_handeye_calib/install/robot_interfaces/include/robot_interfaces/robot_interfaces/srv/detail/sdk_recv__builder.hpp
[0.509s] -- Up-to-date: /home/w/work/moveit2_handeye_calib/install/robot_interfaces/include/robot_interfaces/robot_interfaces/srv/compute_gravity.hpp
[0.509s] -- Up-to-date: /home/w/work/moveit2_handeye_calib/install/robot_interfaces/include/robot_interfaces/robot_interfaces/msg
[0.509s] -- Up-to-date: /home/w/work/moveit2_handeye_calib/install/robot_interfaces/include/robot_interfaces/robot_interfaces/msg/arm_state.hpp
[0.509s] -- Up-to-date: /home/w/work/moveit2_handeye_calib/install/robot_interfaces/include/robot_interfaces/robot_interfaces/msg/motor_fdb.hpp
[0.509s] -- Up-to-date: /home/w/work/moveit2_handeye_calib/install/robot_interfaces/include/robot_interfaces/robot_interfaces/msg/generic_motor_operation.hpp
[0.509s] -- Up-to-date: /home/w/work/moveit2_handeye_calib/install/robot_interfaces/include/robot_interfaces/robot_interfaces/msg/line_msg.hpp
[0.509s] -- Up-to-date: /home/w/work/moveit2_handeye_calib/install/robot_interfaces/include/robot_interfaces/robot_interfaces/msg/key_pressed_action.hpp
[0.509s] -- Up-to-date: /home/w/work/moveit2_handeye_calib/install/robot_interfaces/include/robot_interfaces/robot_interfaces/msg/move_c_action.hpp
[0.509s] -- Up-to-date: /home/w/work/moveit2_handeye_calib/install/robot_interfaces/include/robot_interfaces/robot_interfaces/msg/detail
[0.509s] -- Up-to-date: /home/w/work/moveit2_handeye_calib/install/robot_interfaces/include/robot_interfaces/robot_interfaces/msg/detail/tool_config__builder.hpp
[0.509s] -- Up-to-date: /home/w/work/moveit2_handeye_calib/install/robot_interfaces/include/robot_interfaces/robot_interfaces/msg/detail/generic_motor_parameter__builder.hpp
[0.509s] -- Up-to-date: /home/w/work/moveit2_handeye_calib/install/robot_interfaces/include/robot_interfaces/robot_interfaces/msg/detail/state_action__struct.hpp
[0.509s] -- Up-to-date: /home/w/work/moveit2_handeye_calib/install/robot_interfaces/include/robot_interfaces/robot_interfaces/msg/detail/move_c_action__traits.hpp
[0.509s] -- Up-to-date: /home/w/work/moveit2_handeye_calib/install/robot_interfaces/include/robot_interfaces/robot_interfaces/msg/detail/qt_pub__type_support.hpp
[0.510s] -- Up-to-date: /home/w/work/moveit2_handeye_calib/install/robot_interfaces/include/robot_interfaces/robot_interfaces/msg/detail/motor_fdb__type_support.hpp
[0.510s] -- Up-to-date: /home/w/work/moveit2_handeye_calib/install/robot_interfaces/include/robot_interfaces/robot_interfaces/msg/detail/generic_motor_operation__traits.hpp
[0.510s] -- Up-to-date: /home/w/work/moveit2_handeye_calib/install/robot_interfaces/include/robot_interfaces/robot_interfaces/msg/detail/robot_control_msg__traits.hpp
[0.510s] -- Up-to-date: /home/w/work/moveit2_handeye_calib/install/robot_interfaces/include/robot_interfaces/robot_interfaces/msg/detail/key_pressed_action__builder.hpp
[0.510s] -- Up-to-date: /home/w/work/moveit2_handeye_calib/install/robot_interfaces/include/robot_interfaces/robot_interfaces/msg/detail/arm_state__builder.hpp
[0.510s] -- Up-to-date: /home/w/work/moveit2_handeye_calib/install/robot_interfaces/include/robot_interfaces/robot_interfaces/msg/detail/key_pressed_action__traits.hpp
[0.510s] -- Up-to-date: /home/w/work/moveit2_handeye_calib/install/robot_interfaces/include/robot_interfaces/robot_interfaces/msg/detail/state_action__traits.hpp
[0.510s] -- Up-to-date: /home/w/work/moveit2_handeye_calib/install/robot_interfaces/include/robot_interfaces/robot_interfaces/msg/detail/qt_recv__struct.hpp
[0.510s] -- Up-to-date: /home/w/work/moveit2_handeye_calib/install/robot_interfaces/include/robot_interfaces/robot_interfaces/msg/detail/gripper_control__traits.hpp
[0.510s] -- Up-to-date: /home/w/work/moveit2_handeye_calib/install/robot_interfaces/include/robot_interfaces/robot_interfaces/msg/detail/robot_control_msg__type_support.hpp
[0.510s] -- Up-to-date: /home/w/work/moveit2_handeye_calib/install/robot_interfaces/include/robot_interfaces/robot_interfaces/msg/detail/arm_state__traits.hpp
[0.510s] -- Up-to-date: /home/w/work/moveit2_handeye_calib/install/robot_interfaces/include/robot_interfaces/robot_interfaces/msg/detail/qt_pub__struct.hpp
[0.510s] -- Up-to-date: /home/w/work/moveit2_handeye_calib/install/robot_interfaces/include/robot_interfaces/robot_interfaces/msg/detail/move_c_action__struct.hpp
[0.510s] -- Up-to-date: /home/w/work/moveit2_handeye_calib/install/robot_interfaces/include/robot_interfaces/robot_interfaces/msg/detail/qt_recv__traits.hpp
[0.510s] -- Up-to-date: /home/w/work/moveit2_handeye_calib/install/robot_interfaces/include/robot_interfaces/robot_interfaces/msg/detail/line_msg__builder.hpp
[0.510s] -- Up-to-date: /home/w/work/moveit2_handeye_calib/install/robot_interfaces/include/robot_interfaces/robot_interfaces/msg/detail/state_action__builder.hpp
[0.510s] -- Up-to-date: /home/w/work/moveit2_handeye_calib/install/robot_interfaces/include/robot_interfaces/robot_interfaces/msg/detail/generic_motor_operation__builder.hpp
[0.510s] -- Up-to-date: /home/w/work/moveit2_handeye_calib/install/robot_interfaces/include/robot_interfaces/robot_interfaces/msg/detail/move_c_action__builder.hpp
[0.510s] -- Up-to-date: /home/w/work/moveit2_handeye_calib/install/robot_interfaces/include/robot_interfaces/robot_interfaces/msg/detail/qt_pub__builder.hpp
[0.510s] -- Up-to-date: /home/w/work/moveit2_handeye_calib/install/robot_interfaces/include/robot_interfaces/robot_interfaces/msg/detail/key_pressed_action__struct.hpp
[0.510s] -- Up-to-date: /home/w/work/moveit2_handeye_calib/install/robot_interfaces/include/robot_interfaces/robot_interfaces/msg/detail/motor_fdb__struct.hpp
[0.510s] -- Up-to-date: /home/w/work/moveit2_handeye_calib/install/robot_interfaces/include/robot_interfaces/robot_interfaces/msg/detail/arm_state__type_support.hpp
[0.510s] -- Up-to-date: /home/w/work/moveit2_handeye_calib/install/robot_interfaces/include/robot_interfaces/robot_interfaces/msg/detail/robot_control_msg__struct.hpp
[0.511s] -- Up-to-date: /home/w/work/moveit2_handeye_calib/install/robot_interfaces/include/robot_interfaces/robot_interfaces/msg/detail/generic_motor_parameter__traits.hpp
[0.511s] -- Up-to-date: /home/w/work/moveit2_handeye_calib/install/robot_interfaces/include/robot_interfaces/robot_interfaces/msg/detail/generic_motor_parameter__type_support.hpp
[0.511s] -- Up-to-date: /home/w/work/moveit2_handeye_calib/install/robot_interfaces/include/robot_interfaces/robot_interfaces/msg/detail/motor_fdb__traits.hpp
[0.511s] -- Up-to-date: /home/w/work/moveit2_handeye_calib/install/robot_interfaces/include/robot_interfaces/robot_interfaces/msg/detail/motor_fdb__builder.hpp
[0.511s] -- Up-to-date: /home/w/work/moveit2_handeye_calib/install/robot_interfaces/include/robot_interfaces/robot_interfaces/msg/detail/line_msg__traits.hpp
[0.511s] -- Up-to-date: /home/w/work/moveit2_handeye_calib/install/robot_interfaces/include/robot_interfaces/robot_interfaces/msg/detail/gripper_control__type_support.hpp
[0.511s] -- Up-to-date: /home/w/work/moveit2_handeye_calib/install/robot_interfaces/include/robot_interfaces/robot_interfaces/msg/detail/qt_pub__traits.hpp
[0.511s] -- Up-to-date: /home/w/work/moveit2_handeye_calib/install/robot_interfaces/include/robot_interfaces/robot_interfaces/msg/detail/tool_config__struct.hpp
[0.511s] -- Up-to-date: /home/w/work/moveit2_handeye_calib/install/robot_interfaces/include/robot_interfaces/robot_interfaces/msg/detail/line_msg__type_support.hpp
[0.511s] -- Up-to-date: /home/w/work/moveit2_handeye_calib/install/robot_interfaces/include/robot_interfaces/robot_interfaces/msg/detail/tool_config__traits.hpp
[0.511s] -- Up-to-date: /home/w/work/moveit2_handeye_calib/install/robot_interfaces/include/robot_interfaces/robot_interfaces/msg/detail/qt_recv__type_support.hpp
[0.511s] -- Up-to-date: /home/w/work/moveit2_handeye_calib/install/robot_interfaces/include/robot_interfaces/robot_interfaces/msg/detail/gripper_control__struct.hpp
[0.511s] -- Up-to-date: /home/w/work/moveit2_handeye_calib/install/robot_interfaces/include/robot_interfaces/robot_interfaces/msg/detail/generic_motor_parameter__struct.hpp
[0.511s] -- Up-to-date: /home/w/work/moveit2_handeye_calib/install/robot_interfaces/include/robot_interfaces/robot_interfaces/msg/detail/tool_config__type_support.hpp
[0.511s] -- Up-to-date: /home/w/work/moveit2_handeye_calib/install/robot_interfaces/include/robot_interfaces/robot_interfaces/msg/detail/line_msg__struct.hpp
[0.511s] -- Up-to-date: /home/w/work/moveit2_handeye_calib/install/robot_interfaces/include/robot_interfaces/robot_interfaces/msg/detail/qt_recv__builder.hpp
[0.511s] -- Up-to-date: /home/w/work/moveit2_handeye_calib/install/robot_interfaces/include/robot_interfaces/robot_interfaces/msg/detail/robot_control_msg__builder.hpp
[0.511s] -- Up-to-date: /home/w/work/moveit2_handeye_calib/install/robot_interfaces/include/robot_interfaces/robot_interfaces/msg/detail/arm_state__struct.hpp
[0.511s] -- Up-to-date: /home/w/work/moveit2_handeye_calib/install/robot_interfaces/include/robot_interfaces/robot_interfaces/msg/detail/move_c_action__type_support.hpp
[0.511s] -- Up-to-date: /home/w/work/moveit2_handeye_calib/install/robot_interfaces/include/robot_interfaces/robot_interfaces/msg/detail/gripper_control__builder.hpp
[0.511s] -- Up-to-date: /home/w/work/moveit2_handeye_calib/install/robot_interfaces/include/robot_interfaces/robot_interfaces/msg/detail/generic_motor_operation__struct.hpp
[0.511s] -- Up-to-date: /home/w/work/moveit2_handeye_calib/install/robot_interfaces/include/robot_interfaces/robot_interfaces/msg/detail/generic_motor_operation__type_support.hpp
[0.511s] -- Up-to-date: /home/w/work/moveit2_handeye_calib/install/robot_interfaces/include/robot_interfaces/robot_interfaces/msg/detail/state_action__type_support.hpp
[0.511s] -- Up-to-date: /home/w/work/moveit2_handeye_calib/install/robot_interfaces/include/robot_interfaces/robot_interfaces/msg/detail/key_pressed_action__type_support.hpp
[0.511s] -- Up-to-date: /home/w/work/moveit2_handeye_calib/install/robot_interfaces/include/robot_interfaces/robot_interfaces/msg/rosidl_generator_cpp__visibility_control.hpp
[0.511s] -- Up-to-date: /home/w/work/moveit2_handeye_calib/install/robot_interfaces/include/robot_interfaces/robot_interfaces/msg/qt_pub.hpp
[0.511s] -- Up-to-date: /home/w/work/moveit2_handeye_calib/install/robot_interfaces/include/robot_interfaces/robot_interfaces/msg/gripper_control.hpp
[0.512s] -- Up-to-date: /home/w/work/moveit2_handeye_calib/install/robot_interfaces/include/robot_interfaces/robot_interfaces/msg/generic_motor_parameter.hpp
[0.512s] -- Up-to-date: /home/w/work/moveit2_handeye_calib/install/robot_interfaces/include/robot_interfaces/robot_interfaces/msg/robot_control_msg.hpp
[0.512s] -- Up-to-date: /home/w/work/moveit2_handeye_calib/install/robot_interfaces/include/robot_interfaces/robot_interfaces/msg/qt_recv.hpp
[0.512s] -- Up-to-date: /home/w/work/moveit2_handeye_calib/install/robot_interfaces/include/robot_interfaces/robot_interfaces/msg/tool_config.hpp
[0.512s] -- Up-to-date: /home/w/work/moveit2_handeye_calib/install/robot_interfaces/include/robot_interfaces/robot_interfaces/msg/state_action.hpp
[0.512s] -- Up-to-date: /home/w/work/moveit2_handeye_calib/install/robot_interfaces/include/robot_interfaces/robot_interfaces
[0.512s] -- Up-to-date: /home/w/work/moveit2_handeye_calib/install/robot_interfaces/include/robot_interfaces/robot_interfaces/srv
[0.512s] -- Up-to-date: /home/w/work/moveit2_handeye_calib/install/robot_interfaces/include/robot_interfaces/robot_interfaces/srv/detail
[0.512s] -- Up-to-date: /home/w/work/moveit2_handeye_calib/install/robot_interfaces/include/robot_interfaces/robot_interfaces/srv/detail/dds_fastrtps
[0.512s] -- Up-to-date: /home/w/work/moveit2_handeye_calib/install/robot_interfaces/include/robot_interfaces/robot_interfaces/srv/detail/compute_gravity__rosidl_typesupport_fastrtps_cpp.hpp
[0.512s] -- Up-to-date: /home/w/work/moveit2_handeye_calib/install/robot_interfaces/include/robot_interfaces/robot_interfaces/srv/detail/sdk_recv__rosidl_typesupport_fastrtps_cpp.hpp
[0.512s] -- Up-to-date: /home/w/work/moveit2_handeye_calib/install/robot_interfaces/include/robot_interfaces/robot_interfaces/msg
[0.512s] -- Up-to-date: /home/w/work/moveit2_handeye_calib/install/robot_interfaces/include/robot_interfaces/robot_interfaces/msg/rosidl_typesupport_fastrtps_cpp__visibility_control.h
[0.512s] -- Up-to-date: /home/w/work/moveit2_handeye_calib/install/robot_interfaces/include/robot_interfaces/robot_interfaces/msg/detail
[0.512s] -- Up-to-date: /home/w/work/moveit2_handeye_calib/install/robot_interfaces/include/robot_interfaces/robot_interfaces/msg/detail/motor_fdb__rosidl_typesupport_fastrtps_cpp.hpp
[0.512s] -- Up-to-date: /home/w/work/moveit2_handeye_calib/install/robot_interfaces/include/robot_interfaces/robot_interfaces/msg/detail/dds_fastrtps
[0.512s] -- Up-to-date: /home/w/work/moveit2_handeye_calib/install/robot_interfaces/include/robot_interfaces/robot_interfaces/msg/detail/qt_pub__rosidl_typesupport_fastrtps_cpp.hpp
[0.512s] -- Up-to-date: /home/w/work/moveit2_handeye_calib/install/robot_interfaces/include/robot_interfaces/robot_interfaces/msg/detail/key_pressed_action__rosidl_typesupport_fastrtps_cpp.hpp
[0.512s] -- Up-to-date: /home/w/work/moveit2_handeye_calib/install/robot_interfaces/include/robot_interfaces/robot_interfaces/msg/detail/state_action__rosidl_typesupport_fastrtps_cpp.hpp
[0.512s] -- Up-to-date: /home/w/work/moveit2_handeye_calib/install/robot_interfaces/include/robot_interfaces/robot_interfaces/msg/detail/move_c_action__rosidl_typesupport_fastrtps_cpp.hpp
[0.512s] -- Up-to-date: /home/w/work/moveit2_handeye_calib/install/robot_interfaces/include/robot_interfaces/robot_interfaces/msg/detail/arm_state__rosidl_typesupport_fastrtps_cpp.hpp
[0.512s] -- Up-to-date: /home/w/work/moveit2_handeye_calib/install/robot_interfaces/include/robot_interfaces/robot_interfaces/msg/detail/robot_control_msg__rosidl_typesupport_fastrtps_cpp.hpp
[0.512s] -- Up-to-date: /home/w/work/moveit2_handeye_calib/install/robot_interfaces/include/robot_interfaces/robot_interfaces/msg/detail/qt_recv__rosidl_typesupport_fastrtps_cpp.hpp
[0.512s] -- Up-to-date: /home/w/work/moveit2_handeye_calib/install/robot_interfaces/include/robot_interfaces/robot_interfaces/msg/detail/gripper_control__rosidl_typesupport_fastrtps_cpp.hpp
[0.512s] -- Up-to-date: /home/w/work/moveit2_handeye_calib/install/robot_interfaces/include/robot_interfaces/robot_interfaces/msg/detail/generic_motor_parameter__rosidl_typesupport_fastrtps_cpp.hpp
[0.512s] -- Up-to-date: /home/w/work/moveit2_handeye_calib/install/robot_interfaces/include/robot_interfaces/robot_interfaces/msg/detail/generic_motor_operation__rosidl_typesupport_fastrtps_cpp.hpp
[0.513s] -- Up-to-date: /home/w/work/moveit2_handeye_calib/install/robot_interfaces/include/robot_interfaces/robot_interfaces/msg/detail/line_msg__rosidl_typesupport_fastrtps_cpp.hpp
[0.513s] -- Up-to-date: /home/w/work/moveit2_handeye_calib/install/robot_interfaces/include/robot_interfaces/robot_interfaces/msg/detail/tool_config__rosidl_typesupport_fastrtps_cpp.hpp
[0.513s] -- Up-to-date: /home/w/work/moveit2_handeye_calib/install/robot_interfaces/lib/librobot_interfaces__rosidl_typesupport_fastrtps_cpp.so
[0.513s] -- Up-to-date: /home/w/work/moveit2_handeye_calib/install/robot_interfaces/include/robot_interfaces/robot_interfaces
[0.513s] -- Up-to-date: /home/w/work/moveit2_handeye_calib/install/robot_interfaces/include/robot_interfaces/robot_interfaces/srv
[0.513s] -- Up-to-date: /home/w/work/moveit2_handeye_calib/install/robot_interfaces/include/robot_interfaces/robot_interfaces/srv/detail
[0.513s] -- Up-to-date: /home/w/work/moveit2_handeye_calib/install/robot_interfaces/include/robot_interfaces/robot_interfaces/srv/detail/sdk_recv__type_support.cpp
[0.513s] -- Up-to-date: /home/w/work/moveit2_handeye_calib/install/robot_interfaces/include/robot_interfaces/robot_interfaces/srv/detail/compute_gravity__rosidl_typesupport_introspection_cpp.hpp
[0.513s] -- Up-to-date: /home/w/work/moveit2_handeye_calib/install/robot_interfaces/include/robot_interfaces/robot_interfaces/srv/detail/compute_gravity__type_support.cpp
[0.513s] -- Up-to-date: /home/w/work/moveit2_handeye_calib/install/robot_interfaces/include/robot_interfaces/robot_interfaces/srv/detail/sdk_recv__rosidl_typesupport_introspection_cpp.hpp
[0.513s] -- Up-to-date: /home/w/work/moveit2_handeye_calib/install/robot_interfaces/include/robot_interfaces/robot_interfaces/msg
[0.513s] -- Up-to-date: /home/w/work/moveit2_handeye_calib/install/robot_interfaces/include/robot_interfaces/robot_interfaces/msg/detail
[0.513s] -- Up-to-date: /home/w/work/moveit2_handeye_calib/install/robot_interfaces/include/robot_interfaces/robot_interfaces/msg/detail/qt_recv__type_support.cpp
[0.513s] -- Up-to-date: /home/w/work/moveit2_handeye_calib/install/robot_interfaces/include/robot_interfaces/robot_interfaces/msg/detail/arm_state__type_support.cpp
[0.513s] -- Up-to-date: /home/w/work/moveit2_handeye_calib/install/robot_interfaces/include/robot_interfaces/robot_interfaces/msg/detail/robot_control_msg__type_support.cpp
[0.513s] -- Up-to-date: /home/w/work/moveit2_handeye_calib/install/robot_interfaces/include/robot_interfaces/robot_interfaces/msg/detail/tool_config__rosidl_typesupport_introspection_cpp.hpp
[0.513s] -- Up-to-date: /home/w/work/moveit2_handeye_calib/install/robot_interfaces/include/robot_interfaces/robot_interfaces/msg/detail/qt_pub__type_support.cpp
[0.513s] -- Up-to-date: /home/w/work/moveit2_handeye_calib/install/robot_interfaces/include/robot_interfaces/robot_interfaces/msg/detail/state_action__type_support.cpp
[0.513s] -- Up-to-date: /home/w/work/moveit2_handeye_calib/install/robot_interfaces/include/robot_interfaces/robot_interfaces/msg/detail/move_c_action__type_support.cpp
[0.513s] -- Up-to-date: /home/w/work/moveit2_handeye_calib/install/robot_interfaces/include/robot_interfaces/robot_interfaces/msg/detail/qt_recv__rosidl_typesupport_introspection_cpp.hpp
[0.513s] -- Up-to-date: /home/w/work/moveit2_handeye_calib/install/robot_interfaces/include/robot_interfaces/robot_interfaces/msg/detail/key_pressed_action__rosidl_typesupport_introspection_cpp.hpp
[0.513s] -- Up-to-date: /home/w/work/moveit2_handeye_calib/install/robot_interfaces/include/robot_interfaces/robot_interfaces/msg/detail/generic_motor_operation__type_support.cpp
[0.513s] -- Up-to-date: /home/w/work/moveit2_handeye_calib/install/robot_interfaces/include/robot_interfaces/robot_interfaces/msg/detail/state_action__rosidl_typesupport_introspection_cpp.hpp
[0.513s] -- Up-to-date: /home/w/work/moveit2_handeye_calib/install/robot_interfaces/include/robot_interfaces/robot_interfaces/msg/detail/arm_state__rosidl_typesupport_introspection_cpp.hpp
[0.513s] -- Up-to-date: /home/w/work/moveit2_handeye_calib/install/robot_interfaces/include/robot_interfaces/robot_interfaces/msg/detail/move_c_action__rosidl_typesupport_introspection_cpp.hpp
[0.513s] -- Up-to-date: /home/w/work/moveit2_handeye_calib/install/robot_interfaces/include/robot_interfaces/robot_interfaces/msg/detail/robot_control_msg__rosidl_typesupport_introspection_cpp.hpp
[0.513s] -- Up-to-date: /home/w/work/moveit2_handeye_calib/install/robot_interfaces/include/robot_interfaces/robot_interfaces/msg/detail/line_msg__rosidl_typesupport_introspection_cpp.hpp
[0.513s] -- Up-to-date: /home/w/work/moveit2_handeye_calib/install/robot_interfaces/include/robot_interfaces/robot_interfaces/msg/detail/line_msg__type_support.cpp
[0.514s] -- Up-to-date: /home/w/work/moveit2_handeye_calib/install/robot_interfaces/include/robot_interfaces/robot_interfaces/msg/detail/motor_fdb__type_support.cpp
[0.514s] -- Up-to-date: /home/w/work/moveit2_handeye_calib/install/robot_interfaces/include/robot_interfaces/robot_interfaces/msg/detail/gripper_control__rosidl_typesupport_introspection_cpp.hpp
[0.514s] -- Up-to-date: /home/w/work/moveit2_handeye_calib/install/robot_interfaces/include/robot_interfaces/robot_interfaces/msg/detail/gripper_control__type_support.cpp
[0.514s] -- Up-to-date: /home/w/work/moveit2_handeye_calib/install/robot_interfaces/include/robot_interfaces/robot_interfaces/msg/detail/generic_motor_operation__rosidl_typesupport_introspection_cpp.hpp
[0.514s] -- Up-to-date: /home/w/work/moveit2_handeye_calib/install/robot_interfaces/include/robot_interfaces/robot_interfaces/msg/detail/tool_config__type_support.cpp
[0.514s] -- Up-to-date: /home/w/work/moveit2_handeye_calib/install/robot_interfaces/include/robot_interfaces/robot_interfaces/msg/detail/generic_motor_parameter__rosidl_typesupport_introspection_cpp.hpp
[0.514s] -- Up-to-date: /home/w/work/moveit2_handeye_calib/install/robot_interfaces/include/robot_interfaces/robot_interfaces/msg/detail/qt_pub__rosidl_typesupport_introspection_cpp.hpp
[0.514s] -- Up-to-date: /home/w/work/moveit2_handeye_calib/install/robot_interfaces/include/robot_interfaces/robot_interfaces/msg/detail/generic_motor_parameter__type_support.cpp
[0.514s] -- Up-to-date: /home/w/work/moveit2_handeye_calib/install/robot_interfaces/include/robot_interfaces/robot_interfaces/msg/detail/key_pressed_action__type_support.cpp
[0.514s] -- Up-to-date: /home/w/work/moveit2_handeye_calib/install/robot_interfaces/include/robot_interfaces/robot_interfaces/msg/detail/motor_fdb__rosidl_typesupport_introspection_cpp.hpp
[0.514s] -- Up-to-date: /home/w/work/moveit2_handeye_calib/install/robot_interfaces/lib/librobot_interfaces__rosidl_typesupport_introspection_cpp.so
[0.514s] -- Up-to-date: /home/w/work/moveit2_handeye_calib/install/robot_interfaces/lib/librobot_interfaces__rosidl_typesupport_cpp.so
[0.514s] -- Up-to-date: /home/w/work/moveit2_handeye_calib/install/robot_interfaces/share/robot_interfaces/environment/pythonpath.sh
[0.514s] -- Up-to-date: /home/w/work/moveit2_handeye_calib/install/robot_interfaces/share/robot_interfaces/environment/pythonpath.dsv
[0.514s] -- Up-to-date: /home/w/work/moveit2_handeye_calib/install/robot_interfaces/local/lib/python3.10/dist-packages/robot_interfaces-0.0.0-py3.10.egg-info
[0.514s] -- Installing: /home/w/work/moveit2_handeye_calib/install/robot_interfaces/local/lib/python3.10/dist-packages/robot_interfaces-0.0.0-py3.10.egg-info/PKG-INFO
[0.514s] -- Installing: /home/w/work/moveit2_handeye_calib/install/robot_interfaces/local/lib/python3.10/dist-packages/robot_interfaces-0.0.0-py3.10.egg-info/dependency_links.txt
[0.514s] -- Installing: /home/w/work/moveit2_handeye_calib/install/robot_interfaces/local/lib/python3.10/dist-packages/robot_interfaces-0.0.0-py3.10.egg-info/SOURCES.txt
[0.515s] -- Installing: /home/w/work/moveit2_handeye_calib/install/robot_interfaces/local/lib/python3.10/dist-packages/robot_interfaces-0.0.0-py3.10.egg-info/top_level.txt
[0.515s] -- Up-to-date: /home/w/work/moveit2_handeye_calib/install/robot_interfaces/local/lib/python3.10/dist-packages/robot_interfaces
[0.515s] -- Up-to-date: /home/w/work/moveit2_handeye_calib/install/robot_interfaces/local/lib/python3.10/dist-packages/robot_interfaces/robot_interfaces_s__rosidl_typesupport_fastrtps_c.cpython-310-x86_64-linux-gnu.so
[0.515s] -- Up-to-date: /home/w/work/moveit2_handeye_calib/install/robot_interfaces/local/lib/python3.10/dist-packages/robot_interfaces/_robot_interfaces_s.ep.rosidl_typesupport_introspection_c.c
[0.515s] -- Up-to-date: /home/w/work/moveit2_handeye_calib/install/robot_interfaces/local/lib/python3.10/dist-packages/robot_interfaces/__init__.py
[0.515s] -- Up-to-date: /home/w/work/moveit2_handeye_calib/install/robot_interfaces/local/lib/python3.10/dist-packages/robot_interfaces/robot_interfaces_s__rosidl_typesupport_introspection_c.cpython-310-x86_64-linux-gnu.so
[0.515s] -- Up-to-date: /home/w/work/moveit2_handeye_calib/install/robot_interfaces/local/lib/python3.10/dist-packages/robot_interfaces/srv
[0.515s] -- Up-to-date: /home/w/work/moveit2_handeye_calib/install/robot_interfaces/local/lib/python3.10/dist-packages/robot_interfaces/srv/_compute_gravity_s.c
[0.515s] -- Up-to-date: /home/w/work/moveit2_handeye_calib/install/robot_interfaces/local/lib/python3.10/dist-packages/robot_interfaces/srv/_compute_gravity.py
[0.515s] -- Up-to-date: /home/w/work/moveit2_handeye_calib/install/robot_interfaces/local/lib/python3.10/dist-packages/robot_interfaces/srv/_sdk_recv_s.c
[0.515s] -- Up-to-date: /home/w/work/moveit2_handeye_calib/install/robot_interfaces/local/lib/python3.10/dist-packages/robot_interfaces/srv/__init__.py
[0.515s] -- Up-to-date: /home/w/work/moveit2_handeye_calib/install/robot_interfaces/local/lib/python3.10/dist-packages/robot_interfaces/srv/_sdk_recv.py
[0.515s] -- Up-to-date: /home/w/work/moveit2_handeye_calib/install/robot_interfaces/local/lib/python3.10/dist-packages/robot_interfaces/robot_interfaces_s__rosidl_typesupport_c.cpython-310-x86_64-linux-gnu.so
[0.515s] -- Up-to-date: /home/w/work/moveit2_handeye_calib/install/robot_interfaces/local/lib/python3.10/dist-packages/robot_interfaces/_robot_interfaces_s.ep.rosidl_typesupport_c.c
[0.515s] -- Up-to-date: /home/w/work/moveit2_handeye_calib/install/robot_interfaces/local/lib/python3.10/dist-packages/robot_interfaces/msg
[0.515s] -- Up-to-date: /home/w/work/moveit2_handeye_calib/install/robot_interfaces/local/lib/python3.10/dist-packages/robot_interfaces/msg/_qt_recv.py
[0.515s] -- Up-to-date: /home/w/work/moveit2_handeye_calib/install/robot_interfaces/local/lib/python3.10/dist-packages/robot_interfaces/msg/_line_msg_s.c
[0.515s] -- Up-to-date: /home/w/work/moveit2_handeye_calib/install/robot_interfaces/local/lib/python3.10/dist-packages/robot_interfaces/msg/_robot_control_msg.py
[0.515s] -- Up-to-date: /home/w/work/moveit2_handeye_calib/install/robot_interfaces/local/lib/python3.10/dist-packages/robot_interfaces/msg/_state_action.py
[0.515s] -- Up-to-date: /home/w/work/moveit2_handeye_calib/install/robot_interfaces/local/lib/python3.10/dist-packages/robot_interfaces/msg/_tool_config.py
[0.515s] -- Up-to-date: /home/w/work/moveit2_handeye_calib/install/robot_interfaces/local/lib/python3.10/dist-packages/robot_interfaces/msg/__init__.py
[0.515s] -- Up-to-date: /home/w/work/moveit2_handeye_calib/install/robot_interfaces/local/lib/python3.10/dist-packages/robot_interfaces/msg/_generic_motor_operation.py
[0.515s] -- Up-to-date: /home/w/work/moveit2_handeye_calib/install/robot_interfaces/local/lib/python3.10/dist-packages/robot_interfaces/msg/_key_pressed_action.py
[0.515s] -- Up-to-date: /home/w/work/moveit2_handeye_calib/install/robot_interfaces/local/lib/python3.10/dist-packages/robot_interfaces/msg/_generic_motor_parameter.py
[0.515s] -- Up-to-date: /home/w/work/moveit2_handeye_calib/install/robot_interfaces/local/lib/python3.10/dist-packages/robot_interfaces/msg/_generic_motor_operation_s.c
[0.515s] -- Up-to-date: /home/w/work/moveit2_handeye_calib/install/robot_interfaces/local/lib/python3.10/dist-packages/robot_interfaces/msg/_arm_state.py
[0.515s] -- Up-to-date: /home/w/work/moveit2_handeye_calib/install/robot_interfaces/local/lib/python3.10/dist-packages/robot_interfaces/msg/_gripper_control_s.c
[0.515s] -- Up-to-date: /home/w/work/moveit2_handeye_calib/install/robot_interfaces/local/lib/python3.10/dist-packages/robot_interfaces/msg/_gripper_control.py
[0.515s] -- Up-to-date: /home/w/work/moveit2_handeye_calib/install/robot_interfaces/local/lib/python3.10/dist-packages/robot_interfaces/msg/_arm_state_s.c
[0.515s] -- Up-to-date: /home/w/work/moveit2_handeye_calib/install/robot_interfaces/local/lib/python3.10/dist-packages/robot_interfaces/msg/_motor_fdb_s.c
[0.515s] -- Up-to-date: /home/w/work/moveit2_handeye_calib/install/robot_interfaces/local/lib/python3.10/dist-packages/robot_interfaces/msg/_qt_recv_s.c
[0.515s] -- Up-to-date: /home/w/work/moveit2_handeye_calib/install/robot_interfaces/local/lib/python3.10/dist-packages/robot_interfaces/msg/_line_msg.py
[0.515s] -- Up-to-date: /home/w/work/moveit2_handeye_calib/install/robot_interfaces/local/lib/python3.10/dist-packages/robot_interfaces/msg/_qt_pub_s.c
[0.516s] -- Up-to-date: /home/w/work/moveit2_handeye_calib/install/robot_interfaces/local/lib/python3.10/dist-packages/robot_interfaces/msg/_key_pressed_action_s.c
[0.516s] -- Up-to-date: /home/w/work/moveit2_handeye_calib/install/robot_interfaces/local/lib/python3.10/dist-packages/robot_interfaces/msg/_robot_control_msg_s.c
[0.516s] -- Up-to-date: /home/w/work/moveit2_handeye_calib/install/robot_interfaces/local/lib/python3.10/dist-packages/robot_interfaces/msg/_generic_motor_parameter_s.c
[0.516s] -- Up-to-date: /home/w/work/moveit2_handeye_calib/install/robot_interfaces/local/lib/python3.10/dist-packages/robot_interfaces/msg/_tool_config_s.c
[0.516s] -- Up-to-date: /home/w/work/moveit2_handeye_calib/install/robot_interfaces/local/lib/python3.10/dist-packages/robot_interfaces/msg/_state_action_s.c
[0.516s] -- Up-to-date: /home/w/work/moveit2_handeye_calib/install/robot_interfaces/local/lib/python3.10/dist-packages/robot_interfaces/msg/_qt_pub.py
[0.516s] -- Up-to-date: /home/w/work/moveit2_handeye_calib/install/robot_interfaces/local/lib/python3.10/dist-packages/robot_interfaces/msg/_move_c_action_s.c
[0.516s] -- Up-to-date: /home/w/work/moveit2_handeye_calib/install/robot_interfaces/local/lib/python3.10/dist-packages/robot_interfaces/msg/_motor_fdb.py
[0.516s] -- Up-to-date: /home/w/work/moveit2_handeye_calib/install/robot_interfaces/local/lib/python3.10/dist-packages/robot_interfaces/msg/_move_c_action.py
[0.516s] -- Up-to-date: /home/w/work/moveit2_handeye_calib/install/robot_interfaces/local/lib/python3.10/dist-packages/robot_interfaces/librobot_interfaces__rosidl_generator_py.so
[0.516s] -- Up-to-date: /home/w/work/moveit2_handeye_calib/install/robot_interfaces/local/lib/python3.10/dist-packages/robot_interfaces/_robot_interfaces_s.ep.rosidl_typesupport_fastrtps_c.c
[0.518s] Listing '/home/w/work/moveit2_handeye_calib/install/robot_interfaces/local/lib/python3.10/dist-packages/robot_interfaces'...
[0.518s] Listing '/home/w/work/moveit2_handeye_calib/install/robot_interfaces/local/lib/python3.10/dist-packages/robot_interfaces/msg'...
[0.518s] Listing '/home/w/work/moveit2_handeye_calib/install/robot_interfaces/local/lib/python3.10/dist-packages/robot_interfaces/srv'...
[0.518s] -- Up-to-date: /home/w/work/moveit2_handeye_calib/install/robot_interfaces/local/lib/python3.10/dist-packages/robot_interfaces/robot_interfaces_s__rosidl_typesupport_fastrtps_c.cpython-310-x86_64-linux-gnu.so
[0.518s] -- Up-to-date: /home/w/work/moveit2_handeye_calib/install/robot_interfaces/local/lib/python3.10/dist-packages/robot_interfaces/robot_interfaces_s__rosidl_typesupport_introspection_c.cpython-310-x86_64-linux-gnu.so
[0.518s] -- Up-to-date: /home/w/work/moveit2_handeye_calib/install/robot_interfaces/local/lib/python3.10/dist-packages/robot_interfaces/robot_interfaces_s__rosidl_typesupport_c.cpython-310-x86_64-linux-gnu.so
[0.518s] -- Up-to-date: /home/w/work/moveit2_handeye_calib/install/robot_interfaces/lib/librobot_interfaces__rosidl_generator_py.so
[0.518s] -- Up-to-date: /home/w/work/moveit2_handeye_calib/install/robot_interfaces/share/robot_interfaces/msg/QtRecv.idl
[0.518s] -- Up-to-date: /home/w/work/moveit2_handeye_calib/install/robot_interfaces/share/robot_interfaces/msg/LineMsg.idl
[0.518s] -- Up-to-date: /home/w/work/moveit2_handeye_calib/install/robot_interfaces/share/robot_interfaces/msg/ArmState.idl
[0.518s] -- Up-to-date: /home/w/work/moveit2_handeye_calib/install/robot_interfaces/share/robot_interfaces/msg/QtPub.idl
[0.518s] -- Up-to-date: /home/w/work/moveit2_handeye_calib/install/robot_interfaces/share/robot_interfaces/msg/MotorFdb.idl
[0.518s] -- Up-to-date: /home/w/work/moveit2_handeye_calib/install/robot_interfaces/share/robot_interfaces/msg/RobotControlMsg.idl
[0.518s] -- Up-to-date: /home/w/work/moveit2_handeye_calib/install/robot_interfaces/share/robot_interfaces/msg/MoveCAction.idl
[0.518s] -- Up-to-date: /home/w/work/moveit2_handeye_calib/install/robot_interfaces/share/robot_interfaces/msg/StateAction.idl
[0.518s] -- Up-to-date: /home/w/work/moveit2_handeye_calib/install/robot_interfaces/share/robot_interfaces/msg/KeyPressedAction.idl
[0.518s] -- Up-to-date: /home/w/work/moveit2_handeye_calib/install/robot_interfaces/share/robot_interfaces/msg/GenericMotorParameter.idl
[0.518s] -- Up-to-date: /home/w/work/moveit2_handeye_calib/install/robot_interfaces/share/robot_interfaces/msg/GenericMotorOperation.idl
[0.518s] -- Up-to-date: /home/w/work/moveit2_handeye_calib/install/robot_interfaces/share/robot_interfaces/msg/GripperControl.idl
[0.518s] -- Up-to-date: /home/w/work/moveit2_handeye_calib/install/robot_interfaces/share/robot_interfaces/msg/ToolConfig.idl
[0.518s] -- Up-to-date: /home/w/work/moveit2_handeye_calib/install/robot_interfaces/share/robot_interfaces/srv/SdkRecv.idl
[0.518s] -- Up-to-date: /home/w/work/moveit2_handeye_calib/install/robot_interfaces/share/robot_interfaces/srv/ComputeGravity.idl
[0.519s] -- Up-to-date: /home/w/work/moveit2_handeye_calib/install/robot_interfaces/share/robot_interfaces/msg/QtRecv.msg
[0.519s] -- Up-to-date: /home/w/work/moveit2_handeye_calib/install/robot_interfaces/share/robot_interfaces/msg/LineMsg.msg
[0.519s] -- Up-to-date: /home/w/work/moveit2_handeye_calib/install/robot_interfaces/share/robot_interfaces/msg/ArmState.msg
[0.519s] -- Up-to-date: /home/w/work/moveit2_handeye_calib/install/robot_interfaces/share/robot_interfaces/msg/QtPub.msg
[0.519s] -- Up-to-date: /home/w/work/moveit2_handeye_calib/install/robot_interfaces/share/robot_interfaces/msg/MotorFdb.msg
[0.519s] -- Up-to-date: /home/w/work/moveit2_handeye_calib/install/robot_interfaces/share/robot_interfaces/msg/RobotControlMsg.msg
[0.519s] -- Up-to-date: /home/w/work/moveit2_handeye_calib/install/robot_interfaces/share/robot_interfaces/msg/MoveCAction.msg
[0.519s] -- Up-to-date: /home/w/work/moveit2_handeye_calib/install/robot_interfaces/share/robot_interfaces/msg/StateAction.msg
[0.519s] -- Up-to-date: /home/w/work/moveit2_handeye_calib/install/robot_interfaces/share/robot_interfaces/msg/KeyPressedAction.msg
[0.519s] -- Up-to-date: /home/w/work/moveit2_handeye_calib/install/robot_interfaces/share/robot_interfaces/msg/GenericMotorParameter.msg
[0.519s] -- Up-to-date: /home/w/work/moveit2_handeye_calib/install/robot_interfaces/share/robot_interfaces/msg/GenericMotorOperation.msg
[0.520s] -- Up-to-date: /home/w/work/moveit2_handeye_calib/install/robot_interfaces/share/robot_interfaces/msg/GripperControl.msg
[0.520s] -- Up-to-date: /home/w/work/moveit2_handeye_calib/install/robot_interfaces/share/robot_interfaces/msg/ToolConfig.msg
[0.520s] -- Up-to-date: /home/w/work/moveit2_handeye_calib/install/robot_interfaces/share/robot_interfaces/srv/SdkRecv.srv
[0.520s] -- Up-to-date: /home/w/work/moveit2_handeye_calib/install/robot_interfaces/share/robot_interfaces/srv/SdkRecv_Request.msg
[0.520s] -- Up-to-date: /home/w/work/moveit2_handeye_calib/install/robot_interfaces/share/robot_interfaces/srv/SdkRecv_Response.msg
[0.520s] -- Up-to-date: /home/w/work/moveit2_handeye_calib/install/robot_interfaces/share/robot_interfaces/srv/ComputeGravity.srv
[0.520s] -- Up-to-date: /home/w/work/moveit2_handeye_calib/install/robot_interfaces/share/robot_interfaces/srv/ComputeGravity_Request.msg
[0.520s] -- Up-to-date: /home/w/work/moveit2_handeye_calib/install/robot_interfaces/share/robot_interfaces/srv/ComputeGravity_Response.msg
[0.520s] -- Up-to-date: /home/w/work/moveit2_handeye_calib/install/robot_interfaces/share/ament_index/resource_index/package_run_dependencies/robot_interfaces
[0.520s] -- Up-to-date: /home/w/work/moveit2_handeye_calib/install/robot_interfaces/share/ament_index/resource_index/parent_prefix_path/robot_interfaces
[0.520s] -- Up-to-date: /home/w/work/moveit2_handeye_calib/install/robot_interfaces/share/robot_interfaces/environment/ament_prefix_path.sh
[0.520s] -- Up-to-date: /home/w/work/moveit2_handeye_calib/install/robot_interfaces/share/robot_interfaces/environment/ament_prefix_path.dsv
[0.520s] -- Up-to-date: /home/w/work/moveit2_handeye_calib/install/robot_interfaces/share/robot_interfaces/environment/path.sh
[0.520s] -- Up-to-date: /home/w/work/moveit2_handeye_calib/install/robot_interfaces/share/robot_interfaces/environment/path.dsv
[0.520s] -- Up-to-date: /home/w/work/moveit2_handeye_calib/install/robot_interfaces/share/robot_interfaces/local_setup.bash
[0.520s] -- Up-to-date: /home/w/work/moveit2_handeye_calib/install/robot_interfaces/share/robot_interfaces/local_setup.sh
[0.520s] -- Up-to-date: /home/w/work/moveit2_handeye_calib/install/robot_interfaces/share/robot_interfaces/local_setup.zsh
[0.520s] -- Up-to-date: /home/w/work/moveit2_handeye_calib/install/robot_interfaces/share/robot_interfaces/local_setup.dsv
[0.520s] -- Installing: /home/w/work/moveit2_handeye_calib/install/robot_interfaces/share/robot_interfaces/package.dsv
[0.520s] -- Up-to-date: /home/w/work/moveit2_handeye_calib/install/robot_interfaces/share/ament_index/resource_index/packages/robot_interfaces
[0.520s] -- Up-to-date: /home/w/work/moveit2_handeye_calib/install/robot_interfaces/share/robot_interfaces/cmake/export_robot_interfaces__rosidl_generator_cExport.cmake
[0.520s] -- Up-to-date: /home/w/work/moveit2_handeye_calib/install/robot_interfaces/share/robot_interfaces/cmake/export_robot_interfaces__rosidl_generator_cExport-noconfig.cmake
[0.520s] -- Up-to-date: /home/w/work/moveit2_handeye_calib/install/robot_interfaces/share/robot_interfaces/cmake/export_robot_interfaces__rosidl_typesupport_fastrtps_cExport.cmake
[0.520s] -- Up-to-date: /home/w/work/moveit2_handeye_calib/install/robot_interfaces/share/robot_interfaces/cmake/export_robot_interfaces__rosidl_typesupport_fastrtps_cExport-noconfig.cmake
[0.520s] -- Up-to-date: /home/w/work/moveit2_handeye_calib/install/robot_interfaces/share/robot_interfaces/cmake/robot_interfaces__rosidl_typesupport_introspection_cExport.cmake
[0.520s] -- Up-to-date: /home/w/work/moveit2_handeye_calib/install/robot_interfaces/share/robot_interfaces/cmake/robot_interfaces__rosidl_typesupport_introspection_cExport-noconfig.cmake
[0.520s] -- Up-to-date: /home/w/work/moveit2_handeye_calib/install/robot_interfaces/share/robot_interfaces/cmake/robot_interfaces__rosidl_typesupport_cExport.cmake
[0.520s] -- Up-to-date: /home/w/work/moveit2_handeye_calib/install/robot_interfaces/share/robot_interfaces/cmake/robot_interfaces__rosidl_typesupport_cExport-noconfig.cmake
[0.520s] -- Up-to-date: /home/w/work/moveit2_handeye_calib/install/robot_interfaces/share/robot_interfaces/cmake/export_robot_interfaces__rosidl_generator_cppExport.cmake
[0.520s] -- Up-to-date: /home/w/work/moveit2_handeye_calib/install/robot_interfaces/share/robot_interfaces/cmake/export_robot_interfaces__rosidl_typesupport_fastrtps_cppExport.cmake
[0.521s] -- Up-to-date: /home/w/work/moveit2_handeye_calib/install/robot_interfaces/share/robot_interfaces/cmake/export_robot_interfaces__rosidl_typesupport_fastrtps_cppExport-noconfig.cmake
[0.521s] -- Up-to-date: /home/w/work/moveit2_handeye_calib/install/robot_interfaces/share/robot_interfaces/cmake/robot_interfaces__rosidl_typesupport_introspection_cppExport.cmake
[0.521s] -- Up-to-date: /home/w/work/moveit2_handeye_calib/install/robot_interfaces/share/robot_interfaces/cmake/robot_interfaces__rosidl_typesupport_introspection_cppExport-noconfig.cmake
[0.521s] -- Up-to-date: /home/w/work/moveit2_handeye_calib/install/robot_interfaces/share/robot_interfaces/cmake/robot_interfaces__rosidl_typesupport_cppExport.cmake
[0.521s] -- Up-to-date: /home/w/work/moveit2_handeye_calib/install/robot_interfaces/share/robot_interfaces/cmake/robot_interfaces__rosidl_typesupport_cppExport-noconfig.cmake
[0.521s] -- Up-to-date: /home/w/work/moveit2_handeye_calib/install/robot_interfaces/share/robot_interfaces/cmake/export_robot_interfaces__rosidl_generator_pyExport.cmake
[0.521s] -- Up-to-date: /home/w/work/moveit2_handeye_calib/install/robot_interfaces/share/robot_interfaces/cmake/export_robot_interfaces__rosidl_generator_pyExport-noconfig.cmake
[0.521s] -- Up-to-date: /home/w/work/moveit2_handeye_calib/install/robot_interfaces/share/robot_interfaces/cmake/rosidl_cmake-extras.cmake
[0.521s] -- Up-to-date: /home/w/work/moveit2_handeye_calib/install/robot_interfaces/share/robot_interfaces/cmake/ament_cmake_export_dependencies-extras.cmake
[0.521s] -- Up-to-date: /home/w/work/moveit2_handeye_calib/install/robot_interfaces/share/robot_interfaces/cmake/ament_cmake_export_include_directories-extras.cmake
[0.521s] -- Up-to-date: /home/w/work/moveit2_handeye_calib/install/robot_interfaces/share/robot_interfaces/cmake/ament_cmake_export_libraries-extras.cmake
[0.521s] -- Up-to-date: /home/w/work/moveit2_handeye_calib/install/robot_interfaces/share/robot_interfaces/cmake/ament_cmake_export_targets-extras.cmake
[0.521s] -- Up-to-date: /home/w/work/moveit2_handeye_calib/install/robot_interfaces/share/robot_interfaces/cmake/rosidl_cmake_export_typesupport_targets-extras.cmake
[0.521s] -- Up-to-date: /home/w/work/moveit2_handeye_calib/install/robot_interfaces/share/robot_interfaces/cmake/rosidl_cmake_export_typesupport_libraries-extras.cmake
[0.521s] -- Up-to-date: /home/w/work/moveit2_handeye_calib/install/robot_interfaces/share/robot_interfaces/cmake/robot_interfacesConfig.cmake
[0.521s] -- Up-to-date: /home/w/work/moveit2_handeye_calib/install/robot_interfaces/share/robot_interfaces/cmake/robot_interfacesConfig-version.cmake
[0.521s] -- Up-to-date: /home/w/work/moveit2_handeye_calib/install/robot_interfaces/share/robot_interfaces/package.xml
[0.568s] Invoked command in '/home/w/work/moveit2_handeye_calib/build/robot_interfaces' returned '0': CMAKE_PREFIX_PATH=${CMAKE_PREFIX_PATH}:/home/w/work/moveit2_handeye_calib/install/traj_smoother_py:/home/w/work/moveit2_handeye_calib/install/robot_test_py:/home/w/work/moveit2_handeye_calib/install/robot_input:/home/w/work/moveit2_handeye_calib/install/robot_dynamics:/opt/ros/humble /usr/bin/cmake --install /home/w/work/moveit2_handeye_calib/build/robot_interfaces
