-- Install configuration: ""
-- Up-to-date: /home/w/work/moveit2_handeye_calib/install/arm620_dh_config/share/ament_index/resource_index/package_run_dependencies/arm620_dh_config
-- Up-to-date: /home/w/work/moveit2_handeye_calib/install/arm620_dh_config/share/ament_index/resource_index/parent_prefix_path/arm620_dh_config
-- Up-to-date: /home/w/work/moveit2_handeye_calib/install/arm620_dh_config/share/arm620_dh_config/environment/ament_prefix_path.sh
-- Up-to-date: /home/w/work/moveit2_handeye_calib/install/arm620_dh_config/share/arm620_dh_config/environment/ament_prefix_path.dsv
-- Up-to-date: /home/w/work/moveit2_handeye_calib/install/arm620_dh_config/share/arm620_dh_config/environment/path.sh
-- Up-to-date: /home/w/work/moveit2_handeye_calib/install/arm620_dh_config/share/arm620_dh_config/environment/path.dsv
-- Up-to-date: /home/w/work/moveit2_handeye_calib/install/arm620_dh_config/share/arm620_dh_config/local_setup.bash
-- Up-to-date: /home/w/work/moveit2_handeye_calib/install/arm620_dh_config/share/arm620_dh_config/local_setup.sh
-- Up-to-date: /home/w/work/moveit2_handeye_calib/install/arm620_dh_config/share/arm620_dh_config/local_setup.zsh
-- Up-to-date: /home/w/work/moveit2_handeye_calib/install/arm620_dh_config/share/arm620_dh_config/local_setup.dsv
-- Installing: /home/w/work/moveit2_handeye_calib/install/arm620_dh_config/share/arm620_dh_config/package.dsv
-- Up-to-date: /home/w/work/moveit2_handeye_calib/install/arm620_dh_config/share/ament_index/resource_index/packages/arm620_dh_config
-- Up-to-date: /home/w/work/moveit2_handeye_calib/install/arm620_dh_config/share/arm620_dh_config/cmake/arm620_dh_configConfig.cmake
-- Up-to-date: /home/w/work/moveit2_handeye_calib/install/arm620_dh_config/share/arm620_dh_config/cmake/arm620_dh_configConfig-version.cmake
-- Up-to-date: /home/w/work/moveit2_handeye_calib/install/arm620_dh_config/share/arm620_dh_config/package.xml
-- Up-to-date: /home/w/work/moveit2_handeye_calib/install/arm620_dh_config/share/arm620_dh_config/launch
-- Up-to-date: /home/w/work/moveit2_handeye_calib/install/arm620_dh_config/share/arm620_dh_config/launch/static_virtual_joint_tfs.launch.py
-- Up-to-date: /home/w/work/moveit2_handeye_calib/install/arm620_dh_config/share/arm620_dh_config/launch/spawn_controllers.launch.py
-- Up-to-date: /home/w/work/moveit2_handeye_calib/install/arm620_dh_config/share/arm620_dh_config/launch/gazebo_moveit_demo.launch.py
-- Up-to-date: /home/w/work/moveit2_handeye_calib/install/arm620_dh_config/share/arm620_dh_config/launch/move_group.launch.py
-- Up-to-date: /home/w/work/moveit2_handeye_calib/install/arm620_dh_config/share/arm620_dh_config/launch/warehouse_db.launch.py
-- Up-to-date: /home/w/work/moveit2_handeye_calib/install/arm620_dh_config/share/arm620_dh_config/launch/real_moveit_demo.launch.py
-- Up-to-date: /home/w/work/moveit2_handeye_calib/install/arm620_dh_config/share/arm620_dh_config/launch/demo.launch.py
-- Up-to-date: /home/w/work/moveit2_handeye_calib/install/arm620_dh_config/share/arm620_dh_config/launch/setup_assistant.launch.py
-- Up-to-date: /home/w/work/moveit2_handeye_calib/install/arm620_dh_config/share/arm620_dh_config/launch/rsp.launch.py
-- Up-to-date: /home/w/work/moveit2_handeye_calib/install/arm620_dh_config/share/arm620_dh_config/launch/moveit_rviz.launch.py
-- Up-to-date: /home/w/work/moveit2_handeye_calib/install/arm620_dh_config/share/arm620_dh_config/config
-- Up-to-date: /home/w/work/moveit2_handeye_calib/install/arm620_dh_config/share/arm620_dh_config/config/moveit_controllers.yaml
-- Up-to-date: /home/w/work/moveit2_handeye_calib/install/arm620_dh_config/share/arm620_dh_config/config/initial_positions.yaml
-- Up-to-date: /home/w/work/moveit2_handeye_calib/install/arm620_dh_config/share/arm620_dh_config/config/ros2_controllers.yaml
-- Up-to-date: /home/w/work/moveit2_handeye_calib/install/arm620_dh_config/share/arm620_dh_config/config/moveit.rviz
-- Up-to-date: /home/w/work/moveit2_handeye_calib/install/arm620_dh_config/share/arm620_dh_config/config/arm620_dh.ros2_control.xacro
-- Up-to-date: /home/w/work/moveit2_handeye_calib/install/arm620_dh_config/share/arm620_dh_config/config/kinematics.yaml
-- Up-to-date: /home/w/work/moveit2_handeye_calib/install/arm620_dh_config/share/arm620_dh_config/config/joint_limits.yaml
-- Up-to-date: /home/w/work/moveit2_handeye_calib/install/arm620_dh_config/share/arm620_dh_config/config/arm620_dh.urdf.xacro
-- Up-to-date: /home/w/work/moveit2_handeye_calib/install/arm620_dh_config/share/arm620_dh_config/config/arm620_dh.srdf
-- Up-to-date: /home/w/work/moveit2_handeye_calib/install/arm620_dh_config/share/arm620_dh_config/config/pilz_cartesian_limits.yaml
-- Up-to-date: /home/w/work/moveit2_handeye_calib/install/arm620_dh_config/share/arm620_dh_config/.setup_assistant
