[0.906s] Invoking command in '/home/w/work/moveit2_handeye_calib/TG620/traj_smoother_py': PYTHONPATH=/home/w/work/moveit2_handeye_calib/build/traj_smoother_py/prefix_override:/usr/lib/python3/dist-packages/colcon_core/task/python/colcon_distutils_commands:/home/w/work/moveit2_handeye_calib/install/traj_smoother_py/lib/python3.10/site-packages:${PYTHONPATH} /usr/bin/python3 -W ignore:setup.py install is deprecated -W ignore:easy_install command is deprecated setup.py egg_info --egg-base ../../build/traj_smoother_py build --build-base /home/w/work/moveit2_handeye_calib/build/traj_smoother_py/build install --record /home/w/work/moveit2_handeye_calib/build/traj_smoother_py/install.log --single-version-externally-managed install_data
[1.055s] running egg_info
[1.056s] writing ../../build/traj_smoother_py/traj_smoother_py.egg-info/PKG-INFO
[1.056s] writing dependency_links to ../../build/traj_smoother_py/traj_smoother_py.egg-info/dependency_links.txt
[1.056s] writing entry points to ../../build/traj_smoother_py/traj_smoother_py.egg-info/entry_points.txt
[1.056s] writing requirements to ../../build/traj_smoother_py/traj_smoother_py.egg-info/requires.txt
[1.056s] writing top-level names to ../../build/traj_smoother_py/traj_smoother_py.egg-info/top_level.txt
[1.057s] reading manifest file '../../build/traj_smoother_py/traj_smoother_py.egg-info/SOURCES.txt'
[1.058s] writing manifest file '../../build/traj_smoother_py/traj_smoother_py.egg-info/SOURCES.txt'
[1.058s] running build
[1.058s] running build_py
[1.058s] running install
[1.058s] running install_lib
[1.059s] running install_data
[1.059s] running install_egg_info
[1.060s] removing '/home/w/work/moveit2_handeye_calib/install/traj_smoother_py/lib/python3.10/site-packages/traj_smoother_py-0.0.0-py3.10.egg-info' (and everything under it)
[1.060s] Copying ../../build/traj_smoother_py/traj_smoother_py.egg-info to /home/w/work/moveit2_handeye_calib/install/traj_smoother_py/lib/python3.10/site-packages/traj_smoother_py-0.0.0-py3.10.egg-info
[1.060s] running install_scripts
[1.074s] Installing traj_smoother script to /home/w/work/moveit2_handeye_calib/install/traj_smoother_py/lib/traj_smoother_py
[1.074s] writing list of installed files to '/home/w/work/moveit2_handeye_calib/build/traj_smoother_py/install.log'
[1.101s] Invoked command in '/home/w/work/moveit2_handeye_calib/TG620/traj_smoother_py' returned '0': PYTHONPATH=/home/w/work/moveit2_handeye_calib/build/traj_smoother_py/prefix_override:/usr/lib/python3/dist-packages/colcon_core/task/python/colcon_distutils_commands:/home/w/work/moveit2_handeye_calib/install/traj_smoother_py/lib/python3.10/site-packages:${PYTHONPATH} /usr/bin/python3 -W ignore:setup.py install is deprecated -W ignore:easy_install command is deprecated setup.py egg_info --egg-base ../../build/traj_smoother_py build --build-base /home/w/work/moveit2_handeye_calib/build/traj_smoother_py/build install --record /home/w/work/moveit2_handeye_calib/build/traj_smoother_py/install.log --single-version-externally-managed install_data
