-- The C compiler identification is GNU 11.4.0
-- The CXX compiler identification is GNU 11.4.0
-- Detecting C compiler ABI info
-- Detecting C compiler ABI info - done
-- Check for working C compiler: /usr/bin/cc - skipped
-- Detecting C compile features
-- Detecting C compile features - done
-- Detecting CXX compiler ABI info
-- Detecting CXX compiler ABI info - done
-- Check for working CXX compiler: /usr/bin/c++ - skipped
-- Detecting CXX compile features
-- Detecting CXX compile features - done
-- Found ament_cmake: 1.3.12 (/opt/ros/humble/share/ament_cmake/cmake)
-- Found Python3: /usr/bin/python3 (found version "3.10.12") found components: Interpreter 
-- Found rclcpp_action: 16.0.15 (/opt/ros/humble/share/rclcpp_action/cmake)
-- Found rosidl_generator_c: 3.1.7 (/opt/ros/humble/share/rosidl_generator_c/cmake)
-- Found rosidl_adapter: 3.1.7 (/opt/ros/humble/share/rosidl_adapter/cmake)
-- Found rosidl_generator_cpp: 3.1.7 (/opt/ros/humble/share/rosidl_generator_cpp/cmake)
-- Using all available rosidl_typesupport_c: rosidl_typesupport_fastrtps_c;rosidl_typesupport_introspection_c
-- Using all available rosidl_typesupport_cpp: rosidl_typesupport_fastrtps_cpp;rosidl_typesupport_introspection_cpp
-- Found rmw_implementation_cmake: 6.1.2 (/opt/ros/humble/share/rmw_implementation_cmake/cmake)
-- Found rmw_fastrtps_cpp: 6.2.9 (/opt/ros/humble/share/rmw_fastrtps_cpp/cmake)
-- Found OpenSSL: /usr/lib/x86_64-linux-gnu/libcrypto.so (found version "3.0.2")  
-- Found FastRTPS: /opt/ros/humble/include  
-- Using RMW implementation 'rmw_fastrtps_cpp' as default
-- Looking for pthread.h
-- Looking for pthread.h - found
-- Performing Test CMAKE_HAVE_LIBC_PTHREAD
-- Performing Test CMAKE_HAVE_LIBC_PTHREAD - Success
-- Found Threads: TRUE  
-- Found actionlib_msgs: 4.9.0 (/opt/ros/humble/share/actionlib_msgs/cmake)
-- Found control_msgs: 4.8.0 (/opt/ros/humble/share/control_msgs/cmake)
-- Found robot_interfaces: 0.0.0 (/home/w/work/moveit2_handeye_calib/install/robot_interfaces/share/robot_interfaces/cmake)
-- Found eigen3_cmake_module: 0.1.1 (/opt/ros/humble/share/eigen3_cmake_module/cmake)
-- Found Eigen3: TRUE (found version "3.4.0") 
-- Ensuring Eigen3 include directory is part of orocos-kdl CMake target
-- Found ament_lint_auto: 0.12.14 (/opt/ros/humble/share/ament_lint_auto/cmake)
-- Added test 'copyright' to check source files copyright and LICENSE
-- Added test 'cppcheck' to perform static code analysis on C / C++ code
-- Configured cppcheck include dirs: /home/w/work/moveit2_handeye_calib/TG620/robot_control/include;/home/w/work/moveit2_handeye_calib/TG620/robot_control/include/robot_control
-- Configured cppcheck exclude dirs and/or files: 
-- Added test 'cpplint' to check C / C++ code against the Google style
-- Configured cpplint exclude dirs and/or files: 
-- Added test 'flake8' to check Python code syntax and style conventions
-- Added test 'lint_cmake' to check CMake code style
-- Added test 'pep257' to check Python code against some of the docstring style conventions in PEP 257
-- Added test 'uncrustify' to check C / C++ code style
-- Configured uncrustify additional arguments: 
-- Added test 'xmllint' to check XML markup files
-- Configuring done
-- Generating done
-- Build files have been written to: /home/w/work/moveit2_handeye_calib/build/robot_control
[ 66%] [32mBuilding CXX object CMakeFiles/robot_control.dir/src/cubic_spline.cpp.o[0m
[ 66%] [32mBuilding CXX object CMakeFiles/robot_control.dir/src/robot_control.cpp.o[0m
[100%] [32m[1mLinking CXX executable robot_control[0m
[100%] Built target robot_control
-- Install configuration: ""
-- Installing: /home/w/work/moveit2_handeye_calib/install/robot_control/share/robot_control/launch
-- Installing: /home/w/work/moveit2_handeye_calib/install/robot_control/share/robot_control/launch/robot_control.launch.py
-- Installing: /home/w/work/moveit2_handeye_calib/install/robot_control/lib/robot_control/robot_control
-- Set runtime path of "/home/w/work/moveit2_handeye_calib/install/robot_control/lib/robot_control/robot_control" to ""
-- Installing: /home/w/work/moveit2_handeye_calib/install/robot_control/share/ament_index/resource_index/package_run_dependencies/robot_control
-- Installing: /home/w/work/moveit2_handeye_calib/install/robot_control/share/ament_index/resource_index/parent_prefix_path/robot_control
-- Installing: /home/w/work/moveit2_handeye_calib/install/robot_control/share/robot_control/environment/ament_prefix_path.sh
-- Installing: /home/w/work/moveit2_handeye_calib/install/robot_control/share/robot_control/environment/ament_prefix_path.dsv
-- Installing: /home/w/work/moveit2_handeye_calib/install/robot_control/share/robot_control/environment/path.sh
-- Installing: /home/w/work/moveit2_handeye_calib/install/robot_control/share/robot_control/environment/path.dsv
-- Installing: /home/w/work/moveit2_handeye_calib/install/robot_control/share/robot_control/local_setup.bash
-- Installing: /home/w/work/moveit2_handeye_calib/install/robot_control/share/robot_control/local_setup.sh
-- Installing: /home/w/work/moveit2_handeye_calib/install/robot_control/share/robot_control/local_setup.zsh
-- Installing: /home/w/work/moveit2_handeye_calib/install/robot_control/share/robot_control/local_setup.dsv
-- Installing: /home/w/work/moveit2_handeye_calib/install/robot_control/share/robot_control/package.dsv
-- Installing: /home/w/work/moveit2_handeye_calib/install/robot_control/share/ament_index/resource_index/packages/robot_control
-- Installing: /home/w/work/moveit2_handeye_calib/install/robot_control/share/robot_control/cmake/robot_controlConfig.cmake
-- Installing: /home/w/work/moveit2_handeye_calib/install/robot_control/share/robot_control/cmake/robot_controlConfig-version.cmake
-- Installing: /home/w/work/moveit2_handeye_calib/install/robot_control/share/robot_control/package.xml
