[0.000s] Invoking command in '/home/w/work/moveit2_handeye_calib/build/moveit_calibration_demos': AMENT_PREFIX_PATH=/home/w/work/moveit2_handeye_calib/install/moveit_calibration_gui:/home/w/work/moveit2_handeye_calib/install/moveit_calibration_plugins:${AMENT_PREFIX_PATH} CMAKE_PREFIX_PATH=/home/w/work/moveit2_handeye_calib/install/moveit_calibration_gui:/home/w/work/moveit2_handeye_calib/install/moveit_calibration_plugins:/home/w/work/trac_ik_ws/install/trac_ik:/home/w/work/trac_ik_ws/install/trac_ik_examples:/home/w/work/trac_ik_ws/install/trac_ik_lib:/opt/ros/humble LD_LIBRARY_PATH=/home/w/work/moveit2_handeye_calib/install/moveit_calibration_gui/lib:/home/w/work/moveit2_handeye_calib/install/moveit_calibration_plugins/lib:${LD_LIBRARY_PATH} /usr/bin/cmake /home/w/work/moveit2_handeye_calib/moveit2_calibration/moveit_calibration_demos -DCMAKE_INSTALL_PREFIX=/home/w/work/moveit2_handeye_calib/install/moveit_calibration_demos
[0.068s] -- The C compiler identification is GNU 11.4.0
[0.110s] -- The CXX compiler identification is GNU 11.4.0
[0.118s] -- Detecting C compiler ABI info
[0.174s] -- Detecting C compiler ABI info - done
[0.178s] -- Check for working C compiler: /usr/bin/cc - skipped
[0.191s] -- Detecting C compile features
[0.191s] -- Detecting C compile features - done
[0.194s] -- Detecting CXX compiler ABI info
[0.254s] -- Detecting CXX compiler ABI info - done
[0.260s] -- Check for working CXX compiler: /usr/bin/c++ - skipped
[0.260s] -- Detecting CXX compile features
[0.260s] -- Detecting CXX compile features - done
[0.268s] -- Found ament_cmake: 1.3.12 (/opt/ros/humble/share/ament_cmake/cmake)
[0.412s] -- Found Python3: /usr/bin/python3 (found version "3.10.12") found components: Interpreter 
[0.549s] -- Configuring done
[0.550s] -- Generating done
[0.551s] -- Build files have been written to: /home/w/work/moveit2_handeye_calib/build/moveit_calibration_demos
[0.555s] Invoked command in '/home/w/work/moveit2_handeye_calib/build/moveit_calibration_demos' returned '0': AMENT_PREFIX_PATH=/home/w/work/moveit2_handeye_calib/install/moveit_calibration_gui:/home/w/work/moveit2_handeye_calib/install/moveit_calibration_plugins:${AMENT_PREFIX_PATH} CMAKE_PREFIX_PATH=/home/w/work/moveit2_handeye_calib/install/moveit_calibration_gui:/home/w/work/moveit2_handeye_calib/install/moveit_calibration_plugins:/home/w/work/trac_ik_ws/install/trac_ik:/home/w/work/trac_ik_ws/install/trac_ik_examples:/home/w/work/trac_ik_ws/install/trac_ik_lib:/opt/ros/humble LD_LIBRARY_PATH=/home/w/work/moveit2_handeye_calib/install/moveit_calibration_gui/lib:/home/w/work/moveit2_handeye_calib/install/moveit_calibration_plugins/lib:${LD_LIBRARY_PATH} /usr/bin/cmake /home/w/work/moveit2_handeye_calib/moveit2_calibration/moveit_calibration_demos -DCMAKE_INSTALL_PREFIX=/home/w/work/moveit2_handeye_calib/install/moveit_calibration_demos
[0.556s] Invoking command in '/home/w/work/moveit2_handeye_calib/build/moveit_calibration_demos': AMENT_PREFIX_PATH=/home/w/work/moveit2_handeye_calib/install/moveit_calibration_gui:/home/w/work/moveit2_handeye_calib/install/moveit_calibration_plugins:${AMENT_PREFIX_PATH} CMAKE_PREFIX_PATH=/home/w/work/moveit2_handeye_calib/install/moveit_calibration_gui:/home/w/work/moveit2_handeye_calib/install/moveit_calibration_plugins:/home/w/work/trac_ik_ws/install/trac_ik:/home/w/work/trac_ik_ws/install/trac_ik_examples:/home/w/work/trac_ik_ws/install/trac_ik_lib:/opt/ros/humble LD_LIBRARY_PATH=/home/w/work/moveit2_handeye_calib/install/moveit_calibration_gui/lib:/home/w/work/moveit2_handeye_calib/install/moveit_calibration_plugins/lib:${LD_LIBRARY_PATH} /usr/bin/cmake --build /home/w/work/moveit2_handeye_calib/build/moveit_calibration_demos -- -j28 -l28
[0.579s] Invoked command in '/home/w/work/moveit2_handeye_calib/build/moveit_calibration_demos' returned '0': AMENT_PREFIX_PATH=/home/w/work/moveit2_handeye_calib/install/moveit_calibration_gui:/home/w/work/moveit2_handeye_calib/install/moveit_calibration_plugins:${AMENT_PREFIX_PATH} CMAKE_PREFIX_PATH=/home/w/work/moveit2_handeye_calib/install/moveit_calibration_gui:/home/w/work/moveit2_handeye_calib/install/moveit_calibration_plugins:/home/w/work/trac_ik_ws/install/trac_ik:/home/w/work/trac_ik_ws/install/trac_ik_examples:/home/w/work/trac_ik_ws/install/trac_ik_lib:/opt/ros/humble LD_LIBRARY_PATH=/home/w/work/moveit2_handeye_calib/install/moveit_calibration_gui/lib:/home/w/work/moveit2_handeye_calib/install/moveit_calibration_plugins/lib:${LD_LIBRARY_PATH} /usr/bin/cmake --build /home/w/work/moveit2_handeye_calib/build/moveit_calibration_demos -- -j28 -l28
[0.580s] Invoking command in '/home/w/work/moveit2_handeye_calib/build/moveit_calibration_demos': AMENT_PREFIX_PATH=/home/w/work/moveit2_handeye_calib/install/moveit_calibration_gui:/home/w/work/moveit2_handeye_calib/install/moveit_calibration_plugins:${AMENT_PREFIX_PATH} CMAKE_PREFIX_PATH=/home/w/work/moveit2_handeye_calib/install/moveit_calibration_gui:/home/w/work/moveit2_handeye_calib/install/moveit_calibration_plugins:/home/w/work/trac_ik_ws/install/trac_ik:/home/w/work/trac_ik_ws/install/trac_ik_examples:/home/w/work/trac_ik_ws/install/trac_ik_lib:/opt/ros/humble LD_LIBRARY_PATH=/home/w/work/moveit2_handeye_calib/install/moveit_calibration_gui/lib:/home/w/work/moveit2_handeye_calib/install/moveit_calibration_plugins/lib:${LD_LIBRARY_PATH} /usr/bin/cmake --install /home/w/work/moveit2_handeye_calib/build/moveit_calibration_demos
[0.585s] -- Install configuration: ""
[0.585s] -- Installing: /home/w/work/moveit2_handeye_calib/install/moveit_calibration_demos/share/moveit_calibration_demos/launch
[0.585s] -- Installing: /home/w/work/moveit2_handeye_calib/install/moveit_calibration_demos/share/moveit_calibration_demos/launch/gz_eye_to_hand_charuco.launch.py
[0.585s] -- Installing: /home/w/work/moveit2_handeye_calib/install/moveit_calibration_demos/share/moveit_calibration_demos/launch/_gz_moveit_calibration.launch.py
[0.585s] -- Installing: /home/w/work/moveit2_handeye_calib/install/moveit_calibration_demos/share/moveit_calibration_demos/launch/gz_eye_to_hand_aruco.launch.py
[0.585s] -- Installing: /home/w/work/moveit2_handeye_calib/install/moveit_calibration_demos/share/moveit_calibration_demos/launch/gz_eye_in_hand_aruco.launch.py
[0.585s] -- Installing: /home/w/work/moveit2_handeye_calib/install/moveit_calibration_demos/share/moveit_calibration_demos/launch/gz_eye_in_hand_charuco.launch.py
[0.585s] -- Installing: /home/w/work/moveit2_handeye_calib/install/moveit_calibration_demos/share/moveit_calibration_demos/rviz
[0.585s] -- Installing: /home/w/work/moveit2_handeye_calib/install/moveit_calibration_demos/share/moveit_calibration_demos/rviz/eye_in_hand_aruco.rviz
[0.586s] -- Installing: /home/w/work/moveit2_handeye_calib/install/moveit_calibration_demos/share/moveit_calibration_demos/rviz/eye_to_hand_charuco.rviz
[0.586s] -- Installing: /home/w/work/moveit2_handeye_calib/install/moveit_calibration_demos/share/moveit_calibration_demos/rviz/eye_to_hand_aruco.rviz
[0.586s] -- Installing: /home/w/work/moveit2_handeye_calib/install/moveit_calibration_demos/share/moveit_calibration_demos/rviz/eye_in_hand_charuco.rviz
[0.586s] -- Installing: /home/w/work/moveit2_handeye_calib/install/moveit_calibration_demos/share/moveit_calibration_demos/worlds
[0.586s] -- Installing: /home/w/work/moveit2_handeye_calib/install/moveit_calibration_demos/share/moveit_calibration_demos/worlds/eye_in_hand_aruco.sdf
[0.586s] -- Installing: /home/w/work/moveit2_handeye_calib/install/moveit_calibration_demos/share/moveit_calibration_demos/worlds/eye_in_hand_charuco.sdf
[0.586s] -- Installing: /home/w/work/moveit2_handeye_calib/install/moveit_calibration_demos/share/moveit_calibration_demos/worlds/eye_to_hand_charuco.sdf
[0.586s] -- Installing: /home/w/work/moveit2_handeye_calib/install/moveit_calibration_demos/share/moveit_calibration_demos/worlds/eye_to_hand_aruco.sdf
[0.587s] -- Installing: /home/w/work/moveit2_handeye_calib/install/moveit_calibration_demos/share/ament_index/resource_index/package_run_dependencies/moveit_calibration_demos
[0.587s] -- Installing: /home/w/work/moveit2_handeye_calib/install/moveit_calibration_demos/share/ament_index/resource_index/parent_prefix_path/moveit_calibration_demos
[0.587s] -- Installing: /home/w/work/moveit2_handeye_calib/install/moveit_calibration_demos/share/moveit_calibration_demos/environment/ament_prefix_path.sh
[0.587s] -- Installing: /home/w/work/moveit2_handeye_calib/install/moveit_calibration_demos/share/moveit_calibration_demos/environment/ament_prefix_path.dsv
[0.587s] -- Installing: /home/w/work/moveit2_handeye_calib/install/moveit_calibration_demos/share/moveit_calibration_demos/environment/path.sh
[0.587s] -- Installing: /home/w/work/moveit2_handeye_calib/install/moveit_calibration_demos/share/moveit_calibration_demos/environment/path.dsv
[0.587s] -- Installing: /home/w/work/moveit2_handeye_calib/install/moveit_calibration_demos/share/moveit_calibration_demos/local_setup.bash
[0.587s] -- Installing: /home/w/work/moveit2_handeye_calib/install/moveit_calibration_demos/share/moveit_calibration_demos/local_setup.sh
[0.587s] -- Installing: /home/w/work/moveit2_handeye_calib/install/moveit_calibration_demos/share/moveit_calibration_demos/local_setup.zsh
[0.587s] -- Installing: /home/w/work/moveit2_handeye_calib/install/moveit_calibration_demos/share/moveit_calibration_demos/local_setup.dsv
[0.587s] -- Installing: /home/w/work/moveit2_handeye_calib/install/moveit_calibration_demos/share/moveit_calibration_demos/package.dsv
[0.587s] -- Installing: /home/w/work/moveit2_handeye_calib/install/moveit_calibration_demos/share/ament_index/resource_index/packages/moveit_calibration_demos
[0.587s] -- Installing: /home/w/work/moveit2_handeye_calib/install/moveit_calibration_demos/share/moveit_calibration_demos/cmake/moveit_calibration_demosConfig.cmake
[0.587s] -- Installing: /home/w/work/moveit2_handeye_calib/install/moveit_calibration_demos/share/moveit_calibration_demos/cmake/moveit_calibration_demosConfig-version.cmake
[0.588s] -- Installing: /home/w/work/moveit2_handeye_calib/install/moveit_calibration_demos/share/moveit_calibration_demos/package.xml
[0.589s] Invoked command in '/home/w/work/moveit2_handeye_calib/build/moveit_calibration_demos' returned '0': AMENT_PREFIX_PATH=/home/w/work/moveit2_handeye_calib/install/moveit_calibration_gui:/home/w/work/moveit2_handeye_calib/install/moveit_calibration_plugins:${AMENT_PREFIX_PATH} CMAKE_PREFIX_PATH=/home/w/work/moveit2_handeye_calib/install/moveit_calibration_gui:/home/w/work/moveit2_handeye_calib/install/moveit_calibration_plugins:/home/w/work/trac_ik_ws/install/trac_ik:/home/w/work/trac_ik_ws/install/trac_ik_examples:/home/w/work/trac_ik_ws/install/trac_ik_lib:/opt/ros/humble LD_LIBRARY_PATH=/home/w/work/moveit2_handeye_calib/install/moveit_calibration_gui/lib:/home/w/work/moveit2_handeye_calib/install/moveit_calibration_plugins/lib:${LD_LIBRARY_PATH} /usr/bin/cmake --install /home/w/work/moveit2_handeye_calib/build/moveit_calibration_demos
