-- Found moveit_common: 2.5.9 (/opt/ros/humble/share/moveit_common/cmake)
-- Found ament_cmake: 1.3.12 (/opt/ros/humble/share/ament_cmake/cmake)
-- Found ament_cmake_ros: 0.10.0 (/opt/ros/humble/share/ament_cmake_ros/cmake)
-- Found cv_bridge: 3.2.1 (/opt/ros/humble/share/cv_bridge/cmake)
-- Found rosidl_generator_c: 3.1.7 (/opt/ros/humble/share/rosidl_generator_c/cmake)
-- Found rosidl_adapter: 3.1.7 (/opt/ros/humble/share/rosidl_adapter/cmake)
-- Found rosidl_generator_cpp: 3.1.7 (/opt/ros/humble/share/rosidl_generator_cpp/cmake)
-- Using all available rosidl_typesupport_c: rosidl_typesupport_fastrtps_c;rosidl_typesupport_introspection_c
-- Using all available rosidl_typesupport_cpp: rosidl_typesupport_fastrtps_cpp;rosidl_typesupport_introspection_cpp
-- Found eigen3_cmake_module: 0.1.1 (/opt/ros/humble/share/eigen3_cmake_module/cmake)
-- Found image_geometry: 3.2.1 (/opt/ros/humble/share/image_geometry/cmake)
-- Found image_transport: 3.1.12 (/opt/ros/humble/share/image_transport/cmake)
-- Found rmw_implementation_cmake: 6.1.2 (/opt/ros/humble/share/rmw_implementation_cmake/cmake)
-- Found rmw_fastrtps_cpp: 6.2.9 (/opt/ros/humble/share/rmw_fastrtps_cpp/cmake)
-- Using RMW implementation 'rmw_fastrtps_cpp' as default
-- Found moveit_calibration_plugins: 2.0.0 (/home/w/work/moveit2_handeye_calib/install/moveit_calibration_plugins/share/moveit_calibration_plugins/cmake)
-- Found moveit_ros_visualization: 2.5.9 (/opt/ros/humble/share/moveit_ros_visualization/cmake)
-- Found Boost: /usr/lib/x86_64-linux-gnu/cmake/Boost-1.74.0/BoostConfig.cmake (found version "1.74.0") found components: thread date_time system filesystem 
-- Found Boost: /usr/lib/x86_64-linux-gnu/cmake/Boost-1.74.0/BoostConfig.cmake (found version "1.74.0") found components: filesystem 
-- library: /usr/lib/x86_64-linux-gnu/libcurl.so
-- Found Boost: /usr/lib/x86_64-linux-gnu/cmake/Boost-1.74.0/BoostConfig.cmake (found version "1.74.0") found components: system filesystem date_time program_options thread chrono 
-- Found Boost: /usr/lib/x86_64-linux-gnu/cmake/Boost-1.74.0/BoostConfig.cmake (found version "1.74.0") found components: chrono date_time filesystem iostreams program_options regex serialization system thread 
-- Found parameter_traits: 0.5.0 (/opt/ros/humble/share/parameter_traits/cmake)
-- Found rclcpp_lifecycle: 16.0.15 (/opt/ros/humble/share/rclcpp_lifecycle/cmake)
-- Ensuring Eigen3 include directory is part of orocos-kdl CMake target
-- Found Boost: /usr/lib/x86_64-linux-gnu/cmake/Boost-1.74.0/BoostConfig.cmake (found version "1.74.0") found components: date_time filesystem program_options system thread 
-- Found Boost: /usr/lib/x86_64-linux-gnu/cmake/Boost-1.74.0/BoostConfig.cmake (found version "1.74.0") found components: thread system filesystem regex date_time program_options 
-- Found Boost: /usr/lib/x86_64-linux-gnu/cmake/Boost-1.74.0/BoostConfig.cmake (found version "1.74.0") found components: system filesystem date_time program_options thread 
-- Setting OGRE_DIR to: '/opt/ros/humble/share/rviz_ogre_vendor/cmake/../../../opt/rviz_ogre_vendor/lib/OGRE/cmake'
-- Found OGRE
--   static     : OFF
--   components : HLMS;MeshLodGenerator;Overlay;Paging;Property;RTShaderSystem;Terrain;Volume
--   plugins    : Plugin_BSPSceneManager;Plugin_OctreeSceneManager;Plugin_PCZSceneManager;Plugin_ParticleFX;RenderSystem_GL;RenderSystem_GL3Plus;Codec_STBI
--   media      : /opt/ros/humble/opt/rviz_ogre_vendor/share/OGRE/Media
-- OGRE_LIBRARIES: OgreHLMS;OgreMeshLodGenerator;OgreOverlay;OgrePaging;OgreProperty;OgreRTShaderSystem;OgreTerrain;OgreVolume;OgreMain
-- OGRE_LIBRARY_DIRS: /opt/ros/humble/opt/rviz_ogre_vendor/lib
-- OGRE_PLUGINS: Plugin_BSPSceneManager;Plugin_OctreeSceneManager;Plugin_PCZSceneManager;Plugin_ParticleFX;RenderSystem_GL;RenderSystem_GL3Plus;Codec_STBI
-- OGRE_PLUGIN_DIR: /opt/ros/humble/opt/rviz_ogre_vendor/lib/OGRE
-- rviz_ogre_vendor::OgreOverlay for IMPORTED_LOCATION_RELEASE: /opt/ros/humble/opt/rviz_ogre_vendor/lib/libOgreOverlay.so
-- rviz_ogre_vendor::OgreOverlay for IMPORTED_LOCATION_DEBUG: /opt/ros/humble/opt/rviz_ogre_vendor/lib/libOgreOverlay.so
-- rviz_ogre_vendor::OgreMain for IMPORTED_LOCATION_RELEASE: /opt/ros/humble/opt/rviz_ogre_vendor/lib/libOgreMain.so
-- rviz_ogre_vendor::OgreMain for IMPORTED_LOCATION_DEBUG: /opt/ros/humble/opt/rviz_ogre_vendor/lib/libOgreMain.so
-- Could not find freeimage library
-- Setting assimp_DIR to: '/opt/ros/humble/share/rviz_assimp_vendor/cmake/../../../opt/rviz_assimp_vendor/lib/cmake/assimp-4.1'
-- Found moveit_visual_tools: 4.1.2 (/opt/ros/humble/share/moveit_visual_tools/cmake)
-- Found OpenCV: /usr (found version "4.5.4") 
-- Configuring done
-- Generating done
-- Build files have been written to: /home/w/work/moveit2_handeye_calib/build/moveit_calibration_gui
[  8%] [34m[1mAutomatic MOC and UIC for target moveit_handeye_calibration_rviz_plugin_core[0m
[  8%] Built target moveit_handeye_calibration_rviz_plugin_core_autogen
[ 16%] [32mBuilding CXX object handeye_calibration_rviz_plugin/CMakeFiles/moveit_handeye_calibration_rviz_plugin_core.dir/moveit_handeye_calibration_rviz_plugin_core_autogen/mocs_compilation.cpp.o[0m
[ 25%] [32mBuilding CXX object handeye_calibration_rviz_plugin/CMakeFiles/moveit_handeye_calibration_rviz_plugin_core.dir/src/handeye_calibration_display.cpp.o[0m
[ 33%] [32mBuilding CXX object handeye_calibration_rviz_plugin/CMakeFiles/moveit_handeye_calibration_rviz_plugin_core.dir/src/handeye_calibration_frame.cpp.o[0m
[ 50%] [32mBuilding CXX object handeye_calibration_rviz_plugin/CMakeFiles/moveit_handeye_calibration_rviz_plugin_core.dir/src/handeye_control_widget.cpp.o[0m
[ 50%] [32mBuilding CXX object handeye_calibration_rviz_plugin/CMakeFiles/moveit_handeye_calibration_rviz_plugin_core.dir/src/handeye_context_widget.cpp.o[0m
[ 58%] [32mBuilding CXX object handeye_calibration_rviz_plugin/CMakeFiles/moveit_handeye_calibration_rviz_plugin_core.dir/src/handeye_target_widget.cpp.o[0m
[ 66%] [32m[1mLinking CXX shared library libmoveit_handeye_calibration_rviz_plugin_core.so[0m
[ 66%] Built target moveit_handeye_calibration_rviz_plugin_core
[ 75%] [34m[1mAutomatic MOC and UIC for target moveit_handeye_calibration_rviz_plugin[0m
[ 75%] Built target moveit_handeye_calibration_rviz_plugin_autogen
[ 83%] [32mBuilding CXX object handeye_calibration_rviz_plugin/CMakeFiles/moveit_handeye_calibration_rviz_plugin.dir/moveit_handeye_calibration_rviz_plugin_autogen/mocs_compilation.cpp.o[0m
[ 91%] [32mBuilding CXX object handeye_calibration_rviz_plugin/CMakeFiles/moveit_handeye_calibration_rviz_plugin.dir/src/plugin_init.cpp.o[0m
[100%] [32m[1mLinking CXX shared library libmoveit_handeye_calibration_rviz_plugin.so[0m
[100%] Built target moveit_handeye_calibration_rviz_plugin
-- Install configuration: "Release"
-- Installing: /home/w/work/moveit2_handeye_calib/install/moveit_calibration_gui/share/moveit_calibration_gui/handeye_calibration_rviz_plugin_description.xml
-- Installing: /home/w/work/moveit2_handeye_calib/install/moveit_calibration_gui/share/moveit_calibration_gui/environment/library_path.sh
-- Installing: /home/w/work/moveit2_handeye_calib/install/moveit_calibration_gui/share/moveit_calibration_gui/environment/library_path.dsv
-- Installing: /home/w/work/moveit2_handeye_calib/install/moveit_calibration_gui/share/ament_index/resource_index/package_run_dependencies/moveit_calibration_gui
-- Installing: /home/w/work/moveit2_handeye_calib/install/moveit_calibration_gui/share/ament_index/resource_index/parent_prefix_path/moveit_calibration_gui
-- Installing: /home/w/work/moveit2_handeye_calib/install/moveit_calibration_gui/share/moveit_calibration_gui/environment/ament_prefix_path.sh
-- Installing: /home/w/work/moveit2_handeye_calib/install/moveit_calibration_gui/share/moveit_calibration_gui/environment/ament_prefix_path.dsv
-- Installing: /home/w/work/moveit2_handeye_calib/install/moveit_calibration_gui/share/moveit_calibration_gui/environment/path.sh
-- Installing: /home/w/work/moveit2_handeye_calib/install/moveit_calibration_gui/share/moveit_calibration_gui/environment/path.dsv
-- Installing: /home/w/work/moveit2_handeye_calib/install/moveit_calibration_gui/share/moveit_calibration_gui/local_setup.bash
-- Installing: /home/w/work/moveit2_handeye_calib/install/moveit_calibration_gui/share/moveit_calibration_gui/local_setup.sh
-- Installing: /home/w/work/moveit2_handeye_calib/install/moveit_calibration_gui/share/moveit_calibration_gui/local_setup.zsh
-- Installing: /home/w/work/moveit2_handeye_calib/install/moveit_calibration_gui/share/moveit_calibration_gui/local_setup.dsv
-- Installing: /home/w/work/moveit2_handeye_calib/install/moveit_calibration_gui/share/moveit_calibration_gui/package.dsv
-- Installing: /home/w/work/moveit2_handeye_calib/install/moveit_calibration_gui/share/ament_index/resource_index/packages/moveit_calibration_gui
-- Installing: /home/w/work/moveit2_handeye_calib/install/moveit_calibration_gui/share/ament_index/resource_index/rviz_common__pluginlib__plugin/moveit_calibration_gui
-- Installing: /home/w/work/moveit2_handeye_calib/install/moveit_calibration_gui/share/moveit_calibration_gui/cmake/export_moveit_calibration_guiExport.cmake
-- Installing: /home/w/work/moveit2_handeye_calib/install/moveit_calibration_gui/share/moveit_calibration_gui/cmake/export_moveit_calibration_guiExport-release.cmake
-- Installing: /home/w/work/moveit2_handeye_calib/install/moveit_calibration_gui/share/moveit_calibration_gui/cmake/ament_cmake_export_targets-extras.cmake
-- Installing: /home/w/work/moveit2_handeye_calib/install/moveit_calibration_gui/share/moveit_calibration_gui/cmake/ament_cmake_export_dependencies-extras.cmake
-- Installing: /home/w/work/moveit2_handeye_calib/install/moveit_calibration_gui/share/moveit_calibration_gui/cmake/moveit_calibration_guiConfig.cmake
-- Installing: /home/w/work/moveit2_handeye_calib/install/moveit_calibration_gui/share/moveit_calibration_gui/cmake/moveit_calibration_guiConfig-version.cmake
-- Installing: /home/w/work/moveit2_handeye_calib/install/moveit_calibration_gui/share/moveit_calibration_gui/package.xml
-- Installing: /home/w/work/moveit2_handeye_calib/install/moveit_calibration_gui/include
-- Installing: /home/w/work/moveit2_handeye_calib/install/moveit_calibration_gui/include/moveit
-- Installing: /home/w/work/moveit2_handeye_calib/install/moveit_calibration_gui/include/moveit/handeye_calibration_rviz_plugin
-- Installing: /home/w/work/moveit2_handeye_calib/install/moveit_calibration_gui/include/moveit/handeye_calibration_rviz_plugin/handeye_target_widget.h
-- Installing: /home/w/work/moveit2_handeye_calib/install/moveit_calibration_gui/include/moveit/handeye_calibration_rviz_plugin/handeye_calibration_display.h
-- Installing: /home/w/work/moveit2_handeye_calib/install/moveit_calibration_gui/include/moveit/handeye_calibration_rviz_plugin/handeye_calibration_frame.h
-- Installing: /home/w/work/moveit2_handeye_calib/install/moveit_calibration_gui/include/moveit/handeye_calibration_rviz_plugin/handeye_control_widget.h
-- Installing: /home/w/work/moveit2_handeye_calib/install/moveit_calibration_gui/include/moveit/handeye_calibration_rviz_plugin/handeye_context_widget.h
-- Installing: /home/w/work/moveit2_handeye_calib/install/moveit_calibration_gui/lib/libmoveit_handeye_calibration_rviz_plugin_core.so.2.0.0
-- Set runtime path of "/home/w/work/moveit2_handeye_calib/install/moveit_calibration_gui/lib/libmoveit_handeye_calibration_rviz_plugin_core.so.2.0.0" to ""
-- Installing: /home/w/work/moveit2_handeye_calib/install/moveit_calibration_gui/lib/libmoveit_handeye_calibration_rviz_plugin_core.so
-- Installing: /home/w/work/moveit2_handeye_calib/install/moveit_calibration_gui/lib/libmoveit_handeye_calibration_rviz_plugin.so.2.0.0
-- Set runtime path of "/home/w/work/moveit2_handeye_calib/install/moveit_calibration_gui/lib/libmoveit_handeye_calibration_rviz_plugin.so.2.0.0" to ""
-- Installing: /home/w/work/moveit2_handeye_calib/install/moveit_calibration_gui/lib/libmoveit_handeye_calibration_rviz_plugin.so
-- Up-to-date: /home/w/work/moveit2_handeye_calib/install/moveit_calibration_gui/share/moveit_calibration_gui/environment/library_path.sh
-- Up-to-date: /home/w/work/moveit2_handeye_calib/install/moveit_calibration_gui/share/moveit_calibration_gui/environment/library_path.dsv
