[0.023s] Invoking command in '/home/w/work/moveit2_handeye_calib/build/robot_control': AMENT_PREFIX_PATH=/home/w/work/moveit2_handeye_calib/install/robot_interfaces:${AMENT_PREFIX_PATH} CMAKE_PREFIX_PATH=/home/w/work/moveit2_handeye_calib/install/robot_interfaces:/home/w/work/trac_ik_ws/install/trac_ik:/home/w/work/trac_ik_ws/install/trac_ik_examples:/home/w/work/trac_ik_ws/install/trac_ik_lib:/opt/ros/humble LD_LIBRARY_PATH=/home/w/work/moveit2_handeye_calib/install/robot_interfaces/lib:${LD_LIBRARY_PATH} PYTHONPATH=/home/w/work/moveit2_handeye_calib/install/robot_interfaces/local/lib/python3.10/dist-packages:${PYTHONPATH} /usr/bin/cmake --build /home/w/work/moveit2_handeye_calib/build/robot_control -- -j28 -l28
[0.344s] [100%] Built target robot_control
[0.351s] Invoked command in '/home/w/work/moveit2_handeye_calib/build/robot_control' returned '0': AMENT_PREFIX_PATH=/home/w/work/moveit2_handeye_calib/install/robot_interfaces:${AMENT_PREFIX_PATH} CMAKE_PREFIX_PATH=/home/w/work/moveit2_handeye_calib/install/robot_interfaces:/home/w/work/trac_ik_ws/install/trac_ik:/home/w/work/trac_ik_ws/install/trac_ik_examples:/home/w/work/trac_ik_ws/install/trac_ik_lib:/opt/ros/humble LD_LIBRARY_PATH=/home/w/work/moveit2_handeye_calib/install/robot_interfaces/lib:${LD_LIBRARY_PATH} PYTHONPATH=/home/w/work/moveit2_handeye_calib/install/robot_interfaces/local/lib/python3.10/dist-packages:${PYTHONPATH} /usr/bin/cmake --build /home/w/work/moveit2_handeye_calib/build/robot_control -- -j28 -l28
[0.351s] Invoking command in '/home/w/work/moveit2_handeye_calib/build/robot_control': AMENT_PREFIX_PATH=/home/w/work/moveit2_handeye_calib/install/robot_interfaces:${AMENT_PREFIX_PATH} CMAKE_PREFIX_PATH=/home/w/work/moveit2_handeye_calib/install/robot_interfaces:/home/w/work/trac_ik_ws/install/trac_ik:/home/w/work/trac_ik_ws/install/trac_ik_examples:/home/w/work/trac_ik_ws/install/trac_ik_lib:/opt/ros/humble LD_LIBRARY_PATH=/home/w/work/moveit2_handeye_calib/install/robot_interfaces/lib:${LD_LIBRARY_PATH} PYTHONPATH=/home/w/work/moveit2_handeye_calib/install/robot_interfaces/local/lib/python3.10/dist-packages:${PYTHONPATH} /usr/bin/cmake --install /home/w/work/moveit2_handeye_calib/build/robot_control
[0.375s] -- Install configuration: ""
[0.375s] -- Up-to-date: /home/w/work/moveit2_handeye_calib/install/robot_control/share/robot_control/launch
[0.375s] -- Up-to-date: /home/w/work/moveit2_handeye_calib/install/robot_control/share/robot_control/launch/robot_control.launch.py
[0.375s] -- Up-to-date: /home/w/work/moveit2_handeye_calib/install/robot_control/lib/robot_control/robot_control
[0.375s] -- Up-to-date: /home/w/work/moveit2_handeye_calib/install/robot_control/share/ament_index/resource_index/package_run_dependencies/robot_control
[0.375s] -- Up-to-date: /home/w/work/moveit2_handeye_calib/install/robot_control/share/ament_index/resource_index/parent_prefix_path/robot_control
[0.375s] -- Up-to-date: /home/w/work/moveit2_handeye_calib/install/robot_control/share/robot_control/environment/ament_prefix_path.sh
[0.375s] -- Up-to-date: /home/w/work/moveit2_handeye_calib/install/robot_control/share/robot_control/environment/ament_prefix_path.dsv
[0.375s] -- Up-to-date: /home/w/work/moveit2_handeye_calib/install/robot_control/share/robot_control/environment/path.sh
[0.375s] -- Up-to-date: /home/w/work/moveit2_handeye_calib/install/robot_control/share/robot_control/environment/path.dsv
[0.375s] -- Up-to-date: /home/w/work/moveit2_handeye_calib/install/robot_control/share/robot_control/local_setup.bash
[0.375s] -- Up-to-date: /home/w/work/moveit2_handeye_calib/install/robot_control/share/robot_control/local_setup.sh
[0.375s] -- Up-to-date: /home/w/work/moveit2_handeye_calib/install/robot_control/share/robot_control/local_setup.zsh
[0.375s] -- Up-to-date: /home/w/work/moveit2_handeye_calib/install/robot_control/share/robot_control/local_setup.dsv
[0.375s] -- Installing: /home/w/work/moveit2_handeye_calib/install/robot_control/share/robot_control/package.dsv
[0.375s] -- Up-to-date: /home/w/work/moveit2_handeye_calib/install/robot_control/share/ament_index/resource_index/packages/robot_control
[0.375s] -- Up-to-date: /home/w/work/moveit2_handeye_calib/install/robot_control/share/robot_control/cmake/robot_controlConfig.cmake
[0.375s] -- Up-to-date: /home/w/work/moveit2_handeye_calib/install/robot_control/share/robot_control/cmake/robot_controlConfig-version.cmake
[0.375s] -- Up-to-date: /home/w/work/moveit2_handeye_calib/install/robot_control/share/robot_control/package.xml
[0.402s] Invoked command in '/home/w/work/moveit2_handeye_calib/build/robot_control' returned '0': AMENT_PREFIX_PATH=/home/w/work/moveit2_handeye_calib/install/robot_interfaces:${AMENT_PREFIX_PATH} CMAKE_PREFIX_PATH=/home/w/work/moveit2_handeye_calib/install/robot_interfaces:/home/w/work/trac_ik_ws/install/trac_ik:/home/w/work/trac_ik_ws/install/trac_ik_examples:/home/w/work/trac_ik_ws/install/trac_ik_lib:/opt/ros/humble LD_LIBRARY_PATH=/home/w/work/moveit2_handeye_calib/install/robot_interfaces/lib:${LD_LIBRARY_PATH} PYTHONPATH=/home/w/work/moveit2_handeye_calib/install/robot_interfaces/local/lib/python3.10/dist-packages:${PYTHONPATH} /usr/bin/cmake --install /home/w/work/moveit2_handeye_calib/build/robot_control
