[0.008s] Invoking command in '/home/w/work/moveit2_handeye_calib/build/arm620_dh_config': AMENT_PREFIX_PATH=/home/w/work/moveit2_handeye_calib/install/robot_description:${AMENT_PREFIX_PATH} CMAKE_PREFIX_PATH=/home/w/work/moveit2_handeye_calib/install/robot_description:/home/w/work/trac_ik_ws/install/trac_ik:/home/w/work/trac_ik_ws/install/trac_ik_examples:/home/w/work/trac_ik_ws/install/trac_ik_lib:/opt/ros/humble /usr/bin/cmake /home/w/work/moveit2_handeye_calib/TG620/robot_config/arm620_dh_config -DCMAKE_INSTALL_PREFIX=/home/w/work/moveit2_handeye_calib/install/arm620_dh_config
[0.046s] -- The C compiler identification is GNU 11.4.0
[0.090s] -- The CXX compiler identification is GNU 11.4.0
[0.095s] -- Detecting C compiler ABI info
[0.144s] -- Detecting C compiler ABI info - done
[0.150s] -- Check for working C compiler: /usr/bin/cc - skipped
[0.150s] -- Detecting C compile features
[0.151s] -- Detecting C compile features - done
[0.153s] -- Detecting CXX compiler ABI info
[0.211s] -- Detecting CXX compiler ABI info - done
[0.216s] -- Check for working CXX compiler: /usr/bin/c++ - skipped
[0.217s] -- Detecting CXX compile features
[0.217s] -- Detecting CXX compile features - done
[0.218s] -- Found ament_cmake: 1.3.12 (/opt/ros/humble/share/ament_cmake/cmake)
[0.352s] -- Found Python3: /usr/bin/python3 (found version "3.10.12") found components: Interpreter 
[0.464s] -- Configuring done
[0.467s] -- Generating done
[0.468s] -- Build files have been written to: /home/w/work/moveit2_handeye_calib/build/arm620_dh_config
[0.471s] Invoked command in '/home/w/work/moveit2_handeye_calib/build/arm620_dh_config' returned '0': AMENT_PREFIX_PATH=/home/w/work/moveit2_handeye_calib/install/robot_description:${AMENT_PREFIX_PATH} CMAKE_PREFIX_PATH=/home/w/work/moveit2_handeye_calib/install/robot_description:/home/w/work/trac_ik_ws/install/trac_ik:/home/w/work/trac_ik_ws/install/trac_ik_examples:/home/w/work/trac_ik_ws/install/trac_ik_lib:/opt/ros/humble /usr/bin/cmake /home/w/work/moveit2_handeye_calib/TG620/robot_config/arm620_dh_config -DCMAKE_INSTALL_PREFIX=/home/w/work/moveit2_handeye_calib/install/arm620_dh_config
[0.472s] Invoking command in '/home/w/work/moveit2_handeye_calib/build/arm620_dh_config': AMENT_PREFIX_PATH=/home/w/work/moveit2_handeye_calib/install/robot_description:${AMENT_PREFIX_PATH} CMAKE_PREFIX_PATH=/home/w/work/moveit2_handeye_calib/install/robot_description:/home/w/work/trac_ik_ws/install/trac_ik:/home/w/work/trac_ik_ws/install/trac_ik_examples:/home/w/work/trac_ik_ws/install/trac_ik_lib:/opt/ros/humble /usr/bin/cmake --build /home/w/work/moveit2_handeye_calib/build/arm620_dh_config -- -j28 -l28
[0.507s] Invoked command in '/home/w/work/moveit2_handeye_calib/build/arm620_dh_config' returned '0': AMENT_PREFIX_PATH=/home/w/work/moveit2_handeye_calib/install/robot_description:${AMENT_PREFIX_PATH} CMAKE_PREFIX_PATH=/home/w/work/moveit2_handeye_calib/install/robot_description:/home/w/work/trac_ik_ws/install/trac_ik:/home/w/work/trac_ik_ws/install/trac_ik_examples:/home/w/work/trac_ik_ws/install/trac_ik_lib:/opt/ros/humble /usr/bin/cmake --build /home/w/work/moveit2_handeye_calib/build/arm620_dh_config -- -j28 -l28
[0.508s] Invoking command in '/home/w/work/moveit2_handeye_calib/build/arm620_dh_config': AMENT_PREFIX_PATH=/home/w/work/moveit2_handeye_calib/install/robot_description:${AMENT_PREFIX_PATH} CMAKE_PREFIX_PATH=/home/w/work/moveit2_handeye_calib/install/robot_description:/home/w/work/trac_ik_ws/install/trac_ik:/home/w/work/trac_ik_ws/install/trac_ik_examples:/home/w/work/trac_ik_ws/install/trac_ik_lib:/opt/ros/humble /usr/bin/cmake --install /home/w/work/moveit2_handeye_calib/build/arm620_dh_config
[0.512s] -- Install configuration: ""
[0.512s] -- Installing: /home/w/work/moveit2_handeye_calib/install/arm620_dh_config/share/ament_index/resource_index/package_run_dependencies/arm620_dh_config
[0.512s] -- Installing: /home/w/work/moveit2_handeye_calib/install/arm620_dh_config/share/ament_index/resource_index/parent_prefix_path/arm620_dh_config
[0.512s] -- Installing: /home/w/work/moveit2_handeye_calib/install/arm620_dh_config/share/arm620_dh_config/environment/ament_prefix_path.sh
[0.513s] -- Installing: /home/w/work/moveit2_handeye_calib/install/arm620_dh_config/share/arm620_dh_config/environment/ament_prefix_path.dsv
[0.513s] -- Installing: /home/w/work/moveit2_handeye_calib/install/arm620_dh_config/share/arm620_dh_config/environment/path.sh
[0.513s] -- Installing: /home/w/work/moveit2_handeye_calib/install/arm620_dh_config/share/arm620_dh_config/environment/path.dsv
[0.513s] -- Installing: /home/w/work/moveit2_handeye_calib/install/arm620_dh_config/share/arm620_dh_config/local_setup.bash
[0.513s] -- Installing: /home/w/work/moveit2_handeye_calib/install/arm620_dh_config/share/arm620_dh_config/local_setup.sh
[0.513s] -- Installing: /home/w/work/moveit2_handeye_calib/install/arm620_dh_config/share/arm620_dh_config/local_setup.zsh
[0.513s] -- Installing: /home/w/work/moveit2_handeye_calib/install/arm620_dh_config/share/arm620_dh_config/local_setup.dsv
[0.513s] -- Installing: /home/w/work/moveit2_handeye_calib/install/arm620_dh_config/share/arm620_dh_config/package.dsv
[0.513s] -- Installing: /home/w/work/moveit2_handeye_calib/install/arm620_dh_config/share/ament_index/resource_index/packages/arm620_dh_config
[0.513s] -- Installing: /home/w/work/moveit2_handeye_calib/install/arm620_dh_config/share/arm620_dh_config/cmake/arm620_dh_configConfig.cmake
[0.513s] -- Installing: /home/w/work/moveit2_handeye_calib/install/arm620_dh_config/share/arm620_dh_config/cmake/arm620_dh_configConfig-version.cmake
[0.514s] -- Installing: /home/w/work/moveit2_handeye_calib/install/arm620_dh_config/share/arm620_dh_config/package.xml
[0.514s] -- Installing: /home/w/work/moveit2_handeye_calib/install/arm620_dh_config/share/arm620_dh_config/launch
[0.514s] -- Installing: /home/w/work/moveit2_handeye_calib/install/arm620_dh_config/share/arm620_dh_config/launch/static_virtual_joint_tfs.launch.py
[0.514s] -- Installing: /home/w/work/moveit2_handeye_calib/install/arm620_dh_config/share/arm620_dh_config/launch/spawn_controllers.launch.py
[0.514s] -- Installing: /home/w/work/moveit2_handeye_calib/install/arm620_dh_config/share/arm620_dh_config/launch/gazebo_moveit_demo.launch.py
[0.514s] -- Installing: /home/w/work/moveit2_handeye_calib/install/arm620_dh_config/share/arm620_dh_config/launch/move_group.launch.py
[0.514s] -- Installing: /home/w/work/moveit2_handeye_calib/install/arm620_dh_config/share/arm620_dh_config/launch/warehouse_db.launch.py
[0.514s] -- Installing: /home/w/work/moveit2_handeye_calib/install/arm620_dh_config/share/arm620_dh_config/launch/real_moveit_demo.launch.py
[0.514s] -- Installing: /home/w/work/moveit2_handeye_calib/install/arm620_dh_config/share/arm620_dh_config/launch/demo.launch.py
[0.515s] -- Installing: /home/w/work/moveit2_handeye_calib/install/arm620_dh_config/share/arm620_dh_config/launch/setup_assistant.launch.py
[0.515s] -- Installing: /home/w/work/moveit2_handeye_calib/install/arm620_dh_config/share/arm620_dh_config/launch/rsp.launch.py
[0.515s] -- Installing: /home/w/work/moveit2_handeye_calib/install/arm620_dh_config/share/arm620_dh_config/launch/moveit_rviz.launch.py
[0.515s] -- Installing: /home/w/work/moveit2_handeye_calib/install/arm620_dh_config/share/arm620_dh_config/config
[0.515s] -- Installing: /home/w/work/moveit2_handeye_calib/install/arm620_dh_config/share/arm620_dh_config/config/moveit_controllers.yaml
[0.515s] -- Installing: /home/w/work/moveit2_handeye_calib/install/arm620_dh_config/share/arm620_dh_config/config/initial_positions.yaml
[0.515s] -- Installing: /home/w/work/moveit2_handeye_calib/install/arm620_dh_config/share/arm620_dh_config/config/ros2_controllers.yaml
[0.515s] -- Installing: /home/w/work/moveit2_handeye_calib/install/arm620_dh_config/share/arm620_dh_config/config/moveit.rviz
[0.515s] -- Installing: /home/w/work/moveit2_handeye_calib/install/arm620_dh_config/share/arm620_dh_config/config/arm620_dh.ros2_control.xacro
[0.515s] -- Installing: /home/w/work/moveit2_handeye_calib/install/arm620_dh_config/share/arm620_dh_config/config/kinematics.yaml
[0.515s] -- Installing: /home/w/work/moveit2_handeye_calib/install/arm620_dh_config/share/arm620_dh_config/config/joint_limits.yaml
[0.515s] -- Installing: /home/w/work/moveit2_handeye_calib/install/arm620_dh_config/share/arm620_dh_config/config/arm620_dh.urdf.xacro
[0.515s] -- Installing: /home/w/work/moveit2_handeye_calib/install/arm620_dh_config/share/arm620_dh_config/config/arm620_dh.srdf
[0.515s] -- Installing: /home/w/work/moveit2_handeye_calib/install/arm620_dh_config/share/arm620_dh_config/config/pilz_cartesian_limits.yaml
[0.515s] -- Installing: /home/w/work/moveit2_handeye_calib/install/arm620_dh_config/share/arm620_dh_config/.setup_assistant
[0.519s] Invoked command in '/home/w/work/moveit2_handeye_calib/build/arm620_dh_config' returned '0': AMENT_PREFIX_PATH=/home/w/work/moveit2_handeye_calib/install/robot_description:${AMENT_PREFIX_PATH} CMAKE_PREFIX_PATH=/home/w/work/moveit2_handeye_calib/install/robot_description:/home/w/work/trac_ik_ws/install/trac_ik:/home/w/work/trac_ik_ws/install/trac_ik_examples:/home/w/work/trac_ik_ws/install/trac_ik_lib:/opt/ros/humble /usr/bin/cmake --install /home/w/work/moveit2_handeye_calib/build/arm620_dh_config
