[35m[1mConsolidate compiler generated dependencies of target robot_interfaces__rosidl_generator_c[0m
[  0%] Built target robot_interfaces__cpp
[ 12%] Built target robot_interfaces__rosidl_generator_c
[ 12%] Built target ament_cmake_python_copy_robot_interfaces
[35m[1mConsolidate compiler generated dependencies of target robot_interfaces__rosidl_typesupport_introspection_cpp[0m
[35m[1mConsolidate compiler generated dependencies of target robot_interfaces__rosidl_typesupport_cpp[0m
[35m[1mConsolidate compiler generated dependencies of target robot_interfaces__rosidl_typesupport_fastrtps_cpp[0m
[35m[1mConsolidate compiler generated dependencies of target robot_interfaces__rosidl_typesupport_c[0m
[35m[1mConsolidate compiler generated dependencies of target robot_interfaces__rosidl_typesupport_fastrtps_c[0m
[35m[1mConsolidate compiler generated dependencies of target robot_interfaces__rosidl_typesupport_introspection_c[0m
[ 24%] Built target robot_interfaces__rosidl_typesupport_c
[ 36%] Built target robot_interfaces__rosidl_typesupport_introspection_cpp
[ 48%] Built target robot_interfaces__rosidl_typesupport_introspection_c
[ 60%] Built target robot_interfaces__rosidl_typesupport_fastrtps_c
[ 79%] Built target robot_interfaces__rosidl_typesupport_fastrtps_cpp
[ 84%] Built target robot_interfaces__rosidl_typesupport_cpp
[ 84%] Built target robot_interfaces
[ 85%] Built target robot_interfaces__py
[35m[1mConsolidate compiler generated dependencies of target robot_interfaces__rosidl_generator_py[0m
[ 96%] Built target robot_interfaces__rosidl_generator_py
[35m[1mConsolidate compiler generated dependencies of target robot_interfaces__rosidl_typesupport_fastrtps_c__pyext[0m
[35m[1mConsolidate compiler generated dependencies of target robot_interfaces__rosidl_typesupport_introspection_c__pyext[0m
[35m[1mConsolidate compiler generated dependencies of target robot_interfaces__rosidl_typesupport_c__pyext[0m
[ 97%] Built target robot_interfaces__rosidl_typesupport_fastrtps_c__pyext
[ 99%] Built target robot_interfaces__rosidl_typesupport_introspection_c__pyext
[100%] Built target robot_interfaces__rosidl_typesupport_c__pyext
running egg_info
writing robot_interfaces.egg-info/PKG-INFO
writing dependency_links to robot_interfaces.egg-info/dependency_links.txt
writing top-level names to robot_interfaces.egg-info/top_level.txt
reading manifest file 'robot_interfaces.egg-info/SOURCES.txt'
writing manifest file 'robot_interfaces.egg-info/SOURCES.txt'
[100%] Built target ament_cmake_python_build_robot_interfaces_egg
-- Install configuration: ""
-- Up-to-date: /home/w/work/moveit2_handeye_calib/install/robot_interfaces/share/ament_index/resource_index/rosidl_interfaces/robot_interfaces
-- Up-to-date: /home/w/work/moveit2_handeye_calib/install/robot_interfaces/include/robot_interfaces/robot_interfaces
-- Up-to-date: /home/w/work/moveit2_handeye_calib/install/robot_interfaces/include/robot_interfaces/robot_interfaces/srv
-- Up-to-date: /home/w/work/moveit2_handeye_calib/install/robot_interfaces/include/robot_interfaces/robot_interfaces/srv/sdk_recv.h
-- Up-to-date: /home/w/work/moveit2_handeye_calib/install/robot_interfaces/include/robot_interfaces/robot_interfaces/srv/compute_gravity.h
-- Up-to-date: /home/w/work/moveit2_handeye_calib/install/robot_interfaces/include/robot_interfaces/robot_interfaces/srv/detail
-- Up-to-date: /home/w/work/moveit2_handeye_calib/install/robot_interfaces/include/robot_interfaces/robot_interfaces/srv/detail/compute_gravity__struct.h
-- Up-to-date: /home/w/work/moveit2_handeye_calib/install/robot_interfaces/include/robot_interfaces/robot_interfaces/srv/detail/compute_gravity__functions.h
-- Up-to-date: /home/w/work/moveit2_handeye_calib/install/robot_interfaces/include/robot_interfaces/robot_interfaces/srv/detail/sdk_recv__type_support.h
-- Up-to-date: /home/w/work/moveit2_handeye_calib/install/robot_interfaces/include/robot_interfaces/robot_interfaces/srv/detail/sdk_recv__functions.h
-- Up-to-date: /home/w/work/moveit2_handeye_calib/install/robot_interfaces/include/robot_interfaces/robot_interfaces/srv/detail/sdk_recv__functions.c
-- Up-to-date: /home/w/work/moveit2_handeye_calib/install/robot_interfaces/include/robot_interfaces/robot_interfaces/srv/detail/sdk_recv__struct.h
-- Up-to-date: /home/w/work/moveit2_handeye_calib/install/robot_interfaces/include/robot_interfaces/robot_interfaces/srv/detail/compute_gravity__functions.c
-- Up-to-date: /home/w/work/moveit2_handeye_calib/install/robot_interfaces/include/robot_interfaces/robot_interfaces/srv/detail/compute_gravity__type_support.h
-- Up-to-date: /home/w/work/moveit2_handeye_calib/install/robot_interfaces/include/robot_interfaces/robot_interfaces/msg
-- Up-to-date: /home/w/work/moveit2_handeye_calib/install/robot_interfaces/include/robot_interfaces/robot_interfaces/msg/generic_motor_parameter.h
-- Up-to-date: /home/w/work/moveit2_handeye_calib/install/robot_interfaces/include/robot_interfaces/robot_interfaces/msg/tool_config.h
-- Up-to-date: /home/w/work/moveit2_handeye_calib/install/robot_interfaces/include/robot_interfaces/robot_interfaces/msg/gripper_control.h
-- Up-to-date: /home/w/work/moveit2_handeye_calib/install/robot_interfaces/include/robot_interfaces/robot_interfaces/msg/move_c_action.h
-- Up-to-date: /home/w/work/moveit2_handeye_calib/install/robot_interfaces/include/robot_interfaces/robot_interfaces/msg/key_pressed_action.h
-- Up-to-date: /home/w/work/moveit2_handeye_calib/install/robot_interfaces/include/robot_interfaces/robot_interfaces/msg/qt_recv.h
-- Up-to-date: /home/w/work/moveit2_handeye_calib/install/robot_interfaces/include/robot_interfaces/robot_interfaces/msg/generic_motor_operation.h
-- Up-to-date: /home/w/work/moveit2_handeye_calib/install/robot_interfaces/include/robot_interfaces/robot_interfaces/msg/motor_fdb.h
-- Up-to-date: /home/w/work/moveit2_handeye_calib/install/robot_interfaces/include/robot_interfaces/robot_interfaces/msg/line_msg.h
-- Up-to-date: /home/w/work/moveit2_handeye_calib/install/robot_interfaces/include/robot_interfaces/robot_interfaces/msg/qt_pub.h
-- Up-to-date: /home/w/work/moveit2_handeye_calib/install/robot_interfaces/include/robot_interfaces/robot_interfaces/msg/detail
-- Up-to-date: /home/w/work/moveit2_handeye_calib/install/robot_interfaces/include/robot_interfaces/robot_interfaces/msg/detail/tool_config__struct.h
-- Up-to-date: /home/w/work/moveit2_handeye_calib/install/robot_interfaces/include/robot_interfaces/robot_interfaces/msg/detail/generic_motor_operation__functions.c
-- Up-to-date: /home/w/work/moveit2_handeye_calib/install/robot_interfaces/include/robot_interfaces/robot_interfaces/msg/detail/qt_recv__functions.h
-- Up-to-date: /home/w/work/moveit2_handeye_calib/install/robot_interfaces/include/robot_interfaces/robot_interfaces/msg/detail/tool_config__functions.h
-- Up-to-date: /home/w/work/moveit2_handeye_calib/install/robot_interfaces/include/robot_interfaces/robot_interfaces/msg/detail/state_action__type_support.h
-- Up-to-date: /home/w/work/moveit2_handeye_calib/install/robot_interfaces/include/robot_interfaces/robot_interfaces/msg/detail/gripper_control__struct.h
-- Up-to-date: /home/w/work/moveit2_handeye_calib/install/robot_interfaces/include/robot_interfaces/robot_interfaces/msg/detail/robot_control_msg__functions.h
-- Up-to-date: /home/w/work/moveit2_handeye_calib/install/robot_interfaces/include/robot_interfaces/robot_interfaces/msg/detail/move_c_action__functions.c
-- Up-to-date: /home/w/work/moveit2_handeye_calib/install/robot_interfaces/include/robot_interfaces/robot_interfaces/msg/detail/generic_motor_parameter__functions.h
-- Up-to-date: /home/w/work/moveit2_handeye_calib/install/robot_interfaces/include/robot_interfaces/robot_interfaces/msg/detail/arm_state__type_support.h
-- Up-to-date: /home/w/work/moveit2_handeye_calib/install/robot_interfaces/include/robot_interfaces/robot_interfaces/msg/detail/line_msg__functions.c
-- Up-to-date: /home/w/work/moveit2_handeye_calib/install/robot_interfaces/include/robot_interfaces/robot_interfaces/msg/detail/arm_state__functions.h
-- Up-to-date: /home/w/work/moveit2_handeye_calib/install/robot_interfaces/include/robot_interfaces/robot_interfaces/msg/detail/state_action__functions.h
-- Up-to-date: /home/w/work/moveit2_handeye_calib/install/robot_interfaces/include/robot_interfaces/robot_interfaces/msg/detail/key_pressed_action__functions.c
-- Up-to-date: /home/w/work/moveit2_handeye_calib/install/robot_interfaces/include/robot_interfaces/robot_interfaces/msg/detail/state_action__struct.h
-- Up-to-date: /home/w/work/moveit2_handeye_calib/install/robot_interfaces/include/robot_interfaces/robot_interfaces/msg/detail/generic_motor_operation__functions.h
-- Up-to-date: /home/w/work/moveit2_handeye_calib/install/robot_interfaces/include/robot_interfaces/robot_interfaces/msg/detail/key_pressed_action__functions.h
-- Up-to-date: /home/w/work/moveit2_handeye_calib/install/robot_interfaces/include/robot_interfaces/robot_interfaces/msg/detail/state_action__functions.c
-- Up-to-date: /home/w/work/moveit2_handeye_calib/install/robot_interfaces/include/robot_interfaces/robot_interfaces/msg/detail/arm_state__functions.c
-- Up-to-date: /home/w/work/moveit2_handeye_calib/install/robot_interfaces/include/robot_interfaces/robot_interfaces/msg/detail/generic_motor_parameter__functions.c
-- Up-to-date: /home/w/work/moveit2_handeye_calib/install/robot_interfaces/include/robot_interfaces/robot_interfaces/msg/detail/qt_pub__type_support.h
-- Up-to-date: /home/w/work/moveit2_handeye_calib/install/robot_interfaces/include/robot_interfaces/robot_interfaces/msg/detail/arm_state__struct.h
-- Up-to-date: /home/w/work/moveit2_handeye_calib/install/robot_interfaces/include/robot_interfaces/robot_interfaces/msg/detail/qt_pub__functions.h
-- Up-to-date: /home/w/work/moveit2_handeye_calib/install/robot_interfaces/include/robot_interfaces/robot_interfaces/msg/detail/move_c_action__struct.h
-- Up-to-date: /home/w/work/moveit2_handeye_calib/install/robot_interfaces/include/robot_interfaces/robot_interfaces/msg/detail/gripper_control__functions.h
-- Up-to-date: /home/w/work/moveit2_handeye_calib/install/robot_interfaces/include/robot_interfaces/robot_interfaces/msg/detail/generic_motor_parameter__struct.h
-- Up-to-date: /home/w/work/moveit2_handeye_calib/install/robot_interfaces/include/robot_interfaces/robot_interfaces/msg/detail/qt_recv__functions.c
-- Up-to-date: /home/w/work/moveit2_handeye_calib/install/robot_interfaces/include/robot_interfaces/robot_interfaces/msg/detail/gripper_control__type_support.h
-- Up-to-date: /home/w/work/moveit2_handeye_calib/install/robot_interfaces/include/robot_interfaces/robot_interfaces/msg/detail/line_msg__functions.h
-- Up-to-date: /home/w/work/moveit2_handeye_calib/install/robot_interfaces/include/robot_interfaces/robot_interfaces/msg/detail/qt_pub__functions.c
-- Up-to-date: /home/w/work/moveit2_handeye_calib/install/robot_interfaces/include/robot_interfaces/robot_interfaces/msg/detail/qt_recv__type_support.h
-- Up-to-date: /home/w/work/moveit2_handeye_calib/install/robot_interfaces/include/robot_interfaces/robot_interfaces/msg/detail/robot_control_msg__struct.h
-- Up-to-date: /home/w/work/moveit2_handeye_calib/install/robot_interfaces/include/robot_interfaces/robot_interfaces/msg/detail/qt_recv__struct.h
-- Up-to-date: /home/w/work/moveit2_handeye_calib/install/robot_interfaces/include/robot_interfaces/robot_interfaces/msg/detail/line_msg__type_support.h
-- Up-to-date: /home/w/work/moveit2_handeye_calib/install/robot_interfaces/include/robot_interfaces/robot_interfaces/msg/detail/gripper_control__functions.c
-- Up-to-date: /home/w/work/moveit2_handeye_calib/install/robot_interfaces/include/robot_interfaces/robot_interfaces/msg/detail/move_c_action__functions.h
-- Up-to-date: /home/w/work/moveit2_handeye_calib/install/robot_interfaces/include/robot_interfaces/robot_interfaces/msg/detail/line_msg__struct.h
-- Up-to-date: /home/w/work/moveit2_handeye_calib/install/robot_interfaces/include/robot_interfaces/robot_interfaces/msg/detail/move_c_action__type_support.h
-- Up-to-date: /home/w/work/moveit2_handeye_calib/install/robot_interfaces/include/robot_interfaces/robot_interfaces/msg/detail/generic_motor_parameter__type_support.h
-- Up-to-date: /home/w/work/moveit2_handeye_calib/install/robot_interfaces/include/robot_interfaces/robot_interfaces/msg/detail/key_pressed_action__struct.h
-- Up-to-date: /home/w/work/moveit2_handeye_calib/install/robot_interfaces/include/robot_interfaces/robot_interfaces/msg/detail/qt_pub__struct.h
-- Up-to-date: /home/w/work/moveit2_handeye_calib/install/robot_interfaces/include/robot_interfaces/robot_interfaces/msg/detail/robot_control_msg__functions.c
-- Up-to-date: /home/w/work/moveit2_handeye_calib/install/robot_interfaces/include/robot_interfaces/robot_interfaces/msg/detail/motor_fdb__type_support.h
-- Up-to-date: /home/w/work/moveit2_handeye_calib/install/robot_interfaces/include/robot_interfaces/robot_interfaces/msg/detail/generic_motor_operation__type_support.h
-- Up-to-date: /home/w/work/moveit2_handeye_calib/install/robot_interfaces/include/robot_interfaces/robot_interfaces/msg/detail/motor_fdb__functions.h
-- Up-to-date: /home/w/work/moveit2_handeye_calib/install/robot_interfaces/include/robot_interfaces/robot_interfaces/msg/detail/tool_config__functions.c
-- Up-to-date: /home/w/work/moveit2_handeye_calib/install/robot_interfaces/include/robot_interfaces/robot_interfaces/msg/detail/robot_control_msg__type_support.h
-- Up-to-date: /home/w/work/moveit2_handeye_calib/install/robot_interfaces/include/robot_interfaces/robot_interfaces/msg/detail/motor_fdb__struct.h
-- Up-to-date: /home/w/work/moveit2_handeye_calib/install/robot_interfaces/include/robot_interfaces/robot_interfaces/msg/detail/motor_fdb__functions.c
-- Up-to-date: /home/w/work/moveit2_handeye_calib/install/robot_interfaces/include/robot_interfaces/robot_interfaces/msg/detail/tool_config__type_support.h
-- Up-to-date: /home/w/work/moveit2_handeye_calib/install/robot_interfaces/include/robot_interfaces/robot_interfaces/msg/detail/key_pressed_action__type_support.h
-- Up-to-date: /home/w/work/moveit2_handeye_calib/install/robot_interfaces/include/robot_interfaces/robot_interfaces/msg/detail/generic_motor_operation__struct.h
-- Up-to-date: /home/w/work/moveit2_handeye_calib/install/robot_interfaces/include/robot_interfaces/robot_interfaces/msg/rosidl_generator_c__visibility_control.h
-- Up-to-date: /home/w/work/moveit2_handeye_calib/install/robot_interfaces/include/robot_interfaces/robot_interfaces/msg/arm_state.h
-- Up-to-date: /home/w/work/moveit2_handeye_calib/install/robot_interfaces/include/robot_interfaces/robot_interfaces/msg/state_action.h
-- Up-to-date: /home/w/work/moveit2_handeye_calib/install/robot_interfaces/include/robot_interfaces/robot_interfaces/msg/robot_control_msg.h
-- Up-to-date: /home/w/work/moveit2_handeye_calib/install/robot_interfaces/share/robot_interfaces/environment/library_path.sh
-- Up-to-date: /home/w/work/moveit2_handeye_calib/install/robot_interfaces/share/robot_interfaces/environment/library_path.dsv
-- Up-to-date: /home/w/work/moveit2_handeye_calib/install/robot_interfaces/lib/librobot_interfaces__rosidl_generator_c.so
-- Up-to-date: /home/w/work/moveit2_handeye_calib/install/robot_interfaces/include/robot_interfaces/robot_interfaces
-- Up-to-date: /home/w/work/moveit2_handeye_calib/install/robot_interfaces/include/robot_interfaces/robot_interfaces/srv
-- Up-to-date: /home/w/work/moveit2_handeye_calib/install/robot_interfaces/include/robot_interfaces/robot_interfaces/srv/detail
-- Up-to-date: /home/w/work/moveit2_handeye_calib/install/robot_interfaces/include/robot_interfaces/robot_interfaces/srv/detail/sdk_recv__rosidl_typesupport_fastrtps_c.h
-- Up-to-date: /home/w/work/moveit2_handeye_calib/install/robot_interfaces/include/robot_interfaces/robot_interfaces/srv/detail/compute_gravity__rosidl_typesupport_fastrtps_c.h
-- Up-to-date: /home/w/work/moveit2_handeye_calib/install/robot_interfaces/include/robot_interfaces/robot_interfaces/msg
-- Up-to-date: /home/w/work/moveit2_handeye_calib/install/robot_interfaces/include/robot_interfaces/robot_interfaces/msg/rosidl_typesupport_fastrtps_c__visibility_control.h
-- Up-to-date: /home/w/work/moveit2_handeye_calib/install/robot_interfaces/include/robot_interfaces/robot_interfaces/msg/detail
-- Up-to-date: /home/w/work/moveit2_handeye_calib/install/robot_interfaces/include/robot_interfaces/robot_interfaces/msg/detail/state_action__rosidl_typesupport_fastrtps_c.h
-- Up-to-date: /home/w/work/moveit2_handeye_calib/install/robot_interfaces/include/robot_interfaces/robot_interfaces/msg/detail/motor_fdb__rosidl_typesupport_fastrtps_c.h
-- Up-to-date: /home/w/work/moveit2_handeye_calib/install/robot_interfaces/include/robot_interfaces/robot_interfaces/msg/detail/key_pressed_action__rosidl_typesupport_fastrtps_c.h
-- Up-to-date: /home/w/work/moveit2_handeye_calib/install/robot_interfaces/include/robot_interfaces/robot_interfaces/msg/detail/qt_pub__rosidl_typesupport_fastrtps_c.h
-- Up-to-date: /home/w/work/moveit2_handeye_calib/install/robot_interfaces/include/robot_interfaces/robot_interfaces/msg/detail/line_msg__rosidl_typesupport_fastrtps_c.h
-- Up-to-date: /home/w/work/moveit2_handeye_calib/install/robot_interfaces/include/robot_interfaces/robot_interfaces/msg/detail/robot_control_msg__rosidl_typesupport_fastrtps_c.h
-- Up-to-date: /home/w/work/moveit2_handeye_calib/install/robot_interfaces/include/robot_interfaces/robot_interfaces/msg/detail/tool_config__rosidl_typesupport_fastrtps_c.h
-- Up-to-date: /home/w/work/moveit2_handeye_calib/install/robot_interfaces/include/robot_interfaces/robot_interfaces/msg/detail/generic_motor_parameter__rosidl_typesupport_fastrtps_c.h
-- Up-to-date: /home/w/work/moveit2_handeye_calib/install/robot_interfaces/include/robot_interfaces/robot_interfaces/msg/detail/move_c_action__rosidl_typesupport_fastrtps_c.h
-- Up-to-date: /home/w/work/moveit2_handeye_calib/install/robot_interfaces/include/robot_interfaces/robot_interfaces/msg/detail/arm_state__rosidl_typesupport_fastrtps_c.h
-- Up-to-date: /home/w/work/moveit2_handeye_calib/install/robot_interfaces/include/robot_interfaces/robot_interfaces/msg/detail/generic_motor_operation__rosidl_typesupport_fastrtps_c.h
-- Up-to-date: /home/w/work/moveit2_handeye_calib/install/robot_interfaces/include/robot_interfaces/robot_interfaces/msg/detail/gripper_control__rosidl_typesupport_fastrtps_c.h
-- Up-to-date: /home/w/work/moveit2_handeye_calib/install/robot_interfaces/include/robot_interfaces/robot_interfaces/msg/detail/qt_recv__rosidl_typesupport_fastrtps_c.h
-- Up-to-date: /home/w/work/moveit2_handeye_calib/install/robot_interfaces/lib/librobot_interfaces__rosidl_typesupport_fastrtps_c.so
-- Up-to-date: /home/w/work/moveit2_handeye_calib/install/robot_interfaces/include/robot_interfaces/robot_interfaces
-- Up-to-date: /home/w/work/moveit2_handeye_calib/install/robot_interfaces/include/robot_interfaces/robot_interfaces/srv
-- Up-to-date: /home/w/work/moveit2_handeye_calib/install/robot_interfaces/include/robot_interfaces/robot_interfaces/srv/detail
-- Up-to-date: /home/w/work/moveit2_handeye_calib/install/robot_interfaces/include/robot_interfaces/robot_interfaces/srv/detail/sdk_recv__rosidl_typesupport_introspection_c.h
-- Up-to-date: /home/w/work/moveit2_handeye_calib/install/robot_interfaces/include/robot_interfaces/robot_interfaces/srv/detail/compute_gravity__type_support.c
-- Up-to-date: /home/w/work/moveit2_handeye_calib/install/robot_interfaces/include/robot_interfaces/robot_interfaces/srv/detail/compute_gravity__rosidl_typesupport_introspection_c.h
-- Up-to-date: /home/w/work/moveit2_handeye_calib/install/robot_interfaces/include/robot_interfaces/robot_interfaces/srv/detail/sdk_recv__type_support.c
-- Up-to-date: /home/w/work/moveit2_handeye_calib/install/robot_interfaces/include/robot_interfaces/robot_interfaces/msg
-- Up-to-date: /home/w/work/moveit2_handeye_calib/install/robot_interfaces/include/robot_interfaces/robot_interfaces/msg/detail
-- Up-to-date: /home/w/work/moveit2_handeye_calib/install/robot_interfaces/include/robot_interfaces/robot_interfaces/msg/detail/qt_recv__type_support.c
-- Up-to-date: /home/w/work/moveit2_handeye_calib/install/robot_interfaces/include/robot_interfaces/robot_interfaces/msg/detail/move_c_action__type_support.c
-- Up-to-date: /home/w/work/moveit2_handeye_calib/install/robot_interfaces/include/robot_interfaces/robot_interfaces/msg/detail/arm_state__rosidl_typesupport_introspection_c.h
-- Up-to-date: /home/w/work/moveit2_handeye_calib/install/robot_interfaces/include/robot_interfaces/robot_interfaces/msg/detail/move_c_action__rosidl_typesupport_introspection_c.h
-- Up-to-date: /home/w/work/moveit2_handeye_calib/install/robot_interfaces/include/robot_interfaces/robot_interfaces/msg/detail/generic_motor_operation__rosidl_typesupport_introspection_c.h
-- Up-to-date: /home/w/work/moveit2_handeye_calib/install/robot_interfaces/include/robot_interfaces/robot_interfaces/msg/detail/motor_fdb__type_support.c
-- Up-to-date: /home/w/work/moveit2_handeye_calib/install/robot_interfaces/include/robot_interfaces/robot_interfaces/msg/detail/line_msg__type_support.c
-- Up-to-date: /home/w/work/moveit2_handeye_calib/install/robot_interfaces/include/robot_interfaces/robot_interfaces/msg/detail/tool_config__type_support.c
-- Up-to-date: /home/w/work/moveit2_handeye_calib/install/robot_interfaces/include/robot_interfaces/robot_interfaces/msg/detail/line_msg__rosidl_typesupport_introspection_c.h
-- Up-to-date: /home/w/work/moveit2_handeye_calib/install/robot_interfaces/include/robot_interfaces/robot_interfaces/msg/detail/qt_pub__type_support.c
-- Up-to-date: /home/w/work/moveit2_handeye_calib/install/robot_interfaces/include/robot_interfaces/robot_interfaces/msg/detail/key_pressed_action__rosidl_typesupport_introspection_c.h
-- Up-to-date: /home/w/work/moveit2_handeye_calib/install/robot_interfaces/include/robot_interfaces/robot_interfaces/msg/detail/state_action__type_support.c
-- Up-to-date: /home/w/work/moveit2_handeye_calib/install/robot_interfaces/include/robot_interfaces/robot_interfaces/msg/detail/robot_control_msg__rosidl_typesupport_introspection_c.h
-- Up-to-date: /home/w/work/moveit2_handeye_calib/install/robot_interfaces/include/robot_interfaces/robot_interfaces/msg/detail/generic_motor_parameter__type_support.c
-- Up-to-date: /home/w/work/moveit2_handeye_calib/install/robot_interfaces/include/robot_interfaces/robot_interfaces/msg/detail/key_pressed_action__type_support.c
-- Up-to-date: /home/w/work/moveit2_handeye_calib/install/robot_interfaces/include/robot_interfaces/robot_interfaces/msg/detail/qt_recv__rosidl_typesupport_introspection_c.h
-- Up-to-date: /home/w/work/moveit2_handeye_calib/install/robot_interfaces/include/robot_interfaces/robot_interfaces/msg/detail/gripper_control__type_support.c
-- Up-to-date: /home/w/work/moveit2_handeye_calib/install/robot_interfaces/include/robot_interfaces/robot_interfaces/msg/detail/tool_config__rosidl_typesupport_introspection_c.h
-- Up-to-date: /home/w/work/moveit2_handeye_calib/install/robot_interfaces/include/robot_interfaces/robot_interfaces/msg/detail/generic_motor_parameter__rosidl_typesupport_introspection_c.h
-- Up-to-date: /home/w/work/moveit2_handeye_calib/install/robot_interfaces/include/robot_interfaces/robot_interfaces/msg/detail/arm_state__type_support.c
-- Up-to-date: /home/w/work/moveit2_handeye_calib/install/robot_interfaces/include/robot_interfaces/robot_interfaces/msg/detail/state_action__rosidl_typesupport_introspection_c.h
-- Up-to-date: /home/w/work/moveit2_handeye_calib/install/robot_interfaces/include/robot_interfaces/robot_interfaces/msg/detail/motor_fdb__rosidl_typesupport_introspection_c.h
-- Up-to-date: /home/w/work/moveit2_handeye_calib/install/robot_interfaces/include/robot_interfaces/robot_interfaces/msg/detail/gripper_control__rosidl_typesupport_introspection_c.h
-- Up-to-date: /home/w/work/moveit2_handeye_calib/install/robot_interfaces/include/robot_interfaces/robot_interfaces/msg/detail/generic_motor_operation__type_support.c
-- Up-to-date: /home/w/work/moveit2_handeye_calib/install/robot_interfaces/include/robot_interfaces/robot_interfaces/msg/detail/qt_pub__rosidl_typesupport_introspection_c.h
-- Up-to-date: /home/w/work/moveit2_handeye_calib/install/robot_interfaces/include/robot_interfaces/robot_interfaces/msg/detail/robot_control_msg__type_support.c
-- Up-to-date: /home/w/work/moveit2_handeye_calib/install/robot_interfaces/include/robot_interfaces/robot_interfaces/msg/rosidl_typesupport_introspection_c__visibility_control.h
-- Up-to-date: /home/w/work/moveit2_handeye_calib/install/robot_interfaces/lib/librobot_interfaces__rosidl_typesupport_introspection_c.so
-- Up-to-date: /home/w/work/moveit2_handeye_calib/install/robot_interfaces/lib/librobot_interfaces__rosidl_typesupport_c.so
-- Up-to-date: /home/w/work/moveit2_handeye_calib/install/robot_interfaces/include/robot_interfaces/robot_interfaces
-- Up-to-date: /home/w/work/moveit2_handeye_calib/install/robot_interfaces/include/robot_interfaces/robot_interfaces/srv
-- Up-to-date: /home/w/work/moveit2_handeye_calib/install/robot_interfaces/include/robot_interfaces/robot_interfaces/srv/sdk_recv.hpp
-- Up-to-date: /home/w/work/moveit2_handeye_calib/install/robot_interfaces/include/robot_interfaces/robot_interfaces/srv/detail
-- Up-to-date: /home/w/work/moveit2_handeye_calib/install/robot_interfaces/include/robot_interfaces/robot_interfaces/srv/detail/sdk_recv__struct.hpp
-- Up-to-date: /home/w/work/moveit2_handeye_calib/install/robot_interfaces/include/robot_interfaces/robot_interfaces/srv/detail/compute_gravity__struct.hpp
-- Up-to-date: /home/w/work/moveit2_handeye_calib/install/robot_interfaces/include/robot_interfaces/robot_interfaces/srv/detail/sdk_recv__traits.hpp
-- Up-to-date: /home/w/work/moveit2_handeye_calib/install/robot_interfaces/include/robot_interfaces/robot_interfaces/srv/detail/compute_gravity__traits.hpp
-- Up-to-date: /home/w/work/moveit2_handeye_calib/install/robot_interfaces/include/robot_interfaces/robot_interfaces/srv/detail/compute_gravity__builder.hpp
-- Up-to-date: /home/w/work/moveit2_handeye_calib/install/robot_interfaces/include/robot_interfaces/robot_interfaces/srv/detail/compute_gravity__type_support.hpp
-- Up-to-date: /home/w/work/moveit2_handeye_calib/install/robot_interfaces/include/robot_interfaces/robot_interfaces/srv/detail/sdk_recv__type_support.hpp
-- Up-to-date: /home/w/work/moveit2_handeye_calib/install/robot_interfaces/include/robot_interfaces/robot_interfaces/srv/detail/sdk_recv__builder.hpp
-- Up-to-date: /home/w/work/moveit2_handeye_calib/install/robot_interfaces/include/robot_interfaces/robot_interfaces/srv/compute_gravity.hpp
-- Up-to-date: /home/w/work/moveit2_handeye_calib/install/robot_interfaces/include/robot_interfaces/robot_interfaces/msg
-- Up-to-date: /home/w/work/moveit2_handeye_calib/install/robot_interfaces/include/robot_interfaces/robot_interfaces/msg/arm_state.hpp
-- Up-to-date: /home/w/work/moveit2_handeye_calib/install/robot_interfaces/include/robot_interfaces/robot_interfaces/msg/motor_fdb.hpp
-- Up-to-date: /home/w/work/moveit2_handeye_calib/install/robot_interfaces/include/robot_interfaces/robot_interfaces/msg/generic_motor_operation.hpp
-- Up-to-date: /home/w/work/moveit2_handeye_calib/install/robot_interfaces/include/robot_interfaces/robot_interfaces/msg/line_msg.hpp
-- Up-to-date: /home/w/work/moveit2_handeye_calib/install/robot_interfaces/include/robot_interfaces/robot_interfaces/msg/key_pressed_action.hpp
-- Up-to-date: /home/w/work/moveit2_handeye_calib/install/robot_interfaces/include/robot_interfaces/robot_interfaces/msg/move_c_action.hpp
-- Up-to-date: /home/w/work/moveit2_handeye_calib/install/robot_interfaces/include/robot_interfaces/robot_interfaces/msg/detail
-- Up-to-date: /home/w/work/moveit2_handeye_calib/install/robot_interfaces/include/robot_interfaces/robot_interfaces/msg/detail/tool_config__builder.hpp
-- Up-to-date: /home/w/work/moveit2_handeye_calib/install/robot_interfaces/include/robot_interfaces/robot_interfaces/msg/detail/generic_motor_parameter__builder.hpp
-- Up-to-date: /home/w/work/moveit2_handeye_calib/install/robot_interfaces/include/robot_interfaces/robot_interfaces/msg/detail/state_action__struct.hpp
-- Up-to-date: /home/w/work/moveit2_handeye_calib/install/robot_interfaces/include/robot_interfaces/robot_interfaces/msg/detail/move_c_action__traits.hpp
-- Up-to-date: /home/w/work/moveit2_handeye_calib/install/robot_interfaces/include/robot_interfaces/robot_interfaces/msg/detail/qt_pub__type_support.hpp
-- Up-to-date: /home/w/work/moveit2_handeye_calib/install/robot_interfaces/include/robot_interfaces/robot_interfaces/msg/detail/motor_fdb__type_support.hpp
-- Up-to-date: /home/w/work/moveit2_handeye_calib/install/robot_interfaces/include/robot_interfaces/robot_interfaces/msg/detail/generic_motor_operation__traits.hpp
-- Up-to-date: /home/w/work/moveit2_handeye_calib/install/robot_interfaces/include/robot_interfaces/robot_interfaces/msg/detail/robot_control_msg__traits.hpp
-- Up-to-date: /home/w/work/moveit2_handeye_calib/install/robot_interfaces/include/robot_interfaces/robot_interfaces/msg/detail/key_pressed_action__builder.hpp
-- Up-to-date: /home/w/work/moveit2_handeye_calib/install/robot_interfaces/include/robot_interfaces/robot_interfaces/msg/detail/arm_state__builder.hpp
-- Up-to-date: /home/w/work/moveit2_handeye_calib/install/robot_interfaces/include/robot_interfaces/robot_interfaces/msg/detail/key_pressed_action__traits.hpp
-- Up-to-date: /home/w/work/moveit2_handeye_calib/install/robot_interfaces/include/robot_interfaces/robot_interfaces/msg/detail/state_action__traits.hpp
-- Up-to-date: /home/w/work/moveit2_handeye_calib/install/robot_interfaces/include/robot_interfaces/robot_interfaces/msg/detail/qt_recv__struct.hpp
-- Up-to-date: /home/w/work/moveit2_handeye_calib/install/robot_interfaces/include/robot_interfaces/robot_interfaces/msg/detail/gripper_control__traits.hpp
-- Up-to-date: /home/w/work/moveit2_handeye_calib/install/robot_interfaces/include/robot_interfaces/robot_interfaces/msg/detail/robot_control_msg__type_support.hpp
-- Up-to-date: /home/w/work/moveit2_handeye_calib/install/robot_interfaces/include/robot_interfaces/robot_interfaces/msg/detail/arm_state__traits.hpp
-- Up-to-date: /home/w/work/moveit2_handeye_calib/install/robot_interfaces/include/robot_interfaces/robot_interfaces/msg/detail/qt_pub__struct.hpp
-- Up-to-date: /home/w/work/moveit2_handeye_calib/install/robot_interfaces/include/robot_interfaces/robot_interfaces/msg/detail/move_c_action__struct.hpp
-- Up-to-date: /home/w/work/moveit2_handeye_calib/install/robot_interfaces/include/robot_interfaces/robot_interfaces/msg/detail/qt_recv__traits.hpp
-- Up-to-date: /home/w/work/moveit2_handeye_calib/install/robot_interfaces/include/robot_interfaces/robot_interfaces/msg/detail/line_msg__builder.hpp
-- Up-to-date: /home/w/work/moveit2_handeye_calib/install/robot_interfaces/include/robot_interfaces/robot_interfaces/msg/detail/state_action__builder.hpp
-- Up-to-date: /home/w/work/moveit2_handeye_calib/install/robot_interfaces/include/robot_interfaces/robot_interfaces/msg/detail/generic_motor_operation__builder.hpp
-- Up-to-date: /home/w/work/moveit2_handeye_calib/install/robot_interfaces/include/robot_interfaces/robot_interfaces/msg/detail/move_c_action__builder.hpp
-- Up-to-date: /home/w/work/moveit2_handeye_calib/install/robot_interfaces/include/robot_interfaces/robot_interfaces/msg/detail/qt_pub__builder.hpp
-- Up-to-date: /home/w/work/moveit2_handeye_calib/install/robot_interfaces/include/robot_interfaces/robot_interfaces/msg/detail/key_pressed_action__struct.hpp
-- Up-to-date: /home/w/work/moveit2_handeye_calib/install/robot_interfaces/include/robot_interfaces/robot_interfaces/msg/detail/motor_fdb__struct.hpp
-- Up-to-date: /home/w/work/moveit2_handeye_calib/install/robot_interfaces/include/robot_interfaces/robot_interfaces/msg/detail/arm_state__type_support.hpp
-- Up-to-date: /home/w/work/moveit2_handeye_calib/install/robot_interfaces/include/robot_interfaces/robot_interfaces/msg/detail/robot_control_msg__struct.hpp
-- Up-to-date: /home/w/work/moveit2_handeye_calib/install/robot_interfaces/include/robot_interfaces/robot_interfaces/msg/detail/generic_motor_parameter__traits.hpp
-- Up-to-date: /home/w/work/moveit2_handeye_calib/install/robot_interfaces/include/robot_interfaces/robot_interfaces/msg/detail/generic_motor_parameter__type_support.hpp
-- Up-to-date: /home/w/work/moveit2_handeye_calib/install/robot_interfaces/include/robot_interfaces/robot_interfaces/msg/detail/motor_fdb__traits.hpp
-- Up-to-date: /home/w/work/moveit2_handeye_calib/install/robot_interfaces/include/robot_interfaces/robot_interfaces/msg/detail/motor_fdb__builder.hpp
-- Up-to-date: /home/w/work/moveit2_handeye_calib/install/robot_interfaces/include/robot_interfaces/robot_interfaces/msg/detail/line_msg__traits.hpp
-- Up-to-date: /home/w/work/moveit2_handeye_calib/install/robot_interfaces/include/robot_interfaces/robot_interfaces/msg/detail/gripper_control__type_support.hpp
-- Up-to-date: /home/w/work/moveit2_handeye_calib/install/robot_interfaces/include/robot_interfaces/robot_interfaces/msg/detail/qt_pub__traits.hpp
-- Up-to-date: /home/w/work/moveit2_handeye_calib/install/robot_interfaces/include/robot_interfaces/robot_interfaces/msg/detail/tool_config__struct.hpp
-- Up-to-date: /home/w/work/moveit2_handeye_calib/install/robot_interfaces/include/robot_interfaces/robot_interfaces/msg/detail/line_msg__type_support.hpp
-- Up-to-date: /home/w/work/moveit2_handeye_calib/install/robot_interfaces/include/robot_interfaces/robot_interfaces/msg/detail/tool_config__traits.hpp
-- Up-to-date: /home/w/work/moveit2_handeye_calib/install/robot_interfaces/include/robot_interfaces/robot_interfaces/msg/detail/qt_recv__type_support.hpp
-- Up-to-date: /home/w/work/moveit2_handeye_calib/install/robot_interfaces/include/robot_interfaces/robot_interfaces/msg/detail/gripper_control__struct.hpp
-- Up-to-date: /home/w/work/moveit2_handeye_calib/install/robot_interfaces/include/robot_interfaces/robot_interfaces/msg/detail/generic_motor_parameter__struct.hpp
-- Up-to-date: /home/w/work/moveit2_handeye_calib/install/robot_interfaces/include/robot_interfaces/robot_interfaces/msg/detail/tool_config__type_support.hpp
-- Up-to-date: /home/w/work/moveit2_handeye_calib/install/robot_interfaces/include/robot_interfaces/robot_interfaces/msg/detail/line_msg__struct.hpp
-- Up-to-date: /home/w/work/moveit2_handeye_calib/install/robot_interfaces/include/robot_interfaces/robot_interfaces/msg/detail/qt_recv__builder.hpp
-- Up-to-date: /home/w/work/moveit2_handeye_calib/install/robot_interfaces/include/robot_interfaces/robot_interfaces/msg/detail/robot_control_msg__builder.hpp
-- Up-to-date: /home/w/work/moveit2_handeye_calib/install/robot_interfaces/include/robot_interfaces/robot_interfaces/msg/detail/arm_state__struct.hpp
-- Up-to-date: /home/w/work/moveit2_handeye_calib/install/robot_interfaces/include/robot_interfaces/robot_interfaces/msg/detail/move_c_action__type_support.hpp
-- Up-to-date: /home/w/work/moveit2_handeye_calib/install/robot_interfaces/include/robot_interfaces/robot_interfaces/msg/detail/gripper_control__builder.hpp
-- Up-to-date: /home/w/work/moveit2_handeye_calib/install/robot_interfaces/include/robot_interfaces/robot_interfaces/msg/detail/generic_motor_operation__struct.hpp
-- Up-to-date: /home/w/work/moveit2_handeye_calib/install/robot_interfaces/include/robot_interfaces/robot_interfaces/msg/detail/generic_motor_operation__type_support.hpp
-- Up-to-date: /home/w/work/moveit2_handeye_calib/install/robot_interfaces/include/robot_interfaces/robot_interfaces/msg/detail/state_action__type_support.hpp
-- Up-to-date: /home/w/work/moveit2_handeye_calib/install/robot_interfaces/include/robot_interfaces/robot_interfaces/msg/detail/key_pressed_action__type_support.hpp
-- Up-to-date: /home/w/work/moveit2_handeye_calib/install/robot_interfaces/include/robot_interfaces/robot_interfaces/msg/rosidl_generator_cpp__visibility_control.hpp
-- Up-to-date: /home/w/work/moveit2_handeye_calib/install/robot_interfaces/include/robot_interfaces/robot_interfaces/msg/qt_pub.hpp
-- Up-to-date: /home/w/work/moveit2_handeye_calib/install/robot_interfaces/include/robot_interfaces/robot_interfaces/msg/gripper_control.hpp
-- Up-to-date: /home/w/work/moveit2_handeye_calib/install/robot_interfaces/include/robot_interfaces/robot_interfaces/msg/generic_motor_parameter.hpp
-- Up-to-date: /home/w/work/moveit2_handeye_calib/install/robot_interfaces/include/robot_interfaces/robot_interfaces/msg/robot_control_msg.hpp
-- Up-to-date: /home/w/work/moveit2_handeye_calib/install/robot_interfaces/include/robot_interfaces/robot_interfaces/msg/qt_recv.hpp
-- Up-to-date: /home/w/work/moveit2_handeye_calib/install/robot_interfaces/include/robot_interfaces/robot_interfaces/msg/tool_config.hpp
-- Up-to-date: /home/w/work/moveit2_handeye_calib/install/robot_interfaces/include/robot_interfaces/robot_interfaces/msg/state_action.hpp
-- Up-to-date: /home/w/work/moveit2_handeye_calib/install/robot_interfaces/include/robot_interfaces/robot_interfaces
-- Up-to-date: /home/w/work/moveit2_handeye_calib/install/robot_interfaces/include/robot_interfaces/robot_interfaces/srv
-- Up-to-date: /home/w/work/moveit2_handeye_calib/install/robot_interfaces/include/robot_interfaces/robot_interfaces/srv/detail
-- Up-to-date: /home/w/work/moveit2_handeye_calib/install/robot_interfaces/include/robot_interfaces/robot_interfaces/srv/detail/dds_fastrtps
-- Up-to-date: /home/w/work/moveit2_handeye_calib/install/robot_interfaces/include/robot_interfaces/robot_interfaces/srv/detail/compute_gravity__rosidl_typesupport_fastrtps_cpp.hpp
-- Up-to-date: /home/w/work/moveit2_handeye_calib/install/robot_interfaces/include/robot_interfaces/robot_interfaces/srv/detail/sdk_recv__rosidl_typesupport_fastrtps_cpp.hpp
-- Up-to-date: /home/w/work/moveit2_handeye_calib/install/robot_interfaces/include/robot_interfaces/robot_interfaces/msg
-- Up-to-date: /home/w/work/moveit2_handeye_calib/install/robot_interfaces/include/robot_interfaces/robot_interfaces/msg/rosidl_typesupport_fastrtps_cpp__visibility_control.h
-- Up-to-date: /home/w/work/moveit2_handeye_calib/install/robot_interfaces/include/robot_interfaces/robot_interfaces/msg/detail
-- Up-to-date: /home/w/work/moveit2_handeye_calib/install/robot_interfaces/include/robot_interfaces/robot_interfaces/msg/detail/motor_fdb__rosidl_typesupport_fastrtps_cpp.hpp
-- Up-to-date: /home/w/work/moveit2_handeye_calib/install/robot_interfaces/include/robot_interfaces/robot_interfaces/msg/detail/dds_fastrtps
-- Up-to-date: /home/w/work/moveit2_handeye_calib/install/robot_interfaces/include/robot_interfaces/robot_interfaces/msg/detail/qt_pub__rosidl_typesupport_fastrtps_cpp.hpp
-- Up-to-date: /home/w/work/moveit2_handeye_calib/install/robot_interfaces/include/robot_interfaces/robot_interfaces/msg/detail/key_pressed_action__rosidl_typesupport_fastrtps_cpp.hpp
-- Up-to-date: /home/w/work/moveit2_handeye_calib/install/robot_interfaces/include/robot_interfaces/robot_interfaces/msg/detail/state_action__rosidl_typesupport_fastrtps_cpp.hpp
-- Up-to-date: /home/w/work/moveit2_handeye_calib/install/robot_interfaces/include/robot_interfaces/robot_interfaces/msg/detail/move_c_action__rosidl_typesupport_fastrtps_cpp.hpp
-- Up-to-date: /home/w/work/moveit2_handeye_calib/install/robot_interfaces/include/robot_interfaces/robot_interfaces/msg/detail/arm_state__rosidl_typesupport_fastrtps_cpp.hpp
-- Up-to-date: /home/w/work/moveit2_handeye_calib/install/robot_interfaces/include/robot_interfaces/robot_interfaces/msg/detail/robot_control_msg__rosidl_typesupport_fastrtps_cpp.hpp
-- Up-to-date: /home/w/work/moveit2_handeye_calib/install/robot_interfaces/include/robot_interfaces/robot_interfaces/msg/detail/qt_recv__rosidl_typesupport_fastrtps_cpp.hpp
-- Up-to-date: /home/w/work/moveit2_handeye_calib/install/robot_interfaces/include/robot_interfaces/robot_interfaces/msg/detail/gripper_control__rosidl_typesupport_fastrtps_cpp.hpp
-- Up-to-date: /home/w/work/moveit2_handeye_calib/install/robot_interfaces/include/robot_interfaces/robot_interfaces/msg/detail/generic_motor_parameter__rosidl_typesupport_fastrtps_cpp.hpp
-- Up-to-date: /home/w/work/moveit2_handeye_calib/install/robot_interfaces/include/robot_interfaces/robot_interfaces/msg/detail/generic_motor_operation__rosidl_typesupport_fastrtps_cpp.hpp
-- Up-to-date: /home/w/work/moveit2_handeye_calib/install/robot_interfaces/include/robot_interfaces/robot_interfaces/msg/detail/line_msg__rosidl_typesupport_fastrtps_cpp.hpp
-- Up-to-date: /home/w/work/moveit2_handeye_calib/install/robot_interfaces/include/robot_interfaces/robot_interfaces/msg/detail/tool_config__rosidl_typesupport_fastrtps_cpp.hpp
-- Up-to-date: /home/w/work/moveit2_handeye_calib/install/robot_interfaces/lib/librobot_interfaces__rosidl_typesupport_fastrtps_cpp.so
-- Up-to-date: /home/w/work/moveit2_handeye_calib/install/robot_interfaces/include/robot_interfaces/robot_interfaces
-- Up-to-date: /home/w/work/moveit2_handeye_calib/install/robot_interfaces/include/robot_interfaces/robot_interfaces/srv
-- Up-to-date: /home/w/work/moveit2_handeye_calib/install/robot_interfaces/include/robot_interfaces/robot_interfaces/srv/detail
-- Up-to-date: /home/w/work/moveit2_handeye_calib/install/robot_interfaces/include/robot_interfaces/robot_interfaces/srv/detail/sdk_recv__type_support.cpp
-- Up-to-date: /home/w/work/moveit2_handeye_calib/install/robot_interfaces/include/robot_interfaces/robot_interfaces/srv/detail/compute_gravity__rosidl_typesupport_introspection_cpp.hpp
-- Up-to-date: /home/w/work/moveit2_handeye_calib/install/robot_interfaces/include/robot_interfaces/robot_interfaces/srv/detail/compute_gravity__type_support.cpp
-- Up-to-date: /home/w/work/moveit2_handeye_calib/install/robot_interfaces/include/robot_interfaces/robot_interfaces/srv/detail/sdk_recv__rosidl_typesupport_introspection_cpp.hpp
-- Up-to-date: /home/w/work/moveit2_handeye_calib/install/robot_interfaces/include/robot_interfaces/robot_interfaces/msg
-- Up-to-date: /home/w/work/moveit2_handeye_calib/install/robot_interfaces/include/robot_interfaces/robot_interfaces/msg/detail
-- Up-to-date: /home/w/work/moveit2_handeye_calib/install/robot_interfaces/include/robot_interfaces/robot_interfaces/msg/detail/qt_recv__type_support.cpp
-- Up-to-date: /home/w/work/moveit2_handeye_calib/install/robot_interfaces/include/robot_interfaces/robot_interfaces/msg/detail/arm_state__type_support.cpp
-- Up-to-date: /home/w/work/moveit2_handeye_calib/install/robot_interfaces/include/robot_interfaces/robot_interfaces/msg/detail/robot_control_msg__type_support.cpp
-- Up-to-date: /home/w/work/moveit2_handeye_calib/install/robot_interfaces/include/robot_interfaces/robot_interfaces/msg/detail/tool_config__rosidl_typesupport_introspection_cpp.hpp
-- Up-to-date: /home/w/work/moveit2_handeye_calib/install/robot_interfaces/include/robot_interfaces/robot_interfaces/msg/detail/qt_pub__type_support.cpp
-- Up-to-date: /home/w/work/moveit2_handeye_calib/install/robot_interfaces/include/robot_interfaces/robot_interfaces/msg/detail/state_action__type_support.cpp
-- Up-to-date: /home/w/work/moveit2_handeye_calib/install/robot_interfaces/include/robot_interfaces/robot_interfaces/msg/detail/move_c_action__type_support.cpp
-- Up-to-date: /home/w/work/moveit2_handeye_calib/install/robot_interfaces/include/robot_interfaces/robot_interfaces/msg/detail/qt_recv__rosidl_typesupport_introspection_cpp.hpp
-- Up-to-date: /home/w/work/moveit2_handeye_calib/install/robot_interfaces/include/robot_interfaces/robot_interfaces/msg/detail/key_pressed_action__rosidl_typesupport_introspection_cpp.hpp
-- Up-to-date: /home/w/work/moveit2_handeye_calib/install/robot_interfaces/include/robot_interfaces/robot_interfaces/msg/detail/generic_motor_operation__type_support.cpp
-- Up-to-date: /home/w/work/moveit2_handeye_calib/install/robot_interfaces/include/robot_interfaces/robot_interfaces/msg/detail/state_action__rosidl_typesupport_introspection_cpp.hpp
-- Up-to-date: /home/w/work/moveit2_handeye_calib/install/robot_interfaces/include/robot_interfaces/robot_interfaces/msg/detail/arm_state__rosidl_typesupport_introspection_cpp.hpp
-- Up-to-date: /home/w/work/moveit2_handeye_calib/install/robot_interfaces/include/robot_interfaces/robot_interfaces/msg/detail/move_c_action__rosidl_typesupport_introspection_cpp.hpp
-- Up-to-date: /home/w/work/moveit2_handeye_calib/install/robot_interfaces/include/robot_interfaces/robot_interfaces/msg/detail/robot_control_msg__rosidl_typesupport_introspection_cpp.hpp
-- Up-to-date: /home/w/work/moveit2_handeye_calib/install/robot_interfaces/include/robot_interfaces/robot_interfaces/msg/detail/line_msg__rosidl_typesupport_introspection_cpp.hpp
-- Up-to-date: /home/w/work/moveit2_handeye_calib/install/robot_interfaces/include/robot_interfaces/robot_interfaces/msg/detail/line_msg__type_support.cpp
-- Up-to-date: /home/w/work/moveit2_handeye_calib/install/robot_interfaces/include/robot_interfaces/robot_interfaces/msg/detail/motor_fdb__type_support.cpp
-- Up-to-date: /home/w/work/moveit2_handeye_calib/install/robot_interfaces/include/robot_interfaces/robot_interfaces/msg/detail/gripper_control__rosidl_typesupport_introspection_cpp.hpp
-- Up-to-date: /home/w/work/moveit2_handeye_calib/install/robot_interfaces/include/robot_interfaces/robot_interfaces/msg/detail/gripper_control__type_support.cpp
-- Up-to-date: /home/w/work/moveit2_handeye_calib/install/robot_interfaces/include/robot_interfaces/robot_interfaces/msg/detail/generic_motor_operation__rosidl_typesupport_introspection_cpp.hpp
-- Up-to-date: /home/w/work/moveit2_handeye_calib/install/robot_interfaces/include/robot_interfaces/robot_interfaces/msg/detail/tool_config__type_support.cpp
-- Up-to-date: /home/w/work/moveit2_handeye_calib/install/robot_interfaces/include/robot_interfaces/robot_interfaces/msg/detail/generic_motor_parameter__rosidl_typesupport_introspection_cpp.hpp
-- Up-to-date: /home/w/work/moveit2_handeye_calib/install/robot_interfaces/include/robot_interfaces/robot_interfaces/msg/detail/qt_pub__rosidl_typesupport_introspection_cpp.hpp
-- Up-to-date: /home/w/work/moveit2_handeye_calib/install/robot_interfaces/include/robot_interfaces/robot_interfaces/msg/detail/generic_motor_parameter__type_support.cpp
-- Up-to-date: /home/w/work/moveit2_handeye_calib/install/robot_interfaces/include/robot_interfaces/robot_interfaces/msg/detail/key_pressed_action__type_support.cpp
-- Up-to-date: /home/w/work/moveit2_handeye_calib/install/robot_interfaces/include/robot_interfaces/robot_interfaces/msg/detail/motor_fdb__rosidl_typesupport_introspection_cpp.hpp
-- Up-to-date: /home/w/work/moveit2_handeye_calib/install/robot_interfaces/lib/librobot_interfaces__rosidl_typesupport_introspection_cpp.so
-- Up-to-date: /home/w/work/moveit2_handeye_calib/install/robot_interfaces/lib/librobot_interfaces__rosidl_typesupport_cpp.so
-- Up-to-date: /home/w/work/moveit2_handeye_calib/install/robot_interfaces/share/robot_interfaces/environment/pythonpath.sh
-- Up-to-date: /home/w/work/moveit2_handeye_calib/install/robot_interfaces/share/robot_interfaces/environment/pythonpath.dsv
-- Up-to-date: /home/w/work/moveit2_handeye_calib/install/robot_interfaces/local/lib/python3.10/dist-packages/robot_interfaces-0.0.0-py3.10.egg-info
-- Installing: /home/w/work/moveit2_handeye_calib/install/robot_interfaces/local/lib/python3.10/dist-packages/robot_interfaces-0.0.0-py3.10.egg-info/PKG-INFO
-- Installing: /home/w/work/moveit2_handeye_calib/install/robot_interfaces/local/lib/python3.10/dist-packages/robot_interfaces-0.0.0-py3.10.egg-info/dependency_links.txt
-- Installing: /home/w/work/moveit2_handeye_calib/install/robot_interfaces/local/lib/python3.10/dist-packages/robot_interfaces-0.0.0-py3.10.egg-info/SOURCES.txt
-- Installing: /home/w/work/moveit2_handeye_calib/install/robot_interfaces/local/lib/python3.10/dist-packages/robot_interfaces-0.0.0-py3.10.egg-info/top_level.txt
-- Up-to-date: /home/w/work/moveit2_handeye_calib/install/robot_interfaces/local/lib/python3.10/dist-packages/robot_interfaces
-- Up-to-date: /home/w/work/moveit2_handeye_calib/install/robot_interfaces/local/lib/python3.10/dist-packages/robot_interfaces/robot_interfaces_s__rosidl_typesupport_fastrtps_c.cpython-310-x86_64-linux-gnu.so
-- Up-to-date: /home/w/work/moveit2_handeye_calib/install/robot_interfaces/local/lib/python3.10/dist-packages/robot_interfaces/_robot_interfaces_s.ep.rosidl_typesupport_introspection_c.c
-- Up-to-date: /home/w/work/moveit2_handeye_calib/install/robot_interfaces/local/lib/python3.10/dist-packages/robot_interfaces/__init__.py
-- Up-to-date: /home/w/work/moveit2_handeye_calib/install/robot_interfaces/local/lib/python3.10/dist-packages/robot_interfaces/robot_interfaces_s__rosidl_typesupport_introspection_c.cpython-310-x86_64-linux-gnu.so
-- Up-to-date: /home/w/work/moveit2_handeye_calib/install/robot_interfaces/local/lib/python3.10/dist-packages/robot_interfaces/srv
-- Up-to-date: /home/w/work/moveit2_handeye_calib/install/robot_interfaces/local/lib/python3.10/dist-packages/robot_interfaces/srv/_compute_gravity_s.c
-- Up-to-date: /home/w/work/moveit2_handeye_calib/install/robot_interfaces/local/lib/python3.10/dist-packages/robot_interfaces/srv/_compute_gravity.py
-- Up-to-date: /home/w/work/moveit2_handeye_calib/install/robot_interfaces/local/lib/python3.10/dist-packages/robot_interfaces/srv/_sdk_recv_s.c
-- Up-to-date: /home/w/work/moveit2_handeye_calib/install/robot_interfaces/local/lib/python3.10/dist-packages/robot_interfaces/srv/__init__.py
-- Up-to-date: /home/w/work/moveit2_handeye_calib/install/robot_interfaces/local/lib/python3.10/dist-packages/robot_interfaces/srv/_sdk_recv.py
-- Up-to-date: /home/w/work/moveit2_handeye_calib/install/robot_interfaces/local/lib/python3.10/dist-packages/robot_interfaces/robot_interfaces_s__rosidl_typesupport_c.cpython-310-x86_64-linux-gnu.so
-- Up-to-date: /home/w/work/moveit2_handeye_calib/install/robot_interfaces/local/lib/python3.10/dist-packages/robot_interfaces/_robot_interfaces_s.ep.rosidl_typesupport_c.c
-- Up-to-date: /home/w/work/moveit2_handeye_calib/install/robot_interfaces/local/lib/python3.10/dist-packages/robot_interfaces/msg
-- Up-to-date: /home/w/work/moveit2_handeye_calib/install/robot_interfaces/local/lib/python3.10/dist-packages/robot_interfaces/msg/_qt_recv.py
-- Up-to-date: /home/w/work/moveit2_handeye_calib/install/robot_interfaces/local/lib/python3.10/dist-packages/robot_interfaces/msg/_line_msg_s.c
-- Up-to-date: /home/w/work/moveit2_handeye_calib/install/robot_interfaces/local/lib/python3.10/dist-packages/robot_interfaces/msg/_robot_control_msg.py
-- Up-to-date: /home/w/work/moveit2_handeye_calib/install/robot_interfaces/local/lib/python3.10/dist-packages/robot_interfaces/msg/_state_action.py
-- Up-to-date: /home/w/work/moveit2_handeye_calib/install/robot_interfaces/local/lib/python3.10/dist-packages/robot_interfaces/msg/_tool_config.py
-- Up-to-date: /home/w/work/moveit2_handeye_calib/install/robot_interfaces/local/lib/python3.10/dist-packages/robot_interfaces/msg/__init__.py
-- Up-to-date: /home/w/work/moveit2_handeye_calib/install/robot_interfaces/local/lib/python3.10/dist-packages/robot_interfaces/msg/_generic_motor_operation.py
-- Up-to-date: /home/w/work/moveit2_handeye_calib/install/robot_interfaces/local/lib/python3.10/dist-packages/robot_interfaces/msg/_key_pressed_action.py
-- Up-to-date: /home/w/work/moveit2_handeye_calib/install/robot_interfaces/local/lib/python3.10/dist-packages/robot_interfaces/msg/_generic_motor_parameter.py
-- Up-to-date: /home/w/work/moveit2_handeye_calib/install/robot_interfaces/local/lib/python3.10/dist-packages/robot_interfaces/msg/_generic_motor_operation_s.c
-- Up-to-date: /home/w/work/moveit2_handeye_calib/install/robot_interfaces/local/lib/python3.10/dist-packages/robot_interfaces/msg/_arm_state.py
-- Up-to-date: /home/w/work/moveit2_handeye_calib/install/robot_interfaces/local/lib/python3.10/dist-packages/robot_interfaces/msg/_gripper_control_s.c
-- Up-to-date: /home/w/work/moveit2_handeye_calib/install/robot_interfaces/local/lib/python3.10/dist-packages/robot_interfaces/msg/_gripper_control.py
-- Up-to-date: /home/w/work/moveit2_handeye_calib/install/robot_interfaces/local/lib/python3.10/dist-packages/robot_interfaces/msg/_arm_state_s.c
-- Up-to-date: /home/w/work/moveit2_handeye_calib/install/robot_interfaces/local/lib/python3.10/dist-packages/robot_interfaces/msg/_motor_fdb_s.c
-- Up-to-date: /home/w/work/moveit2_handeye_calib/install/robot_interfaces/local/lib/python3.10/dist-packages/robot_interfaces/msg/_qt_recv_s.c
-- Up-to-date: /home/w/work/moveit2_handeye_calib/install/robot_interfaces/local/lib/python3.10/dist-packages/robot_interfaces/msg/_line_msg.py
-- Up-to-date: /home/w/work/moveit2_handeye_calib/install/robot_interfaces/local/lib/python3.10/dist-packages/robot_interfaces/msg/_qt_pub_s.c
-- Up-to-date: /home/w/work/moveit2_handeye_calib/install/robot_interfaces/local/lib/python3.10/dist-packages/robot_interfaces/msg/_key_pressed_action_s.c
-- Up-to-date: /home/w/work/moveit2_handeye_calib/install/robot_interfaces/local/lib/python3.10/dist-packages/robot_interfaces/msg/_robot_control_msg_s.c
-- Up-to-date: /home/w/work/moveit2_handeye_calib/install/robot_interfaces/local/lib/python3.10/dist-packages/robot_interfaces/msg/_generic_motor_parameter_s.c
-- Up-to-date: /home/w/work/moveit2_handeye_calib/install/robot_interfaces/local/lib/python3.10/dist-packages/robot_interfaces/msg/_tool_config_s.c
-- Up-to-date: /home/w/work/moveit2_handeye_calib/install/robot_interfaces/local/lib/python3.10/dist-packages/robot_interfaces/msg/_state_action_s.c
-- Up-to-date: /home/w/work/moveit2_handeye_calib/install/robot_interfaces/local/lib/python3.10/dist-packages/robot_interfaces/msg/_qt_pub.py
-- Up-to-date: /home/w/work/moveit2_handeye_calib/install/robot_interfaces/local/lib/python3.10/dist-packages/robot_interfaces/msg/_move_c_action_s.c
-- Up-to-date: /home/w/work/moveit2_handeye_calib/install/robot_interfaces/local/lib/python3.10/dist-packages/robot_interfaces/msg/_motor_fdb.py
-- Up-to-date: /home/w/work/moveit2_handeye_calib/install/robot_interfaces/local/lib/python3.10/dist-packages/robot_interfaces/msg/_move_c_action.py
-- Up-to-date: /home/w/work/moveit2_handeye_calib/install/robot_interfaces/local/lib/python3.10/dist-packages/robot_interfaces/librobot_interfaces__rosidl_generator_py.so
-- Up-to-date: /home/w/work/moveit2_handeye_calib/install/robot_interfaces/local/lib/python3.10/dist-packages/robot_interfaces/_robot_interfaces_s.ep.rosidl_typesupport_fastrtps_c.c
Listing '/home/w/work/moveit2_handeye_calib/install/robot_interfaces/local/lib/python3.10/dist-packages/robot_interfaces'...
Listing '/home/w/work/moveit2_handeye_calib/install/robot_interfaces/local/lib/python3.10/dist-packages/robot_interfaces/msg'...
Listing '/home/w/work/moveit2_handeye_calib/install/robot_interfaces/local/lib/python3.10/dist-packages/robot_interfaces/srv'...
-- Up-to-date: /home/w/work/moveit2_handeye_calib/install/robot_interfaces/local/lib/python3.10/dist-packages/robot_interfaces/robot_interfaces_s__rosidl_typesupport_fastrtps_c.cpython-310-x86_64-linux-gnu.so
-- Up-to-date: /home/w/work/moveit2_handeye_calib/install/robot_interfaces/local/lib/python3.10/dist-packages/robot_interfaces/robot_interfaces_s__rosidl_typesupport_introspection_c.cpython-310-x86_64-linux-gnu.so
-- Up-to-date: /home/w/work/moveit2_handeye_calib/install/robot_interfaces/local/lib/python3.10/dist-packages/robot_interfaces/robot_interfaces_s__rosidl_typesupport_c.cpython-310-x86_64-linux-gnu.so
-- Up-to-date: /home/w/work/moveit2_handeye_calib/install/robot_interfaces/lib/librobot_interfaces__rosidl_generator_py.so
-- Up-to-date: /home/w/work/moveit2_handeye_calib/install/robot_interfaces/share/robot_interfaces/msg/QtRecv.idl
-- Up-to-date: /home/w/work/moveit2_handeye_calib/install/robot_interfaces/share/robot_interfaces/msg/LineMsg.idl
-- Up-to-date: /home/w/work/moveit2_handeye_calib/install/robot_interfaces/share/robot_interfaces/msg/ArmState.idl
-- Up-to-date: /home/w/work/moveit2_handeye_calib/install/robot_interfaces/share/robot_interfaces/msg/QtPub.idl
-- Up-to-date: /home/w/work/moveit2_handeye_calib/install/robot_interfaces/share/robot_interfaces/msg/MotorFdb.idl
-- Up-to-date: /home/w/work/moveit2_handeye_calib/install/robot_interfaces/share/robot_interfaces/msg/RobotControlMsg.idl
-- Up-to-date: /home/w/work/moveit2_handeye_calib/install/robot_interfaces/share/robot_interfaces/msg/MoveCAction.idl
-- Up-to-date: /home/w/work/moveit2_handeye_calib/install/robot_interfaces/share/robot_interfaces/msg/StateAction.idl
-- Up-to-date: /home/w/work/moveit2_handeye_calib/install/robot_interfaces/share/robot_interfaces/msg/KeyPressedAction.idl
-- Up-to-date: /home/w/work/moveit2_handeye_calib/install/robot_interfaces/share/robot_interfaces/msg/GenericMotorParameter.idl
-- Up-to-date: /home/w/work/moveit2_handeye_calib/install/robot_interfaces/share/robot_interfaces/msg/GenericMotorOperation.idl
-- Up-to-date: /home/w/work/moveit2_handeye_calib/install/robot_interfaces/share/robot_interfaces/msg/GripperControl.idl
-- Up-to-date: /home/w/work/moveit2_handeye_calib/install/robot_interfaces/share/robot_interfaces/msg/ToolConfig.idl
-- Up-to-date: /home/w/work/moveit2_handeye_calib/install/robot_interfaces/share/robot_interfaces/srv/SdkRecv.idl
-- Up-to-date: /home/w/work/moveit2_handeye_calib/install/robot_interfaces/share/robot_interfaces/srv/ComputeGravity.idl
-- Up-to-date: /home/w/work/moveit2_handeye_calib/install/robot_interfaces/share/robot_interfaces/msg/QtRecv.msg
-- Up-to-date: /home/w/work/moveit2_handeye_calib/install/robot_interfaces/share/robot_interfaces/msg/LineMsg.msg
-- Up-to-date: /home/w/work/moveit2_handeye_calib/install/robot_interfaces/share/robot_interfaces/msg/ArmState.msg
-- Up-to-date: /home/w/work/moveit2_handeye_calib/install/robot_interfaces/share/robot_interfaces/msg/QtPub.msg
-- Up-to-date: /home/w/work/moveit2_handeye_calib/install/robot_interfaces/share/robot_interfaces/msg/MotorFdb.msg
-- Up-to-date: /home/w/work/moveit2_handeye_calib/install/robot_interfaces/share/robot_interfaces/msg/RobotControlMsg.msg
-- Up-to-date: /home/w/work/moveit2_handeye_calib/install/robot_interfaces/share/robot_interfaces/msg/MoveCAction.msg
-- Up-to-date: /home/w/work/moveit2_handeye_calib/install/robot_interfaces/share/robot_interfaces/msg/StateAction.msg
-- Up-to-date: /home/w/work/moveit2_handeye_calib/install/robot_interfaces/share/robot_interfaces/msg/KeyPressedAction.msg
-- Up-to-date: /home/w/work/moveit2_handeye_calib/install/robot_interfaces/share/robot_interfaces/msg/GenericMotorParameter.msg
-- Up-to-date: /home/w/work/moveit2_handeye_calib/install/robot_interfaces/share/robot_interfaces/msg/GenericMotorOperation.msg
-- Up-to-date: /home/w/work/moveit2_handeye_calib/install/robot_interfaces/share/robot_interfaces/msg/GripperControl.msg
-- Up-to-date: /home/w/work/moveit2_handeye_calib/install/robot_interfaces/share/robot_interfaces/msg/ToolConfig.msg
-- Up-to-date: /home/w/work/moveit2_handeye_calib/install/robot_interfaces/share/robot_interfaces/srv/SdkRecv.srv
-- Up-to-date: /home/w/work/moveit2_handeye_calib/install/robot_interfaces/share/robot_interfaces/srv/SdkRecv_Request.msg
-- Up-to-date: /home/w/work/moveit2_handeye_calib/install/robot_interfaces/share/robot_interfaces/srv/SdkRecv_Response.msg
-- Up-to-date: /home/w/work/moveit2_handeye_calib/install/robot_interfaces/share/robot_interfaces/srv/ComputeGravity.srv
-- Up-to-date: /home/w/work/moveit2_handeye_calib/install/robot_interfaces/share/robot_interfaces/srv/ComputeGravity_Request.msg
-- Up-to-date: /home/w/work/moveit2_handeye_calib/install/robot_interfaces/share/robot_interfaces/srv/ComputeGravity_Response.msg
-- Up-to-date: /home/w/work/moveit2_handeye_calib/install/robot_interfaces/share/ament_index/resource_index/package_run_dependencies/robot_interfaces
-- Up-to-date: /home/w/work/moveit2_handeye_calib/install/robot_interfaces/share/ament_index/resource_index/parent_prefix_path/robot_interfaces
-- Up-to-date: /home/w/work/moveit2_handeye_calib/install/robot_interfaces/share/robot_interfaces/environment/ament_prefix_path.sh
-- Up-to-date: /home/w/work/moveit2_handeye_calib/install/robot_interfaces/share/robot_interfaces/environment/ament_prefix_path.dsv
-- Up-to-date: /home/w/work/moveit2_handeye_calib/install/robot_interfaces/share/robot_interfaces/environment/path.sh
-- Up-to-date: /home/w/work/moveit2_handeye_calib/install/robot_interfaces/share/robot_interfaces/environment/path.dsv
-- Up-to-date: /home/w/work/moveit2_handeye_calib/install/robot_interfaces/share/robot_interfaces/local_setup.bash
-- Up-to-date: /home/w/work/moveit2_handeye_calib/install/robot_interfaces/share/robot_interfaces/local_setup.sh
-- Up-to-date: /home/w/work/moveit2_handeye_calib/install/robot_interfaces/share/robot_interfaces/local_setup.zsh
-- Up-to-date: /home/w/work/moveit2_handeye_calib/install/robot_interfaces/share/robot_interfaces/local_setup.dsv
-- Installing: /home/w/work/moveit2_handeye_calib/install/robot_interfaces/share/robot_interfaces/package.dsv
-- Up-to-date: /home/w/work/moveit2_handeye_calib/install/robot_interfaces/share/ament_index/resource_index/packages/robot_interfaces
-- Up-to-date: /home/w/work/moveit2_handeye_calib/install/robot_interfaces/share/robot_interfaces/cmake/export_robot_interfaces__rosidl_generator_cExport.cmake
-- Up-to-date: /home/w/work/moveit2_handeye_calib/install/robot_interfaces/share/robot_interfaces/cmake/export_robot_interfaces__rosidl_generator_cExport-noconfig.cmake
-- Up-to-date: /home/w/work/moveit2_handeye_calib/install/robot_interfaces/share/robot_interfaces/cmake/export_robot_interfaces__rosidl_typesupport_fastrtps_cExport.cmake
-- Up-to-date: /home/w/work/moveit2_handeye_calib/install/robot_interfaces/share/robot_interfaces/cmake/export_robot_interfaces__rosidl_typesupport_fastrtps_cExport-noconfig.cmake
-- Up-to-date: /home/w/work/moveit2_handeye_calib/install/robot_interfaces/share/robot_interfaces/cmake/robot_interfaces__rosidl_typesupport_introspection_cExport.cmake
-- Up-to-date: /home/w/work/moveit2_handeye_calib/install/robot_interfaces/share/robot_interfaces/cmake/robot_interfaces__rosidl_typesupport_introspection_cExport-noconfig.cmake
-- Up-to-date: /home/w/work/moveit2_handeye_calib/install/robot_interfaces/share/robot_interfaces/cmake/robot_interfaces__rosidl_typesupport_cExport.cmake
-- Up-to-date: /home/w/work/moveit2_handeye_calib/install/robot_interfaces/share/robot_interfaces/cmake/robot_interfaces__rosidl_typesupport_cExport-noconfig.cmake
-- Up-to-date: /home/w/work/moveit2_handeye_calib/install/robot_interfaces/share/robot_interfaces/cmake/export_robot_interfaces__rosidl_generator_cppExport.cmake
-- Up-to-date: /home/w/work/moveit2_handeye_calib/install/robot_interfaces/share/robot_interfaces/cmake/export_robot_interfaces__rosidl_typesupport_fastrtps_cppExport.cmake
-- Up-to-date: /home/w/work/moveit2_handeye_calib/install/robot_interfaces/share/robot_interfaces/cmake/export_robot_interfaces__rosidl_typesupport_fastrtps_cppExport-noconfig.cmake
-- Up-to-date: /home/w/work/moveit2_handeye_calib/install/robot_interfaces/share/robot_interfaces/cmake/robot_interfaces__rosidl_typesupport_introspection_cppExport.cmake
-- Up-to-date: /home/w/work/moveit2_handeye_calib/install/robot_interfaces/share/robot_interfaces/cmake/robot_interfaces__rosidl_typesupport_introspection_cppExport-noconfig.cmake
-- Up-to-date: /home/w/work/moveit2_handeye_calib/install/robot_interfaces/share/robot_interfaces/cmake/robot_interfaces__rosidl_typesupport_cppExport.cmake
-- Up-to-date: /home/w/work/moveit2_handeye_calib/install/robot_interfaces/share/robot_interfaces/cmake/robot_interfaces__rosidl_typesupport_cppExport-noconfig.cmake
-- Up-to-date: /home/w/work/moveit2_handeye_calib/install/robot_interfaces/share/robot_interfaces/cmake/export_robot_interfaces__rosidl_generator_pyExport.cmake
-- Up-to-date: /home/w/work/moveit2_handeye_calib/install/robot_interfaces/share/robot_interfaces/cmake/export_robot_interfaces__rosidl_generator_pyExport-noconfig.cmake
-- Up-to-date: /home/w/work/moveit2_handeye_calib/install/robot_interfaces/share/robot_interfaces/cmake/rosidl_cmake-extras.cmake
-- Up-to-date: /home/w/work/moveit2_handeye_calib/install/robot_interfaces/share/robot_interfaces/cmake/ament_cmake_export_dependencies-extras.cmake
-- Up-to-date: /home/w/work/moveit2_handeye_calib/install/robot_interfaces/share/robot_interfaces/cmake/ament_cmake_export_include_directories-extras.cmake
-- Up-to-date: /home/w/work/moveit2_handeye_calib/install/robot_interfaces/share/robot_interfaces/cmake/ament_cmake_export_libraries-extras.cmake
-- Up-to-date: /home/w/work/moveit2_handeye_calib/install/robot_interfaces/share/robot_interfaces/cmake/ament_cmake_export_targets-extras.cmake
-- Up-to-date: /home/w/work/moveit2_handeye_calib/install/robot_interfaces/share/robot_interfaces/cmake/rosidl_cmake_export_typesupport_targets-extras.cmake
-- Up-to-date: /home/w/work/moveit2_handeye_calib/install/robot_interfaces/share/robot_interfaces/cmake/rosidl_cmake_export_typesupport_libraries-extras.cmake
-- Up-to-date: /home/w/work/moveit2_handeye_calib/install/robot_interfaces/share/robot_interfaces/cmake/robot_interfacesConfig.cmake
-- Up-to-date: /home/w/work/moveit2_handeye_calib/install/robot_interfaces/share/robot_interfaces/cmake/robot_interfacesConfig-version.cmake
-- Up-to-date: /home/w/work/moveit2_handeye_calib/install/robot_interfaces/share/robot_interfaces/package.xml
