[0.020s] Invoking command in '/home/w/work/moveit2_handeye_calib/build/motor_control_logger': AMENT_PREFIX_PATH=/home/w/work/moveit2_handeye_calib/install/robot_interfaces:${AMENT_PREFIX_PATH} CMAKE_PREFIX_PATH=/home/w/work/moveit2_handeye_calib/install/robot_interfaces:/home/w/work/trac_ik_ws/install/trac_ik:/home/w/work/trac_ik_ws/install/trac_ik_examples:/home/w/work/trac_ik_ws/install/trac_ik_lib:/opt/ros/humble LD_LIBRARY_PATH=/home/w/work/moveit2_handeye_calib/install/robot_interfaces/lib:${LD_LIBRARY_PATH} PYTHONPATH=/home/w/work/moveit2_handeye_calib/install/robot_interfaces/local/lib/python3.10/dist-packages:${PYTHONPATH} /usr/bin/cmake --build /home/w/work/moveit2_handeye_calib/build/motor_control_logger -- -j28 -l28
[0.339s] [35m[1mConsolidate compiler generated dependencies of target data_logger_node[0m
[0.339s] [100%] Built target data_logger_node
[0.345s] Invoked command in '/home/w/work/moveit2_handeye_calib/build/motor_control_logger' returned '0': AMENT_PREFIX_PATH=/home/w/work/moveit2_handeye_calib/install/robot_interfaces:${AMENT_PREFIX_PATH} CMAKE_PREFIX_PATH=/home/w/work/moveit2_handeye_calib/install/robot_interfaces:/home/w/work/trac_ik_ws/install/trac_ik:/home/w/work/trac_ik_ws/install/trac_ik_examples:/home/w/work/trac_ik_ws/install/trac_ik_lib:/opt/ros/humble LD_LIBRARY_PATH=/home/w/work/moveit2_handeye_calib/install/robot_interfaces/lib:${LD_LIBRARY_PATH} PYTHONPATH=/home/w/work/moveit2_handeye_calib/install/robot_interfaces/local/lib/python3.10/dist-packages:${PYTHONPATH} /usr/bin/cmake --build /home/w/work/moveit2_handeye_calib/build/motor_control_logger -- -j28 -l28
[0.345s] Invoking command in '/home/w/work/moveit2_handeye_calib/build/motor_control_logger': AMENT_PREFIX_PATH=/home/w/work/moveit2_handeye_calib/install/robot_interfaces:${AMENT_PREFIX_PATH} CMAKE_PREFIX_PATH=/home/w/work/moveit2_handeye_calib/install/robot_interfaces:/home/w/work/trac_ik_ws/install/trac_ik:/home/w/work/trac_ik_ws/install/trac_ik_examples:/home/w/work/trac_ik_ws/install/trac_ik_lib:/opt/ros/humble LD_LIBRARY_PATH=/home/w/work/moveit2_handeye_calib/install/robot_interfaces/lib:${LD_LIBRARY_PATH} PYTHONPATH=/home/w/work/moveit2_handeye_calib/install/robot_interfaces/local/lib/python3.10/dist-packages:${PYTHONPATH} /usr/bin/cmake --install /home/w/work/moveit2_handeye_calib/build/motor_control_logger
[0.360s] -- Install configuration: ""
[0.360s] -- Up-to-date: /home/w/work/moveit2_handeye_calib/install/motor_control_logger/lib/motor_control_logger/data_logger_node
[0.361s] -- Up-to-date: /home/w/work/moveit2_handeye_calib/install/motor_control_logger/share/ament_index/resource_index/package_run_dependencies/motor_control_logger
[0.361s] -- Up-to-date: /home/w/work/moveit2_handeye_calib/install/motor_control_logger/share/ament_index/resource_index/parent_prefix_path/motor_control_logger
[0.361s] -- Up-to-date: /home/w/work/moveit2_handeye_calib/install/motor_control_logger/share/motor_control_logger/environment/ament_prefix_path.sh
[0.361s] -- Up-to-date: /home/w/work/moveit2_handeye_calib/install/motor_control_logger/share/motor_control_logger/environment/ament_prefix_path.dsv
[0.361s] -- Up-to-date: /home/w/work/moveit2_handeye_calib/install/motor_control_logger/share/motor_control_logger/environment/path.sh
[0.361s] -- Up-to-date: /home/w/work/moveit2_handeye_calib/install/motor_control_logger/share/motor_control_logger/environment/path.dsv
[0.361s] -- Up-to-date: /home/w/work/moveit2_handeye_calib/install/motor_control_logger/share/motor_control_logger/local_setup.bash
[0.361s] -- Up-to-date: /home/w/work/moveit2_handeye_calib/install/motor_control_logger/share/motor_control_logger/local_setup.sh
[0.361s] -- Up-to-date: /home/w/work/moveit2_handeye_calib/install/motor_control_logger/share/motor_control_logger/local_setup.zsh
[0.361s] -- Up-to-date: /home/w/work/moveit2_handeye_calib/install/motor_control_logger/share/motor_control_logger/local_setup.dsv
[0.361s] -- Installing: /home/w/work/moveit2_handeye_calib/install/motor_control_logger/share/motor_control_logger/package.dsv
[0.361s] -- Up-to-date: /home/w/work/moveit2_handeye_calib/install/motor_control_logger/share/ament_index/resource_index/packages/motor_control_logger
[0.361s] -- Up-to-date: /home/w/work/moveit2_handeye_calib/install/motor_control_logger/share/motor_control_logger/cmake/motor_control_loggerConfig.cmake
[0.361s] -- Up-to-date: /home/w/work/moveit2_handeye_calib/install/motor_control_logger/share/motor_control_logger/cmake/motor_control_loggerConfig-version.cmake
[0.362s] -- Up-to-date: /home/w/work/moveit2_handeye_calib/install/motor_control_logger/share/motor_control_logger/package.xml
[0.389s] Invoked command in '/home/w/work/moveit2_handeye_calib/build/motor_control_logger' returned '0': AMENT_PREFIX_PATH=/home/w/work/moveit2_handeye_calib/install/robot_interfaces:${AMENT_PREFIX_PATH} CMAKE_PREFIX_PATH=/home/w/work/moveit2_handeye_calib/install/robot_interfaces:/home/w/work/trac_ik_ws/install/trac_ik:/home/w/work/trac_ik_ws/install/trac_ik_examples:/home/w/work/trac_ik_ws/install/trac_ik_lib:/opt/ros/humble LD_LIBRARY_PATH=/home/w/work/moveit2_handeye_calib/install/robot_interfaces/lib:${LD_LIBRARY_PATH} PYTHONPATH=/home/w/work/moveit2_handeye_calib/install/robot_interfaces/local/lib/python3.10/dist-packages:${PYTHONPATH} /usr/bin/cmake --install /home/w/work/moveit2_handeye_calib/build/motor_control_logger
