[0.005s] Invoking command in '/home/w/work/moveit2_handeye_calib/build/moveit_calibration_gui': AMENT_PREFIX_PATH=/home/w/work/moveit2_handeye_calib/install/moveit_calibration_plugins:${AMENT_PREFIX_PATH} CMAKE_PREFIX_PATH=/home/w/work/moveit2_handeye_calib/install/moveit_calibration_plugins:/home/w/work/trac_ik_ws/install/trac_ik:/home/w/work/trac_ik_ws/install/trac_ik_examples:/home/w/work/trac_ik_ws/install/trac_ik_lib:/opt/ros/humble LD_LIBRARY_PATH=/home/w/work/moveit2_handeye_calib/install/moveit_calibration_plugins/lib:${LD_LIBRARY_PATH} /usr/bin/cmake /home/w/work/moveit2_handeye_calib/moveit2_calibration/moveit_calibration_gui -DCMAKE_INSTALL_PREFIX=/home/w/work/moveit2_handeye_calib/install/moveit_calibration_gui
[0.048s] -- The C compiler identification is GNU 11.4.0
[0.087s] -- The CXX compiler identification is GNU 11.4.0
[0.095s] -- Detecting C compiler ABI info
[0.142s] -- Detecting C compiler ABI info - done
[0.148s] -- Check for working C compiler: /usr/bin/cc - skipped
[0.148s] -- Detecting C compile features
[0.149s] -- Detecting C compile features - done
[0.152s] -- Detecting CXX compiler ABI info
[0.207s] -- Detecting CXX compiler ABI info - done
[0.212s] -- Check for working CXX compiler: /usr/bin/c++ - skipped
[0.212s] -- Detecting CXX compile features
[0.212s] -- Detecting CXX compile features - done
[0.215s] -- Found moveit_common: 2.5.9 (/opt/ros/humble/share/moveit_common/cmake)
[0.216s] -- Found ament_cmake: 1.3.12 (/opt/ros/humble/share/ament_cmake/cmake)
[0.352s] -- Found Python3: /usr/bin/python3 (found version "3.10.12") found components: Interpreter 
[0.461s] [0mmoveit_calibration_gui: You did not request a specific build type: Choosing 'Release' for maximum performance[0m
[0.462s] -- Found ament_cmake_ros: 0.10.0 (/opt/ros/humble/share/ament_cmake_ros/cmake)
[0.470s] -- Found cv_bridge: 3.2.1 (/opt/ros/humble/share/cv_bridge/cmake)
[0.500s] -- Found rosidl_generator_c: 3.1.7 (/opt/ros/humble/share/rosidl_generator_c/cmake)
[0.503s] -- Found rosidl_adapter: 3.1.7 (/opt/ros/humble/share/rosidl_adapter/cmake)
[0.508s] -- Found rosidl_generator_cpp: 3.1.7 (/opt/ros/humble/share/rosidl_generator_cpp/cmake)
[0.516s] -- Using all available rosidl_typesupport_c: rosidl_typesupport_fastrtps_c;rosidl_typesupport_introspection_c
[0.526s] -- Using all available rosidl_typesupport_cpp: rosidl_typesupport_fastrtps_cpp;rosidl_typesupport_introspection_cpp
[0.568s] -- Found eigen3_cmake_module: 0.1.1 (/opt/ros/humble/share/eigen3_cmake_module/cmake)
[0.569s] -- Found image_geometry: 3.2.1 (/opt/ros/humble/share/image_geometry/cmake)
[0.573s] -- Found image_transport: 3.1.12 (/opt/ros/humble/share/image_transport/cmake)
[0.600s] -- Found rmw_implementation_cmake: 6.1.2 (/opt/ros/humble/share/rmw_implementation_cmake/cmake)
[0.602s] -- Found rmw_fastrtps_cpp: 6.2.9 (/opt/ros/humble/share/rmw_fastrtps_cpp/cmake)
[0.662s] -- Found OpenSSL: /usr/lib/x86_64-linux-gnu/libcrypto.so (found version "3.0.2")  
[0.680s] -- Found FastRTPS: /opt/ros/humble/include  
[0.706s] -- Using RMW implementation 'rmw_fastrtps_cpp' as default
[0.712s] -- Looking for pthread.h
[0.781s] -- Looking for pthread.h - found
[0.781s] -- Performing Test CMAKE_HAVE_LIBC_PTHREAD
[0.853s] -- Performing Test CMAKE_HAVE_LIBC_PTHREAD - Success
[0.854s] -- Found Threads: TRUE  
[0.895s] -- Found moveit_calibration_plugins: 2.0.0 (/home/w/work/moveit2_handeye_calib/install/moveit_calibration_plugins/share/moveit_calibration_plugins/cmake)
[0.957s] -- Found moveit_ros_visualization: 2.5.9 (/opt/ros/humble/share/moveit_ros_visualization/cmake)
[0.970s] -- Found Boost: /usr/lib/x86_64-linux-gnu/cmake/Boost-1.74.0/BoostConfig.cmake (found version "1.74.0") found components: thread date_time system filesystem 
[0.976s] -- Found Boost: /usr/lib/x86_64-linux-gnu/cmake/Boost-1.74.0/BoostConfig.cmake (found version "1.74.0") found components: filesystem 
[1.037s] -- library: /usr/lib/x86_64-linux-gnu/libcurl.so
[1.075s] -- Found Boost: /usr/lib/x86_64-linux-gnu/cmake/Boost-1.74.0/BoostConfig.cmake (found version "1.74.0") found components: system filesystem date_time program_options thread chrono 
[1.096s] -- Found Boost: /usr/lib/x86_64-linux-gnu/cmake/Boost-1.74.0/BoostConfig.cmake (found version "1.74.0") found components: chrono date_time filesystem iostreams program_options regex serialization system thread 
[1.114s] -- Found parameter_traits: 0.5.0 (/opt/ros/humble/share/parameter_traits/cmake)
[1.122s] -- Found rclcpp_lifecycle: 16.0.15 (/opt/ros/humble/share/rclcpp_lifecycle/cmake)
[1.141s] -- Found Eigen3: TRUE (found version "3.4.0") 
[1.141s] -- Ensuring Eigen3 include directory is part of orocos-kdl CMake target
[1.231s] -- Found Boost: /usr/lib/x86_64-linux-gnu/cmake/Boost-1.74.0/BoostConfig.cmake (found version "1.74.0") found components: date_time filesystem program_options system thread 
[1.241s] -- Found Boost: /usr/lib/x86_64-linux-gnu/cmake/Boost-1.74.0/BoostConfig.cmake (found version "1.74.0") found components: thread system filesystem regex date_time program_options 
[1.256s] -- Found Boost: /usr/lib/x86_64-linux-gnu/cmake/Boost-1.74.0/BoostConfig.cmake (found version "1.74.0") found components: system filesystem date_time program_options thread 
[1.294s] -- Setting OGRE_DIR to: '/opt/ros/humble/share/rviz_ogre_vendor/cmake/../../../opt/rviz_ogre_vendor/lib/OGRE/cmake'
[1.296s] -- Found OGRE
[1.296s] --   static     : OFF
[1.296s] --   components : HLMS;MeshLodGenerator;Overlay;Paging;Property;RTShaderSystem;Terrain;Volume
[1.296s] --   plugins    : Plugin_BSPSceneManager;Plugin_OctreeSceneManager;Plugin_PCZSceneManager;Plugin_ParticleFX;RenderSystem_GL;RenderSystem_GL3Plus;Codec_STBI
[1.296s] --   media      : /opt/ros/humble/opt/rviz_ogre_vendor/share/OGRE/Media
[1.296s] -- OGRE_LIBRARIES: OgreHLMS;OgreMeshLodGenerator;OgreOverlay;OgrePaging;OgreProperty;OgreRTShaderSystem;OgreTerrain;OgreVolume;OgreMain
[1.296s] -- OGRE_LIBRARY_DIRS: /opt/ros/humble/opt/rviz_ogre_vendor/lib
[1.296s] -- OGRE_PLUGINS: Plugin_BSPSceneManager;Plugin_OctreeSceneManager;Plugin_PCZSceneManager;Plugin_ParticleFX;RenderSystem_GL;RenderSystem_GL3Plus;Codec_STBI
[1.296s] -- OGRE_PLUGIN_DIR: /opt/ros/humble/opt/rviz_ogre_vendor/lib/OGRE
[1.296s] -- rviz_ogre_vendor::OgreOverlay for IMPORTED_LOCATION_RELEASE: /opt/ros/humble/opt/rviz_ogre_vendor/lib/libOgreOverlay.so
[1.296s] -- rviz_ogre_vendor::OgreOverlay for IMPORTED_LOCATION_DEBUG: /opt/ros/humble/opt/rviz_ogre_vendor/lib/libOgreOverlay.so
[1.296s] -- rviz_ogre_vendor::OgreMain for IMPORTED_LOCATION_RELEASE: /opt/ros/humble/opt/rviz_ogre_vendor/lib/libOgreMain.so
[1.296s] -- rviz_ogre_vendor::OgreMain for IMPORTED_LOCATION_DEBUG: /opt/ros/humble/opt/rviz_ogre_vendor/lib/libOgreMain.so
[1.297s] -- Could not find freeimage library
[1.309s] -- Found ZLIB: /usr/lib/x86_64-linux-gnu/libz.so (found version "1.2.11") 
[1.313s] -- Found OpenGL: /usr/lib/x86_64-linux-gnu/libOpenGL.so   
[1.376s] -- Found X11: /usr/include   
[1.376s] -- Looking for XOpenDisplay in /usr/lib/x86_64-linux-gnu/libX11.so;/usr/lib/x86_64-linux-gnu/libXext.so
[1.445s] -- Looking for XOpenDisplay in /usr/lib/x86_64-linux-gnu/libX11.so;/usr/lib/x86_64-linux-gnu/libXext.so - found
[1.446s] -- Looking for gethostbyname
[1.513s] -- Looking for gethostbyname - found
[1.513s] -- Looking for connect
[1.580s] -- Looking for connect - found
[1.580s] -- Looking for remove
[1.648s] -- Looking for remove - found
[1.648s] -- Looking for shmat
[1.720s] -- Looking for shmat - found
[1.721s] -- Looking for IceConnectionNumber in ICE
[1.791s] -- Looking for IceConnectionNumber in ICE - found
[1.815s] -- Setting assimp_DIR to: '/opt/ros/humble/share/rviz_assimp_vendor/cmake/../../../opt/rviz_assimp_vendor/lib/cmake/assimp-4.1'
[1.882s] -- Configuring incomplete, errors occurred!
[1.882s] See also "/home/w/work/moveit2_handeye_calib/build/moveit_calibration_gui/CMakeFiles/CMakeOutput.log".
[1.882s] [31mCMake Error at CMakeLists.txt:18 (find_package):
[1.882s]   By not providing "Findmoveit_visual_tools.cmake" in CMAKE_MODULE_PATH this
[1.882s]   project has asked CMake to find a package configuration file provided by
[1.882s]   "moveit_visual_tools", but CMake did not find one.
[1.882s] 
[1.882s]   Could not find a package configuration file provided by
[1.882s]   "moveit_visual_tools" with any of the following names:
[1.882s] 
[1.882s]     moveit_visual_toolsConfig.cmake
[1.882s]     moveit_visual_tools-config.cmake
[1.882s] 
[1.882s]   Add the installation prefix of "moveit_visual_tools" to CMAKE_PREFIX_PATH
[1.882s]   or set "moveit_visual_tools_DIR" to a directory containing one of the above
[1.882s]   files.  If "moveit_visual_tools" provides a separate development package or
[1.882s]   SDK, be sure it has been installed.
[1.882s] 
[1.882s] [0m
[1.891s] Invoked command in '/home/w/work/moveit2_handeye_calib/build/moveit_calibration_gui' returned '1': AMENT_PREFIX_PATH=/home/w/work/moveit2_handeye_calib/install/moveit_calibration_plugins:${AMENT_PREFIX_PATH} CMAKE_PREFIX_PATH=/home/w/work/moveit2_handeye_calib/install/moveit_calibration_plugins:/home/w/work/trac_ik_ws/install/trac_ik:/home/w/work/trac_ik_ws/install/trac_ik_examples:/home/w/work/trac_ik_ws/install/trac_ik_lib:/opt/ros/humble LD_LIBRARY_PATH=/home/w/work/moveit2_handeye_calib/install/moveit_calibration_plugins/lib:${LD_LIBRARY_PATH} /usr/bin/cmake /home/w/work/moveit2_handeye_calib/moveit2_calibration/moveit_calibration_gui -DCMAKE_INSTALL_PREFIX=/home/w/work/moveit2_handeye_calib/install/moveit_calibration_gui
