running egg_info
creating ../../build/traj_smoother_py/traj_smoother_py.egg-info
writing ../../build/traj_smoother_py/traj_smoother_py.egg-info/PKG-INFO
writing dependency_links to ../../build/traj_smoother_py/traj_smoother_py.egg-info/dependency_links.txt
writing entry points to ../../build/traj_smoother_py/traj_smoother_py.egg-info/entry_points.txt
writing requirements to ../../build/traj_smoother_py/traj_smoother_py.egg-info/requires.txt
writing top-level names to ../../build/traj_smoother_py/traj_smoother_py.egg-info/top_level.txt
writing manifest file '../../build/traj_smoother_py/traj_smoother_py.egg-info/SOURCES.txt'
reading manifest file '../../build/traj_smoother_py/traj_smoother_py.egg-info/SOURCES.txt'
writing manifest file '../../build/traj_smoother_py/traj_smoother_py.egg-info/SOURCES.txt'
running build
running build_py
creating /home/w/work/moveit2_handeye_calib/build/traj_smoother_py/build
creating /home/w/work/moveit2_handeye_calib/build/traj_smoother_py/build/lib
creating /home/w/work/moveit2_handeye_calib/build/traj_smoother_py/build/lib/traj_smoother_py
copying traj_smoother_py/__init__.py -> /home/w/work/moveit2_handeye_calib/build/traj_smoother_py/build/lib/traj_smoother_py
copying traj_smoother_py/smoother_node.py -> /home/w/work/moveit2_handeye_calib/build/traj_smoother_py/build/lib/traj_smoother_py
running install
running install_lib
creating /home/w/work/moveit2_handeye_calib/install/traj_smoother_py/lib/python3.10/site-packages/traj_smoother_py
copying /home/w/work/moveit2_handeye_calib/build/traj_smoother_py/build/lib/traj_smoother_py/__init__.py -> /home/w/work/moveit2_handeye_calib/install/traj_smoother_py/lib/python3.10/site-packages/traj_smoother_py
copying /home/w/work/moveit2_handeye_calib/build/traj_smoother_py/build/lib/traj_smoother_py/smoother_node.py -> /home/w/work/moveit2_handeye_calib/install/traj_smoother_py/lib/python3.10/site-packages/traj_smoother_py
byte-compiling /home/w/work/moveit2_handeye_calib/install/traj_smoother_py/lib/python3.10/site-packages/traj_smoother_py/__init__.py to __init__.cpython-310.pyc
byte-compiling /home/w/work/moveit2_handeye_calib/install/traj_smoother_py/lib/python3.10/site-packages/traj_smoother_py/smoother_node.py to smoother_node.cpython-310.pyc
running install_data
creating /home/w/work/moveit2_handeye_calib/install/traj_smoother_py/share/ament_index
creating /home/w/work/moveit2_handeye_calib/install/traj_smoother_py/share/ament_index/resource_index
creating /home/w/work/moveit2_handeye_calib/install/traj_smoother_py/share/ament_index/resource_index/packages
copying resource/traj_smoother_py -> /home/w/work/moveit2_handeye_calib/install/traj_smoother_py/share/ament_index/resource_index/packages
copying package.xml -> /home/w/work/moveit2_handeye_calib/install/traj_smoother_py/share/traj_smoother_py
creating /home/w/work/moveit2_handeye_calib/install/traj_smoother_py/share/traj_smoother_py/launch
copying launch/traj_smoother.launch.py -> /home/w/work/moveit2_handeye_calib/install/traj_smoother_py/share/traj_smoother_py/launch
running install_egg_info
Copying ../../build/traj_smoother_py/traj_smoother_py.egg-info to /home/w/work/moveit2_handeye_calib/install/traj_smoother_py/lib/python3.10/site-packages/traj_smoother_py-0.0.0-py3.10.egg-info
running install_scripts
Installing traj_smoother script to /home/w/work/moveit2_handeye_calib/install/traj_smoother_py/lib/traj_smoother_py
writing list of installed files to '/home/w/work/moveit2_handeye_calib/build/traj_smoother_py/install.log'
