[0.635s] Invoking command in '/home/w/work/moveit2_handeye_calib/TG620/traj_smoother_py': PYTHONPATH=/home/w/work/moveit2_handeye_calib/build/traj_smoother_py/prefix_override:/usr/lib/python3/dist-packages/colcon_core/task/python/colcon_distutils_commands:/home/w/work/moveit2_handeye_calib/install/traj_smoother_py/lib/python3.10/site-packages:${PYTHONPATH} /usr/bin/python3 -W ignore:setup.py install is deprecated -W ignore:easy_install command is deprecated setup.py egg_info --egg-base ../../build/traj_smoother_py build --build-base /home/w/work/moveit2_handeye_calib/build/traj_smoother_py/build install --record /home/w/work/moveit2_handeye_calib/build/traj_smoother_py/install.log --single-version-externally-managed install_data
[0.811s] running egg_info
[0.811s] creating ../../build/traj_smoother_py/traj_smoother_py.egg-info
[0.811s] writing ../../build/traj_smoother_py/traj_smoother_py.egg-info/PKG-INFO
[0.811s] writing dependency_links to ../../build/traj_smoother_py/traj_smoother_py.egg-info/dependency_links.txt
[0.811s] writing entry points to ../../build/traj_smoother_py/traj_smoother_py.egg-info/entry_points.txt
[0.811s] writing requirements to ../../build/traj_smoother_py/traj_smoother_py.egg-info/requires.txt
[0.811s] writing top-level names to ../../build/traj_smoother_py/traj_smoother_py.egg-info/top_level.txt
[0.811s] writing manifest file '../../build/traj_smoother_py/traj_smoother_py.egg-info/SOURCES.txt'
[0.813s] reading manifest file '../../build/traj_smoother_py/traj_smoother_py.egg-info/SOURCES.txt'
[0.813s] writing manifest file '../../build/traj_smoother_py/traj_smoother_py.egg-info/SOURCES.txt'
[0.813s] running build
[0.813s] running build_py
[0.813s] creating /home/w/work/moveit2_handeye_calib/build/traj_smoother_py/build
[0.813s] creating /home/w/work/moveit2_handeye_calib/build/traj_smoother_py/build/lib
[0.813s] creating /home/w/work/moveit2_handeye_calib/build/traj_smoother_py/build/lib/traj_smoother_py
[0.813s] copying traj_smoother_py/__init__.py -> /home/w/work/moveit2_handeye_calib/build/traj_smoother_py/build/lib/traj_smoother_py
[0.813s] copying traj_smoother_py/smoother_node.py -> /home/w/work/moveit2_handeye_calib/build/traj_smoother_py/build/lib/traj_smoother_py
[0.814s] running install
[0.814s] running install_lib
[0.814s] creating /home/w/work/moveit2_handeye_calib/install/traj_smoother_py/lib/python3.10/site-packages/traj_smoother_py
[0.814s] copying /home/w/work/moveit2_handeye_calib/build/traj_smoother_py/build/lib/traj_smoother_py/__init__.py -> /home/w/work/moveit2_handeye_calib/install/traj_smoother_py/lib/python3.10/site-packages/traj_smoother_py
[0.814s] copying /home/w/work/moveit2_handeye_calib/build/traj_smoother_py/build/lib/traj_smoother_py/smoother_node.py -> /home/w/work/moveit2_handeye_calib/install/traj_smoother_py/lib/python3.10/site-packages/traj_smoother_py
[0.814s] byte-compiling /home/w/work/moveit2_handeye_calib/install/traj_smoother_py/lib/python3.10/site-packages/traj_smoother_py/__init__.py to __init__.cpython-310.pyc
[0.814s] byte-compiling /home/w/work/moveit2_handeye_calib/install/traj_smoother_py/lib/python3.10/site-packages/traj_smoother_py/smoother_node.py to smoother_node.cpython-310.pyc
[0.815s] running install_data
[0.815s] creating /home/w/work/moveit2_handeye_calib/install/traj_smoother_py/share/ament_index
[0.815s] creating /home/w/work/moveit2_handeye_calib/install/traj_smoother_py/share/ament_index/resource_index
[0.815s] creating /home/w/work/moveit2_handeye_calib/install/traj_smoother_py/share/ament_index/resource_index/packages
[0.815s] copying resource/traj_smoother_py -> /home/w/work/moveit2_handeye_calib/install/traj_smoother_py/share/ament_index/resource_index/packages
[0.815s] copying package.xml -> /home/w/work/moveit2_handeye_calib/install/traj_smoother_py/share/traj_smoother_py
[0.816s] creating /home/w/work/moveit2_handeye_calib/install/traj_smoother_py/share/traj_smoother_py/launch
[0.816s] copying launch/traj_smoother.launch.py -> /home/w/work/moveit2_handeye_calib/install/traj_smoother_py/share/traj_smoother_py/launch
[0.816s] running install_egg_info
[0.817s] Copying ../../build/traj_smoother_py/traj_smoother_py.egg-info to /home/w/work/moveit2_handeye_calib/install/traj_smoother_py/lib/python3.10/site-packages/traj_smoother_py-0.0.0-py3.10.egg-info
[0.817s] running install_scripts
[0.830s] Installing traj_smoother script to /home/w/work/moveit2_handeye_calib/install/traj_smoother_py/lib/traj_smoother_py
[0.831s] writing list of installed files to '/home/w/work/moveit2_handeye_calib/build/traj_smoother_py/install.log'
[0.849s] Invoked command in '/home/w/work/moveit2_handeye_calib/TG620/traj_smoother_py' returned '0': PYTHONPATH=/home/w/work/moveit2_handeye_calib/build/traj_smoother_py/prefix_override:/usr/lib/python3/dist-packages/colcon_core/task/python/colcon_distutils_commands:/home/w/work/moveit2_handeye_calib/install/traj_smoother_py/lib/python3.10/site-packages:${PYTHONPATH} /usr/bin/python3 -W ignore:setup.py install is deprecated -W ignore:easy_install command is deprecated setup.py egg_info --egg-base ../../build/traj_smoother_py build --build-base /home/w/work/moveit2_handeye_calib/build/traj_smoother_py/build install --record /home/w/work/moveit2_handeye_calib/build/traj_smoother_py/install.log --single-version-externally-managed install_data
