[0.023s] Invoking command in '/home/w/work/moveit2_handeye_calib/build/motor_control_logger': AMENT_PREFIX_PATH=/home/w/work/moveit2_handeye_calib/install/robot_interfaces:${AMENT_PREFIX_PATH} CMAKE_PREFIX_PATH=/home/w/work/moveit2_handeye_calib/install/robot_interfaces:/home/w/work/trac_ik_ws/install/trac_ik:/home/w/work/trac_ik_ws/install/trac_ik_examples:/home/w/work/trac_ik_ws/install/trac_ik_lib:/opt/ros/humble LD_LIBRARY_PATH=/home/w/work/moveit2_handeye_calib/install/robot_interfaces/lib:${LD_LIBRARY_PATH} PYTHONPATH=/home/w/work/moveit2_handeye_calib/install/robot_interfaces/local/lib/python3.10/dist-packages:${PYTHONPATH} /usr/bin/cmake /home/w/work/moveit2_handeye_calib/TG620/motor_control_logger -DCMAKE_INSTALL_PREFIX=/home/w/work/moveit2_handeye_calib/install/motor_control_logger
[0.211s] -- The C compiler identification is GNU 11.4.0
[0.211s] -- The CXX compiler identification is GNU 11.4.0
[0.211s] -- Detecting C compiler ABI info
[0.211s] -- Detecting C compiler ABI info - done
[0.211s] -- Check for working C compiler: /usr/bin/cc - skipped
[0.211s] -- Detecting C compile features
[0.211s] -- Detecting C compile features - done
[0.211s] -- Detecting CXX compiler ABI info
[0.252s] -- Detecting CXX compiler ABI info - done
[0.257s] -- Check for working CXX compiler: /usr/bin/c++ - skipped
[0.257s] -- Detecting CXX compile features
[0.258s] -- Detecting CXX compile features - done
[0.259s] -- Found ament_cmake: 1.3.12 (/opt/ros/humble/share/ament_cmake/cmake)
[0.414s] -- Found Python3: /usr/bin/python3 (found version "3.10.12") found components: Interpreter 
[0.495s] -- Found rclcpp: 16.0.15 (/opt/ros/humble/share/rclcpp/cmake)
[0.529s] -- Found rosidl_generator_c: 3.1.7 (/opt/ros/humble/share/rosidl_generator_c/cmake)
[0.534s] -- Found rosidl_adapter: 3.1.7 (/opt/ros/humble/share/rosidl_adapter/cmake)
[0.541s] -- Found rosidl_generator_cpp: 3.1.7 (/opt/ros/humble/share/rosidl_generator_cpp/cmake)
[0.551s] -- Using all available rosidl_typesupport_c: rosidl_typesupport_fastrtps_c;rosidl_typesupport_introspection_c
[0.565s] -- Using all available rosidl_typesupport_cpp: rosidl_typesupport_fastrtps_cpp;rosidl_typesupport_introspection_cpp
[0.594s] -- Found rmw_implementation_cmake: 6.1.2 (/opt/ros/humble/share/rmw_implementation_cmake/cmake)
[0.596s] -- Found rmw_fastrtps_cpp: 6.2.9 (/opt/ros/humble/share/rmw_fastrtps_cpp/cmake)
[0.657s] -- Found OpenSSL: /usr/lib/x86_64-linux-gnu/libcrypto.so (found version "3.0.2")  
[0.678s] -- Found FastRTPS: /opt/ros/humble/include  
[0.710s] -- Using RMW implementation 'rmw_fastrtps_cpp' as default
[0.716s] -- Looking for pthread.h
[0.771s] -- Looking for pthread.h - found
[0.771s] -- Performing Test CMAKE_HAVE_LIBC_PTHREAD
[0.827s] -- Performing Test CMAKE_HAVE_LIBC_PTHREAD - Success
[0.827s] -- Found Threads: TRUE  
[0.863s] -- Found rclcpp_action: 16.0.15 (/opt/ros/humble/share/rclcpp_action/cmake)
[0.885s] -- Found sensor_msgs: 4.9.0 (/opt/ros/humble/share/sensor_msgs/cmake)
[0.903s] -- Found robot_interfaces: 0.0.0 (/home/w/work/moveit2_handeye_calib/install/robot_interfaces/share/robot_interfaces/cmake)
[0.918s] -- Found eigen3_cmake_module: 0.1.1 (/opt/ros/humble/share/eigen3_cmake_module/cmake)
[0.918s] -- Found Eigen3: TRUE (found version "3.4.0") 
[0.918s] -- Ensuring Eigen3 include directory is part of orocos-kdl CMake target
[0.985s] -- Found ament_lint_auto: 0.12.14 (/opt/ros/humble/share/ament_lint_auto/cmake)
[1.044s] -- Added test 'cppcheck' to perform static code analysis on C / C++ code
[1.044s] -- Configured cppcheck include dirs: 
[1.044s] -- Configured cppcheck exclude dirs and/or files: 
[1.044s] -- Added test 'lint_cmake' to check CMake code style
[1.045s] -- Added test 'uncrustify' to check C / C++ code style
[1.045s] -- Configured uncrustify additional arguments: 
[1.045s] -- Added test 'xmllint' to check XML markup files
[1.046s] -- Configuring done
[1.054s] -- Generating done
[1.057s] -- Build files have been written to: /home/w/work/moveit2_handeye_calib/build/motor_control_logger
[1.065s] Invoked command in '/home/w/work/moveit2_handeye_calib/build/motor_control_logger' returned '0': AMENT_PREFIX_PATH=/home/w/work/moveit2_handeye_calib/install/robot_interfaces:${AMENT_PREFIX_PATH} CMAKE_PREFIX_PATH=/home/w/work/moveit2_handeye_calib/install/robot_interfaces:/home/w/work/trac_ik_ws/install/trac_ik:/home/w/work/trac_ik_ws/install/trac_ik_examples:/home/w/work/trac_ik_ws/install/trac_ik_lib:/opt/ros/humble LD_LIBRARY_PATH=/home/w/work/moveit2_handeye_calib/install/robot_interfaces/lib:${LD_LIBRARY_PATH} PYTHONPATH=/home/w/work/moveit2_handeye_calib/install/robot_interfaces/local/lib/python3.10/dist-packages:${PYTHONPATH} /usr/bin/cmake /home/w/work/moveit2_handeye_calib/TG620/motor_control_logger -DCMAKE_INSTALL_PREFIX=/home/w/work/moveit2_handeye_calib/install/motor_control_logger
[1.066s] Invoking command in '/home/w/work/moveit2_handeye_calib/build/motor_control_logger': AMENT_PREFIX_PATH=/home/w/work/moveit2_handeye_calib/install/robot_interfaces:${AMENT_PREFIX_PATH} CMAKE_PREFIX_PATH=/home/w/work/moveit2_handeye_calib/install/robot_interfaces:/home/w/work/trac_ik_ws/install/trac_ik:/home/w/work/trac_ik_ws/install/trac_ik_examples:/home/w/work/trac_ik_ws/install/trac_ik_lib:/opt/ros/humble LD_LIBRARY_PATH=/home/w/work/moveit2_handeye_calib/install/robot_interfaces/lib:${LD_LIBRARY_PATH} PYTHONPATH=/home/w/work/moveit2_handeye_calib/install/robot_interfaces/local/lib/python3.10/dist-packages:${PYTHONPATH} /usr/bin/cmake --build /home/w/work/moveit2_handeye_calib/build/motor_control_logger -- -j28 -l28
[1.108s] [ 50%] [32mBuilding CXX object CMakeFiles/data_logger_node.dir/src/data_logger_node.cpp.o[0m
[6.702s] [100%] [32m[1mLinking CXX executable data_logger_node[0m
[6.990s] [100%] Built target data_logger_node
[7.000s] Invoked command in '/home/w/work/moveit2_handeye_calib/build/motor_control_logger' returned '0': AMENT_PREFIX_PATH=/home/w/work/moveit2_handeye_calib/install/robot_interfaces:${AMENT_PREFIX_PATH} CMAKE_PREFIX_PATH=/home/w/work/moveit2_handeye_calib/install/robot_interfaces:/home/w/work/trac_ik_ws/install/trac_ik:/home/w/work/trac_ik_ws/install/trac_ik_examples:/home/w/work/trac_ik_ws/install/trac_ik_lib:/opt/ros/humble LD_LIBRARY_PATH=/home/w/work/moveit2_handeye_calib/install/robot_interfaces/lib:${LD_LIBRARY_PATH} PYTHONPATH=/home/w/work/moveit2_handeye_calib/install/robot_interfaces/local/lib/python3.10/dist-packages:${PYTHONPATH} /usr/bin/cmake --build /home/w/work/moveit2_handeye_calib/build/motor_control_logger -- -j28 -l28
[7.001s] Invoking command in '/home/w/work/moveit2_handeye_calib/build/motor_control_logger': AMENT_PREFIX_PATH=/home/w/work/moveit2_handeye_calib/install/robot_interfaces:${AMENT_PREFIX_PATH} CMAKE_PREFIX_PATH=/home/w/work/moveit2_handeye_calib/install/robot_interfaces:/home/w/work/trac_ik_ws/install/trac_ik:/home/w/work/trac_ik_ws/install/trac_ik_examples:/home/w/work/trac_ik_ws/install/trac_ik_lib:/opt/ros/humble LD_LIBRARY_PATH=/home/w/work/moveit2_handeye_calib/install/robot_interfaces/lib:${LD_LIBRARY_PATH} PYTHONPATH=/home/w/work/moveit2_handeye_calib/install/robot_interfaces/local/lib/python3.10/dist-packages:${PYTHONPATH} /usr/bin/cmake --install /home/w/work/moveit2_handeye_calib/build/motor_control_logger
[7.008s] -- Install configuration: ""
[7.008s] -- Installing: /home/w/work/moveit2_handeye_calib/install/motor_control_logger/lib/motor_control_logger/data_logger_node
[7.011s] -- Set runtime path of "/home/w/work/moveit2_handeye_calib/install/motor_control_logger/lib/motor_control_logger/data_logger_node" to ""
[7.011s] -- Installing: /home/w/work/moveit2_handeye_calib/install/motor_control_logger/share/ament_index/resource_index/package_run_dependencies/motor_control_logger
[7.011s] -- Installing: /home/w/work/moveit2_handeye_calib/install/motor_control_logger/share/ament_index/resource_index/parent_prefix_path/motor_control_logger
[7.011s] -- Installing: /home/w/work/moveit2_handeye_calib/install/motor_control_logger/share/motor_control_logger/environment/ament_prefix_path.sh
[7.012s] -- Installing: /home/w/work/moveit2_handeye_calib/install/motor_control_logger/share/motor_control_logger/environment/ament_prefix_path.dsv
[7.012s] -- Installing: /home/w/work/moveit2_handeye_calib/install/motor_control_logger/share/motor_control_logger/environment/path.sh
[7.012s] -- Installing: /home/w/work/moveit2_handeye_calib/install/motor_control_logger/share/motor_control_logger/environment/path.dsv
[7.012s] -- Installing: /home/w/work/moveit2_handeye_calib/install/motor_control_logger/share/motor_control_logger/local_setup.bash
[7.012s] -- Installing: /home/w/work/moveit2_handeye_calib/install/motor_control_logger/share/motor_control_logger/local_setup.sh
[7.012s] -- Installing: /home/w/work/moveit2_handeye_calib/install/motor_control_logger/share/motor_control_logger/local_setup.zsh
[7.012s] -- Installing: /home/w/work/moveit2_handeye_calib/install/motor_control_logger/share/motor_control_logger/local_setup.dsv
[7.012s] -- Installing: /home/w/work/moveit2_handeye_calib/install/motor_control_logger/share/motor_control_logger/package.dsv
[7.012s] -- Installing: /home/w/work/moveit2_handeye_calib/install/motor_control_logger/share/ament_index/resource_index/packages/motor_control_logger
[7.012s] -- Installing: /home/w/work/moveit2_handeye_calib/install/motor_control_logger/share/motor_control_logger/cmake/motor_control_loggerConfig.cmake
[7.013s] -- Installing: /home/w/work/moveit2_handeye_calib/install/motor_control_logger/share/motor_control_logger/cmake/motor_control_loggerConfig-version.cmake
[7.013s] -- Installing: /home/w/work/moveit2_handeye_calib/install/motor_control_logger/share/motor_control_logger/package.xml
[7.014s] Invoked command in '/home/w/work/moveit2_handeye_calib/build/motor_control_logger' returned '0': AMENT_PREFIX_PATH=/home/w/work/moveit2_handeye_calib/install/robot_interfaces:${AMENT_PREFIX_PATH} CMAKE_PREFIX_PATH=/home/w/work/moveit2_handeye_calib/install/robot_interfaces:/home/w/work/trac_ik_ws/install/trac_ik:/home/w/work/trac_ik_ws/install/trac_ik_examples:/home/w/work/trac_ik_ws/install/trac_ik_lib:/opt/ros/humble LD_LIBRARY_PATH=/home/w/work/moveit2_handeye_calib/install/robot_interfaces/lib:${LD_LIBRARY_PATH} PYTHONPATH=/home/w/work/moveit2_handeye_calib/install/robot_interfaces/local/lib/python3.10/dist-packages:${PYTHONPATH} /usr/bin/cmake --install /home/w/work/moveit2_handeye_calib/build/motor_control_logger
