-- The C compiler identification is GNU 11.4.0
-- The CXX compiler identification is GNU 11.4.0
-- Detecting C compiler ABI info
-- Detecting C compiler ABI info - done
-- Check for working C compiler: /usr/bin/cc - skipped
-- Detecting C compile features
-- Detecting C compile features - done
-- Detecting CXX compiler ABI info
-- Detecting CXX compiler ABI info - done
-- Check for working CXX compiler: /usr/bin/c++ - skipped
-- Detecting CXX compile features
-- Detecting CXX compile features - done
-- Found ament_cmake: 1.3.12 (/opt/ros/humble/share/ament_cmake/cmake)
-- Found Python3: /usr/bin/python3 (found version "3.10.12") found components: Interpreter 
-- Found rosidl_default_generators: 1.2.0 (/opt/ros/humble/share/rosidl_default_generators/cmake)
-- Using all available rosidl_typesupport_c: rosidl_typesupport_fastrtps_c;rosidl_typesupport_introspection_c
-- Found rosidl_adapter: 3.1.7 (/opt/ros/humble/share/rosidl_adapter/cmake)
-- Using all available rosidl_typesupport_cpp: rosidl_typesupport_fastrtps_cpp;rosidl_typesupport_introspection_cpp
-- Found geometry_msgs: 4.9.0 (/opt/ros/humble/share/geometry_msgs/cmake)
-- Found tf2_ros: 0.25.16 (/opt/ros/humble/share/tf2_ros/cmake)
-- Found rmw_implementation_cmake: 6.1.2 (/opt/ros/humble/share/rmw_implementation_cmake/cmake)
-- Found rmw_fastrtps_cpp: 6.2.9 (/opt/ros/humble/share/rmw_fastrtps_cpp/cmake)
-- Found OpenSSL: /usr/lib/x86_64-linux-gnu/libcrypto.so (found version "3.0.2")  
-- Found FastRTPS: /opt/ros/humble/include  
-- Using RMW implementation 'rmw_fastrtps_cpp' as default
-- Looking for pthread.h
-- Looking for pthread.h - found
-- Performing Test CMAKE_HAVE_LIBC_PTHREAD
-- Performing Test CMAKE_HAVE_LIBC_PTHREAD - Success
-- Found Threads: TRUE  
-- Found tf2_geometry_msgs: 0.25.16 (/opt/ros/humble/share/tf2_geometry_msgs/cmake)
-- Found eigen3_cmake_module: 0.1.1 (/opt/ros/humble/share/eigen3_cmake_module/cmake)
-- Found Eigen3: TRUE (found version "3.4.0") 
-- Ensuring Eigen3 include directory is part of orocos-kdl CMake target
-- Found sensor_msgs: 4.9.0 (/opt/ros/humble/share/sensor_msgs/cmake)
-- Found trajectory_msgs: 4.9.0 (/opt/ros/humble/share/trajectory_msgs/cmake)
-- Found ament_cmake_ros: 0.10.0 (/opt/ros/humble/share/ament_cmake_ros/cmake)
-- Using all available rosidl_typesupport_c: rosidl_typesupport_fastrtps_c;rosidl_typesupport_introspection_c
-- Using all available rosidl_typesupport_cpp: rosidl_typesupport_fastrtps_cpp;rosidl_typesupport_introspection_cpp
-- Found PythonInterp: /usr/bin/python3 (found suitable version "3.10.12", minimum required is "3.6") 
-- Found python_cmake_module: 0.10.0 (/opt/ros/humble/share/python_cmake_module/cmake)
-- Found PythonLibs: /usr/lib/x86_64-linux-gnu/libpython3.10.so (found suitable version "3.10.12", minimum required is "3.5") 
-- Using PYTHON_EXECUTABLE: /usr/bin/python3
-- Using PYTHON_INCLUDE_DIRS: /usr/include/python3.10
-- Using PYTHON_LIBRARIES: /usr/lib/x86_64-linux-gnu/libpython3.10.so
-- Found PythonExtra: .so  
-- Found ament_lint_auto: 0.12.14 (/opt/ros/humble/share/ament_lint_auto/cmake)
-- Added test 'lint_cmake' to check CMake code style
-- Added test 'xmllint' to check XML markup files
-- Configuring done
-- Generating done
-- Build files have been written to: /home/w/work/moveit2_handeye_calib/build/robot_interfaces
[  1%] [34m[1mGenerating C code for ROS interfaces[0m
[  1%] [34m[1mGenerating C++ code for ROS interfaces[0m
[  1%] Built target ament_cmake_python_copy_robot_interfaces
running egg_info
creating robot_interfaces.egg-info
writing robot_interfaces.egg-info/PKG-INFO
writing dependency_links to robot_interfaces.egg-info/dependency_links.txt
writing top-level names to robot_interfaces.egg-info/top_level.txt
writing manifest file 'robot_interfaces.egg-info/SOURCES.txt'
reading manifest file 'robot_interfaces.egg-info/SOURCES.txt'
writing manifest file 'robot_interfaces.egg-info/SOURCES.txt'
[  1%] Built target ament_cmake_python_build_robot_interfaces_egg
[  3%] [32mBuilding C object CMakeFiles/robot_interfaces__rosidl_generator_c.dir/rosidl_generator_c/robot_interfaces/msg/detail/key_pressed_action__functions.c.o[0m
[  3%] [32mBuilding C object CMakeFiles/robot_interfaces__rosidl_generator_c.dir/rosidl_generator_c/robot_interfaces/msg/detail/qt_recv__functions.c.o[0m
[  4%] [32mBuilding C object CMakeFiles/robot_interfaces__rosidl_generator_c.dir/rosidl_generator_c/robot_interfaces/msg/detail/generic_motor_operation__functions.c.o[0m
[  5%] [32mBuilding C object CMakeFiles/robot_interfaces__rosidl_generator_c.dir/rosidl_generator_c/robot_interfaces/msg/detail/generic_motor_parameter__functions.c.o[0m
[  5%] [32mBuilding C object CMakeFiles/robot_interfaces__rosidl_generator_c.dir/rosidl_generator_c/robot_interfaces/msg/detail/qt_pub__functions.c.o[0m
[  5%] [32mBuilding C object CMakeFiles/robot_interfaces__rosidl_generator_c.dir/rosidl_generator_c/robot_interfaces/srv/detail/sdk_recv__functions.c.o[0m
[  8%] [32mBuilding C object CMakeFiles/robot_interfaces__rosidl_generator_c.dir/rosidl_generator_c/robot_interfaces/msg/detail/state_action__functions.c.o[0m
[  9%] [32mBuilding C object CMakeFiles/robot_interfaces__rosidl_generator_c.dir/rosidl_generator_c/robot_interfaces/msg/detail/arm_state__functions.c.o[0m
[  4%] [32mBuilding C object CMakeFiles/robot_interfaces__rosidl_generator_c.dir/rosidl_generator_c/robot_interfaces/msg/detail/line_msg__functions.c.o[0m
[  9%] [32mBuilding C object CMakeFiles/robot_interfaces__rosidl_generator_c.dir/rosidl_generator_c/robot_interfaces/msg/detail/robot_control_msg__functions.c.o[0m
[  9%] [32mBuilding C object CMakeFiles/robot_interfaces__rosidl_generator_c.dir/rosidl_generator_c/robot_interfaces/srv/detail/compute_gravity__functions.c.o[0m
[  9%] [32mBuilding C object CMakeFiles/robot_interfaces__rosidl_generator_c.dir/rosidl_generator_c/robot_interfaces/msg/detail/move_c_action__functions.c.o[0m
[ 10%] [32mBuilding C object CMakeFiles/robot_interfaces__rosidl_generator_c.dir/rosidl_generator_c/robot_interfaces/msg/detail/motor_fdb__functions.c.o[0m
[ 10%] [32mBuilding C object CMakeFiles/robot_interfaces__rosidl_generator_c.dir/rosidl_generator_c/robot_interfaces/msg/detail/tool_config__functions.c.o[0m
[ 11%] [32mBuilding C object CMakeFiles/robot_interfaces__rosidl_generator_c.dir/rosidl_generator_c/robot_interfaces/msg/detail/gripper_control__functions.c.o[0m
[ 11%] Built target robot_interfaces__cpp
[ 13%] [34m[1mGenerating C++ type support for eProsima Fast-RTPS[0m
[ 13%] [34m[1mGenerating C++ type support dispatch for ROS interfaces[0m
[ 13%] [34m[1mGenerating C++ introspection for ROS interfaces[0m
[ 14%] [32m[1mLinking C shared library librobot_interfaces__rosidl_generator_c.so[0m
[ 14%] Built target robot_interfaces__rosidl_generator_c
[ 17%] [34m[1mGenerating C type support for eProsima Fast-RTPS[0m
[ 17%] [34m[1mGenerating C introspection for ROS interfaces[0m
[ 17%] [34m[1mGenerating C type support dispatch for ROS interfaces[0m
[ 22%] [32mBuilding CXX object CMakeFiles/robot_interfaces__rosidl_typesupport_c.dir/rosidl_typesupport_c/robot_interfaces/msg/qt_recv__type_support.cpp.o[0m
[ 22%] [32mBuilding CXX object CMakeFiles/robot_interfaces__rosidl_typesupport_c.dir/rosidl_typesupport_c/robot_interfaces/msg/state_action__type_support.cpp.o[0m
[ 22%] [32mBuilding CXX object CMakeFiles/robot_interfaces__rosidl_typesupport_c.dir/rosidl_typesupport_c/robot_interfaces/msg/line_msg__type_support.cpp.o[0m
[ 22%] [32mBuilding CXX object CMakeFiles/robot_interfaces__rosidl_typesupport_c.dir/rosidl_typesupport_c/robot_interfaces/msg/robot_control_msg__type_support.cpp.o[0m
[ 22%] [32mBuilding CXX object CMakeFiles/robot_interfaces__rosidl_typesupport_c.dir/rosidl_typesupport_c/robot_interfaces/msg/move_c_action__type_support.cpp.o[0m
[ 22%] [32mBuilding CXX object CMakeFiles/robot_interfaces__rosidl_typesupport_c.dir/rosidl_typesupport_c/robot_interfaces/msg/qt_pub__type_support.cpp.o[0m
[ 22%] [32mBuilding CXX object CMakeFiles/robot_interfaces__rosidl_typesupport_c.dir/rosidl_typesupport_c/robot_interfaces/msg/generic_motor_parameter__type_support.cpp.o[0m
[ 22%] [32mBuilding CXX object CMakeFiles/robot_interfaces__rosidl_typesupport_c.dir/rosidl_typesupport_c/robot_interfaces/msg/arm_state__type_support.cpp.o[0m
[ 23%] [32mBuilding CXX object CMakeFiles/robot_interfaces__rosidl_typesupport_c.dir/rosidl_typesupport_c/robot_interfaces/srv/compute_gravity__type_support.cpp.o[0m
[ 24%] [32mBuilding CXX object CMakeFiles/robot_interfaces__rosidl_typesupport_c.dir/rosidl_typesupport_c/robot_interfaces/msg/motor_fdb__type_support.cpp.o[0m
[ 25%] [32mBuilding CXX object CMakeFiles/robot_interfaces__rosidl_typesupport_c.dir/rosidl_typesupport_c/robot_interfaces/msg/generic_motor_operation__type_support.cpp.o[0m
[ 26%] [32mBuilding CXX object CMakeFiles/robot_interfaces__rosidl_typesupport_c.dir/rosidl_typesupport_c/robot_interfaces/msg/gripper_control__type_support.cpp.o[0m
[ 25%] [32mBuilding CXX object CMakeFiles/robot_interfaces__rosidl_typesupport_c.dir/rosidl_typesupport_c/robot_interfaces/msg/key_pressed_action__type_support.cpp.o[0m
[ 25%] [32mBuilding CXX object CMakeFiles/robot_interfaces__rosidl_typesupport_c.dir/rosidl_typesupport_c/robot_interfaces/srv/sdk_recv__type_support.cpp.o[0m
[ 27%] [32mBuilding CXX object CMakeFiles/robot_interfaces__rosidl_typesupport_c.dir/rosidl_typesupport_c/robot_interfaces/msg/tool_config__type_support.cpp.o[0m
[ 28%] [32m[1mLinking CXX shared library librobot_interfaces__rosidl_typesupport_c.so[0m
[ 28%] Built target robot_interfaces__rosidl_typesupport_c
[ 32%] [32mBuilding CXX object CMakeFiles/robot_interfaces__rosidl_typesupport_fastrtps_cpp.dir/rosidl_typesupport_fastrtps_cpp/robot_interfaces/msg/detail/dds_fastrtps/arm_state__type_support.cpp.o[0m
[ 34%] [32mBuilding CXX object CMakeFiles/robot_interfaces__rosidl_typesupport_fastrtps_cpp.dir/rosidl_typesupport_fastrtps_cpp/robot_interfaces/msg/detail/dds_fastrtps/state_action__type_support.cpp.o[0m
[ 32%] [32mBuilding CXX object CMakeFiles/robot_interfaces__rosidl_typesupport_fastrtps_cpp.dir/rosidl_typesupport_fastrtps_cpp/robot_interfaces/msg/detail/dds_fastrtps/line_msg__type_support.cpp.o[0m
[ 32%] [32mBuilding CXX object CMakeFiles/robot_interfaces__rosidl_typesupport_fastrtps_cpp.dir/rosidl_typesupport_fastrtps_cpp/robot_interfaces/msg/detail/dds_fastrtps/key_pressed_action__type_support.cpp.o[0m
[ 32%] [32mBuilding CXX object CMakeFiles/robot_interfaces__rosidl_typesupport_fastrtps_cpp.dir/rosidl_typesupport_fastrtps_cpp/robot_interfaces/msg/detail/dds_fastrtps/qt_recv__type_support.cpp.o[0m
[ 32%] [32mBuilding CXX object CMakeFiles/robot_interfaces__rosidl_typesupport_fastrtps_cpp.dir/rosidl_typesupport_fastrtps_cpp/robot_interfaces/msg/detail/dds_fastrtps/qt_pub__type_support.cpp.o[0m
[ 35%] [32mBuilding CXX object CMakeFiles/robot_interfaces__rosidl_typesupport_fastrtps_cpp.dir/rosidl_typesupport_fastrtps_cpp/robot_interfaces/msg/detail/dds_fastrtps/move_c_action__type_support.cpp.o[0m
[ 35%] [32mBuilding CXX object CMakeFiles/robot_interfaces__rosidl_typesupport_fastrtps_cpp.dir/rosidl_typesupport_fastrtps_cpp/robot_interfaces/msg/detail/dds_fastrtps/motor_fdb__type_support.cpp.o[0m
[ 32%] [32mBuilding CXX object CMakeFiles/robot_interfaces__rosidl_typesupport_fastrtps_cpp.dir/rosidl_typesupport_fastrtps_cpp/robot_interfaces/msg/detail/dds_fastrtps/robot_control_msg__type_support.cpp.o[0m
[ 37%] [32mBuilding CXX object CMakeFiles/robot_interfaces__rosidl_typesupport_fastrtps_cpp.dir/rosidl_typesupport_fastrtps_cpp/robot_interfaces/msg/detail/dds_fastrtps/generic_motor_parameter__type_support.cpp.o[0m
[ 37%] [32mBuilding CXX object CMakeFiles/robot_interfaces__rosidl_typesupport_fastrtps_cpp.dir/rosidl_typesupport_fastrtps_cpp/robot_interfaces/srv/detail/dds_fastrtps/compute_gravity__type_support.cpp.o[0m
[ 37%] [32mBuilding CXX object CMakeFiles/robot_interfaces__rosidl_typesupport_fastrtps_cpp.dir/rosidl_typesupport_fastrtps_cpp/robot_interfaces/msg/detail/dds_fastrtps/generic_motor_operation__type_support.cpp.o[0m
[ 38%] [32mBuilding CXX object CMakeFiles/robot_interfaces__rosidl_typesupport_fastrtps_cpp.dir/rosidl_typesupport_fastrtps_cpp/robot_interfaces/srv/detail/dds_fastrtps/sdk_recv__type_support.cpp.o[0m
[ 39%] [32mBuilding CXX object CMakeFiles/robot_interfaces__rosidl_typesupport_fastrtps_cpp.dir/rosidl_typesupport_fastrtps_cpp/robot_interfaces/msg/detail/dds_fastrtps/gripper_control__type_support.cpp.o[0m
[ 39%] [32mBuilding CXX object CMakeFiles/robot_interfaces__rosidl_typesupport_fastrtps_cpp.dir/rosidl_typesupport_fastrtps_cpp/robot_interfaces/msg/detail/dds_fastrtps/tool_config__type_support.cpp.o[0m
[ 40%] [32mBuilding C object CMakeFiles/robot_interfaces__rosidl_typesupport_introspection_c.dir/rosidl_typesupport_introspection_c/robot_interfaces/msg/detail/arm_state__type_support.c.o[0m
[ 41%] [32mBuilding C object CMakeFiles/robot_interfaces__rosidl_typesupport_introspection_c.dir/rosidl_typesupport_introspection_c/robot_interfaces/msg/detail/qt_recv__type_support.c.o[0m
[ 42%] [32mBuilding C object CMakeFiles/robot_interfaces__rosidl_typesupport_introspection_c.dir/rosidl_typesupport_introspection_c/robot_interfaces/msg/detail/qt_pub__type_support.c.o[0m
[ 43%] [32mBuilding C object CMakeFiles/robot_interfaces__rosidl_typesupport_introspection_c.dir/rosidl_typesupport_introspection_c/robot_interfaces/msg/detail/motor_fdb__type_support.c.o[0m
[ 43%] [32mBuilding C object CMakeFiles/robot_interfaces__rosidl_typesupport_introspection_c.dir/rosidl_typesupport_introspection_c/robot_interfaces/msg/detail/line_msg__type_support.c.o[0m
[ 43%] [32mBuilding C object CMakeFiles/robot_interfaces__rosidl_typesupport_introspection_c.dir/rosidl_typesupport_introspection_c/robot_interfaces/msg/detail/robot_control_msg__type_support.c.o[0m
[ 44%] [32mBuilding C object CMakeFiles/robot_interfaces__rosidl_typesupport_introspection_c.dir/rosidl_typesupport_introspection_c/robot_interfaces/msg/detail/move_c_action__type_support.c.o[0m
[ 45%] [32mBuilding CXX object CMakeFiles/robot_interfaces__rosidl_typesupport_cpp.dir/rosidl_typesupport_cpp/robot_interfaces/msg/qt_recv__type_support.cpp.o[0m
[ 46%] [32mBuilding CXX object CMakeFiles/robot_interfaces__rosidl_typesupport_fastrtps_c.dir/rosidl_typesupport_fastrtps_c/robot_interfaces/msg/detail/arm_state__type_support_c.cpp.o[0m
[ 46%] [32mBuilding CXX object CMakeFiles/robot_interfaces__rosidl_typesupport_cpp.dir/rosidl_typesupport_cpp/robot_interfaces/msg/line_msg__type_support.cpp.o[0m
[ 47%] [32mBuilding CXX object CMakeFiles/robot_interfaces__rosidl_typesupport_cpp.dir/rosidl_typesupport_cpp/robot_interfaces/msg/arm_state__type_support.cpp.o[0m
[ 47%] [32mBuilding CXX object CMakeFiles/robot_interfaces__rosidl_typesupport_fastrtps_c.dir/rosidl_typesupport_fastrtps_c/robot_interfaces/msg/detail/line_msg__type_support_c.cpp.o[0m
[ 47%] [32mBuilding C object CMakeFiles/robot_interfaces__rosidl_typesupport_introspection_c.dir/rosidl_typesupport_introspection_c/robot_interfaces/msg/detail/key_pressed_action__type_support.c.o[0m
[ 48%] [32mBuilding C object CMakeFiles/robot_interfaces__rosidl_typesupport_introspection_c.dir/rosidl_typesupport_introspection_c/robot_interfaces/msg/detail/state_action__type_support.c.o[0m
[ 50%] [32mBuilding CXX object CMakeFiles/robot_interfaces__rosidl_typesupport_fastrtps_c.dir/rosidl_typesupport_fastrtps_c/robot_interfaces/msg/detail/qt_recv__type_support_c.cpp.o[0m
[ 50%] [32mBuilding C object CMakeFiles/robot_interfaces__rosidl_typesupport_introspection_c.dir/rosidl_typesupport_introspection_c/robot_interfaces/msg/detail/generic_motor_parameter__type_support.c.o[0m
[ 51%] [32mBuilding CXX object CMakeFiles/robot_interfaces__rosidl_typesupport_fastrtps_c.dir/rosidl_typesupport_fastrtps_c/robot_interfaces/msg/detail/qt_pub__type_support_c.cpp.o[0m
[ 52%] [32mBuilding CXX object CMakeFiles/robot_interfaces__rosidl_typesupport_cpp.dir/rosidl_typesupport_cpp/robot_interfaces/msg/qt_pub__type_support.cpp.o[0m
[ 52%] [32mBuilding CXX object CMakeFiles/robot_interfaces__rosidl_typesupport_fastrtps_c.dir/rosidl_typesupport_fastrtps_c/robot_interfaces/msg/detail/motor_fdb__type_support_c.cpp.o[0m
[ 53%] [32mBuilding CXX object CMakeFiles/robot_interfaces__rosidl_typesupport_fastrtps_c.dir/rosidl_typesupport_fastrtps_c/robot_interfaces/msg/detail/robot_control_msg__type_support_c.cpp.o[0m
[ 54%] [32mBuilding C object CMakeFiles/robot_interfaces__rosidl_typesupport_introspection_c.dir/rosidl_typesupport_introspection_c/robot_interfaces/msg/detail/generic_motor_operation__type_support.c.o[0m
[ 54%] [32mBuilding CXX object CMakeFiles/robot_interfaces__rosidl_typesupport_cpp.dir/rosidl_typesupport_cpp/robot_interfaces/msg/motor_fdb__type_support.cpp.o[0m
[ 54%] [32mBuilding C object CMakeFiles/robot_interfaces__rosidl_typesupport_introspection_c.dir/rosidl_typesupport_introspection_c/robot_interfaces/msg/detail/gripper_control__type_support.c.o[0m
[ 55%] [32mBuilding C object CMakeFiles/robot_interfaces__rosidl_typesupport_introspection_c.dir/rosidl_typesupport_introspection_c/robot_interfaces/msg/detail/tool_config__type_support.c.o[0m
[ 56%] [32mBuilding CXX object CMakeFiles/robot_interfaces__rosidl_typesupport_fastrtps_c.dir/rosidl_typesupport_fastrtps_c/robot_interfaces/msg/detail/move_c_action__type_support_c.cpp.o[0m
[ 56%] [32mBuilding CXX object CMakeFiles/robot_interfaces__rosidl_typesupport_fastrtps_c.dir/rosidl_typesupport_fastrtps_c/robot_interfaces/msg/detail/state_action__type_support_c.cpp.o[0m
[ 57%] [32mBuilding CXX object CMakeFiles/robot_interfaces__rosidl_typesupport_fastrtps_c.dir/rosidl_typesupport_fastrtps_c/robot_interfaces/msg/detail/key_pressed_action__type_support_c.cpp.o[0m
[ 58%] [32mBuilding CXX object CMakeFiles/robot_interfaces__rosidl_typesupport_cpp.dir/rosidl_typesupport_cpp/robot_interfaces/msg/robot_control_msg__type_support.cpp.o[0m
[ 59%] [32mBuilding C object CMakeFiles/robot_interfaces__rosidl_typesupport_introspection_c.dir/rosidl_typesupport_introspection_c/robot_interfaces/srv/detail/sdk_recv__type_support.c.o[0m
[ 60%] [32mBuilding CXX object CMakeFiles/robot_interfaces__rosidl_typesupport_fastrtps_c.dir/rosidl_typesupport_fastrtps_c/robot_interfaces/msg/detail/generic_motor_parameter__type_support_c.cpp.o[0m
[ 61%] [32mBuilding CXX object CMakeFiles/robot_interfaces__rosidl_typesupport_cpp.dir/rosidl_typesupport_cpp/robot_interfaces/msg/move_c_action__type_support.cpp.o[0m
[ 62%] [32mBuilding C object CMakeFiles/robot_interfaces__rosidl_typesupport_introspection_c.dir/rosidl_typesupport_introspection_c/robot_interfaces/srv/detail/compute_gravity__type_support.c.o[0m
[ 63%] [32mBuilding CXX object CMakeFiles/robot_interfaces__rosidl_typesupport_cpp.dir/rosidl_typesupport_cpp/robot_interfaces/msg/state_action__type_support.cpp.o[0m
[ 63%] [32mBuilding CXX object CMakeFiles/robot_interfaces__rosidl_typesupport_cpp.dir/rosidl_typesupport_cpp/robot_interfaces/msg/key_pressed_action__type_support.cpp.o[0m
[ 64%] [32mBuilding CXX object CMakeFiles/robot_interfaces__rosidl_typesupport_fastrtps_c.dir/rosidl_typesupport_fastrtps_c/robot_interfaces/msg/detail/generic_motor_operation__type_support_c.cpp.o[0m
[ 64%] [32mBuilding CXX object CMakeFiles/robot_interfaces__rosidl_typesupport_fastrtps_c.dir/rosidl_typesupport_fastrtps_c/robot_interfaces/msg/detail/gripper_control__type_support_c.cpp.o[0m
[ 65%] [32mBuilding CXX object CMakeFiles/robot_interfaces__rosidl_typesupport_cpp.dir/rosidl_typesupport_cpp/robot_interfaces/msg/generic_motor_parameter__type_support.cpp.o[0m
[ 66%] [32mBuilding CXX object CMakeFiles/robot_interfaces__rosidl_typesupport_cpp.dir/rosidl_typesupport_cpp/robot_interfaces/msg/generic_motor_operation__type_support.cpp.o[0m
[ 67%] [32mBuilding CXX object CMakeFiles/robot_interfaces__rosidl_typesupport_fastrtps_c.dir/rosidl_typesupport_fastrtps_c/robot_interfaces/msg/detail/tool_config__type_support_c.cpp.o[0m
[ 68%] [32mBuilding CXX object CMakeFiles/robot_interfaces__rosidl_typesupport_fastrtps_c.dir/rosidl_typesupport_fastrtps_c/robot_interfaces/srv/detail/sdk_recv__type_support_c.cpp.o[0m
[ 68%] [32mBuilding CXX object CMakeFiles/robot_interfaces__rosidl_typesupport_fastrtps_c.dir/rosidl_typesupport_fastrtps_c/robot_interfaces/srv/detail/compute_gravity__type_support_c.cpp.o[0m
[ 68%] [32m[1mLinking C shared library librobot_interfaces__rosidl_typesupport_introspection_c.so[0m
[ 68%] [32mBuilding CXX object CMakeFiles/robot_interfaces__rosidl_typesupport_cpp.dir/rosidl_typesupport_cpp/robot_interfaces/msg/gripper_control__type_support.cpp.o[0m
[ 69%] [32mBuilding CXX object CMakeFiles/robot_interfaces__rosidl_typesupport_cpp.dir/rosidl_typesupport_cpp/robot_interfaces/msg/tool_config__type_support.cpp.o[0m
[ 69%] [32m[1mLinking CXX shared library librobot_interfaces__rosidl_typesupport_fastrtps_cpp.so[0m
[ 70%] [32mBuilding CXX object CMakeFiles/robot_interfaces__rosidl_typesupport_cpp.dir/rosidl_typesupport_cpp/robot_interfaces/srv/sdk_recv__type_support.cpp.o[0m
[ 70%] [32mBuilding CXX object CMakeFiles/robot_interfaces__rosidl_typesupport_cpp.dir/rosidl_typesupport_cpp/robot_interfaces/srv/compute_gravity__type_support.cpp.o[0m
[ 70%] Built target robot_interfaces__rosidl_typesupport_introspection_c
[ 73%] [32mBuilding CXX object CMakeFiles/robot_interfaces__rosidl_typesupport_introspection_cpp.dir/rosidl_typesupport_introspection_cpp/robot_interfaces/msg/detail/qt_pub__type_support.cpp.o[0m
[ 73%] [32mBuilding CXX object CMakeFiles/robot_interfaces__rosidl_typesupport_introspection_cpp.dir/rosidl_typesupport_introspection_cpp/robot_interfaces/msg/detail/arm_state__type_support.cpp.o[0m
[ 73%] [32mBuilding CXX object CMakeFiles/robot_interfaces__rosidl_typesupport_introspection_cpp.dir/rosidl_typesupport_introspection_cpp/robot_interfaces/msg/detail/qt_recv__type_support.cpp.o[0m
[ 73%] [32mBuilding CXX object CMakeFiles/robot_interfaces__rosidl_typesupport_introspection_cpp.dir/rosidl_typesupport_introspection_cpp/robot_interfaces/msg/detail/motor_fdb__type_support.cpp.o[0m
[ 74%] [32mBuilding CXX object CMakeFiles/robot_interfaces__rosidl_typesupport_introspection_cpp.dir/rosidl_typesupport_introspection_cpp/robot_interfaces/msg/detail/line_msg__type_support.cpp.o[0m
[ 75%] [32mBuilding CXX object CMakeFiles/robot_interfaces__rosidl_typesupport_introspection_cpp.dir/rosidl_typesupport_introspection_cpp/robot_interfaces/msg/detail/robot_control_msg__type_support.cpp.o[0m
[ 75%] [32mBuilding CXX object CMakeFiles/robot_interfaces__rosidl_typesupport_introspection_cpp.dir/rosidl_typesupport_introspection_cpp/robot_interfaces/msg/detail/move_c_action__type_support.cpp.o[0m
[ 76%] [32mBuilding CXX object CMakeFiles/robot_interfaces__rosidl_typesupport_introspection_cpp.dir/rosidl_typesupport_introspection_cpp/robot_interfaces/msg/detail/state_action__type_support.cpp.o[0m
[ 77%] [32mBuilding CXX object CMakeFiles/robot_interfaces__rosidl_typesupport_introspection_cpp.dir/rosidl_typesupport_introspection_cpp/robot_interfaces/msg/detail/key_pressed_action__type_support.cpp.o[0m
[ 77%] [32mBuilding CXX object CMakeFiles/robot_interfaces__rosidl_typesupport_introspection_cpp.dir/rosidl_typesupport_introspection_cpp/robot_interfaces/msg/detail/generic_motor_parameter__type_support.cpp.o[0m
[ 78%] [32mBuilding CXX object CMakeFiles/robot_interfaces__rosidl_typesupport_introspection_cpp.dir/rosidl_typesupport_introspection_cpp/robot_interfaces/msg/detail/generic_motor_operation__type_support.cpp.o[0m
[ 79%] [32mBuilding CXX object CMakeFiles/robot_interfaces__rosidl_typesupport_introspection_cpp.dir/rosidl_typesupport_introspection_cpp/robot_interfaces/msg/detail/gripper_control__type_support.cpp.o[0m
[ 79%] [32mBuilding CXX object CMakeFiles/robot_interfaces__rosidl_typesupport_introspection_cpp.dir/rosidl_typesupport_introspection_cpp/robot_interfaces/msg/detail/tool_config__type_support.cpp.o[0m
[ 80%] [32mBuilding CXX object CMakeFiles/robot_interfaces__rosidl_typesupport_introspection_cpp.dir/rosidl_typesupport_introspection_cpp/robot_interfaces/srv/detail/sdk_recv__type_support.cpp.o[0m
[ 81%] [32mBuilding CXX object CMakeFiles/robot_interfaces__rosidl_typesupport_introspection_cpp.dir/rosidl_typesupport_introspection_cpp/robot_interfaces/srv/detail/compute_gravity__type_support.cpp.o[0m
[ 81%] Built target robot_interfaces__rosidl_typesupport_fastrtps_cpp
[ 82%] [32m[1mLinking CXX shared library librobot_interfaces__rosidl_typesupport_fastrtps_c.so[0m
[ 83%] [32m[1mLinking CXX shared library librobot_interfaces__rosidl_typesupport_cpp.so[0m
[ 83%] Built target robot_interfaces__rosidl_typesupport_cpp
[ 83%] Built target robot_interfaces__rosidl_typesupport_fastrtps_c
[ 84%] [32m[1mLinking CXX shared library librobot_interfaces__rosidl_typesupport_introspection_cpp.so[0m
[ 84%] Built target robot_interfaces__rosidl_typesupport_introspection_cpp
[ 84%] Built target robot_interfaces
[ 85%] [34m[1mGenerating Python code for ROS interfaces[0m
[ 85%] Built target robot_interfaces__py
[ 90%] [32mBuilding C object CMakeFiles/robot_interfaces__rosidl_generator_py.dir/rosidl_generator_py/robot_interfaces/msg/_motor_fdb_s.c.o[0m
[ 90%] [32mBuilding C object CMakeFiles/robot_interfaces__rosidl_generator_py.dir/rosidl_generator_py/robot_interfaces/msg/_qt_recv_s.c.o[0m
[ 90%] [32mBuilding C object CMakeFiles/robot_interfaces__rosidl_generator_py.dir/rosidl_generator_py/robot_interfaces/msg/_line_msg_s.c.o[0m
[ 90%] [32mBuilding C object CMakeFiles/robot_interfaces__rosidl_generator_py.dir/rosidl_generator_py/robot_interfaces/msg/_robot_control_msg_s.c.o[0m
[ 90%] [32mBuilding C object CMakeFiles/robot_interfaces__rosidl_generator_py.dir/rosidl_generator_py/robot_interfaces/msg/_state_action_s.c.o[0m
[ 90%] [32mBuilding C object CMakeFiles/robot_interfaces__rosidl_generator_py.dir/rosidl_generator_py/robot_interfaces/msg/_qt_pub_s.c.o[0m
[ 91%] [32mBuilding C object CMakeFiles/robot_interfaces__rosidl_generator_py.dir/rosidl_generator_py/robot_interfaces/msg/_key_pressed_action_s.c.o[0m
[ 91%] [32mBuilding C object CMakeFiles/robot_interfaces__rosidl_generator_py.dir/rosidl_generator_py/robot_interfaces/msg/_move_c_action_s.c.o[0m
[ 90%] [32mBuilding C object CMakeFiles/robot_interfaces__rosidl_generator_py.dir/rosidl_generator_py/robot_interfaces/msg/_arm_state_s.c.o[0m
[ 93%] [32mBuilding C object CMakeFiles/robot_interfaces__rosidl_generator_py.dir/rosidl_generator_py/robot_interfaces/msg/_generic_motor_operation_s.c.o[0m
[ 93%] [32mBuilding C object CMakeFiles/robot_interfaces__rosidl_generator_py.dir/rosidl_generator_py/robot_interfaces/msg/_generic_motor_parameter_s.c.o[0m
[ 94%] [32mBuilding C object CMakeFiles/robot_interfaces__rosidl_generator_py.dir/rosidl_generator_py/robot_interfaces/msg/_tool_config_s.c.o[0m
[ 94%] [32mBuilding C object CMakeFiles/robot_interfaces__rosidl_generator_py.dir/rosidl_generator_py/robot_interfaces/msg/_gripper_control_s.c.o[0m
[ 94%] [32mBuilding C object CMakeFiles/robot_interfaces__rosidl_generator_py.dir/rosidl_generator_py/robot_interfaces/srv/_compute_gravity_s.c.o[0m
[ 95%] [32mBuilding C object CMakeFiles/robot_interfaces__rosidl_generator_py.dir/rosidl_generator_py/robot_interfaces/srv/_sdk_recv_s.c.o[0m
[ 96%] [32m[1mLinking C shared library rosidl_generator_py/robot_interfaces/librobot_interfaces__rosidl_generator_py.so[0m
[ 96%] Built target robot_interfaces__rosidl_generator_py
[ 99%] [32mBuilding C object CMakeFiles/robot_interfaces__rosidl_typesupport_c__pyext.dir/rosidl_generator_py/robot_interfaces/_robot_interfaces_s.ep.rosidl_typesupport_c.c.o[0m
[ 99%] [32mBuilding C object CMakeFiles/robot_interfaces__rosidl_typesupport_introspection_c__pyext.dir/rosidl_generator_py/robot_interfaces/_robot_interfaces_s.ep.rosidl_typesupport_introspection_c.c.o[0m
[ 99%] [32mBuilding C object CMakeFiles/robot_interfaces__rosidl_typesupport_fastrtps_c__pyext.dir/rosidl_generator_py/robot_interfaces/_robot_interfaces_s.ep.rosidl_typesupport_fastrtps_c.c.o[0m
[ 99%] [32m[1mLinking C shared library rosidl_generator_py/robot_interfaces/robot_interfaces_s__rosidl_typesupport_c.cpython-310-x86_64-linux-gnu.so[0m
[ 99%] [32m[1mLinking C shared library rosidl_generator_py/robot_interfaces/robot_interfaces_s__rosidl_typesupport_fastrtps_c.cpython-310-x86_64-linux-gnu.so[0m
[100%] [32m[1mLinking C shared library rosidl_generator_py/robot_interfaces/robot_interfaces_s__rosidl_typesupport_introspection_c.cpython-310-x86_64-linux-gnu.so[0m
[100%] Built target robot_interfaces__rosidl_typesupport_c__pyext
[100%] Built target robot_interfaces__rosidl_typesupport_fastrtps_c__pyext
[100%] Built target robot_interfaces__rosidl_typesupport_introspection_c__pyext
-- Install configuration: ""
-- Installing: /home/w/work/moveit2_handeye_calib/install/robot_interfaces/share/ament_index/resource_index/rosidl_interfaces/robot_interfaces
-- Installing: /home/w/work/moveit2_handeye_calib/install/robot_interfaces/include/robot_interfaces/robot_interfaces
-- Installing: /home/w/work/moveit2_handeye_calib/install/robot_interfaces/include/robot_interfaces/robot_interfaces/srv
-- Installing: /home/w/work/moveit2_handeye_calib/install/robot_interfaces/include/robot_interfaces/robot_interfaces/srv/sdk_recv.h
-- Installing: /home/w/work/moveit2_handeye_calib/install/robot_interfaces/include/robot_interfaces/robot_interfaces/srv/compute_gravity.h
-- Installing: /home/w/work/moveit2_handeye_calib/install/robot_interfaces/include/robot_interfaces/robot_interfaces/srv/detail
-- Installing: /home/w/work/moveit2_handeye_calib/install/robot_interfaces/include/robot_interfaces/robot_interfaces/srv/detail/compute_gravity__struct.h
-- Installing: /home/w/work/moveit2_handeye_calib/install/robot_interfaces/include/robot_interfaces/robot_interfaces/srv/detail/compute_gravity__functions.h
-- Installing: /home/w/work/moveit2_handeye_calib/install/robot_interfaces/include/robot_interfaces/robot_interfaces/srv/detail/sdk_recv__type_support.h
-- Installing: /home/w/work/moveit2_handeye_calib/install/robot_interfaces/include/robot_interfaces/robot_interfaces/srv/detail/sdk_recv__functions.h
-- Installing: /home/w/work/moveit2_handeye_calib/install/robot_interfaces/include/robot_interfaces/robot_interfaces/srv/detail/sdk_recv__functions.c
-- Installing: /home/w/work/moveit2_handeye_calib/install/robot_interfaces/include/robot_interfaces/robot_interfaces/srv/detail/sdk_recv__struct.h
-- Installing: /home/w/work/moveit2_handeye_calib/install/robot_interfaces/include/robot_interfaces/robot_interfaces/srv/detail/compute_gravity__functions.c
-- Installing: /home/w/work/moveit2_handeye_calib/install/robot_interfaces/include/robot_interfaces/robot_interfaces/srv/detail/compute_gravity__type_support.h
-- Installing: /home/w/work/moveit2_handeye_calib/install/robot_interfaces/include/robot_interfaces/robot_interfaces/msg
-- Installing: /home/w/work/moveit2_handeye_calib/install/robot_interfaces/include/robot_interfaces/robot_interfaces/msg/generic_motor_parameter.h
-- Installing: /home/w/work/moveit2_handeye_calib/install/robot_interfaces/include/robot_interfaces/robot_interfaces/msg/tool_config.h
-- Installing: /home/w/work/moveit2_handeye_calib/install/robot_interfaces/include/robot_interfaces/robot_interfaces/msg/gripper_control.h
-- Installing: /home/w/work/moveit2_handeye_calib/install/robot_interfaces/include/robot_interfaces/robot_interfaces/msg/move_c_action.h
-- Installing: /home/w/work/moveit2_handeye_calib/install/robot_interfaces/include/robot_interfaces/robot_interfaces/msg/key_pressed_action.h
-- Installing: /home/w/work/moveit2_handeye_calib/install/robot_interfaces/include/robot_interfaces/robot_interfaces/msg/qt_recv.h
-- Installing: /home/w/work/moveit2_handeye_calib/install/robot_interfaces/include/robot_interfaces/robot_interfaces/msg/generic_motor_operation.h
-- Installing: /home/w/work/moveit2_handeye_calib/install/robot_interfaces/include/robot_interfaces/robot_interfaces/msg/motor_fdb.h
-- Installing: /home/w/work/moveit2_handeye_calib/install/robot_interfaces/include/robot_interfaces/robot_interfaces/msg/line_msg.h
-- Installing: /home/w/work/moveit2_handeye_calib/install/robot_interfaces/include/robot_interfaces/robot_interfaces/msg/qt_pub.h
-- Installing: /home/w/work/moveit2_handeye_calib/install/robot_interfaces/include/robot_interfaces/robot_interfaces/msg/detail
-- Installing: /home/w/work/moveit2_handeye_calib/install/robot_interfaces/include/robot_interfaces/robot_interfaces/msg/detail/tool_config__struct.h
-- Installing: /home/w/work/moveit2_handeye_calib/install/robot_interfaces/include/robot_interfaces/robot_interfaces/msg/detail/generic_motor_operation__functions.c
-- Installing: /home/w/work/moveit2_handeye_calib/install/robot_interfaces/include/robot_interfaces/robot_interfaces/msg/detail/qt_recv__functions.h
-- Installing: /home/w/work/moveit2_handeye_calib/install/robot_interfaces/include/robot_interfaces/robot_interfaces/msg/detail/tool_config__functions.h
-- Installing: /home/w/work/moveit2_handeye_calib/install/robot_interfaces/include/robot_interfaces/robot_interfaces/msg/detail/state_action__type_support.h
-- Installing: /home/w/work/moveit2_handeye_calib/install/robot_interfaces/include/robot_interfaces/robot_interfaces/msg/detail/gripper_control__struct.h
-- Installing: /home/w/work/moveit2_handeye_calib/install/robot_interfaces/include/robot_interfaces/robot_interfaces/msg/detail/robot_control_msg__functions.h
-- Installing: /home/w/work/moveit2_handeye_calib/install/robot_interfaces/include/robot_interfaces/robot_interfaces/msg/detail/move_c_action__functions.c
-- Installing: /home/w/work/moveit2_handeye_calib/install/robot_interfaces/include/robot_interfaces/robot_interfaces/msg/detail/generic_motor_parameter__functions.h
-- Installing: /home/w/work/moveit2_handeye_calib/install/robot_interfaces/include/robot_interfaces/robot_interfaces/msg/detail/arm_state__type_support.h
-- Installing: /home/w/work/moveit2_handeye_calib/install/robot_interfaces/include/robot_interfaces/robot_interfaces/msg/detail/line_msg__functions.c
-- Installing: /home/w/work/moveit2_handeye_calib/install/robot_interfaces/include/robot_interfaces/robot_interfaces/msg/detail/arm_state__functions.h
-- Installing: /home/w/work/moveit2_handeye_calib/install/robot_interfaces/include/robot_interfaces/robot_interfaces/msg/detail/state_action__functions.h
-- Installing: /home/w/work/moveit2_handeye_calib/install/robot_interfaces/include/robot_interfaces/robot_interfaces/msg/detail/key_pressed_action__functions.c
-- Installing: /home/w/work/moveit2_handeye_calib/install/robot_interfaces/include/robot_interfaces/robot_interfaces/msg/detail/state_action__struct.h
-- Installing: /home/w/work/moveit2_handeye_calib/install/robot_interfaces/include/robot_interfaces/robot_interfaces/msg/detail/generic_motor_operation__functions.h
-- Installing: /home/w/work/moveit2_handeye_calib/install/robot_interfaces/include/robot_interfaces/robot_interfaces/msg/detail/key_pressed_action__functions.h
-- Installing: /home/w/work/moveit2_handeye_calib/install/robot_interfaces/include/robot_interfaces/robot_interfaces/msg/detail/state_action__functions.c
-- Installing: /home/w/work/moveit2_handeye_calib/install/robot_interfaces/include/robot_interfaces/robot_interfaces/msg/detail/arm_state__functions.c
-- Installing: /home/w/work/moveit2_handeye_calib/install/robot_interfaces/include/robot_interfaces/robot_interfaces/msg/detail/generic_motor_parameter__functions.c
-- Installing: /home/w/work/moveit2_handeye_calib/install/robot_interfaces/include/robot_interfaces/robot_interfaces/msg/detail/qt_pub__type_support.h
-- Installing: /home/w/work/moveit2_handeye_calib/install/robot_interfaces/include/robot_interfaces/robot_interfaces/msg/detail/arm_state__struct.h
-- Installing: /home/w/work/moveit2_handeye_calib/install/robot_interfaces/include/robot_interfaces/robot_interfaces/msg/detail/qt_pub__functions.h
-- Installing: /home/w/work/moveit2_handeye_calib/install/robot_interfaces/include/robot_interfaces/robot_interfaces/msg/detail/move_c_action__struct.h
-- Installing: /home/w/work/moveit2_handeye_calib/install/robot_interfaces/include/robot_interfaces/robot_interfaces/msg/detail/gripper_control__functions.h
-- Installing: /home/w/work/moveit2_handeye_calib/install/robot_interfaces/include/robot_interfaces/robot_interfaces/msg/detail/generic_motor_parameter__struct.h
-- Installing: /home/w/work/moveit2_handeye_calib/install/robot_interfaces/include/robot_interfaces/robot_interfaces/msg/detail/qt_recv__functions.c
-- Installing: /home/w/work/moveit2_handeye_calib/install/robot_interfaces/include/robot_interfaces/robot_interfaces/msg/detail/gripper_control__type_support.h
-- Installing: /home/w/work/moveit2_handeye_calib/install/robot_interfaces/include/robot_interfaces/robot_interfaces/msg/detail/line_msg__functions.h
-- Installing: /home/w/work/moveit2_handeye_calib/install/robot_interfaces/include/robot_interfaces/robot_interfaces/msg/detail/qt_pub__functions.c
-- Installing: /home/w/work/moveit2_handeye_calib/install/robot_interfaces/include/robot_interfaces/robot_interfaces/msg/detail/qt_recv__type_support.h
-- Installing: /home/w/work/moveit2_handeye_calib/install/robot_interfaces/include/robot_interfaces/robot_interfaces/msg/detail/robot_control_msg__struct.h
-- Installing: /home/w/work/moveit2_handeye_calib/install/robot_interfaces/include/robot_interfaces/robot_interfaces/msg/detail/qt_recv__struct.h
-- Installing: /home/w/work/moveit2_handeye_calib/install/robot_interfaces/include/robot_interfaces/robot_interfaces/msg/detail/line_msg__type_support.h
-- Installing: /home/w/work/moveit2_handeye_calib/install/robot_interfaces/include/robot_interfaces/robot_interfaces/msg/detail/gripper_control__functions.c
-- Installing: /home/w/work/moveit2_handeye_calib/install/robot_interfaces/include/robot_interfaces/robot_interfaces/msg/detail/move_c_action__functions.h
-- Installing: /home/w/work/moveit2_handeye_calib/install/robot_interfaces/include/robot_interfaces/robot_interfaces/msg/detail/line_msg__struct.h
-- Installing: /home/w/work/moveit2_handeye_calib/install/robot_interfaces/include/robot_interfaces/robot_interfaces/msg/detail/move_c_action__type_support.h
-- Installing: /home/w/work/moveit2_handeye_calib/install/robot_interfaces/include/robot_interfaces/robot_interfaces/msg/detail/generic_motor_parameter__type_support.h
-- Installing: /home/w/work/moveit2_handeye_calib/install/robot_interfaces/include/robot_interfaces/robot_interfaces/msg/detail/key_pressed_action__struct.h
-- Installing: /home/w/work/moveit2_handeye_calib/install/robot_interfaces/include/robot_interfaces/robot_interfaces/msg/detail/qt_pub__struct.h
-- Installing: /home/w/work/moveit2_handeye_calib/install/robot_interfaces/include/robot_interfaces/robot_interfaces/msg/detail/robot_control_msg__functions.c
-- Installing: /home/w/work/moveit2_handeye_calib/install/robot_interfaces/include/robot_interfaces/robot_interfaces/msg/detail/motor_fdb__type_support.h
-- Installing: /home/w/work/moveit2_handeye_calib/install/robot_interfaces/include/robot_interfaces/robot_interfaces/msg/detail/generic_motor_operation__type_support.h
-- Installing: /home/w/work/moveit2_handeye_calib/install/robot_interfaces/include/robot_interfaces/robot_interfaces/msg/detail/motor_fdb__functions.h
-- Installing: /home/w/work/moveit2_handeye_calib/install/robot_interfaces/include/robot_interfaces/robot_interfaces/msg/detail/tool_config__functions.c
-- Installing: /home/w/work/moveit2_handeye_calib/install/robot_interfaces/include/robot_interfaces/robot_interfaces/msg/detail/robot_control_msg__type_support.h
-- Installing: /home/w/work/moveit2_handeye_calib/install/robot_interfaces/include/robot_interfaces/robot_interfaces/msg/detail/motor_fdb__struct.h
-- Installing: /home/w/work/moveit2_handeye_calib/install/robot_interfaces/include/robot_interfaces/robot_interfaces/msg/detail/motor_fdb__functions.c
-- Installing: /home/w/work/moveit2_handeye_calib/install/robot_interfaces/include/robot_interfaces/robot_interfaces/msg/detail/tool_config__type_support.h
-- Installing: /home/w/work/moveit2_handeye_calib/install/robot_interfaces/include/robot_interfaces/robot_interfaces/msg/detail/key_pressed_action__type_support.h
-- Installing: /home/w/work/moveit2_handeye_calib/install/robot_interfaces/include/robot_interfaces/robot_interfaces/msg/detail/generic_motor_operation__struct.h
-- Installing: /home/w/work/moveit2_handeye_calib/install/robot_interfaces/include/robot_interfaces/robot_interfaces/msg/rosidl_generator_c__visibility_control.h
-- Installing: /home/w/work/moveit2_handeye_calib/install/robot_interfaces/include/robot_interfaces/robot_interfaces/msg/arm_state.h
-- Installing: /home/w/work/moveit2_handeye_calib/install/robot_interfaces/include/robot_interfaces/robot_interfaces/msg/state_action.h
-- Installing: /home/w/work/moveit2_handeye_calib/install/robot_interfaces/include/robot_interfaces/robot_interfaces/msg/robot_control_msg.h
-- Installing: /home/w/work/moveit2_handeye_calib/install/robot_interfaces/share/robot_interfaces/environment/library_path.sh
-- Installing: /home/w/work/moveit2_handeye_calib/install/robot_interfaces/share/robot_interfaces/environment/library_path.dsv
-- Installing: /home/w/work/moveit2_handeye_calib/install/robot_interfaces/lib/librobot_interfaces__rosidl_generator_c.so
-- Set runtime path of "/home/w/work/moveit2_handeye_calib/install/robot_interfaces/lib/librobot_interfaces__rosidl_generator_c.so" to ""
-- Up-to-date: /home/w/work/moveit2_handeye_calib/install/robot_interfaces/include/robot_interfaces/robot_interfaces
-- Up-to-date: /home/w/work/moveit2_handeye_calib/install/robot_interfaces/include/robot_interfaces/robot_interfaces/srv
-- Up-to-date: /home/w/work/moveit2_handeye_calib/install/robot_interfaces/include/robot_interfaces/robot_interfaces/srv/detail
-- Installing: /home/w/work/moveit2_handeye_calib/install/robot_interfaces/include/robot_interfaces/robot_interfaces/srv/detail/sdk_recv__rosidl_typesupport_fastrtps_c.h
-- Installing: /home/w/work/moveit2_handeye_calib/install/robot_interfaces/include/robot_interfaces/robot_interfaces/srv/detail/compute_gravity__rosidl_typesupport_fastrtps_c.h
-- Up-to-date: /home/w/work/moveit2_handeye_calib/install/robot_interfaces/include/robot_interfaces/robot_interfaces/msg
-- Installing: /home/w/work/moveit2_handeye_calib/install/robot_interfaces/include/robot_interfaces/robot_interfaces/msg/rosidl_typesupport_fastrtps_c__visibility_control.h
-- Up-to-date: /home/w/work/moveit2_handeye_calib/install/robot_interfaces/include/robot_interfaces/robot_interfaces/msg/detail
-- Installing: /home/w/work/moveit2_handeye_calib/install/robot_interfaces/include/robot_interfaces/robot_interfaces/msg/detail/state_action__rosidl_typesupport_fastrtps_c.h
-- Installing: /home/w/work/moveit2_handeye_calib/install/robot_interfaces/include/robot_interfaces/robot_interfaces/msg/detail/motor_fdb__rosidl_typesupport_fastrtps_c.h
-- Installing: /home/w/work/moveit2_handeye_calib/install/robot_interfaces/include/robot_interfaces/robot_interfaces/msg/detail/key_pressed_action__rosidl_typesupport_fastrtps_c.h
-- Installing: /home/w/work/moveit2_handeye_calib/install/robot_interfaces/include/robot_interfaces/robot_interfaces/msg/detail/qt_pub__rosidl_typesupport_fastrtps_c.h
-- Installing: /home/w/work/moveit2_handeye_calib/install/robot_interfaces/include/robot_interfaces/robot_interfaces/msg/detail/line_msg__rosidl_typesupport_fastrtps_c.h
-- Installing: /home/w/work/moveit2_handeye_calib/install/robot_interfaces/include/robot_interfaces/robot_interfaces/msg/detail/robot_control_msg__rosidl_typesupport_fastrtps_c.h
-- Installing: /home/w/work/moveit2_handeye_calib/install/robot_interfaces/include/robot_interfaces/robot_interfaces/msg/detail/tool_config__rosidl_typesupport_fastrtps_c.h
-- Installing: /home/w/work/moveit2_handeye_calib/install/robot_interfaces/include/robot_interfaces/robot_interfaces/msg/detail/generic_motor_parameter__rosidl_typesupport_fastrtps_c.h
-- Installing: /home/w/work/moveit2_handeye_calib/install/robot_interfaces/include/robot_interfaces/robot_interfaces/msg/detail/move_c_action__rosidl_typesupport_fastrtps_c.h
-- Installing: /home/w/work/moveit2_handeye_calib/install/robot_interfaces/include/robot_interfaces/robot_interfaces/msg/detail/arm_state__rosidl_typesupport_fastrtps_c.h
-- Installing: /home/w/work/moveit2_handeye_calib/install/robot_interfaces/include/robot_interfaces/robot_interfaces/msg/detail/generic_motor_operation__rosidl_typesupport_fastrtps_c.h
-- Installing: /home/w/work/moveit2_handeye_calib/install/robot_interfaces/include/robot_interfaces/robot_interfaces/msg/detail/gripper_control__rosidl_typesupport_fastrtps_c.h
-- Installing: /home/w/work/moveit2_handeye_calib/install/robot_interfaces/include/robot_interfaces/robot_interfaces/msg/detail/qt_recv__rosidl_typesupport_fastrtps_c.h
-- Installing: /home/w/work/moveit2_handeye_calib/install/robot_interfaces/lib/librobot_interfaces__rosidl_typesupport_fastrtps_c.so
-- Set runtime path of "/home/w/work/moveit2_handeye_calib/install/robot_interfaces/lib/librobot_interfaces__rosidl_typesupport_fastrtps_c.so" to ""
-- Up-to-date: /home/w/work/moveit2_handeye_calib/install/robot_interfaces/include/robot_interfaces/robot_interfaces
-- Up-to-date: /home/w/work/moveit2_handeye_calib/install/robot_interfaces/include/robot_interfaces/robot_interfaces/srv
-- Up-to-date: /home/w/work/moveit2_handeye_calib/install/robot_interfaces/include/robot_interfaces/robot_interfaces/srv/detail
-- Installing: /home/w/work/moveit2_handeye_calib/install/robot_interfaces/include/robot_interfaces/robot_interfaces/srv/detail/sdk_recv__rosidl_typesupport_introspection_c.h
-- Installing: /home/w/work/moveit2_handeye_calib/install/robot_interfaces/include/robot_interfaces/robot_interfaces/srv/detail/compute_gravity__type_support.c
-- Installing: /home/w/work/moveit2_handeye_calib/install/robot_interfaces/include/robot_interfaces/robot_interfaces/srv/detail/compute_gravity__rosidl_typesupport_introspection_c.h
-- Installing: /home/w/work/moveit2_handeye_calib/install/robot_interfaces/include/robot_interfaces/robot_interfaces/srv/detail/sdk_recv__type_support.c
-- Up-to-date: /home/w/work/moveit2_handeye_calib/install/robot_interfaces/include/robot_interfaces/robot_interfaces/msg
-- Up-to-date: /home/w/work/moveit2_handeye_calib/install/robot_interfaces/include/robot_interfaces/robot_interfaces/msg/detail
-- Installing: /home/w/work/moveit2_handeye_calib/install/robot_interfaces/include/robot_interfaces/robot_interfaces/msg/detail/qt_recv__type_support.c
-- Installing: /home/w/work/moveit2_handeye_calib/install/robot_interfaces/include/robot_interfaces/robot_interfaces/msg/detail/move_c_action__type_support.c
-- Installing: /home/w/work/moveit2_handeye_calib/install/robot_interfaces/include/robot_interfaces/robot_interfaces/msg/detail/arm_state__rosidl_typesupport_introspection_c.h
-- Installing: /home/w/work/moveit2_handeye_calib/install/robot_interfaces/include/robot_interfaces/robot_interfaces/msg/detail/move_c_action__rosidl_typesupport_introspection_c.h
-- Installing: /home/w/work/moveit2_handeye_calib/install/robot_interfaces/include/robot_interfaces/robot_interfaces/msg/detail/generic_motor_operation__rosidl_typesupport_introspection_c.h
-- Installing: /home/w/work/moveit2_handeye_calib/install/robot_interfaces/include/robot_interfaces/robot_interfaces/msg/detail/motor_fdb__type_support.c
-- Installing: /home/w/work/moveit2_handeye_calib/install/robot_interfaces/include/robot_interfaces/robot_interfaces/msg/detail/line_msg__type_support.c
-- Installing: /home/w/work/moveit2_handeye_calib/install/robot_interfaces/include/robot_interfaces/robot_interfaces/msg/detail/tool_config__type_support.c
-- Installing: /home/w/work/moveit2_handeye_calib/install/robot_interfaces/include/robot_interfaces/robot_interfaces/msg/detail/line_msg__rosidl_typesupport_introspection_c.h
-- Installing: /home/w/work/moveit2_handeye_calib/install/robot_interfaces/include/robot_interfaces/robot_interfaces/msg/detail/qt_pub__type_support.c
-- Installing: /home/w/work/moveit2_handeye_calib/install/robot_interfaces/include/robot_interfaces/robot_interfaces/msg/detail/key_pressed_action__rosidl_typesupport_introspection_c.h
-- Installing: /home/w/work/moveit2_handeye_calib/install/robot_interfaces/include/robot_interfaces/robot_interfaces/msg/detail/state_action__type_support.c
-- Installing: /home/w/work/moveit2_handeye_calib/install/robot_interfaces/include/robot_interfaces/robot_interfaces/msg/detail/robot_control_msg__rosidl_typesupport_introspection_c.h
-- Installing: /home/w/work/moveit2_handeye_calib/install/robot_interfaces/include/robot_interfaces/robot_interfaces/msg/detail/generic_motor_parameter__type_support.c
-- Installing: /home/w/work/moveit2_handeye_calib/install/robot_interfaces/include/robot_interfaces/robot_interfaces/msg/detail/key_pressed_action__type_support.c
-- Installing: /home/w/work/moveit2_handeye_calib/install/robot_interfaces/include/robot_interfaces/robot_interfaces/msg/detail/qt_recv__rosidl_typesupport_introspection_c.h
-- Installing: /home/w/work/moveit2_handeye_calib/install/robot_interfaces/include/robot_interfaces/robot_interfaces/msg/detail/gripper_control__type_support.c
-- Installing: /home/w/work/moveit2_handeye_calib/install/robot_interfaces/include/robot_interfaces/robot_interfaces/msg/detail/tool_config__rosidl_typesupport_introspection_c.h
-- Installing: /home/w/work/moveit2_handeye_calib/install/robot_interfaces/include/robot_interfaces/robot_interfaces/msg/detail/generic_motor_parameter__rosidl_typesupport_introspection_c.h
-- Installing: /home/w/work/moveit2_handeye_calib/install/robot_interfaces/include/robot_interfaces/robot_interfaces/msg/detail/arm_state__type_support.c
-- Installing: /home/w/work/moveit2_handeye_calib/install/robot_interfaces/include/robot_interfaces/robot_interfaces/msg/detail/state_action__rosidl_typesupport_introspection_c.h
-- Installing: /home/w/work/moveit2_handeye_calib/install/robot_interfaces/include/robot_interfaces/robot_interfaces/msg/detail/motor_fdb__rosidl_typesupport_introspection_c.h
-- Installing: /home/w/work/moveit2_handeye_calib/install/robot_interfaces/include/robot_interfaces/robot_interfaces/msg/detail/gripper_control__rosidl_typesupport_introspection_c.h
-- Installing: /home/w/work/moveit2_handeye_calib/install/robot_interfaces/include/robot_interfaces/robot_interfaces/msg/detail/generic_motor_operation__type_support.c
-- Installing: /home/w/work/moveit2_handeye_calib/install/robot_interfaces/include/robot_interfaces/robot_interfaces/msg/detail/qt_pub__rosidl_typesupport_introspection_c.h
-- Installing: /home/w/work/moveit2_handeye_calib/install/robot_interfaces/include/robot_interfaces/robot_interfaces/msg/detail/robot_control_msg__type_support.c
-- Installing: /home/w/work/moveit2_handeye_calib/install/robot_interfaces/include/robot_interfaces/robot_interfaces/msg/rosidl_typesupport_introspection_c__visibility_control.h
-- Installing: /home/w/work/moveit2_handeye_calib/install/robot_interfaces/lib/librobot_interfaces__rosidl_typesupport_introspection_c.so
-- Set runtime path of "/home/w/work/moveit2_handeye_calib/install/robot_interfaces/lib/librobot_interfaces__rosidl_typesupport_introspection_c.so" to ""
-- Installing: /home/w/work/moveit2_handeye_calib/install/robot_interfaces/lib/librobot_interfaces__rosidl_typesupport_c.so
-- Set runtime path of "/home/w/work/moveit2_handeye_calib/install/robot_interfaces/lib/librobot_interfaces__rosidl_typesupport_c.so" to ""
-- Up-to-date: /home/w/work/moveit2_handeye_calib/install/robot_interfaces/include/robot_interfaces/robot_interfaces
-- Up-to-date: /home/w/work/moveit2_handeye_calib/install/robot_interfaces/include/robot_interfaces/robot_interfaces/srv
-- Installing: /home/w/work/moveit2_handeye_calib/install/robot_interfaces/include/robot_interfaces/robot_interfaces/srv/sdk_recv.hpp
-- Up-to-date: /home/w/work/moveit2_handeye_calib/install/robot_interfaces/include/robot_interfaces/robot_interfaces/srv/detail
-- Installing: /home/w/work/moveit2_handeye_calib/install/robot_interfaces/include/robot_interfaces/robot_interfaces/srv/detail/sdk_recv__struct.hpp
-- Installing: /home/w/work/moveit2_handeye_calib/install/robot_interfaces/include/robot_interfaces/robot_interfaces/srv/detail/compute_gravity__struct.hpp
-- Installing: /home/w/work/moveit2_handeye_calib/install/robot_interfaces/include/robot_interfaces/robot_interfaces/srv/detail/sdk_recv__traits.hpp
-- Installing: /home/w/work/moveit2_handeye_calib/install/robot_interfaces/include/robot_interfaces/robot_interfaces/srv/detail/compute_gravity__traits.hpp
-- Installing: /home/w/work/moveit2_handeye_calib/install/robot_interfaces/include/robot_interfaces/robot_interfaces/srv/detail/compute_gravity__builder.hpp
-- Installing: /home/w/work/moveit2_handeye_calib/install/robot_interfaces/include/robot_interfaces/robot_interfaces/srv/detail/compute_gravity__type_support.hpp
-- Installing: /home/w/work/moveit2_handeye_calib/install/robot_interfaces/include/robot_interfaces/robot_interfaces/srv/detail/sdk_recv__type_support.hpp
-- Installing: /home/w/work/moveit2_handeye_calib/install/robot_interfaces/include/robot_interfaces/robot_interfaces/srv/detail/sdk_recv__builder.hpp
-- Installing: /home/w/work/moveit2_handeye_calib/install/robot_interfaces/include/robot_interfaces/robot_interfaces/srv/compute_gravity.hpp
-- Up-to-date: /home/w/work/moveit2_handeye_calib/install/robot_interfaces/include/robot_interfaces/robot_interfaces/msg
-- Installing: /home/w/work/moveit2_handeye_calib/install/robot_interfaces/include/robot_interfaces/robot_interfaces/msg/arm_state.hpp
-- Installing: /home/w/work/moveit2_handeye_calib/install/robot_interfaces/include/robot_interfaces/robot_interfaces/msg/motor_fdb.hpp
-- Installing: /home/w/work/moveit2_handeye_calib/install/robot_interfaces/include/robot_interfaces/robot_interfaces/msg/generic_motor_operation.hpp
-- Installing: /home/w/work/moveit2_handeye_calib/install/robot_interfaces/include/robot_interfaces/robot_interfaces/msg/line_msg.hpp
-- Installing: /home/w/work/moveit2_handeye_calib/install/robot_interfaces/include/robot_interfaces/robot_interfaces/msg/key_pressed_action.hpp
-- Installing: /home/w/work/moveit2_handeye_calib/install/robot_interfaces/include/robot_interfaces/robot_interfaces/msg/move_c_action.hpp
-- Up-to-date: /home/w/work/moveit2_handeye_calib/install/robot_interfaces/include/robot_interfaces/robot_interfaces/msg/detail
-- Installing: /home/w/work/moveit2_handeye_calib/install/robot_interfaces/include/robot_interfaces/robot_interfaces/msg/detail/tool_config__builder.hpp
-- Installing: /home/w/work/moveit2_handeye_calib/install/robot_interfaces/include/robot_interfaces/robot_interfaces/msg/detail/generic_motor_parameter__builder.hpp
-- Installing: /home/w/work/moveit2_handeye_calib/install/robot_interfaces/include/robot_interfaces/robot_interfaces/msg/detail/state_action__struct.hpp
-- Installing: /home/w/work/moveit2_handeye_calib/install/robot_interfaces/include/robot_interfaces/robot_interfaces/msg/detail/move_c_action__traits.hpp
-- Installing: /home/w/work/moveit2_handeye_calib/install/robot_interfaces/include/robot_interfaces/robot_interfaces/msg/detail/qt_pub__type_support.hpp
-- Installing: /home/w/work/moveit2_handeye_calib/install/robot_interfaces/include/robot_interfaces/robot_interfaces/msg/detail/motor_fdb__type_support.hpp
-- Installing: /home/w/work/moveit2_handeye_calib/install/robot_interfaces/include/robot_interfaces/robot_interfaces/msg/detail/generic_motor_operation__traits.hpp
-- Installing: /home/w/work/moveit2_handeye_calib/install/robot_interfaces/include/robot_interfaces/robot_interfaces/msg/detail/robot_control_msg__traits.hpp
-- Installing: /home/w/work/moveit2_handeye_calib/install/robot_interfaces/include/robot_interfaces/robot_interfaces/msg/detail/key_pressed_action__builder.hpp
-- Installing: /home/w/work/moveit2_handeye_calib/install/robot_interfaces/include/robot_interfaces/robot_interfaces/msg/detail/arm_state__builder.hpp
-- Installing: /home/w/work/moveit2_handeye_calib/install/robot_interfaces/include/robot_interfaces/robot_interfaces/msg/detail/key_pressed_action__traits.hpp
-- Installing: /home/w/work/moveit2_handeye_calib/install/robot_interfaces/include/robot_interfaces/robot_interfaces/msg/detail/state_action__traits.hpp
-- Installing: /home/w/work/moveit2_handeye_calib/install/robot_interfaces/include/robot_interfaces/robot_interfaces/msg/detail/qt_recv__struct.hpp
-- Installing: /home/w/work/moveit2_handeye_calib/install/robot_interfaces/include/robot_interfaces/robot_interfaces/msg/detail/gripper_control__traits.hpp
-- Installing: /home/w/work/moveit2_handeye_calib/install/robot_interfaces/include/robot_interfaces/robot_interfaces/msg/detail/robot_control_msg__type_support.hpp
-- Installing: /home/w/work/moveit2_handeye_calib/install/robot_interfaces/include/robot_interfaces/robot_interfaces/msg/detail/arm_state__traits.hpp
-- Installing: /home/w/work/moveit2_handeye_calib/install/robot_interfaces/include/robot_interfaces/robot_interfaces/msg/detail/qt_pub__struct.hpp
-- Installing: /home/w/work/moveit2_handeye_calib/install/robot_interfaces/include/robot_interfaces/robot_interfaces/msg/detail/move_c_action__struct.hpp
-- Installing: /home/w/work/moveit2_handeye_calib/install/robot_interfaces/include/robot_interfaces/robot_interfaces/msg/detail/qt_recv__traits.hpp
-- Installing: /home/w/work/moveit2_handeye_calib/install/robot_interfaces/include/robot_interfaces/robot_interfaces/msg/detail/line_msg__builder.hpp
-- Installing: /home/w/work/moveit2_handeye_calib/install/robot_interfaces/include/robot_interfaces/robot_interfaces/msg/detail/state_action__builder.hpp
-- Installing: /home/w/work/moveit2_handeye_calib/install/robot_interfaces/include/robot_interfaces/robot_interfaces/msg/detail/generic_motor_operation__builder.hpp
-- Installing: /home/w/work/moveit2_handeye_calib/install/robot_interfaces/include/robot_interfaces/robot_interfaces/msg/detail/move_c_action__builder.hpp
-- Installing: /home/w/work/moveit2_handeye_calib/install/robot_interfaces/include/robot_interfaces/robot_interfaces/msg/detail/qt_pub__builder.hpp
-- Installing: /home/w/work/moveit2_handeye_calib/install/robot_interfaces/include/robot_interfaces/robot_interfaces/msg/detail/key_pressed_action__struct.hpp
-- Installing: /home/w/work/moveit2_handeye_calib/install/robot_interfaces/include/robot_interfaces/robot_interfaces/msg/detail/motor_fdb__struct.hpp
-- Installing: /home/w/work/moveit2_handeye_calib/install/robot_interfaces/include/robot_interfaces/robot_interfaces/msg/detail/arm_state__type_support.hpp
-- Installing: /home/w/work/moveit2_handeye_calib/install/robot_interfaces/include/robot_interfaces/robot_interfaces/msg/detail/robot_control_msg__struct.hpp
-- Installing: /home/w/work/moveit2_handeye_calib/install/robot_interfaces/include/robot_interfaces/robot_interfaces/msg/detail/generic_motor_parameter__traits.hpp
-- Installing: /home/w/work/moveit2_handeye_calib/install/robot_interfaces/include/robot_interfaces/robot_interfaces/msg/detail/generic_motor_parameter__type_support.hpp
-- Installing: /home/w/work/moveit2_handeye_calib/install/robot_interfaces/include/robot_interfaces/robot_interfaces/msg/detail/motor_fdb__traits.hpp
-- Installing: /home/w/work/moveit2_handeye_calib/install/robot_interfaces/include/robot_interfaces/robot_interfaces/msg/detail/motor_fdb__builder.hpp
-- Installing: /home/w/work/moveit2_handeye_calib/install/robot_interfaces/include/robot_interfaces/robot_interfaces/msg/detail/line_msg__traits.hpp
-- Installing: /home/w/work/moveit2_handeye_calib/install/robot_interfaces/include/robot_interfaces/robot_interfaces/msg/detail/gripper_control__type_support.hpp
-- Installing: /home/w/work/moveit2_handeye_calib/install/robot_interfaces/include/robot_interfaces/robot_interfaces/msg/detail/qt_pub__traits.hpp
-- Installing: /home/w/work/moveit2_handeye_calib/install/robot_interfaces/include/robot_interfaces/robot_interfaces/msg/detail/tool_config__struct.hpp
-- Installing: /home/w/work/moveit2_handeye_calib/install/robot_interfaces/include/robot_interfaces/robot_interfaces/msg/detail/line_msg__type_support.hpp
-- Installing: /home/w/work/moveit2_handeye_calib/install/robot_interfaces/include/robot_interfaces/robot_interfaces/msg/detail/tool_config__traits.hpp
-- Installing: /home/w/work/moveit2_handeye_calib/install/robot_interfaces/include/robot_interfaces/robot_interfaces/msg/detail/qt_recv__type_support.hpp
-- Installing: /home/w/work/moveit2_handeye_calib/install/robot_interfaces/include/robot_interfaces/robot_interfaces/msg/detail/gripper_control__struct.hpp
-- Installing: /home/w/work/moveit2_handeye_calib/install/robot_interfaces/include/robot_interfaces/robot_interfaces/msg/detail/generic_motor_parameter__struct.hpp
-- Installing: /home/w/work/moveit2_handeye_calib/install/robot_interfaces/include/robot_interfaces/robot_interfaces/msg/detail/tool_config__type_support.hpp
-- Installing: /home/w/work/moveit2_handeye_calib/install/robot_interfaces/include/robot_interfaces/robot_interfaces/msg/detail/line_msg__struct.hpp
-- Installing: /home/w/work/moveit2_handeye_calib/install/robot_interfaces/include/robot_interfaces/robot_interfaces/msg/detail/qt_recv__builder.hpp
-- Installing: /home/w/work/moveit2_handeye_calib/install/robot_interfaces/include/robot_interfaces/robot_interfaces/msg/detail/robot_control_msg__builder.hpp
-- Installing: /home/w/work/moveit2_handeye_calib/install/robot_interfaces/include/robot_interfaces/robot_interfaces/msg/detail/arm_state__struct.hpp
-- Installing: /home/w/work/moveit2_handeye_calib/install/robot_interfaces/include/robot_interfaces/robot_interfaces/msg/detail/move_c_action__type_support.hpp
-- Installing: /home/w/work/moveit2_handeye_calib/install/robot_interfaces/include/robot_interfaces/robot_interfaces/msg/detail/gripper_control__builder.hpp
-- Installing: /home/w/work/moveit2_handeye_calib/install/robot_interfaces/include/robot_interfaces/robot_interfaces/msg/detail/generic_motor_operation__struct.hpp
-- Installing: /home/w/work/moveit2_handeye_calib/install/robot_interfaces/include/robot_interfaces/robot_interfaces/msg/detail/generic_motor_operation__type_support.hpp
-- Installing: /home/w/work/moveit2_handeye_calib/install/robot_interfaces/include/robot_interfaces/robot_interfaces/msg/detail/state_action__type_support.hpp
-- Installing: /home/w/work/moveit2_handeye_calib/install/robot_interfaces/include/robot_interfaces/robot_interfaces/msg/detail/key_pressed_action__type_support.hpp
-- Installing: /home/w/work/moveit2_handeye_calib/install/robot_interfaces/include/robot_interfaces/robot_interfaces/msg/rosidl_generator_cpp__visibility_control.hpp
-- Installing: /home/w/work/moveit2_handeye_calib/install/robot_interfaces/include/robot_interfaces/robot_interfaces/msg/qt_pub.hpp
-- Installing: /home/w/work/moveit2_handeye_calib/install/robot_interfaces/include/robot_interfaces/robot_interfaces/msg/gripper_control.hpp
-- Installing: /home/w/work/moveit2_handeye_calib/install/robot_interfaces/include/robot_interfaces/robot_interfaces/msg/generic_motor_parameter.hpp
-- Installing: /home/w/work/moveit2_handeye_calib/install/robot_interfaces/include/robot_interfaces/robot_interfaces/msg/robot_control_msg.hpp
-- Installing: /home/w/work/moveit2_handeye_calib/install/robot_interfaces/include/robot_interfaces/robot_interfaces/msg/qt_recv.hpp
-- Installing: /home/w/work/moveit2_handeye_calib/install/robot_interfaces/include/robot_interfaces/robot_interfaces/msg/tool_config.hpp
-- Installing: /home/w/work/moveit2_handeye_calib/install/robot_interfaces/include/robot_interfaces/robot_interfaces/msg/state_action.hpp
-- Up-to-date: /home/w/work/moveit2_handeye_calib/install/robot_interfaces/include/robot_interfaces/robot_interfaces
-- Up-to-date: /home/w/work/moveit2_handeye_calib/install/robot_interfaces/include/robot_interfaces/robot_interfaces/srv
-- Up-to-date: /home/w/work/moveit2_handeye_calib/install/robot_interfaces/include/robot_interfaces/robot_interfaces/srv/detail
-- Installing: /home/w/work/moveit2_handeye_calib/install/robot_interfaces/include/robot_interfaces/robot_interfaces/srv/detail/dds_fastrtps
-- Installing: /home/w/work/moveit2_handeye_calib/install/robot_interfaces/include/robot_interfaces/robot_interfaces/srv/detail/compute_gravity__rosidl_typesupport_fastrtps_cpp.hpp
-- Installing: /home/w/work/moveit2_handeye_calib/install/robot_interfaces/include/robot_interfaces/robot_interfaces/srv/detail/sdk_recv__rosidl_typesupport_fastrtps_cpp.hpp
-- Up-to-date: /home/w/work/moveit2_handeye_calib/install/robot_interfaces/include/robot_interfaces/robot_interfaces/msg
-- Installing: /home/w/work/moveit2_handeye_calib/install/robot_interfaces/include/robot_interfaces/robot_interfaces/msg/rosidl_typesupport_fastrtps_cpp__visibility_control.h
-- Up-to-date: /home/w/work/moveit2_handeye_calib/install/robot_interfaces/include/robot_interfaces/robot_interfaces/msg/detail
-- Installing: /home/w/work/moveit2_handeye_calib/install/robot_interfaces/include/robot_interfaces/robot_interfaces/msg/detail/motor_fdb__rosidl_typesupport_fastrtps_cpp.hpp
-- Installing: /home/w/work/moveit2_handeye_calib/install/robot_interfaces/include/robot_interfaces/robot_interfaces/msg/detail/dds_fastrtps
-- Installing: /home/w/work/moveit2_handeye_calib/install/robot_interfaces/include/robot_interfaces/robot_interfaces/msg/detail/qt_pub__rosidl_typesupport_fastrtps_cpp.hpp
-- Installing: /home/w/work/moveit2_handeye_calib/install/robot_interfaces/include/robot_interfaces/robot_interfaces/msg/detail/key_pressed_action__rosidl_typesupport_fastrtps_cpp.hpp
-- Installing: /home/w/work/moveit2_handeye_calib/install/robot_interfaces/include/robot_interfaces/robot_interfaces/msg/detail/state_action__rosidl_typesupport_fastrtps_cpp.hpp
-- Installing: /home/w/work/moveit2_handeye_calib/install/robot_interfaces/include/robot_interfaces/robot_interfaces/msg/detail/move_c_action__rosidl_typesupport_fastrtps_cpp.hpp
-- Installing: /home/w/work/moveit2_handeye_calib/install/robot_interfaces/include/robot_interfaces/robot_interfaces/msg/detail/arm_state__rosidl_typesupport_fastrtps_cpp.hpp
-- Installing: /home/w/work/moveit2_handeye_calib/install/robot_interfaces/include/robot_interfaces/robot_interfaces/msg/detail/robot_control_msg__rosidl_typesupport_fastrtps_cpp.hpp
-- Installing: /home/w/work/moveit2_handeye_calib/install/robot_interfaces/include/robot_interfaces/robot_interfaces/msg/detail/qt_recv__rosidl_typesupport_fastrtps_cpp.hpp
-- Installing: /home/w/work/moveit2_handeye_calib/install/robot_interfaces/include/robot_interfaces/robot_interfaces/msg/detail/gripper_control__rosidl_typesupport_fastrtps_cpp.hpp
-- Installing: /home/w/work/moveit2_handeye_calib/install/robot_interfaces/include/robot_interfaces/robot_interfaces/msg/detail/generic_motor_parameter__rosidl_typesupport_fastrtps_cpp.hpp
-- Installing: /home/w/work/moveit2_handeye_calib/install/robot_interfaces/include/robot_interfaces/robot_interfaces/msg/detail/generic_motor_operation__rosidl_typesupport_fastrtps_cpp.hpp
-- Installing: /home/w/work/moveit2_handeye_calib/install/robot_interfaces/include/robot_interfaces/robot_interfaces/msg/detail/line_msg__rosidl_typesupport_fastrtps_cpp.hpp
-- Installing: /home/w/work/moveit2_handeye_calib/install/robot_interfaces/include/robot_interfaces/robot_interfaces/msg/detail/tool_config__rosidl_typesupport_fastrtps_cpp.hpp
-- Installing: /home/w/work/moveit2_handeye_calib/install/robot_interfaces/lib/librobot_interfaces__rosidl_typesupport_fastrtps_cpp.so
-- Set runtime path of "/home/w/work/moveit2_handeye_calib/install/robot_interfaces/lib/librobot_interfaces__rosidl_typesupport_fastrtps_cpp.so" to ""
-- Up-to-date: /home/w/work/moveit2_handeye_calib/install/robot_interfaces/include/robot_interfaces/robot_interfaces
-- Up-to-date: /home/w/work/moveit2_handeye_calib/install/robot_interfaces/include/robot_interfaces/robot_interfaces/srv
-- Up-to-date: /home/w/work/moveit2_handeye_calib/install/robot_interfaces/include/robot_interfaces/robot_interfaces/srv/detail
-- Installing: /home/w/work/moveit2_handeye_calib/install/robot_interfaces/include/robot_interfaces/robot_interfaces/srv/detail/sdk_recv__type_support.cpp
-- Installing: /home/w/work/moveit2_handeye_calib/install/robot_interfaces/include/robot_interfaces/robot_interfaces/srv/detail/compute_gravity__rosidl_typesupport_introspection_cpp.hpp
-- Installing: /home/w/work/moveit2_handeye_calib/install/robot_interfaces/include/robot_interfaces/robot_interfaces/srv/detail/compute_gravity__type_support.cpp
-- Installing: /home/w/work/moveit2_handeye_calib/install/robot_interfaces/include/robot_interfaces/robot_interfaces/srv/detail/sdk_recv__rosidl_typesupport_introspection_cpp.hpp
-- Up-to-date: /home/w/work/moveit2_handeye_calib/install/robot_interfaces/include/robot_interfaces/robot_interfaces/msg
-- Up-to-date: /home/w/work/moveit2_handeye_calib/install/robot_interfaces/include/robot_interfaces/robot_interfaces/msg/detail
-- Installing: /home/w/work/moveit2_handeye_calib/install/robot_interfaces/include/robot_interfaces/robot_interfaces/msg/detail/qt_recv__type_support.cpp
-- Installing: /home/w/work/moveit2_handeye_calib/install/robot_interfaces/include/robot_interfaces/robot_interfaces/msg/detail/arm_state__type_support.cpp
-- Installing: /home/w/work/moveit2_handeye_calib/install/robot_interfaces/include/robot_interfaces/robot_interfaces/msg/detail/robot_control_msg__type_support.cpp
-- Installing: /home/w/work/moveit2_handeye_calib/install/robot_interfaces/include/robot_interfaces/robot_interfaces/msg/detail/tool_config__rosidl_typesupport_introspection_cpp.hpp
-- Installing: /home/w/work/moveit2_handeye_calib/install/robot_interfaces/include/robot_interfaces/robot_interfaces/msg/detail/qt_pub__type_support.cpp
-- Installing: /home/w/work/moveit2_handeye_calib/install/robot_interfaces/include/robot_interfaces/robot_interfaces/msg/detail/state_action__type_support.cpp
-- Installing: /home/w/work/moveit2_handeye_calib/install/robot_interfaces/include/robot_interfaces/robot_interfaces/msg/detail/move_c_action__type_support.cpp
-- Installing: /home/w/work/moveit2_handeye_calib/install/robot_interfaces/include/robot_interfaces/robot_interfaces/msg/detail/qt_recv__rosidl_typesupport_introspection_cpp.hpp
-- Installing: /home/w/work/moveit2_handeye_calib/install/robot_interfaces/include/robot_interfaces/robot_interfaces/msg/detail/key_pressed_action__rosidl_typesupport_introspection_cpp.hpp
-- Installing: /home/w/work/moveit2_handeye_calib/install/robot_interfaces/include/robot_interfaces/robot_interfaces/msg/detail/generic_motor_operation__type_support.cpp
-- Installing: /home/w/work/moveit2_handeye_calib/install/robot_interfaces/include/robot_interfaces/robot_interfaces/msg/detail/state_action__rosidl_typesupport_introspection_cpp.hpp
-- Installing: /home/w/work/moveit2_handeye_calib/install/robot_interfaces/include/robot_interfaces/robot_interfaces/msg/detail/arm_state__rosidl_typesupport_introspection_cpp.hpp
-- Installing: /home/w/work/moveit2_handeye_calib/install/robot_interfaces/include/robot_interfaces/robot_interfaces/msg/detail/move_c_action__rosidl_typesupport_introspection_cpp.hpp
-- Installing: /home/w/work/moveit2_handeye_calib/install/robot_interfaces/include/robot_interfaces/robot_interfaces/msg/detail/robot_control_msg__rosidl_typesupport_introspection_cpp.hpp
-- Installing: /home/w/work/moveit2_handeye_calib/install/robot_interfaces/include/robot_interfaces/robot_interfaces/msg/detail/line_msg__rosidl_typesupport_introspection_cpp.hpp
-- Installing: /home/w/work/moveit2_handeye_calib/install/robot_interfaces/include/robot_interfaces/robot_interfaces/msg/detail/line_msg__type_support.cpp
-- Installing: /home/w/work/moveit2_handeye_calib/install/robot_interfaces/include/robot_interfaces/robot_interfaces/msg/detail/motor_fdb__type_support.cpp
-- Installing: /home/w/work/moveit2_handeye_calib/install/robot_interfaces/include/robot_interfaces/robot_interfaces/msg/detail/gripper_control__rosidl_typesupport_introspection_cpp.hpp
-- Installing: /home/w/work/moveit2_handeye_calib/install/robot_interfaces/include/robot_interfaces/robot_interfaces/msg/detail/gripper_control__type_support.cpp
-- Installing: /home/w/work/moveit2_handeye_calib/install/robot_interfaces/include/robot_interfaces/robot_interfaces/msg/detail/generic_motor_operation__rosidl_typesupport_introspection_cpp.hpp
-- Installing: /home/w/work/moveit2_handeye_calib/install/robot_interfaces/include/robot_interfaces/robot_interfaces/msg/detail/tool_config__type_support.cpp
-- Installing: /home/w/work/moveit2_handeye_calib/install/robot_interfaces/include/robot_interfaces/robot_interfaces/msg/detail/generic_motor_parameter__rosidl_typesupport_introspection_cpp.hpp
-- Installing: /home/w/work/moveit2_handeye_calib/install/robot_interfaces/include/robot_interfaces/robot_interfaces/msg/detail/qt_pub__rosidl_typesupport_introspection_cpp.hpp
-- Installing: /home/w/work/moveit2_handeye_calib/install/robot_interfaces/include/robot_interfaces/robot_interfaces/msg/detail/generic_motor_parameter__type_support.cpp
-- Installing: /home/w/work/moveit2_handeye_calib/install/robot_interfaces/include/robot_interfaces/robot_interfaces/msg/detail/key_pressed_action__type_support.cpp
-- Installing: /home/w/work/moveit2_handeye_calib/install/robot_interfaces/include/robot_interfaces/robot_interfaces/msg/detail/motor_fdb__rosidl_typesupport_introspection_cpp.hpp
-- Installing: /home/w/work/moveit2_handeye_calib/install/robot_interfaces/lib/librobot_interfaces__rosidl_typesupport_introspection_cpp.so
-- Set runtime path of "/home/w/work/moveit2_handeye_calib/install/robot_interfaces/lib/librobot_interfaces__rosidl_typesupport_introspection_cpp.so" to ""
-- Installing: /home/w/work/moveit2_handeye_calib/install/robot_interfaces/lib/librobot_interfaces__rosidl_typesupport_cpp.so
-- Set runtime path of "/home/w/work/moveit2_handeye_calib/install/robot_interfaces/lib/librobot_interfaces__rosidl_typesupport_cpp.so" to ""
-- Installing: /home/w/work/moveit2_handeye_calib/install/robot_interfaces/share/robot_interfaces/environment/pythonpath.sh
-- Installing: /home/w/work/moveit2_handeye_calib/install/robot_interfaces/share/robot_interfaces/environment/pythonpath.dsv
-- Installing: /home/w/work/moveit2_handeye_calib/install/robot_interfaces/local/lib/python3.10/dist-packages/robot_interfaces-0.0.0-py3.10.egg-info
-- Installing: /home/w/work/moveit2_handeye_calib/install/robot_interfaces/local/lib/python3.10/dist-packages/robot_interfaces-0.0.0-py3.10.egg-info/PKG-INFO
-- Installing: /home/w/work/moveit2_handeye_calib/install/robot_interfaces/local/lib/python3.10/dist-packages/robot_interfaces-0.0.0-py3.10.egg-info/dependency_links.txt
-- Installing: /home/w/work/moveit2_handeye_calib/install/robot_interfaces/local/lib/python3.10/dist-packages/robot_interfaces-0.0.0-py3.10.egg-info/SOURCES.txt
-- Installing: /home/w/work/moveit2_handeye_calib/install/robot_interfaces/local/lib/python3.10/dist-packages/robot_interfaces-0.0.0-py3.10.egg-info/top_level.txt
-- Installing: /home/w/work/moveit2_handeye_calib/install/robot_interfaces/local/lib/python3.10/dist-packages/robot_interfaces
-- Installing: /home/w/work/moveit2_handeye_calib/install/robot_interfaces/local/lib/python3.10/dist-packages/robot_interfaces/robot_interfaces_s__rosidl_typesupport_fastrtps_c.cpython-310-x86_64-linux-gnu.so
-- Installing: /home/w/work/moveit2_handeye_calib/install/robot_interfaces/local/lib/python3.10/dist-packages/robot_interfaces/_robot_interfaces_s.ep.rosidl_typesupport_introspection_c.c
-- Installing: /home/w/work/moveit2_handeye_calib/install/robot_interfaces/local/lib/python3.10/dist-packages/robot_interfaces/__init__.py
-- Installing: /home/w/work/moveit2_handeye_calib/install/robot_interfaces/local/lib/python3.10/dist-packages/robot_interfaces/robot_interfaces_s__rosidl_typesupport_introspection_c.cpython-310-x86_64-linux-gnu.so
-- Installing: /home/w/work/moveit2_handeye_calib/install/robot_interfaces/local/lib/python3.10/dist-packages/robot_interfaces/srv
-- Installing: /home/w/work/moveit2_handeye_calib/install/robot_interfaces/local/lib/python3.10/dist-packages/robot_interfaces/srv/_compute_gravity_s.c
-- Installing: /home/w/work/moveit2_handeye_calib/install/robot_interfaces/local/lib/python3.10/dist-packages/robot_interfaces/srv/_compute_gravity.py
-- Installing: /home/w/work/moveit2_handeye_calib/install/robot_interfaces/local/lib/python3.10/dist-packages/robot_interfaces/srv/_sdk_recv_s.c
-- Installing: /home/w/work/moveit2_handeye_calib/install/robot_interfaces/local/lib/python3.10/dist-packages/robot_interfaces/srv/__init__.py
-- Installing: /home/w/work/moveit2_handeye_calib/install/robot_interfaces/local/lib/python3.10/dist-packages/robot_interfaces/srv/_sdk_recv.py
-- Installing: /home/w/work/moveit2_handeye_calib/install/robot_interfaces/local/lib/python3.10/dist-packages/robot_interfaces/robot_interfaces_s__rosidl_typesupport_c.cpython-310-x86_64-linux-gnu.so
-- Installing: /home/w/work/moveit2_handeye_calib/install/robot_interfaces/local/lib/python3.10/dist-packages/robot_interfaces/_robot_interfaces_s.ep.rosidl_typesupport_c.c
-- Installing: /home/w/work/moveit2_handeye_calib/install/robot_interfaces/local/lib/python3.10/dist-packages/robot_interfaces/msg
-- Installing: /home/w/work/moveit2_handeye_calib/install/robot_interfaces/local/lib/python3.10/dist-packages/robot_interfaces/msg/_qt_recv.py
-- Installing: /home/w/work/moveit2_handeye_calib/install/robot_interfaces/local/lib/python3.10/dist-packages/robot_interfaces/msg/_line_msg_s.c
-- Installing: /home/w/work/moveit2_handeye_calib/install/robot_interfaces/local/lib/python3.10/dist-packages/robot_interfaces/msg/_robot_control_msg.py
-- Installing: /home/w/work/moveit2_handeye_calib/install/robot_interfaces/local/lib/python3.10/dist-packages/robot_interfaces/msg/_state_action.py
-- Installing: /home/w/work/moveit2_handeye_calib/install/robot_interfaces/local/lib/python3.10/dist-packages/robot_interfaces/msg/_tool_config.py
-- Installing: /home/w/work/moveit2_handeye_calib/install/robot_interfaces/local/lib/python3.10/dist-packages/robot_interfaces/msg/__init__.py
-- Installing: /home/w/work/moveit2_handeye_calib/install/robot_interfaces/local/lib/python3.10/dist-packages/robot_interfaces/msg/_generic_motor_operation.py
-- Installing: /home/w/work/moveit2_handeye_calib/install/robot_interfaces/local/lib/python3.10/dist-packages/robot_interfaces/msg/_key_pressed_action.py
-- Installing: /home/w/work/moveit2_handeye_calib/install/robot_interfaces/local/lib/python3.10/dist-packages/robot_interfaces/msg/_generic_motor_parameter.py
-- Installing: /home/w/work/moveit2_handeye_calib/install/robot_interfaces/local/lib/python3.10/dist-packages/robot_interfaces/msg/_generic_motor_operation_s.c
-- Installing: /home/w/work/moveit2_handeye_calib/install/robot_interfaces/local/lib/python3.10/dist-packages/robot_interfaces/msg/_arm_state.py
-- Installing: /home/w/work/moveit2_handeye_calib/install/robot_interfaces/local/lib/python3.10/dist-packages/robot_interfaces/msg/_gripper_control_s.c
-- Installing: /home/w/work/moveit2_handeye_calib/install/robot_interfaces/local/lib/python3.10/dist-packages/robot_interfaces/msg/_gripper_control.py
-- Installing: /home/w/work/moveit2_handeye_calib/install/robot_interfaces/local/lib/python3.10/dist-packages/robot_interfaces/msg/_arm_state_s.c
-- Installing: /home/w/work/moveit2_handeye_calib/install/robot_interfaces/local/lib/python3.10/dist-packages/robot_interfaces/msg/_motor_fdb_s.c
-- Installing: /home/w/work/moveit2_handeye_calib/install/robot_interfaces/local/lib/python3.10/dist-packages/robot_interfaces/msg/_qt_recv_s.c
-- Installing: /home/w/work/moveit2_handeye_calib/install/robot_interfaces/local/lib/python3.10/dist-packages/robot_interfaces/msg/_line_msg.py
-- Installing: /home/w/work/moveit2_handeye_calib/install/robot_interfaces/local/lib/python3.10/dist-packages/robot_interfaces/msg/_qt_pub_s.c
-- Installing: /home/w/work/moveit2_handeye_calib/install/robot_interfaces/local/lib/python3.10/dist-packages/robot_interfaces/msg/_key_pressed_action_s.c
-- Installing: /home/w/work/moveit2_handeye_calib/install/robot_interfaces/local/lib/python3.10/dist-packages/robot_interfaces/msg/_robot_control_msg_s.c
-- Installing: /home/w/work/moveit2_handeye_calib/install/robot_interfaces/local/lib/python3.10/dist-packages/robot_interfaces/msg/_generic_motor_parameter_s.c
-- Installing: /home/w/work/moveit2_handeye_calib/install/robot_interfaces/local/lib/python3.10/dist-packages/robot_interfaces/msg/_tool_config_s.c
-- Installing: /home/w/work/moveit2_handeye_calib/install/robot_interfaces/local/lib/python3.10/dist-packages/robot_interfaces/msg/_state_action_s.c
-- Installing: /home/w/work/moveit2_handeye_calib/install/robot_interfaces/local/lib/python3.10/dist-packages/robot_interfaces/msg/_qt_pub.py
-- Installing: /home/w/work/moveit2_handeye_calib/install/robot_interfaces/local/lib/python3.10/dist-packages/robot_interfaces/msg/_move_c_action_s.c
-- Installing: /home/w/work/moveit2_handeye_calib/install/robot_interfaces/local/lib/python3.10/dist-packages/robot_interfaces/msg/_motor_fdb.py
-- Installing: /home/w/work/moveit2_handeye_calib/install/robot_interfaces/local/lib/python3.10/dist-packages/robot_interfaces/msg/_move_c_action.py
-- Installing: /home/w/work/moveit2_handeye_calib/install/robot_interfaces/local/lib/python3.10/dist-packages/robot_interfaces/librobot_interfaces__rosidl_generator_py.so
-- Installing: /home/w/work/moveit2_handeye_calib/install/robot_interfaces/local/lib/python3.10/dist-packages/robot_interfaces/_robot_interfaces_s.ep.rosidl_typesupport_fastrtps_c.c
Listing '/home/w/work/moveit2_handeye_calib/install/robot_interfaces/local/lib/python3.10/dist-packages/robot_interfaces'...
Compiling '/home/w/work/moveit2_handeye_calib/install/robot_interfaces/local/lib/python3.10/dist-packages/robot_interfaces/__init__.py'...
Listing '/home/w/work/moveit2_handeye_calib/install/robot_interfaces/local/lib/python3.10/dist-packages/robot_interfaces/msg'...
Compiling '/home/w/work/moveit2_handeye_calib/install/robot_interfaces/local/lib/python3.10/dist-packages/robot_interfaces/msg/__init__.py'...
Compiling '/home/w/work/moveit2_handeye_calib/install/robot_interfaces/local/lib/python3.10/dist-packages/robot_interfaces/msg/_arm_state.py'...
Compiling '/home/w/work/moveit2_handeye_calib/install/robot_interfaces/local/lib/python3.10/dist-packages/robot_interfaces/msg/_generic_motor_operation.py'...
Compiling '/home/w/work/moveit2_handeye_calib/install/robot_interfaces/local/lib/python3.10/dist-packages/robot_interfaces/msg/_generic_motor_parameter.py'...
Compiling '/home/w/work/moveit2_handeye_calib/install/robot_interfaces/local/lib/python3.10/dist-packages/robot_interfaces/msg/_gripper_control.py'...
Compiling '/home/w/work/moveit2_handeye_calib/install/robot_interfaces/local/lib/python3.10/dist-packages/robot_interfaces/msg/_key_pressed_action.py'...
Compiling '/home/w/work/moveit2_handeye_calib/install/robot_interfaces/local/lib/python3.10/dist-packages/robot_interfaces/msg/_line_msg.py'...
Compiling '/home/w/work/moveit2_handeye_calib/install/robot_interfaces/local/lib/python3.10/dist-packages/robot_interfaces/msg/_motor_fdb.py'...
Compiling '/home/w/work/moveit2_handeye_calib/install/robot_interfaces/local/lib/python3.10/dist-packages/robot_interfaces/msg/_move_c_action.py'...
Compiling '/home/w/work/moveit2_handeye_calib/install/robot_interfaces/local/lib/python3.10/dist-packages/robot_interfaces/msg/_qt_pub.py'...
Compiling '/home/w/work/moveit2_handeye_calib/install/robot_interfaces/local/lib/python3.10/dist-packages/robot_interfaces/msg/_qt_recv.py'...
Compiling '/home/w/work/moveit2_handeye_calib/install/robot_interfaces/local/lib/python3.10/dist-packages/robot_interfaces/msg/_robot_control_msg.py'...
Compiling '/home/w/work/moveit2_handeye_calib/install/robot_interfaces/local/lib/python3.10/dist-packages/robot_interfaces/msg/_state_action.py'...
Compiling '/home/w/work/moveit2_handeye_calib/install/robot_interfaces/local/lib/python3.10/dist-packages/robot_interfaces/msg/_tool_config.py'...
Listing '/home/w/work/moveit2_handeye_calib/install/robot_interfaces/local/lib/python3.10/dist-packages/robot_interfaces/srv'...
Compiling '/home/w/work/moveit2_handeye_calib/install/robot_interfaces/local/lib/python3.10/dist-packages/robot_interfaces/srv/__init__.py'...
Compiling '/home/w/work/moveit2_handeye_calib/install/robot_interfaces/local/lib/python3.10/dist-packages/robot_interfaces/srv/_compute_gravity.py'...
Compiling '/home/w/work/moveit2_handeye_calib/install/robot_interfaces/local/lib/python3.10/dist-packages/robot_interfaces/srv/_sdk_recv.py'...
-- Installing: /home/w/work/moveit2_handeye_calib/install/robot_interfaces/local/lib/python3.10/dist-packages/robot_interfaces/robot_interfaces_s__rosidl_typesupport_fastrtps_c.cpython-310-x86_64-linux-gnu.so
-- Set runtime path of "/home/w/work/moveit2_handeye_calib/install/robot_interfaces/local/lib/python3.10/dist-packages/robot_interfaces/robot_interfaces_s__rosidl_typesupport_fastrtps_c.cpython-310-x86_64-linux-gnu.so" to ""
-- Installing: /home/w/work/moveit2_handeye_calib/install/robot_interfaces/local/lib/python3.10/dist-packages/robot_interfaces/robot_interfaces_s__rosidl_typesupport_introspection_c.cpython-310-x86_64-linux-gnu.so
-- Set runtime path of "/home/w/work/moveit2_handeye_calib/install/robot_interfaces/local/lib/python3.10/dist-packages/robot_interfaces/robot_interfaces_s__rosidl_typesupport_introspection_c.cpython-310-x86_64-linux-gnu.so" to ""
-- Installing: /home/w/work/moveit2_handeye_calib/install/robot_interfaces/local/lib/python3.10/dist-packages/robot_interfaces/robot_interfaces_s__rosidl_typesupport_c.cpython-310-x86_64-linux-gnu.so
-- Set runtime path of "/home/w/work/moveit2_handeye_calib/install/robot_interfaces/local/lib/python3.10/dist-packages/robot_interfaces/robot_interfaces_s__rosidl_typesupport_c.cpython-310-x86_64-linux-gnu.so" to ""
-- Installing: /home/w/work/moveit2_handeye_calib/install/robot_interfaces/lib/librobot_interfaces__rosidl_generator_py.so
-- Set runtime path of "/home/w/work/moveit2_handeye_calib/install/robot_interfaces/lib/librobot_interfaces__rosidl_generator_py.so" to ""
-- Installing: /home/w/work/moveit2_handeye_calib/install/robot_interfaces/share/robot_interfaces/msg/QtRecv.idl
-- Installing: /home/w/work/moveit2_handeye_calib/install/robot_interfaces/share/robot_interfaces/msg/LineMsg.idl
-- Installing: /home/w/work/moveit2_handeye_calib/install/robot_interfaces/share/robot_interfaces/msg/ArmState.idl
-- Installing: /home/w/work/moveit2_handeye_calib/install/robot_interfaces/share/robot_interfaces/msg/QtPub.idl
-- Installing: /home/w/work/moveit2_handeye_calib/install/robot_interfaces/share/robot_interfaces/msg/MotorFdb.idl
-- Installing: /home/w/work/moveit2_handeye_calib/install/robot_interfaces/share/robot_interfaces/msg/RobotControlMsg.idl
-- Installing: /home/w/work/moveit2_handeye_calib/install/robot_interfaces/share/robot_interfaces/msg/MoveCAction.idl
-- Installing: /home/w/work/moveit2_handeye_calib/install/robot_interfaces/share/robot_interfaces/msg/StateAction.idl
-- Installing: /home/w/work/moveit2_handeye_calib/install/robot_interfaces/share/robot_interfaces/msg/KeyPressedAction.idl
-- Installing: /home/w/work/moveit2_handeye_calib/install/robot_interfaces/share/robot_interfaces/msg/GenericMotorParameter.idl
-- Installing: /home/w/work/moveit2_handeye_calib/install/robot_interfaces/share/robot_interfaces/msg/GenericMotorOperation.idl
-- Installing: /home/w/work/moveit2_handeye_calib/install/robot_interfaces/share/robot_interfaces/msg/GripperControl.idl
-- Installing: /home/w/work/moveit2_handeye_calib/install/robot_interfaces/share/robot_interfaces/msg/ToolConfig.idl
-- Installing: /home/w/work/moveit2_handeye_calib/install/robot_interfaces/share/robot_interfaces/srv/SdkRecv.idl
-- Installing: /home/w/work/moveit2_handeye_calib/install/robot_interfaces/share/robot_interfaces/srv/ComputeGravity.idl
-- Installing: /home/w/work/moveit2_handeye_calib/install/robot_interfaces/share/robot_interfaces/msg/QtRecv.msg
-- Installing: /home/w/work/moveit2_handeye_calib/install/robot_interfaces/share/robot_interfaces/msg/LineMsg.msg
-- Installing: /home/w/work/moveit2_handeye_calib/install/robot_interfaces/share/robot_interfaces/msg/ArmState.msg
-- Installing: /home/w/work/moveit2_handeye_calib/install/robot_interfaces/share/robot_interfaces/msg/QtPub.msg
-- Installing: /home/w/work/moveit2_handeye_calib/install/robot_interfaces/share/robot_interfaces/msg/MotorFdb.msg
-- Installing: /home/w/work/moveit2_handeye_calib/install/robot_interfaces/share/robot_interfaces/msg/RobotControlMsg.msg
-- Installing: /home/w/work/moveit2_handeye_calib/install/robot_interfaces/share/robot_interfaces/msg/MoveCAction.msg
-- Installing: /home/w/work/moveit2_handeye_calib/install/robot_interfaces/share/robot_interfaces/msg/StateAction.msg
-- Installing: /home/w/work/moveit2_handeye_calib/install/robot_interfaces/share/robot_interfaces/msg/KeyPressedAction.msg
-- Installing: /home/w/work/moveit2_handeye_calib/install/robot_interfaces/share/robot_interfaces/msg/GenericMotorParameter.msg
-- Installing: /home/w/work/moveit2_handeye_calib/install/robot_interfaces/share/robot_interfaces/msg/GenericMotorOperation.msg
-- Installing: /home/w/work/moveit2_handeye_calib/install/robot_interfaces/share/robot_interfaces/msg/GripperControl.msg
-- Installing: /home/w/work/moveit2_handeye_calib/install/robot_interfaces/share/robot_interfaces/msg/ToolConfig.msg
-- Installing: /home/w/work/moveit2_handeye_calib/install/robot_interfaces/share/robot_interfaces/srv/SdkRecv.srv
-- Installing: /home/w/work/moveit2_handeye_calib/install/robot_interfaces/share/robot_interfaces/srv/SdkRecv_Request.msg
-- Installing: /home/w/work/moveit2_handeye_calib/install/robot_interfaces/share/robot_interfaces/srv/SdkRecv_Response.msg
-- Installing: /home/w/work/moveit2_handeye_calib/install/robot_interfaces/share/robot_interfaces/srv/ComputeGravity.srv
-- Installing: /home/w/work/moveit2_handeye_calib/install/robot_interfaces/share/robot_interfaces/srv/ComputeGravity_Request.msg
-- Installing: /home/w/work/moveit2_handeye_calib/install/robot_interfaces/share/robot_interfaces/srv/ComputeGravity_Response.msg
-- Installing: /home/w/work/moveit2_handeye_calib/install/robot_interfaces/share/ament_index/resource_index/package_run_dependencies/robot_interfaces
-- Installing: /home/w/work/moveit2_handeye_calib/install/robot_interfaces/share/ament_index/resource_index/parent_prefix_path/robot_interfaces
-- Installing: /home/w/work/moveit2_handeye_calib/install/robot_interfaces/share/robot_interfaces/environment/ament_prefix_path.sh
-- Installing: /home/w/work/moveit2_handeye_calib/install/robot_interfaces/share/robot_interfaces/environment/ament_prefix_path.dsv
-- Installing: /home/w/work/moveit2_handeye_calib/install/robot_interfaces/share/robot_interfaces/environment/path.sh
-- Installing: /home/w/work/moveit2_handeye_calib/install/robot_interfaces/share/robot_interfaces/environment/path.dsv
-- Installing: /home/w/work/moveit2_handeye_calib/install/robot_interfaces/share/robot_interfaces/local_setup.bash
-- Installing: /home/w/work/moveit2_handeye_calib/install/robot_interfaces/share/robot_interfaces/local_setup.sh
-- Installing: /home/w/work/moveit2_handeye_calib/install/robot_interfaces/share/robot_interfaces/local_setup.zsh
-- Installing: /home/w/work/moveit2_handeye_calib/install/robot_interfaces/share/robot_interfaces/local_setup.dsv
-- Installing: /home/w/work/moveit2_handeye_calib/install/robot_interfaces/share/robot_interfaces/package.dsv
-- Installing: /home/w/work/moveit2_handeye_calib/install/robot_interfaces/share/ament_index/resource_index/packages/robot_interfaces
-- Installing: /home/w/work/moveit2_handeye_calib/install/robot_interfaces/share/robot_interfaces/cmake/export_robot_interfaces__rosidl_generator_cExport.cmake
-- Installing: /home/w/work/moveit2_handeye_calib/install/robot_interfaces/share/robot_interfaces/cmake/export_robot_interfaces__rosidl_generator_cExport-noconfig.cmake
-- Installing: /home/w/work/moveit2_handeye_calib/install/robot_interfaces/share/robot_interfaces/cmake/export_robot_interfaces__rosidl_typesupport_fastrtps_cExport.cmake
-- Installing: /home/w/work/moveit2_handeye_calib/install/robot_interfaces/share/robot_interfaces/cmake/export_robot_interfaces__rosidl_typesupport_fastrtps_cExport-noconfig.cmake
-- Installing: /home/w/work/moveit2_handeye_calib/install/robot_interfaces/share/robot_interfaces/cmake/robot_interfaces__rosidl_typesupport_introspection_cExport.cmake
-- Installing: /home/w/work/moveit2_handeye_calib/install/robot_interfaces/share/robot_interfaces/cmake/robot_interfaces__rosidl_typesupport_introspection_cExport-noconfig.cmake
-- Installing: /home/w/work/moveit2_handeye_calib/install/robot_interfaces/share/robot_interfaces/cmake/robot_interfaces__rosidl_typesupport_cExport.cmake
-- Installing: /home/w/work/moveit2_handeye_calib/install/robot_interfaces/share/robot_interfaces/cmake/robot_interfaces__rosidl_typesupport_cExport-noconfig.cmake
-- Installing: /home/w/work/moveit2_handeye_calib/install/robot_interfaces/share/robot_interfaces/cmake/export_robot_interfaces__rosidl_generator_cppExport.cmake
-- Installing: /home/w/work/moveit2_handeye_calib/install/robot_interfaces/share/robot_interfaces/cmake/export_robot_interfaces__rosidl_typesupport_fastrtps_cppExport.cmake
-- Installing: /home/w/work/moveit2_handeye_calib/install/robot_interfaces/share/robot_interfaces/cmake/export_robot_interfaces__rosidl_typesupport_fastrtps_cppExport-noconfig.cmake
-- Installing: /home/w/work/moveit2_handeye_calib/install/robot_interfaces/share/robot_interfaces/cmake/robot_interfaces__rosidl_typesupport_introspection_cppExport.cmake
-- Installing: /home/w/work/moveit2_handeye_calib/install/robot_interfaces/share/robot_interfaces/cmake/robot_interfaces__rosidl_typesupport_introspection_cppExport-noconfig.cmake
-- Installing: /home/w/work/moveit2_handeye_calib/install/robot_interfaces/share/robot_interfaces/cmake/robot_interfaces__rosidl_typesupport_cppExport.cmake
-- Installing: /home/w/work/moveit2_handeye_calib/install/robot_interfaces/share/robot_interfaces/cmake/robot_interfaces__rosidl_typesupport_cppExport-noconfig.cmake
-- Installing: /home/w/work/moveit2_handeye_calib/install/robot_interfaces/share/robot_interfaces/cmake/export_robot_interfaces__rosidl_generator_pyExport.cmake
-- Installing: /home/w/work/moveit2_handeye_calib/install/robot_interfaces/share/robot_interfaces/cmake/export_robot_interfaces__rosidl_generator_pyExport-noconfig.cmake
-- Installing: /home/w/work/moveit2_handeye_calib/install/robot_interfaces/share/robot_interfaces/cmake/rosidl_cmake-extras.cmake
-- Installing: /home/w/work/moveit2_handeye_calib/install/robot_interfaces/share/robot_interfaces/cmake/ament_cmake_export_dependencies-extras.cmake
-- Installing: /home/w/work/moveit2_handeye_calib/install/robot_interfaces/share/robot_interfaces/cmake/ament_cmake_export_include_directories-extras.cmake
-- Installing: /home/w/work/moveit2_handeye_calib/install/robot_interfaces/share/robot_interfaces/cmake/ament_cmake_export_libraries-extras.cmake
-- Installing: /home/w/work/moveit2_handeye_calib/install/robot_interfaces/share/robot_interfaces/cmake/ament_cmake_export_targets-extras.cmake
-- Installing: /home/w/work/moveit2_handeye_calib/install/robot_interfaces/share/robot_interfaces/cmake/rosidl_cmake_export_typesupport_targets-extras.cmake
-- Installing: /home/w/work/moveit2_handeye_calib/install/robot_interfaces/share/robot_interfaces/cmake/rosidl_cmake_export_typesupport_libraries-extras.cmake
-- Installing: /home/w/work/moveit2_handeye_calib/install/robot_interfaces/share/robot_interfaces/cmake/robot_interfacesConfig.cmake
-- Installing: /home/w/work/moveit2_handeye_calib/install/robot_interfaces/share/robot_interfaces/cmake/robot_interfacesConfig-version.cmake
-- Installing: /home/w/work/moveit2_handeye_calib/install/robot_interfaces/share/robot_interfaces/package.xml
