-- The C compiler identification is GNU 11.4.0
-- The CXX compiler identification is GNU 11.4.0
-- Detecting C compiler ABI info
-- Detecting C compiler ABI info - done
-- Check for working C compiler: /usr/bin/cc - skipped
-- Detecting C compile features
-- Detecting C compile features - done
-- Detecting CXX compiler ABI info
-- Detecting CXX compiler ABI info - done
-- Check for working CXX compiler: /usr/bin/c++ - skipped
-- Detecting CXX compile features
-- Detecting CXX compile features - done
-- Found ament_cmake_auto: 1.3.12 (/opt/ros/humble/share/ament_cmake_auto/cmake)
-- Found Python3: /usr/bin/python3 (found version "3.10.12") found components: Interpreter 
-- Found rosidl_generator_c: 3.1.7 (/opt/ros/humble/share/rosidl_generator_c/cmake)
-- Found rosidl_adapter: 3.1.7 (/opt/ros/humble/share/rosidl_adapter/cmake)
-- Found rosidl_generator_cpp: 3.1.7 (/opt/ros/humble/share/rosidl_generator_cpp/cmake)
-- Using all available rosidl_typesupport_c: rosidl_typesupport_fastrtps_c;rosidl_typesupport_introspection_c
-- Using all available rosidl_typesupport_cpp: rosidl_typesupport_fastrtps_cpp;rosidl_typesupport_introspection_cpp
-- Found rmw_implementation_cmake: 6.1.2 (/opt/ros/humble/share/rmw_implementation_cmake/cmake)
-- Found rmw_fastrtps_cpp: 6.2.9 (/opt/ros/humble/share/rmw_fastrtps_cpp/cmake)
-- Found OpenSSL: /usr/lib/x86_64-linux-gnu/libcrypto.so (found version "3.0.2")  
-- Found FastRTPS: /opt/ros/humble/include  
-- Using RMW implementation 'rmw_fastrtps_cpp' as default
-- Looking for pthread.h
-- Looking for pthread.h - found
-- Performing Test CMAKE_HAVE_LIBC_PTHREAD
-- Performing Test CMAKE_HAVE_LIBC_PTHREAD - Success
-- Found Threads: TRUE  
-- Found ament_lint_auto: 0.12.14 (/opt/ros/humble/share/ament_lint_auto/cmake)
-- Found gtest sources under '/opt/ros/humble/src/gtest_vendor': C++ tests using 'Google Test' will be built
[0mIn this package, headers install destination is set to `include` by ament_auto_package. It is recommended to install `include/ros2_socketcan` instead and will be the default behavior of ament_auto_package from ROS 2 Kilted Kaiju. On distributions before Kilted, ament_auto_package behaves the same way when you use USE_SCOPED_HEADER_INSTALL_DIR option.[0m
-- Added test 'copyright' to check source files copyright and LICENSE
-- Added test 'cppcheck' to perform static code analysis on C / C++ code
-- Configured cppcheck include dirs: /home/w/work/moveit2_handeye_calib/TG620/ros2_socketcan/ros2_socketcan/include
-- Configured cppcheck exclude dirs and/or files: 
-- Added test 'cpplint' to check C / C++ code against the Google style
-- Configured cpplint exclude dirs and/or files: 
-- Added test 'flake8' to check Python code syntax and style conventions
-- Added test 'lint_cmake' to check CMake code style
-- Added test 'pep257' to check Python code against some of the docstring style conventions in PEP 257
-- Added test 'uncrustify' to check C / C++ code style
-- Configured uncrustify additional arguments: 
-- Added test 'xmllint' to check XML markup files
-- Configuring done
-- Generating done
-- Build files have been written to: /home/w/work/moveit2_handeye_calib/build/ros2_socketcan
[  4%] [32mBuilding CXX object CMakeFiles/ros2_socketcan.dir/src/socket_can_receiver.cpp.o[0m
[  9%] [32mBuilding CXX object CMakeFiles/socket_can_receiver_node_exe.dir/rclcpp_components/node_main_socket_can_receiver_node_exe.cpp.o[0m
[ 14%] [32mBuilding CXX object CMakeFiles/ros2_socketcan.dir/src/socket_can_id.cpp.o[0m
[ 19%] [32mBuilding CXX object CMakeFiles/ros2_socketcan.dir/src/socket_can_common.cpp.o[0m
[ 23%] [32mBuilding CXX object CMakeFiles/ros2_socketcan.dir/src/socket_can_sender.cpp.o[0m
[ 28%] [32mBuilding CXX object CMakeFiles/socket_can_sender_node_exe.dir/rclcpp_components/node_main_socket_can_sender_node_exe.cpp.o[0m
[ 33%] [32mBuilding CXX object gtest/CMakeFiles/gtest_main.dir/src/gtest_main.cc.o[0m
[ 38%] [32mBuilding CXX object gtest/CMakeFiles/gtest.dir/src/gtest-all.cc.o[0m
[ 42%] [32m[1mLinking CXX shared library libros2_socketcan.so[0m
[ 47%] [32m[1mLinking CXX static library libgtest_main.a[0m
[ 47%] Built target gtest_main
[ 47%] Built target ros2_socketcan
[ 52%] [32mBuilding CXX object CMakeFiles/socket_can_receiver_node.dir/src/socket_can_receiver_node.cpp.o[0m
[ 57%] [32m[1mLinking CXX static library libgtest.a[0m
[ 57%] Built target gtest
[ 71%] [32mBuilding CXX object CMakeFiles/ros2_socketcan_test.dir/test/sanity_checks.cpp.o[0m
[ 71%] [32mBuilding CXX object CMakeFiles/ros2_socketcan_test.dir/test/receiver.cpp.o[0m
[ 71%] [32mBuilding CXX object CMakeFiles/ros2_socketcan_test.dir/test/gtest_main.cpp.o[0m
[ 76%] [32m[1mLinking CXX executable socket_can_sender_node_exe[0m
[ 80%] [32m[1mLinking CXX executable socket_can_receiver_node_exe[0m
[ 80%] Built target socket_can_sender_node_exe
[ 80%] Built target socket_can_receiver_node_exe
[ 85%] [32m[1mLinking CXX executable ros2_socketcan_test[0m
[ 85%] Built target ros2_socketcan_test
[ 90%] [32m[1mLinking CXX shared library libsocket_can_receiver_node.so[0m
[ 90%] Built target socket_can_receiver_node
[ 95%] [32mBuilding CXX object CMakeFiles/socket_can_sender_node.dir/src/socket_can_sender_node.cpp.o[0m
[100%] [32m[1mLinking CXX shared library libsocket_can_sender_node.so[0m
[100%] Built target socket_can_sender_node
-- Install configuration: ""
-- Installing: /home/w/work/moveit2_handeye_calib/install/ros2_socketcan/lib/ros2_socketcan/socket_can_receiver_node_exe
-- Set runtime path of "/home/w/work/moveit2_handeye_calib/install/ros2_socketcan/lib/ros2_socketcan/socket_can_receiver_node_exe" to ""
-- Installing: /home/w/work/moveit2_handeye_calib/install/ros2_socketcan/lib/ros2_socketcan/socket_can_sender_node_exe
-- Set runtime path of "/home/w/work/moveit2_handeye_calib/install/ros2_socketcan/lib/ros2_socketcan/socket_can_sender_node_exe" to ""
-- Installing: /home/w/work/moveit2_handeye_calib/install/ros2_socketcan/include
-- Installing: /home/w/work/moveit2_handeye_calib/install/ros2_socketcan/include/ros2_socketcan
-- Installing: /home/w/work/moveit2_handeye_calib/install/ros2_socketcan/include/ros2_socketcan/socket_can_receiver_node.hpp
-- Installing: /home/w/work/moveit2_handeye_calib/install/ros2_socketcan/include/ros2_socketcan/socket_can_common.hpp
-- Installing: /home/w/work/moveit2_handeye_calib/install/ros2_socketcan/include/ros2_socketcan/socket_can_sender_node.hpp
-- Installing: /home/w/work/moveit2_handeye_calib/install/ros2_socketcan/include/ros2_socketcan/socket_can_id.hpp
-- Installing: /home/w/work/moveit2_handeye_calib/install/ros2_socketcan/include/ros2_socketcan/visibility_control.hpp
-- Installing: /home/w/work/moveit2_handeye_calib/install/ros2_socketcan/include/ros2_socketcan/socket_can_receiver.hpp
-- Installing: /home/w/work/moveit2_handeye_calib/install/ros2_socketcan/include/ros2_socketcan/socket_can_sender.hpp
-- Installing: /home/w/work/moveit2_handeye_calib/install/ros2_socketcan/share/ros2_socketcan/environment/library_path.sh
-- Installing: /home/w/work/moveit2_handeye_calib/install/ros2_socketcan/share/ros2_socketcan/environment/library_path.dsv
-- Installing: /home/w/work/moveit2_handeye_calib/install/ros2_socketcan/lib/libros2_socketcan.so
-- Set runtime path of "/home/w/work/moveit2_handeye_calib/install/ros2_socketcan/lib/libros2_socketcan.so" to ""
-- Installing: /home/w/work/moveit2_handeye_calib/install/ros2_socketcan/lib/libsocket_can_receiver_node.so
-- Set runtime path of "/home/w/work/moveit2_handeye_calib/install/ros2_socketcan/lib/libsocket_can_receiver_node.so" to ""
-- Installing: /home/w/work/moveit2_handeye_calib/install/ros2_socketcan/lib/libsocket_can_sender_node.so
-- Set runtime path of "/home/w/work/moveit2_handeye_calib/install/ros2_socketcan/lib/libsocket_can_sender_node.so" to ""
-- Installing: /home/w/work/moveit2_handeye_calib/install/ros2_socketcan/share/ros2_socketcan/launch
-- Installing: /home/w/work/moveit2_handeye_calib/install/ros2_socketcan/share/ros2_socketcan/launch/socket_can_bridge.launch.xml
-- Installing: /home/w/work/moveit2_handeye_calib/install/ros2_socketcan/share/ros2_socketcan/launch/socket_can_receiver.launch.py
-- Installing: /home/w/work/moveit2_handeye_calib/install/ros2_socketcan/share/ros2_socketcan/launch/socket_can_sender.launch.py
-- Installing: /home/w/work/moveit2_handeye_calib/install/ros2_socketcan/share/ament_index/resource_index/package_run_dependencies/ros2_socketcan
-- Installing: /home/w/work/moveit2_handeye_calib/install/ros2_socketcan/share/ament_index/resource_index/parent_prefix_path/ros2_socketcan
-- Installing: /home/w/work/moveit2_handeye_calib/install/ros2_socketcan/share/ros2_socketcan/environment/ament_prefix_path.sh
-- Installing: /home/w/work/moveit2_handeye_calib/install/ros2_socketcan/share/ros2_socketcan/environment/ament_prefix_path.dsv
-- Installing: /home/w/work/moveit2_handeye_calib/install/ros2_socketcan/share/ros2_socketcan/environment/path.sh
-- Installing: /home/w/work/moveit2_handeye_calib/install/ros2_socketcan/share/ros2_socketcan/environment/path.dsv
-- Installing: /home/w/work/moveit2_handeye_calib/install/ros2_socketcan/share/ros2_socketcan/local_setup.bash
-- Installing: /home/w/work/moveit2_handeye_calib/install/ros2_socketcan/share/ros2_socketcan/local_setup.sh
-- Installing: /home/w/work/moveit2_handeye_calib/install/ros2_socketcan/share/ros2_socketcan/local_setup.zsh
-- Installing: /home/w/work/moveit2_handeye_calib/install/ros2_socketcan/share/ros2_socketcan/local_setup.dsv
-- Installing: /home/w/work/moveit2_handeye_calib/install/ros2_socketcan/share/ros2_socketcan/package.dsv
-- Installing: /home/w/work/moveit2_handeye_calib/install/ros2_socketcan/share/ament_index/resource_index/packages/ros2_socketcan
-- Installing: /home/w/work/moveit2_handeye_calib/install/ros2_socketcan/share/ament_index/resource_index/rclcpp_components/ros2_socketcan
-- Installing: /home/w/work/moveit2_handeye_calib/install/ros2_socketcan/share/ros2_socketcan/cmake/ament_cmake_export_dependencies-extras.cmake
-- Installing: /home/w/work/moveit2_handeye_calib/install/ros2_socketcan/share/ros2_socketcan/cmake/ament_cmake_export_include_directories-extras.cmake
-- Installing: /home/w/work/moveit2_handeye_calib/install/ros2_socketcan/share/ros2_socketcan/cmake/ament_cmake_export_libraries-extras.cmake
-- Installing: /home/w/work/moveit2_handeye_calib/install/ros2_socketcan/share/ros2_socketcan/cmake/ros2_socketcanConfig.cmake
-- Installing: /home/w/work/moveit2_handeye_calib/install/ros2_socketcan/share/ros2_socketcan/cmake/ros2_socketcanConfig-version.cmake
-- Installing: /home/w/work/moveit2_handeye_calib/install/ros2_socketcan/share/ros2_socketcan/package.xml
