[35m[1mConsolidate compiler generated dependencies of target robot_control[0m
[100%] Built target robot_control
-- Install configuration: ""
-- Up-to-date: /home/w/work/moveit2_handeye_calib/install/robot_control/share/robot_control/launch
-- Up-to-date: /home/w/work/moveit2_handeye_calib/install/robot_control/share/robot_control/launch/robot_control.launch.py
-- Up-to-date: /home/w/work/moveit2_handeye_calib/install/robot_control/lib/robot_control/robot_control
-- Up-to-date: /home/w/work/moveit2_handeye_calib/install/robot_control/share/ament_index/resource_index/package_run_dependencies/robot_control
-- Up-to-date: /home/w/work/moveit2_handeye_calib/install/robot_control/share/ament_index/resource_index/parent_prefix_path/robot_control
-- Up-to-date: /home/w/work/moveit2_handeye_calib/install/robot_control/share/robot_control/environment/ament_prefix_path.sh
-- Up-to-date: /home/w/work/moveit2_handeye_calib/install/robot_control/share/robot_control/environment/ament_prefix_path.dsv
-- Up-to-date: /home/w/work/moveit2_handeye_calib/install/robot_control/share/robot_control/environment/path.sh
-- Up-to-date: /home/w/work/moveit2_handeye_calib/install/robot_control/share/robot_control/environment/path.dsv
-- Up-to-date: /home/w/work/moveit2_handeye_calib/install/robot_control/share/robot_control/local_setup.bash
-- Up-to-date: /home/w/work/moveit2_handeye_calib/install/robot_control/share/robot_control/local_setup.sh
-- Up-to-date: /home/w/work/moveit2_handeye_calib/install/robot_control/share/robot_control/local_setup.zsh
-- Up-to-date: /home/w/work/moveit2_handeye_calib/install/robot_control/share/robot_control/local_setup.dsv
-- Installing: /home/w/work/moveit2_handeye_calib/install/robot_control/share/robot_control/package.dsv
-- Up-to-date: /home/w/work/moveit2_handeye_calib/install/robot_control/share/ament_index/resource_index/packages/robot_control
-- Up-to-date: /home/w/work/moveit2_handeye_calib/install/robot_control/share/robot_control/cmake/robot_controlConfig.cmake
-- Up-to-date: /home/w/work/moveit2_handeye_calib/install/robot_control/share/robot_control/cmake/robot_controlConfig-version.cmake
-- Up-to-date: /home/w/work/moveit2_handeye_calib/install/robot_control/share/robot_control/package.xml
