-- The C compiler identification is GNU 11.4.0
-- The CXX compiler identification is GNU 11.4.0
-- Detecting C compiler ABI info
-- Detecting C compiler ABI info - done
-- Check for working C compiler: /usr/bin/cc - skipped
-- Detecting C compile features
-- Detecting C compile features - done
-- Detecting CXX compiler ABI info
-- Detecting CXX compiler ABI info - done
-- Check for working CXX compiler: /usr/bin/c++ - skipped
-- Detecting CXX compile features
-- Detecting CXX compile features - done
-- Found ament_cmake: 1.3.12 (/opt/ros/humble/share/ament_cmake/cmake)
-- Found Python3: /usr/bin/python3 (found version "3.10.12") found components: Interpreter 
-- Found rclcpp: 16.0.15 (/opt/ros/humble/share/rclcpp/cmake)
-- Found rosidl_generator_c: 3.1.7 (/opt/ros/humble/share/rosidl_generator_c/cmake)
-- Found rosidl_adapter: 3.1.7 (/opt/ros/humble/share/rosidl_adapter/cmake)
-- Found rosidl_generator_cpp: 3.1.7 (/opt/ros/humble/share/rosidl_generator_cpp/cmake)
-- Using all available rosidl_typesupport_c: rosidl_typesupport_fastrtps_c;rosidl_typesupport_introspection_c
-- Using all available rosidl_typesupport_cpp: rosidl_typesupport_fastrtps_cpp;rosidl_typesupport_introspection_cpp
-- Found rmw_implementation_cmake: 6.1.2 (/opt/ros/humble/share/rmw_implementation_cmake/cmake)
-- Found rmw_fastrtps_cpp: 6.2.9 (/opt/ros/humble/share/rmw_fastrtps_cpp/cmake)
-- Found OpenSSL: /usr/lib/x86_64-linux-gnu/libcrypto.so (found version "3.0.2")  
-- Found FastRTPS: /opt/ros/humble/include  
-- Using RMW implementation 'rmw_fastrtps_cpp' as default
-- Looking for pthread.h
-- Looking for pthread.h - found
-- Performing Test CMAKE_HAVE_LIBC_PTHREAD
-- Performing Test CMAKE_HAVE_LIBC_PTHREAD - Success
-- Found Threads: TRUE  
-- Found moveit_ros_planning_interface: 2.5.9 (/opt/ros/humble/share/moveit_ros_planning_interface/cmake)
-- Found Boost: /usr/lib/x86_64-linux-gnu/cmake/Boost-1.74.0/BoostConfig.cmake (found version "1.74.0") found components: date_time filesystem program_options system thread 
-- Found Boost: /usr/lib/x86_64-linux-gnu/cmake/Boost-1.74.0/BoostConfig.cmake (found version "1.74.0") found components: chrono date_time filesystem iostreams program_options regex serialization system thread 
-- Found parameter_traits: 0.5.0 (/opt/ros/humble/share/parameter_traits/cmake)
-- Found rclcpp_lifecycle: 16.0.15 (/opt/ros/humble/share/rclcpp_lifecycle/cmake)
-- Found Boost: /usr/lib/x86_64-linux-gnu/cmake/Boost-1.74.0/BoostConfig.cmake (found version "1.74.0") found components: filesystem 
-- library: /usr/lib/x86_64-linux-gnu/libcurl.so
-- Found Eigen3: TRUE (found version "3.4.0") 
-- Ensuring Eigen3 include directory is part of orocos-kdl CMake target
-- Found Boost: /usr/lib/x86_64-linux-gnu/cmake/Boost-1.74.0/BoostConfig.cmake (found version "1.74.0") found components: system filesystem date_time program_options thread chrono 
-- Found Boost: /usr/lib/x86_64-linux-gnu/cmake/Boost-1.74.0/BoostConfig.cmake (found version "1.74.0") found components: thread system filesystem regex date_time program_options 
-- Found Boost: /usr/lib/x86_64-linux-gnu/cmake/Boost-1.74.0/BoostConfig.cmake (found version "1.74.0") found components: system filesystem date_time program_options thread 
-- Configuring done
-- Generating done
-- Build files have been written to: /home/w/work/moveit2_handeye_calib/build/robot_virtual_fence
[ 50%] [32mBuilding CXX object CMakeFiles/virtual_fence_node.dir/src/virtual_fence.cpp.o[0m
[100%] [32m[1mLinking CXX executable virtual_fence_node[0m
[100%] Built target virtual_fence_node
-- Install configuration: ""
-- Installing: /home/w/work/moveit2_handeye_calib/install/robot_virtual_fence/lib/robot_virtual_fence/virtual_fence_node
-- Set runtime path of "/home/w/work/moveit2_handeye_calib/install/robot_virtual_fence/lib/robot_virtual_fence/virtual_fence_node" to ""
-- Installing: /home/w/work/moveit2_handeye_calib/install/robot_virtual_fence/share/robot_virtual_fence/config
-- Installing: /home/w/work/moveit2_handeye_calib/install/robot_virtual_fence/share/robot_virtual_fence/config/multi_obstacles.yaml
-- Installing: /home/w/work/moveit2_handeye_calib/install/robot_virtual_fence/share/robot_virtual_fence/config/HOW_TO_CONFIGURE_MULTI_OBSTACLES.md
-- Installing: /home/w/work/moveit2_handeye_calib/install/robot_virtual_fence/share/robot_virtual_fence/config/obstacles_example.yaml
-- Installing: /home/w/work/moveit2_handeye_calib/install/robot_virtual_fence/share/robot_virtual_fence/launch
-- Installing: /home/w/work/moveit2_handeye_calib/install/robot_virtual_fence/share/robot_virtual_fence/launch/virtual_fence_with_obstacles.launch.py
-- Installing: /home/w/work/moveit2_handeye_calib/install/robot_virtual_fence/share/robot_virtual_fence/launch/multi_obstacles.launch.py
-- Installing: /home/w/work/moveit2_handeye_calib/install/robot_virtual_fence/share/ament_index/resource_index/package_run_dependencies/robot_virtual_fence
-- Installing: /home/w/work/moveit2_handeye_calib/install/robot_virtual_fence/share/ament_index/resource_index/parent_prefix_path/robot_virtual_fence
-- Installing: /home/w/work/moveit2_handeye_calib/install/robot_virtual_fence/share/robot_virtual_fence/environment/ament_prefix_path.sh
-- Installing: /home/w/work/moveit2_handeye_calib/install/robot_virtual_fence/share/robot_virtual_fence/environment/ament_prefix_path.dsv
-- Installing: /home/w/work/moveit2_handeye_calib/install/robot_virtual_fence/share/robot_virtual_fence/environment/path.sh
-- Installing: /home/w/work/moveit2_handeye_calib/install/robot_virtual_fence/share/robot_virtual_fence/environment/path.dsv
-- Installing: /home/w/work/moveit2_handeye_calib/install/robot_virtual_fence/share/robot_virtual_fence/local_setup.bash
-- Installing: /home/w/work/moveit2_handeye_calib/install/robot_virtual_fence/share/robot_virtual_fence/local_setup.sh
-- Installing: /home/w/work/moveit2_handeye_calib/install/robot_virtual_fence/share/robot_virtual_fence/local_setup.zsh
-- Installing: /home/w/work/moveit2_handeye_calib/install/robot_virtual_fence/share/robot_virtual_fence/local_setup.dsv
-- Installing: /home/w/work/moveit2_handeye_calib/install/robot_virtual_fence/share/robot_virtual_fence/package.dsv
-- Installing: /home/w/work/moveit2_handeye_calib/install/robot_virtual_fence/share/ament_index/resource_index/packages/robot_virtual_fence
-- Installing: /home/w/work/moveit2_handeye_calib/install/robot_virtual_fence/share/robot_virtual_fence/cmake/robot_virtual_fenceConfig.cmake
-- Installing: /home/w/work/moveit2_handeye_calib/install/robot_virtual_fence/share/robot_virtual_fence/cmake/robot_virtual_fenceConfig-version.cmake
-- Installing: /home/w/work/moveit2_handeye_calib/install/robot_virtual_fence/share/robot_virtual_fence/package.xml
