[0.171s] Invoking command in '/home/w/work/moveit2_handeye_calib/build/robot_virtual_fence': CMAKE_PREFIX_PATH=${CMAKE_PREFIX_PATH}:/opt/ros/humble /usr/bin/cmake /home/w/work/moveit2_handeye_calib/TG620/robot_virtual_fence -DCMAKE_INSTALL_PREFIX=/home/w/work/moveit2_handeye_calib/install/robot_virtual_fence
[0.209s] -- The C compiler identification is GNU 11.4.0
[0.245s] -- The CXX compiler identification is GNU 11.4.0
[0.251s] -- Detecting C compiler ABI info
[0.297s] -- Detecting C compiler ABI info - done
[0.303s] -- Check for working C compiler: /usr/bin/cc - skipped
[0.303s] -- Detecting C compile features
[0.304s] -- Detecting C compile features - done
[0.306s] -- Detecting CXX compiler ABI info
[0.370s] -- Detecting CXX compiler ABI info - done
[0.376s] -- Check for working CXX compiler: /usr/bin/c++ - skipped
[0.376s] -- Detecting CXX compile features
[0.377s] -- Detecting CXX compile features - done
[0.379s] -- Found ament_cmake: 1.3.12 (/opt/ros/humble/share/ament_cmake/cmake)
[0.508s] -- Found Python3: /usr/bin/python3 (found version "3.10.12") found components: Interpreter 
[0.568s] -- Found rclcpp: 16.0.15 (/opt/ros/humble/share/rclcpp/cmake)
[0.600s] -- Found rosidl_generator_c: 3.1.7 (/opt/ros/humble/share/rosidl_generator_c/cmake)
[0.603s] -- Found rosidl_adapter: 3.1.7 (/opt/ros/humble/share/rosidl_adapter/cmake)
[0.609s] -- Found rosidl_generator_cpp: 3.1.7 (/opt/ros/humble/share/rosidl_generator_cpp/cmake)
[0.616s] -- Using all available rosidl_typesupport_c: rosidl_typesupport_fastrtps_c;rosidl_typesupport_introspection_c
[0.626s] -- Using all available rosidl_typesupport_cpp: rosidl_typesupport_fastrtps_cpp;rosidl_typesupport_introspection_cpp
[0.654s] -- Found rmw_implementation_cmake: 6.1.2 (/opt/ros/humble/share/rmw_implementation_cmake/cmake)
[0.656s] -- Found rmw_fastrtps_cpp: 6.2.9 (/opt/ros/humble/share/rmw_fastrtps_cpp/cmake)
[0.711s] -- Found OpenSSL: /usr/lib/x86_64-linux-gnu/libcrypto.so (found version "3.0.2")  
[0.729s] -- Found FastRTPS: /opt/ros/humble/include  
[0.759s] -- Using RMW implementation 'rmw_fastrtps_cpp' as default
[0.765s] -- Looking for pthread.h
[0.818s] -- Looking for pthread.h - found
[0.818s] -- Performing Test CMAKE_HAVE_LIBC_PTHREAD
[0.870s] -- Performing Test CMAKE_HAVE_LIBC_PTHREAD - Success
[0.870s] -- Found Threads: TRUE  
[0.903s] -- Found moveit_ros_planning_interface: 2.5.9 (/opt/ros/humble/share/moveit_ros_planning_interface/cmake)
[0.918s] -- Found Boost: /usr/lib/x86_64-linux-gnu/cmake/Boost-1.74.0/BoostConfig.cmake (found version "1.74.0") found components: date_time filesystem program_options system thread 
[1.034s] -- Found Boost: /usr/lib/x86_64-linux-gnu/cmake/Boost-1.74.0/BoostConfig.cmake (found version "1.74.0") found components: chrono date_time filesystem iostreams program_options regex serialization system thread 
[1.059s] -- Found parameter_traits: 0.5.0 (/opt/ros/humble/share/parameter_traits/cmake)
[1.067s] -- Found rclcpp_lifecycle: 16.0.15 (/opt/ros/humble/share/rclcpp_lifecycle/cmake)
[1.083s] -- Found Boost: /usr/lib/x86_64-linux-gnu/cmake/Boost-1.74.0/BoostConfig.cmake (found version "1.74.0") found components: filesystem 
[1.143s] -- library: /usr/lib/x86_64-linux-gnu/libcurl.so
[1.169s] -- Found Eigen3: TRUE (found version "3.4.0") 
[1.169s] -- Ensuring Eigen3 include directory is part of orocos-kdl CMake target
[1.257s] -- Found Boost: /usr/lib/x86_64-linux-gnu/cmake/Boost-1.74.0/BoostConfig.cmake (found version "1.74.0") found components: system filesystem date_time program_options thread chrono 
[1.279s] -- Found Boost: /usr/lib/x86_64-linux-gnu/cmake/Boost-1.74.0/BoostConfig.cmake (found version "1.74.0") found components: thread system filesystem regex date_time program_options 
[1.295s] -- Found Boost: /usr/lib/x86_64-linux-gnu/cmake/Boost-1.74.0/BoostConfig.cmake (found version "1.74.0") found components: system filesystem date_time program_options thread 
[1.372s] -- Configuring done
[1.401s] -- Generating done
[1.409s] -- Build files have been written to: /home/w/work/moveit2_handeye_calib/build/robot_virtual_fence
[1.433s] Invoked command in '/home/w/work/moveit2_handeye_calib/build/robot_virtual_fence' returned '0': CMAKE_PREFIX_PATH=${CMAKE_PREFIX_PATH}:/opt/ros/humble /usr/bin/cmake /home/w/work/moveit2_handeye_calib/TG620/robot_virtual_fence -DCMAKE_INSTALL_PREFIX=/home/w/work/moveit2_handeye_calib/install/robot_virtual_fence
[1.436s] Invoking command in '/home/w/work/moveit2_handeye_calib/build/robot_virtual_fence': CMAKE_PREFIX_PATH=${CMAKE_PREFIX_PATH}:/opt/ros/humble /usr/bin/cmake --build /home/w/work/moveit2_handeye_calib/build/robot_virtual_fence -- -j28 -l28
[1.497s] [ 50%] [32mBuilding CXX object CMakeFiles/virtual_fence_node.dir/src/virtual_fence.cpp.o[0m
[9.712s] [100%] [32m[1mLinking CXX executable virtual_fence_node[0m
[10.048s] [100%] Built target virtual_fence_node
[10.057s] Invoked command in '/home/w/work/moveit2_handeye_calib/build/robot_virtual_fence' returned '0': CMAKE_PREFIX_PATH=${CMAKE_PREFIX_PATH}:/opt/ros/humble /usr/bin/cmake --build /home/w/work/moveit2_handeye_calib/build/robot_virtual_fence -- -j28 -l28
[10.059s] Invoking command in '/home/w/work/moveit2_handeye_calib/build/robot_virtual_fence': CMAKE_PREFIX_PATH=${CMAKE_PREFIX_PATH}:/opt/ros/humble /usr/bin/cmake --install /home/w/work/moveit2_handeye_calib/build/robot_virtual_fence
[10.064s] -- Install configuration: ""
[10.064s] -- Installing: /home/w/work/moveit2_handeye_calib/install/robot_virtual_fence/lib/robot_virtual_fence/virtual_fence_node
[10.065s] -- Set runtime path of "/home/w/work/moveit2_handeye_calib/install/robot_virtual_fence/lib/robot_virtual_fence/virtual_fence_node" to ""
[10.065s] -- Installing: /home/w/work/moveit2_handeye_calib/install/robot_virtual_fence/share/robot_virtual_fence/config
[10.065s] -- Installing: /home/w/work/moveit2_handeye_calib/install/robot_virtual_fence/share/robot_virtual_fence/config/multi_obstacles.yaml
[10.065s] -- Installing: /home/w/work/moveit2_handeye_calib/install/robot_virtual_fence/share/robot_virtual_fence/config/HOW_TO_CONFIGURE_MULTI_OBSTACLES.md
[10.065s] -- Installing: /home/w/work/moveit2_handeye_calib/install/robot_virtual_fence/share/robot_virtual_fence/config/obstacles_example.yaml
[10.066s] -- Installing: /home/w/work/moveit2_handeye_calib/install/robot_virtual_fence/share/robot_virtual_fence/launch
[10.066s] -- Installing: /home/w/work/moveit2_handeye_calib/install/robot_virtual_fence/share/robot_virtual_fence/launch/virtual_fence_with_obstacles.launch.py
[10.066s] -- Installing: /home/w/work/moveit2_handeye_calib/install/robot_virtual_fence/share/robot_virtual_fence/launch/multi_obstacles.launch.py
[10.066s] -- Installing: /home/w/work/moveit2_handeye_calib/install/robot_virtual_fence/share/ament_index/resource_index/package_run_dependencies/robot_virtual_fence
[10.066s] -- Installing: /home/w/work/moveit2_handeye_calib/install/robot_virtual_fence/share/ament_index/resource_index/parent_prefix_path/robot_virtual_fence
[10.066s] -- Installing: /home/w/work/moveit2_handeye_calib/install/robot_virtual_fence/share/robot_virtual_fence/environment/ament_prefix_path.sh
[10.066s] -- Installing: /home/w/work/moveit2_handeye_calib/install/robot_virtual_fence/share/robot_virtual_fence/environment/ament_prefix_path.dsv
[10.066s] -- Installing: /home/w/work/moveit2_handeye_calib/install/robot_virtual_fence/share/robot_virtual_fence/environment/path.sh
[10.066s] -- Installing: /home/w/work/moveit2_handeye_calib/install/robot_virtual_fence/share/robot_virtual_fence/environment/path.dsv
[10.066s] -- Installing: /home/w/work/moveit2_handeye_calib/install/robot_virtual_fence/share/robot_virtual_fence/local_setup.bash
[10.066s] -- Installing: /home/w/work/moveit2_handeye_calib/install/robot_virtual_fence/share/robot_virtual_fence/local_setup.sh
[10.066s] -- Installing: /home/w/work/moveit2_handeye_calib/install/robot_virtual_fence/share/robot_virtual_fence/local_setup.zsh
[10.066s] -- Installing: /home/w/work/moveit2_handeye_calib/install/robot_virtual_fence/share/robot_virtual_fence/local_setup.dsv
[10.066s] -- Installing: /home/w/work/moveit2_handeye_calib/install/robot_virtual_fence/share/robot_virtual_fence/package.dsv
[10.066s] -- Installing: /home/w/work/moveit2_handeye_calib/install/robot_virtual_fence/share/ament_index/resource_index/packages/robot_virtual_fence
[10.066s] -- Installing: /home/w/work/moveit2_handeye_calib/install/robot_virtual_fence/share/robot_virtual_fence/cmake/robot_virtual_fenceConfig.cmake
[10.066s] -- Installing: /home/w/work/moveit2_handeye_calib/install/robot_virtual_fence/share/robot_virtual_fence/cmake/robot_virtual_fenceConfig-version.cmake
[10.067s] -- Installing: /home/w/work/moveit2_handeye_calib/install/robot_virtual_fence/share/robot_virtual_fence/package.xml
[10.068s] Invoked command in '/home/w/work/moveit2_handeye_calib/build/robot_virtual_fence' returned '0': CMAKE_PREFIX_PATH=${CMAKE_PREFIX_PATH}:/opt/ros/humble /usr/bin/cmake --install /home/w/work/moveit2_handeye_calib/build/robot_virtual_fence
