[100%] Built target virtual_fence_node
-- Install configuration: ""
-- Up-to-date: /home/w/work/moveit2_handeye_calib/install/robot_virtual_fence/lib/robot_virtual_fence/virtual_fence_node
-- Up-to-date: /home/w/work/moveit2_handeye_calib/install/robot_virtual_fence/share/robot_virtual_fence/config
-- Up-to-date: /home/w/work/moveit2_handeye_calib/install/robot_virtual_fence/share/robot_virtual_fence/config/multi_obstacles.yaml
-- Up-to-date: /home/w/work/moveit2_handeye_calib/install/robot_virtual_fence/share/robot_virtual_fence/config/HOW_TO_CONFIGURE_MULTI_OBSTACLES.md
-- Up-to-date: /home/w/work/moveit2_handeye_calib/install/robot_virtual_fence/share/robot_virtual_fence/config/obstacles_example.yaml
-- Up-to-date: /home/w/work/moveit2_handeye_calib/install/robot_virtual_fence/share/robot_virtual_fence/launch
-- Up-to-date: /home/w/work/moveit2_handeye_calib/install/robot_virtual_fence/share/robot_virtual_fence/launch/virtual_fence_with_obstacles.launch.py
-- Up-to-date: /home/w/work/moveit2_handeye_calib/install/robot_virtual_fence/share/robot_virtual_fence/launch/multi_obstacles.launch.py
-- Up-to-date: /home/w/work/moveit2_handeye_calib/install/robot_virtual_fence/share/ament_index/resource_index/package_run_dependencies/robot_virtual_fence
-- Up-to-date: /home/w/work/moveit2_handeye_calib/install/robot_virtual_fence/share/ament_index/resource_index/parent_prefix_path/robot_virtual_fence
-- Up-to-date: /home/w/work/moveit2_handeye_calib/install/robot_virtual_fence/share/robot_virtual_fence/environment/ament_prefix_path.sh
-- Up-to-date: /home/w/work/moveit2_handeye_calib/install/robot_virtual_fence/share/robot_virtual_fence/environment/ament_prefix_path.dsv
-- Up-to-date: /home/w/work/moveit2_handeye_calib/install/robot_virtual_fence/share/robot_virtual_fence/environment/path.sh
-- Up-to-date: /home/w/work/moveit2_handeye_calib/install/robot_virtual_fence/share/robot_virtual_fence/environment/path.dsv
-- Up-to-date: /home/w/work/moveit2_handeye_calib/install/robot_virtual_fence/share/robot_virtual_fence/local_setup.bash
-- Up-to-date: /home/w/work/moveit2_handeye_calib/install/robot_virtual_fence/share/robot_virtual_fence/local_setup.sh
-- Up-to-date: /home/w/work/moveit2_handeye_calib/install/robot_virtual_fence/share/robot_virtual_fence/local_setup.zsh
-- Up-to-date: /home/w/work/moveit2_handeye_calib/install/robot_virtual_fence/share/robot_virtual_fence/local_setup.dsv
-- Installing: /home/w/work/moveit2_handeye_calib/install/robot_virtual_fence/share/robot_virtual_fence/package.dsv
-- Up-to-date: /home/w/work/moveit2_handeye_calib/install/robot_virtual_fence/share/ament_index/resource_index/packages/robot_virtual_fence
-- Up-to-date: /home/w/work/moveit2_handeye_calib/install/robot_virtual_fence/share/robot_virtual_fence/cmake/robot_virtual_fenceConfig.cmake
-- Up-to-date: /home/w/work/moveit2_handeye_calib/install/robot_virtual_fence/share/robot_virtual_fence/cmake/robot_virtual_fenceConfig-version.cmake
-- Up-to-date: /home/w/work/moveit2_handeye_calib/install/robot_virtual_fence/share/robot_virtual_fence/package.xml
