[0.241s] Invoking command in '/home/w/work/moveit2_handeye_calib/build/robot_virtual_fence': CMAKE_PREFIX_PATH=${CMAKE_PREFIX_PATH}:/home/w/work/moveit2_handeye_calib/install/traj_smoother_py:/home/w/work/moveit2_handeye_calib/install/robot_test_py:/home/w/work/moveit2_handeye_calib/install/robot_input:/home/w/work/moveit2_handeye_calib/install/robot_dynamics:/opt/ros/humble /usr/bin/cmake --build /home/w/work/moveit2_handeye_calib/build/robot_virtual_fence -- -j28 -l28
[0.297s] [100%] Built target virtual_fence_node
[0.469s] Invoked command in '/home/w/work/moveit2_handeye_calib/build/robot_virtual_fence' returned '0': CMAKE_PREFIX_PATH=${CMAKE_PREFIX_PATH}:/home/w/work/moveit2_handeye_calib/install/traj_smoother_py:/home/w/work/moveit2_handeye_calib/install/robot_test_py:/home/w/work/moveit2_handeye_calib/install/robot_input:/home/w/work/moveit2_handeye_calib/install/robot_dynamics:/opt/ros/humble /usr/bin/cmake --build /home/w/work/moveit2_handeye_calib/build/robot_virtual_fence -- -j28 -l28
[0.470s] Invoking command in '/home/w/work/moveit2_handeye_calib/build/robot_virtual_fence': CMAKE_PREFIX_PATH=${CMAKE_PREFIX_PATH}:/home/w/work/moveit2_handeye_calib/install/traj_smoother_py:/home/w/work/moveit2_handeye_calib/install/robot_test_py:/home/w/work/moveit2_handeye_calib/install/robot_input:/home/w/work/moveit2_handeye_calib/install/robot_dynamics:/opt/ros/humble /usr/bin/cmake --install /home/w/work/moveit2_handeye_calib/build/robot_virtual_fence
[0.504s] -- Install configuration: ""
[0.505s] -- Up-to-date: /home/w/work/moveit2_handeye_calib/install/robot_virtual_fence/lib/robot_virtual_fence/virtual_fence_node
[0.507s] -- Up-to-date: /home/w/work/moveit2_handeye_calib/install/robot_virtual_fence/share/robot_virtual_fence/config
[0.507s] -- Up-to-date: /home/w/work/moveit2_handeye_calib/install/robot_virtual_fence/share/robot_virtual_fence/config/multi_obstacles.yaml
[0.507s] -- Up-to-date: /home/w/work/moveit2_handeye_calib/install/robot_virtual_fence/share/robot_virtual_fence/config/HOW_TO_CONFIGURE_MULTI_OBSTACLES.md
[0.508s] -- Up-to-date: /home/w/work/moveit2_handeye_calib/install/robot_virtual_fence/share/robot_virtual_fence/config/obstacles_example.yaml
[0.508s] -- Up-to-date: /home/w/work/moveit2_handeye_calib/install/robot_virtual_fence/share/robot_virtual_fence/launch
[0.508s] -- Up-to-date: /home/w/work/moveit2_handeye_calib/install/robot_virtual_fence/share/robot_virtual_fence/launch/virtual_fence_with_obstacles.launch.py
[0.508s] -- Up-to-date: /home/w/work/moveit2_handeye_calib/install/robot_virtual_fence/share/robot_virtual_fence/launch/multi_obstacles.launch.py
[0.508s] -- Up-to-date: /home/w/work/moveit2_handeye_calib/install/robot_virtual_fence/share/ament_index/resource_index/package_run_dependencies/robot_virtual_fence
[0.508s] -- Up-to-date: /home/w/work/moveit2_handeye_calib/install/robot_virtual_fence/share/ament_index/resource_index/parent_prefix_path/robot_virtual_fence
[0.508s] -- Up-to-date: /home/w/work/moveit2_handeye_calib/install/robot_virtual_fence/share/robot_virtual_fence/environment/ament_prefix_path.sh
[0.508s] -- Up-to-date: /home/w/work/moveit2_handeye_calib/install/robot_virtual_fence/share/robot_virtual_fence/environment/ament_prefix_path.dsv
[0.512s] -- Up-to-date: /home/w/work/moveit2_handeye_calib/install/robot_virtual_fence/share/robot_virtual_fence/environment/path.sh
[0.512s] -- Up-to-date: /home/w/work/moveit2_handeye_calib/install/robot_virtual_fence/share/robot_virtual_fence/environment/path.dsv
[0.512s] -- Up-to-date: /home/w/work/moveit2_handeye_calib/install/robot_virtual_fence/share/robot_virtual_fence/local_setup.bash
[0.512s] -- Up-to-date: /home/w/work/moveit2_handeye_calib/install/robot_virtual_fence/share/robot_virtual_fence/local_setup.sh
[0.512s] -- Up-to-date: /home/w/work/moveit2_handeye_calib/install/robot_virtual_fence/share/robot_virtual_fence/local_setup.zsh
[0.512s] -- Up-to-date: /home/w/work/moveit2_handeye_calib/install/robot_virtual_fence/share/robot_virtual_fence/local_setup.dsv
[0.512s] -- Installing: /home/w/work/moveit2_handeye_calib/install/robot_virtual_fence/share/robot_virtual_fence/package.dsv
[0.521s] -- Up-to-date: /home/w/work/moveit2_handeye_calib/install/robot_virtual_fence/share/ament_index/resource_index/packages/robot_virtual_fence
[0.522s] -- Up-to-date: /home/w/work/moveit2_handeye_calib/install/robot_virtual_fence/share/robot_virtual_fence/cmake/robot_virtual_fenceConfig.cmake
[0.522s] -- Up-to-date: /home/w/work/moveit2_handeye_calib/install/robot_virtual_fence/share/robot_virtual_fence/cmake/robot_virtual_fenceConfig-version.cmake
[0.522s] -- Up-to-date: /home/w/work/moveit2_handeye_calib/install/robot_virtual_fence/share/robot_virtual_fence/package.xml
[0.566s] Invoked command in '/home/w/work/moveit2_handeye_calib/build/robot_virtual_fence' returned '0': CMAKE_PREFIX_PATH=${CMAKE_PREFIX_PATH}:/home/w/work/moveit2_handeye_calib/install/traj_smoother_py:/home/w/work/moveit2_handeye_calib/install/robot_test_py:/home/w/work/moveit2_handeye_calib/install/robot_input:/home/w/work/moveit2_handeye_calib/install/robot_dynamics:/opt/ros/humble /usr/bin/cmake --install /home/w/work/moveit2_handeye_calib/build/robot_virtual_fence
