running egg_info
creating ../../build/robot_dynamics/robot_dynamics.egg-info
writing ../../build/robot_dynamics/robot_dynamics.egg-info/PKG-INFO
writing dependency_links to ../../build/robot_dynamics/robot_dynamics.egg-info/dependency_links.txt
writing entry points to ../../build/robot_dynamics/robot_dynamics.egg-info/entry_points.txt
writing requirements to ../../build/robot_dynamics/robot_dynamics.egg-info/requires.txt
writing top-level names to ../../build/robot_dynamics/robot_dynamics.egg-info/top_level.txt
writing manifest file '../../build/robot_dynamics/robot_dynamics.egg-info/SOURCES.txt'
reading manifest file '../../build/robot_dynamics/robot_dynamics.egg-info/SOURCES.txt'
writing manifest file '../../build/robot_dynamics/robot_dynamics.egg-info/SOURCES.txt'
running build
running build_py
creating /home/w/work/moveit2_handeye_calib/build/robot_dynamics/build
creating /home/w/work/moveit2_handeye_calib/build/robot_dynamics/build/lib
creating /home/w/work/moveit2_handeye_calib/build/robot_dynamics/build/lib/robot_dynamics
copying robot_dynamics/__init__.py -> /home/w/work/moveit2_handeye_calib/build/robot_dynamics/build/lib/robot_dynamics
copying robot_dynamics/gravity_compensator.py -> /home/w/work/moveit2_handeye_calib/build/robot_dynamics/build/lib/robot_dynamics
running install
running install_lib
creating /home/w/work/moveit2_handeye_calib/install/robot_dynamics/lib/python3.10/site-packages/robot_dynamics
copying /home/w/work/moveit2_handeye_calib/build/robot_dynamics/build/lib/robot_dynamics/__init__.py -> /home/w/work/moveit2_handeye_calib/install/robot_dynamics/lib/python3.10/site-packages/robot_dynamics
copying /home/w/work/moveit2_handeye_calib/build/robot_dynamics/build/lib/robot_dynamics/gravity_compensator.py -> /home/w/work/moveit2_handeye_calib/install/robot_dynamics/lib/python3.10/site-packages/robot_dynamics
byte-compiling /home/w/work/moveit2_handeye_calib/install/robot_dynamics/lib/python3.10/site-packages/robot_dynamics/__init__.py to __init__.cpython-310.pyc
byte-compiling /home/w/work/moveit2_handeye_calib/install/robot_dynamics/lib/python3.10/site-packages/robot_dynamics/gravity_compensator.py to gravity_compensator.cpython-310.pyc
running install_data
creating /home/w/work/moveit2_handeye_calib/install/robot_dynamics/share/ament_index
creating /home/w/work/moveit2_handeye_calib/install/robot_dynamics/share/ament_index/resource_index
creating /home/w/work/moveit2_handeye_calib/install/robot_dynamics/share/ament_index/resource_index/packages
copying resource/robot_dynamics -> /home/w/work/moveit2_handeye_calib/install/robot_dynamics/share/ament_index/resource_index/packages
copying package.xml -> /home/w/work/moveit2_handeye_calib/install/robot_dynamics/share/robot_dynamics
creating /home/w/work/moveit2_handeye_calib/install/robot_dynamics/share/robot_dynamics/launch
copying launch/gravity_arm380.launch.py -> /home/w/work/moveit2_handeye_calib/install/robot_dynamics/share/robot_dynamics/launch
copying launch/gravity_arm620_dh.launch.py -> /home/w/work/moveit2_handeye_calib/install/robot_dynamics/share/robot_dynamics/launch
copying launch/gravity_arm620.launch.py -> /home/w/work/moveit2_handeye_calib/install/robot_dynamics/share/robot_dynamics/launch
running install_egg_info
Copying ../../build/robot_dynamics/robot_dynamics.egg-info to /home/w/work/moveit2_handeye_calib/install/robot_dynamics/lib/python3.10/site-packages/robot_dynamics-0.0.0-py3.10.egg-info
running install_scripts
Installing gravity_compensator script to /home/w/work/moveit2_handeye_calib/install/robot_dynamics/lib/robot_dynamics
writing list of installed files to '/home/w/work/moveit2_handeye_calib/build/robot_dynamics/install.log'
