[0.577s] Invoking command in '/home/w/work/moveit2_handeye_calib/TG620/robot_dynamics': PYTHONPATH=/home/w/work/moveit2_handeye_calib/build/robot_dynamics/prefix_override:/usr/lib/python3/dist-packages/colcon_core/task/python/colcon_distutils_commands:/home/w/work/moveit2_handeye_calib/install/robot_dynamics/lib/python3.10/site-packages:${PYTHONPATH} /usr/bin/python3 -W ignore:setup.py install is deprecated -W ignore:easy_install command is deprecated setup.py egg_info --egg-base ../../build/robot_dynamics build --build-base /home/w/work/moveit2_handeye_calib/build/robot_dynamics/build install --record /home/w/work/moveit2_handeye_calib/build/robot_dynamics/install.log --single-version-externally-managed install_data
[0.724s] running egg_info
[0.725s] creating ../../build/robot_dynamics/robot_dynamics.egg-info
[0.725s] writing ../../build/robot_dynamics/robot_dynamics.egg-info/PKG-INFO
[0.725s] writing dependency_links to ../../build/robot_dynamics/robot_dynamics.egg-info/dependency_links.txt
[0.725s] writing entry points to ../../build/robot_dynamics/robot_dynamics.egg-info/entry_points.txt
[0.725s] writing requirements to ../../build/robot_dynamics/robot_dynamics.egg-info/requires.txt
[0.725s] writing top-level names to ../../build/robot_dynamics/robot_dynamics.egg-info/top_level.txt
[0.725s] writing manifest file '../../build/robot_dynamics/robot_dynamics.egg-info/SOURCES.txt'
[0.726s] reading manifest file '../../build/robot_dynamics/robot_dynamics.egg-info/SOURCES.txt'
[0.727s] writing manifest file '../../build/robot_dynamics/robot_dynamics.egg-info/SOURCES.txt'
[0.727s] running build
[0.727s] running build_py
[0.727s] creating /home/w/work/moveit2_handeye_calib/build/robot_dynamics/build
[0.727s] creating /home/w/work/moveit2_handeye_calib/build/robot_dynamics/build/lib
[0.727s] creating /home/w/work/moveit2_handeye_calib/build/robot_dynamics/build/lib/robot_dynamics
[0.727s] copying robot_dynamics/__init__.py -> /home/w/work/moveit2_handeye_calib/build/robot_dynamics/build/lib/robot_dynamics
[0.727s] copying robot_dynamics/gravity_compensator.py -> /home/w/work/moveit2_handeye_calib/build/robot_dynamics/build/lib/robot_dynamics
[0.727s] running install
[0.728s] running install_lib
[0.728s] creating /home/w/work/moveit2_handeye_calib/install/robot_dynamics/lib/python3.10/site-packages/robot_dynamics
[0.728s] copying /home/w/work/moveit2_handeye_calib/build/robot_dynamics/build/lib/robot_dynamics/__init__.py -> /home/w/work/moveit2_handeye_calib/install/robot_dynamics/lib/python3.10/site-packages/robot_dynamics
[0.728s] copying /home/w/work/moveit2_handeye_calib/build/robot_dynamics/build/lib/robot_dynamics/gravity_compensator.py -> /home/w/work/moveit2_handeye_calib/install/robot_dynamics/lib/python3.10/site-packages/robot_dynamics
[0.728s] byte-compiling /home/w/work/moveit2_handeye_calib/install/robot_dynamics/lib/python3.10/site-packages/robot_dynamics/__init__.py to __init__.cpython-310.pyc
[0.728s] byte-compiling /home/w/work/moveit2_handeye_calib/install/robot_dynamics/lib/python3.10/site-packages/robot_dynamics/gravity_compensator.py to gravity_compensator.cpython-310.pyc
[0.730s] running install_data
[0.730s] creating /home/w/work/moveit2_handeye_calib/install/robot_dynamics/share/ament_index
[0.730s] creating /home/w/work/moveit2_handeye_calib/install/robot_dynamics/share/ament_index/resource_index
[0.730s] creating /home/w/work/moveit2_handeye_calib/install/robot_dynamics/share/ament_index/resource_index/packages
[0.731s] copying resource/robot_dynamics -> /home/w/work/moveit2_handeye_calib/install/robot_dynamics/share/ament_index/resource_index/packages
[0.731s] copying package.xml -> /home/w/work/moveit2_handeye_calib/install/robot_dynamics/share/robot_dynamics
[0.731s] creating /home/w/work/moveit2_handeye_calib/install/robot_dynamics/share/robot_dynamics/launch
[0.731s] copying launch/gravity_arm380.launch.py -> /home/w/work/moveit2_handeye_calib/install/robot_dynamics/share/robot_dynamics/launch
[0.731s] copying launch/gravity_arm620_dh.launch.py -> /home/w/work/moveit2_handeye_calib/install/robot_dynamics/share/robot_dynamics/launch
[0.731s] copying launch/gravity_arm620.launch.py -> /home/w/work/moveit2_handeye_calib/install/robot_dynamics/share/robot_dynamics/launch
[0.731s] running install_egg_info
[0.732s] Copying ../../build/robot_dynamics/robot_dynamics.egg-info to /home/w/work/moveit2_handeye_calib/install/robot_dynamics/lib/python3.10/site-packages/robot_dynamics-0.0.0-py3.10.egg-info
[0.732s] running install_scripts
[0.745s] Installing gravity_compensator script to /home/w/work/moveit2_handeye_calib/install/robot_dynamics/lib/robot_dynamics
[0.746s] writing list of installed files to '/home/w/work/moveit2_handeye_calib/build/robot_dynamics/install.log'
[0.764s] Invoked command in '/home/w/work/moveit2_handeye_calib/TG620/robot_dynamics' returned '0': PYTHONPATH=/home/w/work/moveit2_handeye_calib/build/robot_dynamics/prefix_override:/usr/lib/python3/dist-packages/colcon_core/task/python/colcon_distutils_commands:/home/w/work/moveit2_handeye_calib/install/robot_dynamics/lib/python3.10/site-packages:${PYTHONPATH} /usr/bin/python3 -W ignore:setup.py install is deprecated -W ignore:easy_install command is deprecated setup.py egg_info --egg-base ../../build/robot_dynamics build --build-base /home/w/work/moveit2_handeye_calib/build/robot_dynamics/build install --record /home/w/work/moveit2_handeye_calib/build/robot_dynamics/install.log --single-version-externally-managed install_data
