[ 50%] Built target robot_sdk_lib
[100%] Built target robot_sdk
-- Install configuration: ""
-- Up-to-date: /home/w/work/moveit2_handeye_calib/install/robot_sdk/lib/robot_sdk/librobot_sdk_lib.so
-- Up-to-date: /home/w/work/moveit2_handeye_calib/install/robot_sdk/lib/robot_sdk/robot_sdk
-- Up-to-date: /home/w/work/moveit2_handeye_calib/install/robot_sdk/include/
-- Up-to-date: /home/w/work/moveit2_handeye_calib/install/robot_sdk/include//robot_sdk.h
-- Up-to-date: /home/w/work/moveit2_handeye_calib/install/robot_sdk/include//robot_key_controller.h
-- Up-to-date: /home/w/work/moveit2_handeye_calib/install/robot_sdk/share/robot_sdk/launch
-- Up-to-date: /home/w/work/moveit2_handeye_calib/install/robot_sdk/share/robot_sdk/launch/robot_sdk.launch.py
-- Up-to-date: /home/w/work/moveit2_handeye_calib/install/robot_sdk/share/ament_index/resource_index/package_run_dependencies/robot_sdk
-- Up-to-date: /home/w/work/moveit2_handeye_calib/install/robot_sdk/share/ament_index/resource_index/parent_prefix_path/robot_sdk
-- Up-to-date: /home/w/work/moveit2_handeye_calib/install/robot_sdk/share/robot_sdk/environment/ament_prefix_path.sh
-- Up-to-date: /home/w/work/moveit2_handeye_calib/install/robot_sdk/share/robot_sdk/environment/ament_prefix_path.dsv
-- Up-to-date: /home/w/work/moveit2_handeye_calib/install/robot_sdk/share/robot_sdk/environment/path.sh
-- Up-to-date: /home/w/work/moveit2_handeye_calib/install/robot_sdk/share/robot_sdk/environment/path.dsv
-- Up-to-date: /home/w/work/moveit2_handeye_calib/install/robot_sdk/share/robot_sdk/local_setup.bash
-- Up-to-date: /home/w/work/moveit2_handeye_calib/install/robot_sdk/share/robot_sdk/local_setup.sh
-- Up-to-date: /home/w/work/moveit2_handeye_calib/install/robot_sdk/share/robot_sdk/local_setup.zsh
-- Up-to-date: /home/w/work/moveit2_handeye_calib/install/robot_sdk/share/robot_sdk/local_setup.dsv
-- Installing: /home/w/work/moveit2_handeye_calib/install/robot_sdk/share/robot_sdk/package.dsv
-- Up-to-date: /home/w/work/moveit2_handeye_calib/install/robot_sdk/share/ament_index/resource_index/packages/robot_sdk
-- Up-to-date: /home/w/work/moveit2_handeye_calib/install/robot_sdk/share/robot_sdk/cmake/robot_sdkConfig.cmake
-- Up-to-date: /home/w/work/moveit2_handeye_calib/install/robot_sdk/share/robot_sdk/cmake/robot_sdkConfig-version.cmake
-- Up-to-date: /home/w/work/moveit2_handeye_calib/install/robot_sdk/share/robot_sdk/package.xml
