[35m[1mConsolidate compiler generated dependencies of target robot_driver[0m
[ 71%] Built target robot_driver
[35m[1mConsolidate compiler generated dependencies of target robot_driver_node[0m
[100%] Built target robot_driver_node
-- Install configuration: ""
-- Installing: /home/w/work/moveit2_handeye_calib/install/robot_driver/lib/librobot_driver.so
-- Set runtime path of "/home/w/work/moveit2_handeye_calib/install/robot_driver/lib/librobot_driver.so" to ""
-- Installing: /home/w/work/moveit2_handeye_calib/install/robot_driver/bin/robot_driver_node
-- Set runtime path of "/home/w/work/moveit2_handeye_calib/install/robot_driver/bin/robot_driver_node" to ""
-- Installing: /home/w/work/moveit2_handeye_calib/install/robot_driver/lib/robot_driver/librobot_driver.so
-- Set runtime path of "/home/w/work/moveit2_handeye_calib/install/robot_driver/lib/robot_driver/librobot_driver.so" to ""
-- Installing: /home/w/work/moveit2_handeye_calib/install/robot_driver/lib/robot_driver/robot_driver_node
-- Set runtime path of "/home/w/work/moveit2_handeye_calib/install/robot_driver/lib/robot_driver/robot_driver_node" to ""
-- Installing: /home/w/work/moveit2_handeye_calib/install/robot_driver/include
-- Installing: /home/w/work/moveit2_handeye_calib/install/robot_driver/include/robot_can_driver.hpp
-- Installing: /home/w/work/moveit2_handeye_calib/install/robot_driver/include/common_defs.hpp
-- Installing: /home/w/work/moveit2_handeye_calib/install/robot_driver/include/can_sender_driver.hpp
-- Installing: /home/w/work/moveit2_handeye_calib/install/robot_driver/include/can_receiver_driver.hpp
-- Installing: /home/w/work/moveit2_handeye_calib/install/robot_driver/include/robot_can_node.hpp
-- Installing: /home/w/work/moveit2_handeye_calib/install/robot_driver/include/can_gripper.hpp
-- Installing: /home/w/work/moveit2_handeye_calib/install/robot_driver/include/motor_status_recorder.hpp
-- Installing: /home/w/work/moveit2_handeye_calib/install/robot_driver/share/robot_driver/launch
-- Installing: /home/w/work/moveit2_handeye_calib/install/robot_driver/share/robot_driver/launch/robot_driver.launch.py
-- Installing: /home/w/work/moveit2_handeye_calib/install/robot_driver/share/robot_driver/environment/library_path.sh
-- Installing: /home/w/work/moveit2_handeye_calib/install/robot_driver/share/robot_driver/environment/library_path.dsv
-- Installing: /home/w/work/moveit2_handeye_calib/install/robot_driver/share/ament_index/resource_index/package_run_dependencies/robot_driver
-- Installing: /home/w/work/moveit2_handeye_calib/install/robot_driver/share/ament_index/resource_index/parent_prefix_path/robot_driver
-- Installing: /home/w/work/moveit2_handeye_calib/install/robot_driver/share/robot_driver/environment/ament_prefix_path.sh
-- Installing: /home/w/work/moveit2_handeye_calib/install/robot_driver/share/robot_driver/environment/ament_prefix_path.dsv
-- Installing: /home/w/work/moveit2_handeye_calib/install/robot_driver/share/robot_driver/environment/path.sh
-- Installing: /home/w/work/moveit2_handeye_calib/install/robot_driver/share/robot_driver/environment/path.dsv
-- Installing: /home/w/work/moveit2_handeye_calib/install/robot_driver/share/robot_driver/local_setup.bash
-- Installing: /home/w/work/moveit2_handeye_calib/install/robot_driver/share/robot_driver/local_setup.sh
-- Installing: /home/w/work/moveit2_handeye_calib/install/robot_driver/share/robot_driver/local_setup.zsh
-- Installing: /home/w/work/moveit2_handeye_calib/install/robot_driver/share/robot_driver/local_setup.dsv
-- Installing: /home/w/work/moveit2_handeye_calib/install/robot_driver/share/robot_driver/package.dsv
-- Installing: /home/w/work/moveit2_handeye_calib/install/robot_driver/share/ament_index/resource_index/packages/robot_driver
-- Installing: /home/w/work/moveit2_handeye_calib/install/robot_driver/share/robot_driver/cmake/ament_cmake_export_include_directories-extras.cmake
-- Installing: /home/w/work/moveit2_handeye_calib/install/robot_driver/share/robot_driver/cmake/ament_cmake_export_libraries-extras.cmake
-- Installing: /home/w/work/moveit2_handeye_calib/install/robot_driver/share/robot_driver/cmake/ament_cmake_export_dependencies-extras.cmake
-- Installing: /home/w/work/moveit2_handeye_calib/install/robot_driver/share/robot_driver/cmake/robot_driverConfig.cmake
-- Installing: /home/w/work/moveit2_handeye_calib/install/robot_driver/share/robot_driver/cmake/robot_driverConfig-version.cmake
-- Installing: /home/w/work/moveit2_handeye_calib/install/robot_driver/share/robot_driver/package.xml
