[0.011s] Invoking command in '/home/w/work/moveit2_handeye_calib/build/robot_driver': AMENT_PREFIX_PATH=/home/w/work/moveit2_handeye_calib/install/ros2_socketcan:/home/w/work/moveit2_handeye_calib/install/ros2_socketcan_msgs:/home/w/work/moveit2_handeye_calib/install/robot_interfaces:${AMENT_PREFIX_PATH} CMAKE_PREFIX_PATH=/home/w/work/moveit2_handeye_calib/install/ros2_socketcan:/home/w/work/moveit2_handeye_calib/install/ros2_socketcan_msgs:/home/w/work/moveit2_handeye_calib/install/robot_interfaces:/home/w/work/trac_ik_ws/install/trac_ik:/home/w/work/trac_ik_ws/install/trac_ik_examples:/home/w/work/trac_ik_ws/install/trac_ik_lib:/opt/ros/humble LD_LIBRARY_PATH=/home/w/work/moveit2_handeye_calib/install/ros2_socketcan/lib:/home/w/work/moveit2_handeye_calib/install/ros2_socketcan_msgs/lib:/home/w/work/moveit2_handeye_calib/install/robot_interfaces/lib:${LD_LIBRARY_PATH} PYTHONPATH=/home/w/work/moveit2_handeye_calib/install/ros2_socketcan_msgs/local/lib/python3.10/dist-packages:/home/w/work/moveit2_handeye_calib/install/robot_interfaces/local/lib/python3.10/dist-packages:${PYTHONPATH} /usr/bin/cmake --build /home/w/work/moveit2_handeye_calib/build/robot_driver -- -j28 -l28
[0.041s] [35m[1mConsolidate compiler generated dependencies of target robot_driver[0m
[0.058s] [ 71%] Built target robot_driver
[0.066s] [35m[1mConsolidate compiler generated dependencies of target robot_driver_node[0m
[0.079s] [100%] Built target robot_driver_node
[0.087s] Invoked command in '/home/w/work/moveit2_handeye_calib/build/robot_driver' returned '0': AMENT_PREFIX_PATH=/home/w/work/moveit2_handeye_calib/install/ros2_socketcan:/home/w/work/moveit2_handeye_calib/install/ros2_socketcan_msgs:/home/w/work/moveit2_handeye_calib/install/robot_interfaces:${AMENT_PREFIX_PATH} CMAKE_PREFIX_PATH=/home/w/work/moveit2_handeye_calib/install/ros2_socketcan:/home/w/work/moveit2_handeye_calib/install/ros2_socketcan_msgs:/home/w/work/moveit2_handeye_calib/install/robot_interfaces:/home/w/work/trac_ik_ws/install/trac_ik:/home/w/work/trac_ik_ws/install/trac_ik_examples:/home/w/work/trac_ik_ws/install/trac_ik_lib:/opt/ros/humble LD_LIBRARY_PATH=/home/w/work/moveit2_handeye_calib/install/ros2_socketcan/lib:/home/w/work/moveit2_handeye_calib/install/ros2_socketcan_msgs/lib:/home/w/work/moveit2_handeye_calib/install/robot_interfaces/lib:${LD_LIBRARY_PATH} PYTHONPATH=/home/w/work/moveit2_handeye_calib/install/ros2_socketcan_msgs/local/lib/python3.10/dist-packages:/home/w/work/moveit2_handeye_calib/install/robot_interfaces/local/lib/python3.10/dist-packages:${PYTHONPATH} /usr/bin/cmake --build /home/w/work/moveit2_handeye_calib/build/robot_driver -- -j28 -l28
[0.088s] Invoking command in '/home/w/work/moveit2_handeye_calib/build/robot_driver': AMENT_PREFIX_PATH=/home/w/work/moveit2_handeye_calib/install/ros2_socketcan:/home/w/work/moveit2_handeye_calib/install/ros2_socketcan_msgs:/home/w/work/moveit2_handeye_calib/install/robot_interfaces:${AMENT_PREFIX_PATH} CMAKE_PREFIX_PATH=/home/w/work/moveit2_handeye_calib/install/ros2_socketcan:/home/w/work/moveit2_handeye_calib/install/ros2_socketcan_msgs:/home/w/work/moveit2_handeye_calib/install/robot_interfaces:/home/w/work/trac_ik_ws/install/trac_ik:/home/w/work/trac_ik_ws/install/trac_ik_examples:/home/w/work/trac_ik_ws/install/trac_ik_lib:/opt/ros/humble LD_LIBRARY_PATH=/home/w/work/moveit2_handeye_calib/install/ros2_socketcan/lib:/home/w/work/moveit2_handeye_calib/install/ros2_socketcan_msgs/lib:/home/w/work/moveit2_handeye_calib/install/robot_interfaces/lib:${LD_LIBRARY_PATH} PYTHONPATH=/home/w/work/moveit2_handeye_calib/install/ros2_socketcan_msgs/local/lib/python3.10/dist-packages:/home/w/work/moveit2_handeye_calib/install/robot_interfaces/local/lib/python3.10/dist-packages:${PYTHONPATH} /usr/bin/cmake --install /home/w/work/moveit2_handeye_calib/build/robot_driver
[0.095s] -- Install configuration: ""
[0.095s] -- Installing: /home/w/work/moveit2_handeye_calib/install/robot_driver/lib/librobot_driver.so
[0.095s] -- Set runtime path of "/home/w/work/moveit2_handeye_calib/install/robot_driver/lib/librobot_driver.so" to ""
[0.095s] -- Installing: /home/w/work/moveit2_handeye_calib/install/robot_driver/bin/robot_driver_node
[0.106s] -- Set runtime path of "/home/w/work/moveit2_handeye_calib/install/robot_driver/bin/robot_driver_node" to ""
[0.106s] -- Installing: /home/w/work/moveit2_handeye_calib/install/robot_driver/lib/robot_driver/librobot_driver.so
[0.107s] -- Set runtime path of "/home/w/work/moveit2_handeye_calib/install/robot_driver/lib/robot_driver/librobot_driver.so" to ""
[0.107s] -- Installing: /home/w/work/moveit2_handeye_calib/install/robot_driver/lib/robot_driver/robot_driver_node
[0.117s] -- Set runtime path of "/home/w/work/moveit2_handeye_calib/install/robot_driver/lib/robot_driver/robot_driver_node" to ""
[0.118s] -- Installing: /home/w/work/moveit2_handeye_calib/install/robot_driver/include
[0.118s] -- Installing: /home/w/work/moveit2_handeye_calib/install/robot_driver/include/robot_can_driver.hpp
[0.118s] -- Installing: /home/w/work/moveit2_handeye_calib/install/robot_driver/include/common_defs.hpp
[0.118s] -- Installing: /home/w/work/moveit2_handeye_calib/install/robot_driver/include/can_sender_driver.hpp
[0.119s] -- Installing: /home/w/work/moveit2_handeye_calib/install/robot_driver/include/can_receiver_driver.hpp
[0.119s] -- Installing: /home/w/work/moveit2_handeye_calib/install/robot_driver/include/robot_can_node.hpp
[0.119s] -- Installing: /home/w/work/moveit2_handeye_calib/install/robot_driver/include/can_gripper.hpp
[0.119s] -- Installing: /home/w/work/moveit2_handeye_calib/install/robot_driver/include/motor_status_recorder.hpp
[0.119s] -- Installing: /home/w/work/moveit2_handeye_calib/install/robot_driver/share/robot_driver/launch
[0.119s] -- Installing: /home/w/work/moveit2_handeye_calib/install/robot_driver/share/robot_driver/launch/robot_driver.launch.py
[0.119s] -- Installing: /home/w/work/moveit2_handeye_calib/install/robot_driver/share/robot_driver/environment/library_path.sh
[0.119s] -- Installing: /home/w/work/moveit2_handeye_calib/install/robot_driver/share/robot_driver/environment/library_path.dsv
[0.119s] -- Installing: /home/w/work/moveit2_handeye_calib/install/robot_driver/share/ament_index/resource_index/package_run_dependencies/robot_driver
[0.119s] -- Installing: /home/w/work/moveit2_handeye_calib/install/robot_driver/share/ament_index/resource_index/parent_prefix_path/robot_driver
[0.119s] -- Installing: /home/w/work/moveit2_handeye_calib/install/robot_driver/share/robot_driver/environment/ament_prefix_path.sh
[0.119s] -- Installing: /home/w/work/moveit2_handeye_calib/install/robot_driver/share/robot_driver/environment/ament_prefix_path.dsv
[0.119s] -- Installing: /home/w/work/moveit2_handeye_calib/install/robot_driver/share/robot_driver/environment/path.sh
[0.119s] -- Installing: /home/w/work/moveit2_handeye_calib/install/robot_driver/share/robot_driver/environment/path.dsv
[0.120s] -- Installing: /home/w/work/moveit2_handeye_calib/install/robot_driver/share/robot_driver/local_setup.bash
[0.120s] -- Installing: /home/w/work/moveit2_handeye_calib/install/robot_driver/share/robot_driver/local_setup.sh
[0.120s] -- Installing: /home/w/work/moveit2_handeye_calib/install/robot_driver/share/robot_driver/local_setup.zsh
[0.120s] -- Installing: /home/w/work/moveit2_handeye_calib/install/robot_driver/share/robot_driver/local_setup.dsv
[0.120s] -- Installing: /home/w/work/moveit2_handeye_calib/install/robot_driver/share/robot_driver/package.dsv
[0.120s] -- Installing: /home/w/work/moveit2_handeye_calib/install/robot_driver/share/ament_index/resource_index/packages/robot_driver
[0.120s] -- Installing: /home/w/work/moveit2_handeye_calib/install/robot_driver/share/robot_driver/cmake/ament_cmake_export_include_directories-extras.cmake
[0.120s] -- Installing: /home/w/work/moveit2_handeye_calib/install/robot_driver/share/robot_driver/cmake/ament_cmake_export_libraries-extras.cmake
[0.120s] -- Installing: /home/w/work/moveit2_handeye_calib/install/robot_driver/share/robot_driver/cmake/ament_cmake_export_dependencies-extras.cmake
[0.120s] -- Installing: /home/w/work/moveit2_handeye_calib/install/robot_driver/share/robot_driver/cmake/robot_driverConfig.cmake
[0.120s] -- Installing: /home/w/work/moveit2_handeye_calib/install/robot_driver/share/robot_driver/cmake/robot_driverConfig-version.cmake
[0.120s] -- Installing: /home/w/work/moveit2_handeye_calib/install/robot_driver/share/robot_driver/package.xml
[0.128s] Invoked command in '/home/w/work/moveit2_handeye_calib/build/robot_driver' returned '0': AMENT_PREFIX_PATH=/home/w/work/moveit2_handeye_calib/install/ros2_socketcan:/home/w/work/moveit2_handeye_calib/install/ros2_socketcan_msgs:/home/w/work/moveit2_handeye_calib/install/robot_interfaces:${AMENT_PREFIX_PATH} CMAKE_PREFIX_PATH=/home/w/work/moveit2_handeye_calib/install/ros2_socketcan:/home/w/work/moveit2_handeye_calib/install/ros2_socketcan_msgs:/home/w/work/moveit2_handeye_calib/install/robot_interfaces:/home/w/work/trac_ik_ws/install/trac_ik:/home/w/work/trac_ik_ws/install/trac_ik_examples:/home/w/work/trac_ik_ws/install/trac_ik_lib:/opt/ros/humble LD_LIBRARY_PATH=/home/w/work/moveit2_handeye_calib/install/ros2_socketcan/lib:/home/w/work/moveit2_handeye_calib/install/ros2_socketcan_msgs/lib:/home/w/work/moveit2_handeye_calib/install/robot_interfaces/lib:${LD_LIBRARY_PATH} PYTHONPATH=/home/w/work/moveit2_handeye_calib/install/ros2_socketcan_msgs/local/lib/python3.10/dist-packages:/home/w/work/moveit2_handeye_calib/install/robot_interfaces/local/lib/python3.10/dist-packages:${PYTHONPATH} /usr/bin/cmake --install /home/w/work/moveit2_handeye_calib/build/robot_driver
