[0.808s] Invoking command in '/home/w/work/moveit2_handeye_calib/TG620/robot_dynamics': PYTHONPATH=/home/w/work/moveit2_handeye_calib/build/robot_dynamics/prefix_override:/usr/lib/python3/dist-packages/colcon_core/task/python/colcon_distutils_commands:/home/w/work/moveit2_handeye_calib/install/robot_dynamics/lib/python3.10/site-packages:${PYTHONPATH} /usr/bin/python3 -W ignore:setup.py install is deprecated -W ignore:easy_install command is deprecated setup.py egg_info --egg-base ../../build/robot_dynamics build --build-base /home/w/work/moveit2_handeye_calib/build/robot_dynamics/build install --record /home/w/work/moveit2_handeye_calib/build/robot_dynamics/install.log --single-version-externally-managed install_data
[0.949s] running egg_info
[0.949s] writing ../../build/robot_dynamics/robot_dynamics.egg-info/PKG-INFO
[0.949s] writing dependency_links to ../../build/robot_dynamics/robot_dynamics.egg-info/dependency_links.txt
[0.949s] writing entry points to ../../build/robot_dynamics/robot_dynamics.egg-info/entry_points.txt
[0.949s] writing requirements to ../../build/robot_dynamics/robot_dynamics.egg-info/requires.txt
[0.949s] writing top-level names to ../../build/robot_dynamics/robot_dynamics.egg-info/top_level.txt
[0.951s] reading manifest file '../../build/robot_dynamics/robot_dynamics.egg-info/SOURCES.txt'
[0.951s] writing manifest file '../../build/robot_dynamics/robot_dynamics.egg-info/SOURCES.txt'
[0.951s] running build
[0.951s] running build_py
[0.951s] running install
[0.951s] running install_lib
[0.952s] running install_data
[0.952s] running install_egg_info
[0.953s] removing '/home/w/work/moveit2_handeye_calib/install/robot_dynamics/lib/python3.10/site-packages/robot_dynamics-0.0.0-py3.10.egg-info' (and everything under it)
[0.953s] Copying ../../build/robot_dynamics/robot_dynamics.egg-info to /home/w/work/moveit2_handeye_calib/install/robot_dynamics/lib/python3.10/site-packages/robot_dynamics-0.0.0-py3.10.egg-info
[0.954s] running install_scripts
[0.967s] Installing gravity_compensator script to /home/w/work/moveit2_handeye_calib/install/robot_dynamics/lib/robot_dynamics
[0.968s] writing list of installed files to '/home/w/work/moveit2_handeye_calib/build/robot_dynamics/install.log'
[0.983s] Invoked command in '/home/w/work/moveit2_handeye_calib/TG620/robot_dynamics' returned '0': PYTHONPATH=/home/w/work/moveit2_handeye_calib/build/robot_dynamics/prefix_override:/usr/lib/python3/dist-packages/colcon_core/task/python/colcon_distutils_commands:/home/w/work/moveit2_handeye_calib/install/robot_dynamics/lib/python3.10/site-packages:${PYTHONPATH} /usr/bin/python3 -W ignore:setup.py install is deprecated -W ignore:easy_install command is deprecated setup.py egg_info --egg-base ../../build/robot_dynamics build --build-base /home/w/work/moveit2_handeye_calib/build/robot_dynamics/build install --record /home/w/work/moveit2_handeye_calib/build/robot_dynamics/install.log --single-version-externally-managed install_data
