[0.009s] Invoking command in '/home/w/work/moveit2_handeye_calib/build/robot_description': CMAKE_PREFIX_PATH=${CMAKE_PREFIX_PATH}:/home/w/work/moveit2_handeye_calib/install/traj_smoother_py:/home/w/work/moveit2_handeye_calib/install/robot_test_py:/home/w/work/moveit2_handeye_calib/install/robot_input:/home/w/work/moveit2_handeye_calib/install/robot_dynamics:/opt/ros/humble /usr/bin/cmake --build /home/w/work/moveit2_handeye_calib/build/robot_description -- -j28 -l28
[0.038s] Invoked command in '/home/w/work/moveit2_handeye_calib/build/robot_description' returned '0': CMAKE_PREFIX_PATH=${CMAKE_PREFIX_PATH}:/home/w/work/moveit2_handeye_calib/install/traj_smoother_py:/home/w/work/moveit2_handeye_calib/install/robot_test_py:/home/w/work/moveit2_handeye_calib/install/robot_input:/home/w/work/moveit2_handeye_calib/install/robot_dynamics:/opt/ros/humble /usr/bin/cmake --build /home/w/work/moveit2_handeye_calib/build/robot_description -- -j28 -l28
[0.050s] Invoking command in '/home/w/work/moveit2_handeye_calib/build/robot_description': CMAKE_PREFIX_PATH=${CMAKE_PREFIX_PATH}:/home/w/work/moveit2_handeye_calib/install/traj_smoother_py:/home/w/work/moveit2_handeye_calib/install/robot_test_py:/home/w/work/moveit2_handeye_calib/install/robot_input:/home/w/work/moveit2_handeye_calib/install/robot_dynamics:/opt/ros/humble /usr/bin/cmake --install /home/w/work/moveit2_handeye_calib/build/robot_description
[0.059s] -- Install configuration: ""
[0.060s] -- Up-to-date: /home/w/work/moveit2_handeye_calib/install/robot_description/share/robot_description/launch
[0.060s] -- Up-to-date: /home/w/work/moveit2_handeye_calib/install/robot_description/share/robot_description/launch/robot_description.launch.py
[0.060s] -- Up-to-date: /home/w/work/moveit2_handeye_calib/install/robot_description/share/robot_description/launch/arm620_dh_display.launch.py
[0.060s] -- Up-to-date: /home/w/work/moveit2_handeye_calib/install/robot_description/share/robot_description/launch/arm380_display.launch.py
[0.061s] -- Up-to-date: /home/w/work/moveit2_handeye_calib/install/robot_description/share/robot_description/launch/arm620_display.launch.py
[0.061s] -- Up-to-date: /home/w/work/moveit2_handeye_calib/install/robot_description/share/robot_description/urdf
[0.061s] -- Up-to-date: /home/w/work/moveit2_handeye_calib/install/robot_description/share/robot_description/urdf/arm620.urdf
[0.061s] -- Installing: /home/w/work/moveit2_handeye_calib/install/robot_description/share/robot_description/urdf/arm620_dh.urdf
[0.061s] -- Up-to-date: /home/w/work/moveit2_handeye_calib/install/robot_description/share/robot_description/urdf/arm380.urdf
[0.061s] -- Up-to-date: /home/w/work/moveit2_handeye_calib/install/robot_description/share/robot_description/urdf/arm620_gazebo.urdf
[0.061s] -- Up-to-date: /home/w/work/moveit2_handeye_calib/install/robot_description/share/robot_description/urdf/arm380_gazebo.urdf
[0.061s] -- Up-to-date: /home/w/work/moveit2_handeye_calib/install/robot_description/share/robot_description/meshes
[0.061s] -- Up-to-date: /home/w/work/moveit2_handeye_calib/install/robot_description/share/robot_description/meshes/arm380
[0.061s] -- Up-to-date: /home/w/work/moveit2_handeye_calib/install/robot_description/share/robot_description/meshes/arm380/base_link.STL
[0.061s] -- Up-to-date: /home/w/work/moveit2_handeye_calib/install/robot_description/share/robot_description/meshes/arm380/Link6.STL
[0.061s] -- Up-to-date: /home/w/work/moveit2_handeye_calib/install/robot_description/share/robot_description/meshes/arm380/Link3.STL
[0.061s] -- Up-to-date: /home/w/work/moveit2_handeye_calib/install/robot_description/share/robot_description/meshes/arm380/Link4.STL
[0.061s] -- Up-to-date: /home/w/work/moveit2_handeye_calib/install/robot_description/share/robot_description/meshes/arm380/Link2.STL
[0.061s] -- Up-to-date: /home/w/work/moveit2_handeye_calib/install/robot_description/share/robot_description/meshes/arm380/Link5.STL
[0.061s] -- Up-to-date: /home/w/work/moveit2_handeye_calib/install/robot_description/share/robot_description/meshes/arm380/Link1.STL
[0.061s] -- Up-to-date: /home/w/work/moveit2_handeye_calib/install/robot_description/share/robot_description/meshes/gripper
[0.061s] -- Up-to-date: /home/w/work/moveit2_handeye_calib/install/robot_description/share/robot_description/meshes/gripper/gripper_link.STL
[0.061s] -- Up-to-date: /home/w/work/moveit2_handeye_calib/install/robot_description/share/robot_description/meshes/gripper/finger2_Link.STL
[0.061s] -- Up-to-date: /home/w/work/moveit2_handeye_calib/install/robot_description/share/robot_description/meshes/gripper/finger1_Link.STL
[0.061s] -- Up-to-date: /home/w/work/moveit2_handeye_calib/install/robot_description/share/robot_description/meshes/arm620
[0.062s] -- Up-to-date: /home/w/work/moveit2_handeye_calib/install/robot_description/share/robot_description/meshes/arm620/base_link.STL
[0.062s] -- Up-to-date: /home/w/work/moveit2_handeye_calib/install/robot_description/share/robot_description/meshes/arm620/Link6.STL
[0.062s] -- Up-to-date: /home/w/work/moveit2_handeye_calib/install/robot_description/share/robot_description/meshes/arm620/Link3.STL
[0.062s] -- Up-to-date: /home/w/work/moveit2_handeye_calib/install/robot_description/share/robot_description/meshes/arm620/Link4.STL
[0.062s] -- Up-to-date: /home/w/work/moveit2_handeye_calib/install/robot_description/share/robot_description/meshes/arm620/Link2.STL
[0.062s] -- Up-to-date: /home/w/work/moveit2_handeye_calib/install/robot_description/share/robot_description/meshes/arm620/Link5.STL
[0.062s] -- Up-to-date: /home/w/work/moveit2_handeye_calib/install/robot_description/share/robot_description/meshes/arm620/Link1.STL
[0.062s] -- Up-to-date: /home/w/work/moveit2_handeye_calib/install/robot_description/share/ament_index/resource_index/package_run_dependencies/robot_description
[0.062s] -- Up-to-date: /home/w/work/moveit2_handeye_calib/install/robot_description/share/ament_index/resource_index/parent_prefix_path/robot_description
[0.062s] -- Up-to-date: /home/w/work/moveit2_handeye_calib/install/robot_description/share/robot_description/environment/ament_prefix_path.sh
[0.062s] -- Up-to-date: /home/w/work/moveit2_handeye_calib/install/robot_description/share/robot_description/environment/ament_prefix_path.dsv
[0.062s] -- Up-to-date: /home/w/work/moveit2_handeye_calib/install/robot_description/share/robot_description/environment/path.sh
[0.062s] -- Up-to-date: /home/w/work/moveit2_handeye_calib/install/robot_description/share/robot_description/environment/path.dsv
[0.062s] -- Up-to-date: /home/w/work/moveit2_handeye_calib/install/robot_description/share/robot_description/local_setup.bash
[0.062s] -- Up-to-date: /home/w/work/moveit2_handeye_calib/install/robot_description/share/robot_description/local_setup.sh
[0.062s] -- Up-to-date: /home/w/work/moveit2_handeye_calib/install/robot_description/share/robot_description/local_setup.zsh
[0.062s] -- Up-to-date: /home/w/work/moveit2_handeye_calib/install/robot_description/share/robot_description/local_setup.dsv
[0.062s] -- Installing: /home/w/work/moveit2_handeye_calib/install/robot_description/share/robot_description/package.dsv
[0.062s] -- Up-to-date: /home/w/work/moveit2_handeye_calib/install/robot_description/share/ament_index/resource_index/packages/robot_description
[0.062s] -- Up-to-date: /home/w/work/moveit2_handeye_calib/install/robot_description/share/robot_description/cmake/robot_descriptionConfig.cmake
[0.062s] -- Up-to-date: /home/w/work/moveit2_handeye_calib/install/robot_description/share/robot_description/cmake/robot_descriptionConfig-version.cmake
[0.062s] -- Up-to-date: /home/w/work/moveit2_handeye_calib/install/robot_description/share/robot_description/package.xml
[0.063s] Invoked command in '/home/w/work/moveit2_handeye_calib/build/robot_description' returned '0': CMAKE_PREFIX_PATH=${CMAKE_PREFIX_PATH}:/home/w/work/moveit2_handeye_calib/install/traj_smoother_py:/home/w/work/moveit2_handeye_calib/install/robot_test_py:/home/w/work/moveit2_handeye_calib/install/robot_input:/home/w/work/moveit2_handeye_calib/install/robot_dynamics:/opt/ros/humble /usr/bin/cmake --install /home/w/work/moveit2_handeye_calib/build/robot_description
