/home/w/work/moveit2_handeye_calib/install/robot_input/lib/python3.10/site-packages/common/protocol.py
/home/w/work/moveit2_handeye_calib/install/robot_input/lib/python3.10/site-packages/common/__init__.py
/home/w/work/moveit2_handeye_calib/install/robot_input/lib/python3.10/site-packages/keyboard/__init__.py
/home/w/work/moveit2_handeye_calib/install/robot_input/lib/python3.10/site-packages/keyboard/robot_messages.py
/home/w/work/moveit2_handeye_calib/install/robot_input/lib/python3.10/site-packages/keyboard/key_mappings.py
/home/w/work/moveit2_handeye_calib/install/robot_input/lib/python3.10/site-packages/keyboard/keyboard_controller.py
/home/w/work/moveit2_handeye_calib/install/robot_input/lib/python3.10/site-packages/test/test_tcp_server.py
/home/w/work/moveit2_handeye_calib/install/robot_input/lib/python3.10/site-packages/test/test_copyright.py
/home/w/work/moveit2_handeye_calib/install/robot_input/lib/python3.10/site-packages/test/_test_pep257.py
/home/w/work/moveit2_handeye_calib/install/robot_input/lib/python3.10/site-packages/test/_test_protocol.py
/home/w/work/moveit2_handeye_calib/install/robot_input/lib/python3.10/site-packages/test/__init__.py
/home/w/work/moveit2_handeye_calib/install/robot_input/lib/python3.10/site-packages/test/_test_copyright.py
/home/w/work/moveit2_handeye_calib/install/robot_input/lib/python3.10/site-packages/test/_test_flake8.py
/home/w/work/moveit2_handeye_calib/install/robot_input/lib/python3.10/site-packages/test/test_flake8.py
/home/w/work/moveit2_handeye_calib/install/robot_input/lib/python3.10/site-packages/test/test_pep257.py
/home/w/work/moveit2_handeye_calib/install/robot_input/lib/python3.10/site-packages/tcp/__init__.py
/home/w/work/moveit2_handeye_calib/install/robot_input/lib/python3.10/site-packages/tcp/tcp_controller.py
/home/w/work/moveit2_handeye_calib/install/robot_input/lib/python3.10/site-packages/common/__pycache__/protocol.cpython-310.pyc
/home/w/work/moveit2_handeye_calib/install/robot_input/lib/python3.10/site-packages/common/__pycache__/__init__.cpython-310.pyc
/home/w/work/moveit2_handeye_calib/install/robot_input/lib/python3.10/site-packages/keyboard/__pycache__/__init__.cpython-310.pyc
/home/w/work/moveit2_handeye_calib/install/robot_input/lib/python3.10/site-packages/keyboard/__pycache__/robot_messages.cpython-310.pyc
/home/w/work/moveit2_handeye_calib/install/robot_input/lib/python3.10/site-packages/keyboard/__pycache__/key_mappings.cpython-310.pyc
/home/w/work/moveit2_handeye_calib/install/robot_input/lib/python3.10/site-packages/keyboard/__pycache__/keyboard_controller.cpython-310.pyc
/home/w/work/moveit2_handeye_calib/install/robot_input/lib/python3.10/site-packages/test/__pycache__/test_tcp_server.cpython-310.pyc
/home/w/work/moveit2_handeye_calib/install/robot_input/lib/python3.10/site-packages/test/__pycache__/test_copyright.cpython-310.pyc
/home/w/work/moveit2_handeye_calib/install/robot_input/lib/python3.10/site-packages/test/__pycache__/_test_pep257.cpython-310.pyc
/home/w/work/moveit2_handeye_calib/install/robot_input/lib/python3.10/site-packages/test/__pycache__/_test_protocol.cpython-310.pyc
/home/w/work/moveit2_handeye_calib/install/robot_input/lib/python3.10/site-packages/test/__pycache__/__init__.cpython-310.pyc
/home/w/work/moveit2_handeye_calib/install/robot_input/lib/python3.10/site-packages/test/__pycache__/_test_copyright.cpython-310.pyc
/home/w/work/moveit2_handeye_calib/install/robot_input/lib/python3.10/site-packages/test/__pycache__/_test_flake8.cpython-310.pyc
/home/w/work/moveit2_handeye_calib/install/robot_input/lib/python3.10/site-packages/test/__pycache__/test_flake8.cpython-310.pyc
/home/w/work/moveit2_handeye_calib/install/robot_input/lib/python3.10/site-packages/test/__pycache__/test_pep257.cpython-310.pyc
/home/w/work/moveit2_handeye_calib/install/robot_input/lib/python3.10/site-packages/tcp/__pycache__/__init__.cpython-310.pyc
/home/w/work/moveit2_handeye_calib/install/robot_input/lib/python3.10/site-packages/tcp/__pycache__/tcp_controller.cpython-310.pyc
/home/w/work/moveit2_handeye_calib/install/robot_input/share/ament_index/resource_index/packages/robot_input
/home/w/work/moveit2_handeye_calib/install/robot_input/share/robot_input/package.xml
/home/w/work/moveit2_handeye_calib/install/robot_input/lib/python3.10/site-packages/robot_input-0.0.0-py3.10.egg-info/zip-safe
/home/w/work/moveit2_handeye_calib/install/robot_input/lib/python3.10/site-packages/robot_input-0.0.0-py3.10.egg-info/entry_points.txt
/home/w/work/moveit2_handeye_calib/install/robot_input/lib/python3.10/site-packages/robot_input-0.0.0-py3.10.egg-info/PKG-INFO
/home/w/work/moveit2_handeye_calib/install/robot_input/lib/python3.10/site-packages/robot_input-0.0.0-py3.10.egg-info/dependency_links.txt
/home/w/work/moveit2_handeye_calib/install/robot_input/lib/python3.10/site-packages/robot_input-0.0.0-py3.10.egg-info/requires.txt
/home/w/work/moveit2_handeye_calib/install/robot_input/lib/python3.10/site-packages/robot_input-0.0.0-py3.10.egg-info/SOURCES.txt
/home/w/work/moveit2_handeye_calib/install/robot_input/lib/python3.10/site-packages/robot_input-0.0.0-py3.10.egg-info/top_level.txt
/home/w/work/moveit2_handeye_calib/install/robot_input/lib/robot_input/robot_input_keyboard
/home/w/work/moveit2_handeye_calib/install/robot_input/lib/robot_input/robot_input_tcp
