[0.199s] Invoking command in '/home/w/work/moveit2_handeye_calib/build/robot_sdk': AMENT_PREFIX_PATH=/home/w/work/moveit2_handeye_calib/install/robot_interfaces:${AMENT_PREFIX_PATH} CMAKE_PREFIX_PATH=/home/w/work/moveit2_handeye_calib/install/robot_interfaces:/home/w/work/trac_ik_ws/install/trac_ik:/home/w/work/trac_ik_ws/install/trac_ik_examples:/home/w/work/trac_ik_ws/install/trac_ik_lib:/opt/ros/humble LD_LIBRARY_PATH=/home/w/work/moveit2_handeye_calib/install/robot_interfaces/lib:${LD_LIBRARY_PATH} PYTHONPATH=/home/w/work/moveit2_handeye_calib/install/robot_interfaces/local/lib/python3.10/dist-packages:${PYTHONPATH} /usr/bin/cmake /home/w/work/moveit2_handeye_calib/TG620/robot_sdk -DCMAKE_INSTALL_PREFIX=/home/w/work/moveit2_handeye_calib/install/robot_sdk
[0.246s] -- The C compiler identification is GNU 11.4.0
[0.289s] -- The CXX compiler identification is GNU 11.4.0
[0.296s] -- Detecting C compiler ABI info
[0.357s] -- Detecting C compiler ABI info - done
[0.363s] -- Check for working C compiler: /usr/bin/cc - skipped
[0.363s] -- Detecting C compile features
[0.363s] -- Detecting C compile features - done
[0.365s] -- Detecting CXX compiler ABI info
[0.432s] -- Detecting CXX compiler ABI info - done
[0.438s] -- Check for working CXX compiler: /usr/bin/c++ - skipped
[0.438s] -- Detecting CXX compile features
[0.439s] -- Detecting CXX compile features - done
[0.441s] -- Found ament_cmake: 1.3.12 (/opt/ros/humble/share/ament_cmake/cmake)
[0.590s] -- Found Python3: /usr/bin/python3 (found version "3.10.12") found components: Interpreter 
[0.665s] -- Found rclcpp: 16.0.15 (/opt/ros/humble/share/rclcpp/cmake)
[0.701s] -- Found rosidl_generator_c: 3.1.7 (/opt/ros/humble/share/rosidl_generator_c/cmake)
[0.706s] -- Found rosidl_adapter: 3.1.7 (/opt/ros/humble/share/rosidl_adapter/cmake)
[0.713s] -- Found rosidl_generator_cpp: 3.1.7 (/opt/ros/humble/share/rosidl_generator_cpp/cmake)
[0.723s] -- Using all available rosidl_typesupport_c: rosidl_typesupport_fastrtps_c;rosidl_typesupport_introspection_c
[0.737s] -- Using all available rosidl_typesupport_cpp: rosidl_typesupport_fastrtps_cpp;rosidl_typesupport_introspection_cpp
[0.773s] -- Found rmw_implementation_cmake: 6.1.2 (/opt/ros/humble/share/rmw_implementation_cmake/cmake)
[0.774s] -- Found rmw_fastrtps_cpp: 6.2.9 (/opt/ros/humble/share/rmw_fastrtps_cpp/cmake)
[0.838s] -- Found OpenSSL: /usr/lib/x86_64-linux-gnu/libcrypto.so (found version "3.0.2")  
[0.862s] -- Found FastRTPS: /opt/ros/humble/include  
[0.891s] -- Using RMW implementation 'rmw_fastrtps_cpp' as default
[0.897s] -- Looking for pthread.h
[0.949s] -- Looking for pthread.h - found
[0.950s] -- Performing Test CMAKE_HAVE_LIBC_PTHREAD
[1.004s] -- Performing Test CMAKE_HAVE_LIBC_PTHREAD - Success
[1.004s] -- Found Threads: TRUE  
[1.038s] -- Found moveit_ros_planning_interface: 2.5.9 (/opt/ros/humble/share/moveit_ros_planning_interface/cmake)
[1.057s] -- Found Boost: /usr/lib/x86_64-linux-gnu/cmake/Boost-1.74.0/BoostConfig.cmake (found version "1.74.0") found components: date_time filesystem program_options system thread 
[1.200s] -- Found Boost: /usr/lib/x86_64-linux-gnu/cmake/Boost-1.74.0/BoostConfig.cmake (found version "1.74.0") found components: chrono date_time filesystem iostreams program_options regex serialization system thread 
[1.242s] -- Found parameter_traits: 0.5.0 (/opt/ros/humble/share/parameter_traits/cmake)
[1.254s] -- Found rclcpp_lifecycle: 16.0.15 (/opt/ros/humble/share/rclcpp_lifecycle/cmake)
[1.278s] -- Found Boost: /usr/lib/x86_64-linux-gnu/cmake/Boost-1.74.0/BoostConfig.cmake (found version "1.74.0") found components: filesystem 
[1.345s] -- library: /usr/lib/x86_64-linux-gnu/libcurl.so
[1.375s] -- Found Eigen3: TRUE (found version "3.4.0") 
[1.375s] -- Ensuring Eigen3 include directory is part of orocos-kdl CMake target
[1.482s] -- Found Boost: /usr/lib/x86_64-linux-gnu/cmake/Boost-1.74.0/BoostConfig.cmake (found version "1.74.0") found components: system filesystem date_time program_options thread chrono 
[1.507s] -- Found Boost: /usr/lib/x86_64-linux-gnu/cmake/Boost-1.74.0/BoostConfig.cmake (found version "1.74.0") found components: thread system filesystem regex date_time program_options 
[1.524s] -- Found Boost: /usr/lib/x86_64-linux-gnu/cmake/Boost-1.74.0/BoostConfig.cmake (found version "1.74.0") found components: system filesystem date_time program_options thread 
[1.547s] -- Found rosbag2_cpp: 0.15.15 (/opt/ros/humble/share/rosbag2_cpp/cmake)
[1.560s] -- Found rosbag2_transport: 0.15.15 (/opt/ros/humble/share/rosbag2_transport/cmake)
[1.586s] -- Found actionlib_msgs: 4.9.0 (/opt/ros/humble/share/actionlib_msgs/cmake)
[1.595s] -- Found control_msgs: 4.8.0 (/opt/ros/humble/share/control_msgs/cmake)
[1.612s] -- Found robot_interfaces: 0.0.0 (/home/w/work/moveit2_handeye_calib/install/robot_interfaces/share/robot_interfaces/cmake)
[1.628s] -- Found SQLite3: /usr/include (found version "3.37.2") 
[1.632s] -- Found ament_lint_auto: 0.12.14 (/opt/ros/humble/share/ament_lint_auto/cmake)
[1.691s] -- Added test 'cppcheck' to perform static code analysis on C / C++ code
[1.691s] -- Configured cppcheck include dirs: /home/w/work/moveit2_handeye_calib/TG620/robot_sdk/include;/home/w/work/moveit2_handeye_calib/TG620/robot_sdk/include/robot_sdk
[1.691s] -- Configured cppcheck exclude dirs and/or files: 
[1.692s] -- Added test 'flake8' to check Python code syntax and style conventions
[1.692s] -- Added test 'lint_cmake' to check CMake code style
[1.692s] -- Added test 'pep257' to check Python code against some of the docstring style conventions in PEP 257
[1.693s] -- Added test 'uncrustify' to check C / C++ code style
[1.693s] -- Configured uncrustify additional arguments: 
[1.693s] -- Added test 'xmllint' to check XML markup files
[1.694s] -- Configuring done
[1.721s] -- Generating done
[1.730s] -- Build files have been written to: /home/w/work/moveit2_handeye_calib/build/robot_sdk
[1.743s] Invoked command in '/home/w/work/moveit2_handeye_calib/build/robot_sdk' returned '0': AMENT_PREFIX_PATH=/home/w/work/moveit2_handeye_calib/install/robot_interfaces:${AMENT_PREFIX_PATH} CMAKE_PREFIX_PATH=/home/w/work/moveit2_handeye_calib/install/robot_interfaces:/home/w/work/trac_ik_ws/install/trac_ik:/home/w/work/trac_ik_ws/install/trac_ik_examples:/home/w/work/trac_ik_ws/install/trac_ik_lib:/opt/ros/humble LD_LIBRARY_PATH=/home/w/work/moveit2_handeye_calib/install/robot_interfaces/lib:${LD_LIBRARY_PATH} PYTHONPATH=/home/w/work/moveit2_handeye_calib/install/robot_interfaces/local/lib/python3.10/dist-packages:${PYTHONPATH} /usr/bin/cmake /home/w/work/moveit2_handeye_calib/TG620/robot_sdk -DCMAKE_INSTALL_PREFIX=/home/w/work/moveit2_handeye_calib/install/robot_sdk
[1.744s] Invoking command in '/home/w/work/moveit2_handeye_calib/build/robot_sdk': AMENT_PREFIX_PATH=/home/w/work/moveit2_handeye_calib/install/robot_interfaces:${AMENT_PREFIX_PATH} CMAKE_PREFIX_PATH=/home/w/work/moveit2_handeye_calib/install/robot_interfaces:/home/w/work/trac_ik_ws/install/trac_ik:/home/w/work/trac_ik_ws/install/trac_ik_examples:/home/w/work/trac_ik_ws/install/trac_ik_lib:/opt/ros/humble LD_LIBRARY_PATH=/home/w/work/moveit2_handeye_calib/install/robot_interfaces/lib:${LD_LIBRARY_PATH} PYTHONPATH=/home/w/work/moveit2_handeye_calib/install/robot_interfaces/local/lib/python3.10/dist-packages:${PYTHONPATH} /usr/bin/cmake --build /home/w/work/moveit2_handeye_calib/build/robot_sdk -- -j28 -l28
[1.791s] [ 25%] [32mBuilding CXX object CMakeFiles/robot_sdk_lib.dir/src/robot_sdk.cpp.o[0m
[13.242s] [ 50%] [32m[1mLinking CXX shared library librobot_sdk_lib.so[0m
[14.131s] [ 50%] Built target robot_sdk_lib
[14.148s] [ 75%] [32mBuilding CXX object CMakeFiles/robot_sdk.dir/src/robot_sdk.cpp.o[0m
[24.002s] [100%] [32m[1mLinking CXX executable robot_sdk[0m
[24.768s] [100%] Built target robot_sdk
